[F2] training env filtered to 753/1004 chronics (every 4th id held out for evaluation)
Initializing the distributed action 'mapper'... (takes a while with big action spaces)
[F2] training env filtered to 753/1004 chronics (every 4th id held out for evaluation)
[F2] training env filtered to 753/1004 chronics (every 4th id held out for evaluation)
[F2] training env filtered to 753/1004 chronics (every 4th id held out for evaluation)
[F2] training env filtered to 753/1004 chronics (every 4th id held out for evaluation)
[HYBRID] warm-start from /rds/general/user/ssl125/home/RL2Grid_v2/checkpoint/final_PPO_bus14_T_0_0__I__1775940444_3936.tar: {'mode': 'soft', 'n_samples': 20000, 'n_actions': 50, 'n_leaves': 64, 'max_depth': 13, 'fidelity': 0.79005, 'weighted_fidelity': 0.9317521370154974, 'curated': False, 'dagger_rounds': 0}
[DTPO] gate eval on 40 training-side chronics (of 1004); overlap with the held-out pool = 0 (must be 0): ids=[0, 25, 50, 76, 102, 128, 153, 178, 205, 230, 256, 282]...
[DTPO] it=1/150 step=9999 J_new=0.0143 kept mode=full gate=accept cand=1.23% leaves=64 survival=1.23% best=1.23% std=2.7%
[DTPO] it=2/150 step=19998 J_new=0.0087 kept mode=leaf gate=accept cand=1.23% leaves=64 survival=1.23% best=1.23% std=2.7%
[DTPO] it=3/150 step=29997 J_new=0.0081 kept mode=leaf gate=accept cand=1.23% leaves=64 survival=1.23% best=1.23% std=2.7%
[DTPO] it=4/150 step=39996 J_new=0.0081 kept mode=leaf gate=accept cand=9.19% leaves=64 survival=9.19% best=9.19% std=7.2%
[DTPO] it=5/150 step=49995 J_new=0.0071 kept mode=leaf gate=accept cand=9.67% leaves=64 survival=9.67% best=9.67% std=9.1%
[DTPO] it=6/150 step=59994 J_new=0.0058 kept mode=full gate=revert(1) cand=6.04% leaves=64 survival=9.67% best=9.67% std=9.1%
[DTPO] it=7/150 step=69993 J_new=0.0054 kept mode=leaf gate=revert(2) cand=8.99% leaves=64 survival=9.67% best=9.67% std=9.1%
[DTPO] it=8/150 step=79992 J_new=0.0060 kept mode=leaf gate=revert(3) cand=8.83% leaves=64 survival=9.67% best=9.67% std=9.1%
[DTPO] it=9/150 step=89991 J_new=0.0048 kept mode=leaf gate=revert(4) cand=9.16% leaves=64 survival=9.67% best=9.67% std=9.1%
[DTPO] it=10/150 step=99990 J_new=0.0049 kept mode=leaf gate=revert(5) cand=8.99% leaves=64 survival=9.67% best=9.67% std=9.1%
[DTPO] it=11/150 step=109989 J_new=0.0034 kept mode=full gate=revert(6) cand=5.37% leaves=64 survival=9.67% best=9.67% std=9.1%
[DTPO] it=12/150 step=119988 J_new=0.0053 kept mode=leaf gate=revert(7) cand=8.99% leaves=64 survival=9.67% best=9.67% std=9.1%
[DTPO] it=13/150 step=129987 J_new=0.0075 kept mode=leaf gate=accept cand=9.67% leaves=64 survival=9.67% best=9.67% std=9.1%
[DTPO] it=14/150 step=139986 J_new=0.0079 kept mode=leaf gate=accept cand=9.79% leaves=64 survival=9.79% best=9.79% std=9.0%
[DTPO] it=15/150 step=149985 J_new=0.0093 kept mode=leaf gate=revert(1) cand=8.33% leaves=64 survival=9.79% best=9.79% std=9.0%
[DTPO] it=16/150 step=159984 J_new=0.0094 kept mode=full gate=revert(2) cand=8.70% leaves=64 survival=9.79% best=9.79% std=9.0%
[DTPO] it=17/150 step=169983 J_new=0.0056 kept mode=leaf gate=revert(3) cand=9.14% leaves=64 survival=9.79% best=9.79% std=9.0%
[DTPO] it=18/150 step=179982 J_new=0.0056 kept mode=leaf gate=revert(4) cand=9.63% leaves=64 survival=9.79% best=9.79% std=9.0%
[DTPO] it=19/150 step=189981 J_new=0.0039 kept mode=leaf gate=revert(5) cand=8.33% leaves=64 survival=9.79% best=9.79% std=9.0%
[DTPO] it=20/150 step=199980 J_new=0.0110 kept mode=leaf gate=revert(6) cand=7.36% leaves=64 survival=9.79% best=9.79% std=9.0%
[DTPO] it=21/150 step=209979 J_new=-0.0041 revert mode=full gate=hold cand=9.79% leaves=64 survival=9.79% best=9.79% std=9.0%
[DTPO] it=22/150 step=219978 J_new=0.0031 kept mode=leaf gate=revert(7) cand=7.74% leaves=64 survival=9.79% best=9.79% std=9.0%
[DTPO] it=23/150 step=229977 J_new=0.0056 kept mode=leaf gate=revert(8) cand=8.33% leaves=64 survival=9.79% best=9.79% std=9.0%
[DTPO] it=24/150 step=239976 J_new=0.0050 kept mode=leaf gate=revert(9) cand=9.77% leaves=64 survival=9.79% best=9.79% std=9.0%
[DTPO] it=25/150 step=249975 J_new=0.0058 kept mode=leaf gate=revert(10) cand=8.47% leaves=64 survival=9.79% best=9.79% std=9.0%
[DTPO] it=26/150 step=259974 J_new=-0.0040 revert mode=full gate=hold cand=9.79% leaves=64 survival=9.79% best=9.79% std=9.0%
[DTPO] it=27/150 step=269973 J_new=0.0038 kept mode=leaf gate=revert(11) cand=7.74% leaves=64 survival=9.79% best=9.79% std=9.0%
[DTPO] it=28/150 step=279972 J_new=0.0049 kept mode=leaf gate=revert(12) cand=8.33% leaves=64 survival=9.79% best=9.79% std=9.0%
[DTPO] it=29/150 step=289971 J_new=0.0053 kept mode=leaf gate=accept cand=9.79% leaves=64 survival=9.79% best=9.79% std=9.0%
[DTPO] it=30/150 step=299970 J_new=0.0062 kept mode=leaf gate=accept cand=10.66% leaves=64 survival=10.66% best=10.66% std=7.9%
[DTPO] it=31/150 step=309969 J_new=0.0062 kept mode=full gate=revert(1) cand=10.03% leaves=64 survival=10.66% best=10.66% std=7.9%
[DTPO] it=32/150 step=319968 J_new=0.0045 kept mode=leaf gate=accept cand=11.32% leaves=64 survival=11.32% best=11.32% std=11.6%
[DTPO] it=33/150 step=329967 J_new=0.0056 kept mode=leaf gate=revert(1) cand=10.27% leaves=64 survival=11.32% best=11.32% std=11.6%
[DTPO] it=34/150 step=339966 J_new=0.0057 kept mode=leaf gate=revert(2) cand=10.75% leaves=64 survival=11.32% best=11.32% std=11.6%
[DTPO] it=35/150 step=349965 J_new=0.0044 kept mode=leaf gate=accept cand=11.61% leaves=64 survival=11.61% best=11.61% std=11.5%
[DTPO] it=36/150 step=359964 J_new=0.0051 kept mode=full gate=revert(1) cand=10.67% leaves=64 survival=11.61% best=11.61% std=11.5%
[DTPO] it=37/150 step=369963 J_new=0.0047 kept mode=leaf gate=revert(2) cand=10.07% leaves=64 survival=11.61% best=11.61% std=11.5%
[DTPO] it=38/150 step=379962 J_new=0.0062 kept mode=leaf gate=revert(3) cand=11.24% leaves=64 survival=11.61% best=11.61% std=11.5%
[DTPO] it=39/150 step=389961 J_new=0.0042 kept mode=leaf gate=accept cand=16.91% leaves=64 survival=16.91% best=16.91% std=16.7%
[DTPO] it=40/150 step=399960 J_new=0.0056 kept mode=leaf gate=revert(1) cand=10.72% leaves=64 survival=16.91% best=16.91% std=16.7%
[DTPO] it=41/150 step=409959 J_new=0.0068 kept mode=full gate=revert(2) cand=3.36% leaves=64 survival=16.91% best=16.91% std=16.7%
[DTPO] it=42/150 step=419958 J_new=0.0722 kept mode=leaf gate=revert(3) cand=14.02% leaves=64 survival=16.91% best=16.91% std=16.7%
[DTPO] it=43/150 step=429957 J_new=0.0049 kept mode=leaf gate=revert(4) cand=16.25% leaves=64 survival=16.91% best=16.91% std=16.7%
[DTPO] it=44/150 step=439956 J_new=0.0056 kept mode=leaf gate=accept cand=17.22% leaves=64 survival=17.22% best=17.22% std=17.2%
[DTPO] it=45/150 step=449955 J_new=0.0063 kept mode=leaf gate=accept cand=17.92% leaves=64 survival=17.92% best=17.92% std=19.1%
[DTPO] it=46/150 step=459954 J_new=0.0069 kept mode=full gate=revert(1) cand=12.73% leaves=64 survival=17.92% best=17.92% std=19.1%
[DTPO] it=47/150 step=469953 J_new=0.0043 kept mode=leaf gate=accept cand=20.33% leaves=64 survival=20.33% best=20.33% std=20.4%
[DTPO] it=48/150 step=479952 J_new=0.0051 kept mode=leaf gate=revert(1) cand=18.51% leaves=64 survival=20.33% best=20.33% std=20.4%
[DTPO] it=49/150 step=489951 J_new=0.0067 kept mode=leaf gate=revert(2) cand=17.48% leaves=64 survival=20.33% best=20.33% std=20.4%
[DTPO] it=50/150 step=499950 J_new=0.0053 kept mode=leaf gate=revert(3) cand=18.15% leaves=64 survival=20.33% best=20.33% std=20.4%
[DTPO] it=51/150 step=509949 J_new=0.0071 kept mode=full gate=revert(4) cand=14.71% leaves=64 survival=20.33% best=20.33% std=20.4%
[DTPO] it=52/150 step=519948 J_new=0.0054 kept mode=leaf gate=accept cand=28.03% leaves=64 survival=28.03% best=28.03% std=27.4%
[DTPO] it=53/150 step=529947 J_new=0.0057 kept mode=leaf gate=revert(1) cand=21.56% leaves=64 survival=28.03% best=28.03% std=27.4%
[DTPO] it=54/150 step=539946 J_new=0.0052 kept mode=leaf gate=revert(2) cand=18.38% leaves=64 survival=28.03% best=28.03% std=27.4%
[DTPO] it=55/150 step=549945 J_new=0.0042 kept mode=leaf gate=revert(3) cand=22.33% leaves=64 survival=28.03% best=28.03% std=27.4%
[DTPO] it=56/150 step=559944 J_new=0.0187 kept mode=full gate=revert(4) cand=7.04% leaves=64 survival=28.03% best=28.03% std=27.4%
[DTPO] it=57/150 step=569943 J_new=0.0073 kept mode=leaf gate=revert(5) cand=20.19% leaves=64 survival=28.03% best=28.03% std=27.4%
[DTPO] it=58/150 step=579942 J_new=0.0051 kept mode=leaf gate=revert(6) cand=13.86% leaves=64 survival=28.03% best=28.03% std=27.4%
[DTPO] it=59/150 step=589941 J_new=0.0050 kept mode=leaf gate=revert(7) cand=18.25% leaves=64 survival=28.03% best=28.03% std=27.4%
[DTPO] it=60/150 step=599940 J_new=0.0056 kept mode=leaf gate=revert(8) cand=13.69% leaves=64 survival=28.03% best=28.03% std=27.4%
[DTPO] it=61/150 step=609939 J_new=0.0079 kept mode=full gate=revert(9) cand=11.52% leaves=64 survival=28.03% best=28.03% std=27.4%
[DTPO] it=62/150 step=619938 J_new=0.0042 kept mode=leaf gate=revert(10) cand=19.45% leaves=64 survival=28.03% best=28.03% std=27.4%
[DTPO] it=63/150 step=629937 J_new=0.0039 kept mode=leaf gate=revert(11) cand=17.00% leaves=64 survival=28.03% best=28.03% std=27.4%
[DTPO] it=64/150 step=639936 J_new=0.0042 kept mode=leaf gate=revert(12) cand=25.69% leaves=64 survival=28.03% best=28.03% std=27.4%
[DTPO] it=65/150 step=649935 J_new=0.0054 kept mode=leaf gate=revert(13) cand=21.56% leaves=64 survival=28.03% best=28.03% std=27.4%
[DTPO] it=66/150 step=659934 J_new=0.0065 kept mode=full gate=revert(14) cand=6.52% leaves=64 survival=28.03% best=28.03% std=27.4%
[DTPO] it=67/150 step=669933 J_new=0.0060 kept mode=leaf gate=revert(15) cand=16.48% leaves=64 survival=28.03% best=28.03% std=27.4%
[DTPO] it=68/150 step=679932 J_new=0.0090 kept mode=leaf gate=revert(16) cand=15.37% leaves=64 survival=28.03% best=28.03% std=27.4%
[DTPO] it=69/150 step=689931 J_new=0.0043 kept mode=leaf gate=revert(17) cand=18.87% leaves=64 survival=28.03% best=28.03% std=27.4%
[DTPO] it=70/150 step=699930 J_new=0.0046 kept mode=leaf gate=revert(18) cand=27.07% leaves=64 survival=28.03% best=28.03% std=27.4%
[DTPO] it=71/150 step=709929 J_new=0.0098 kept mode=full gate=revert(19) cand=2.81% leaves=64 survival=28.03% best=28.03% std=27.4%
[DTPO] it=72/150 step=719928 J_new=0.0055 kept mode=leaf gate=revert(20) cand=23.58% leaves=64 survival=28.03% best=28.03% std=27.4%
[DTPO] it=73/150 step=729927 J_new=0.0047 kept mode=leaf gate=revert(21) cand=20.92% leaves=64 survival=28.03% best=28.03% std=27.4%
[DTPO] it=74/150 step=739926 J_new=0.0036 kept mode=leaf gate=revert(22) cand=23.22% leaves=64 survival=28.03% best=28.03% std=27.4%
[DTPO] it=75/150 step=749925 J_new=0.0043 kept mode=leaf gate=revert(23) cand=17.78% leaves=64 survival=28.03% best=28.03% std=27.4%
[DTPO] it=76/150 step=759924 J_new=0.0162 kept mode=full gate=revert(24) cand=9.03% leaves=64 survival=28.03% best=28.03% std=27.4%
[DTPO] it=77/150 step=769923 J_new=0.0050 kept mode=leaf gate=revert(25) cand=18.35% leaves=64 survival=28.03% best=28.03% std=27.4%
[DTPO] it=78/150 step=779922 J_new=0.0042 kept mode=leaf gate=revert(26) cand=27.78% leaves=64 survival=28.03% best=28.03% std=27.4%
[DTPO] it=79/150 step=789921 J_new=0.0047 kept mode=leaf gate=revert(27) cand=24.90% leaves=64 survival=28.03% best=28.03% std=27.4%
[DTPO] it=80/150 step=799920 J_new=0.0053 kept mode=leaf gate=revert(28) cand=20.33% leaves=64 survival=28.03% best=28.03% std=27.4%
[DTPO] it=81/150 step=809919 J_new=-0.0002 revert mode=full gate=hold cand=28.03% leaves=64 survival=28.03% best=28.03% std=27.4%
[DTPO] it=82/150 step=819918 J_new=0.0034 kept mode=leaf gate=revert(29) cand=23.42% leaves=64 survival=28.03% best=28.03% std=27.4%
[DTPO] it=83/150 step=829917 J_new=0.0042 kept mode=leaf gate=accept cand=28.03% leaves=64 survival=28.03% best=28.03% std=27.4%
[DTPO] it=84/150 step=839916 J_new=0.0052 kept mode=leaf gate=revert(1) cand=13.69% leaves=64 survival=28.03% best=28.03% std=27.4%
[DTPO] it=85/150 step=849915 J_new=0.0045 kept mode=leaf gate=revert(2) cand=26.76% leaves=64 survival=28.03% best=28.03% std=27.4%
[DTPO] it=86/150 step=859914 J_new=0.0069 kept mode=full gate=revert(3) cand=11.39% leaves=64 survival=28.03% best=28.03% std=27.4%
[DTPO] it=87/150 step=869913 J_new=0.0048 kept mode=leaf gate=revert(4) cand=15.72% leaves=64 survival=28.03% best=28.03% std=27.4%
[DTPO] it=88/150 step=879912 J_new=0.0048 kept mode=leaf gate=revert(5) cand=24.04% leaves=64 survival=28.03% best=28.03% std=27.4%
[DTPO] it=89/150 step=889911 J_new=0.0046 kept mode=leaf gate=revert(6) cand=15.03% leaves=64 survival=28.03% best=28.03% std=27.4%
[DTPO] it=90/150 step=899910 J_new=0.0045 kept mode=leaf gate=revert(7) cand=13.13% leaves=64 survival=28.03% best=28.03% std=27.4%
[DTPO] it=91/150 step=909909 J_new=0.0008 kept mode=full gate=revert(8) cand=14.89% leaves=64 survival=28.03% best=28.03% std=27.4%
[DTPO] it=92/150 step=919908 J_new=0.0054 kept mode=leaf gate=revert(9) cand=23.86% leaves=64 survival=28.03% best=28.03% std=27.4%
[DTPO] it=93/150 step=929907 J_new=0.0048 kept mode=leaf gate=revert(10) cand=14.13% leaves=64 survival=28.03% best=28.03% std=27.4%
[DTPO] it=94/150 step=939906 J_new=0.0176 kept mode=leaf gate=revert(11) cand=13.35% leaves=64 survival=28.03% best=28.03% std=27.4%
[DTPO] it=95/150 step=949905 J_new=0.0065 kept mode=leaf gate=revert(12) cand=24.39% leaves=64 survival=28.03% best=28.03% std=27.4%
[DTPO] it=96/150 step=959904 J_new=0.0065 kept mode=full gate=revert(13) cand=4.69% leaves=64 survival=28.03% best=28.03% std=27.4%
[DTPO] it=97/150 step=969903 J_new=0.0048 kept mode=leaf gate=revert(14) cand=13.80% leaves=64 survival=28.03% best=28.03% std=27.4%
[DTPO] it=98/150 step=979902 J_new=0.0049 kept mode=leaf gate=revert(15) cand=26.66% leaves=64 survival=28.03% best=28.03% std=27.4%
[DTPO] it=99/150 step=989901 J_new=0.0051 kept mode=leaf gate=revert(16) cand=18.37% leaves=64 survival=28.03% best=28.03% std=27.4%
[DTPO] it=100/150 step=999900 J_new=0.0176 kept mode=leaf gate=revert(17) cand=23.95% leaves=64 survival=28.03% best=28.03% std=27.4%
[DTPO] it=101/150 step=1009899 J_new=0.0134 kept mode=full gate=revert(18) cand=14.92% leaves=64 survival=28.03% best=28.03% std=27.4%
[DTPO] it=102/150 step=1019898 J_new=0.0048 kept mode=leaf gate=revert(19) cand=13.86% leaves=64 survival=28.03% best=28.03% std=27.4%
[DTPO] it=103/150 step=1029897 J_new=0.0062 kept mode=leaf gate=revert(20) cand=21.54% leaves=64 survival=28.03% best=28.03% std=27.4%
[DTPO] it=104/150 step=1039896 J_new=0.0043 kept mode=leaf gate=revert(21) cand=17.70% leaves=64 survival=28.03% best=28.03% std=27.4%
[DTPO] it=105/150 step=1049895 J_new=0.0038 kept mode=leaf gate=revert(22) cand=22.58% leaves=64 survival=28.03% best=28.03% std=27.4%
[DTPO] it=106/150 step=1059894 J_new=0.0046 kept mode=full gate=revert(23) cand=15.05% leaves=64 survival=28.03% best=28.03% std=27.4%
[DTPO] it=107/150 step=1069893 J_new=0.0047 kept mode=leaf gate=revert(24) cand=10.66% leaves=64 survival=28.03% best=28.03% std=27.4%
[DTPO] it=108/150 step=1079892 J_new=0.0058 kept mode=leaf gate=revert(25) cand=14.32% leaves=64 survival=28.03% best=28.03% std=27.4%
[DTPO] it=109/150 step=1089891 J_new=0.0038 kept mode=leaf gate=revert(26) cand=22.98% leaves=64 survival=28.03% best=28.03% std=27.4%
[DTPO] it=110/150 step=1099890 J_new=0.0040 kept mode=leaf gate=revert(27) cand=18.68% leaves=64 survival=28.03% best=28.03% std=27.4%
[DTPO] it=111/150 step=1109889 J_new=0.0091 kept mode=full gate=revert(28) cand=16.58% leaves=64 survival=28.03% best=28.03% std=27.4%
[DTPO] it=112/150 step=1119888 J_new=0.0043 kept mode=leaf gate=revert(29) cand=25.08% leaves=64 survival=28.03% best=28.03% std=27.4%
[DTPO] it=113/150 step=1129887 J_new=0.0043 kept mode=leaf gate=revert(30) cand=22.96% leaves=64 survival=28.03% best=28.03% std=27.4%
[DTPO] it=114/150 step=1139886 J_new=0.0048 kept mode=leaf gate=revert(31) cand=13.56% leaves=64 survival=28.03% best=28.03% std=27.4%
[DTPO] it=115/150 step=1149885 J_new=0.0059 kept mode=leaf gate=revert(32) cand=26.88% leaves=64 survival=28.03% best=28.03% std=27.4%
[DTPO] it=116/150 step=1159884 J_new=0.0099 kept mode=full gate=revert(33) cand=17.61% leaves=64 survival=28.03% best=28.03% std=27.4%
[DTPO] it=117/150 step=1169883 J_new=0.0047 kept mode=leaf gate=revert(34) cand=21.41% leaves=64 survival=28.03% best=28.03% std=27.4%
[DTPO] it=118/150 step=1179882 J_new=0.0050 kept mode=leaf gate=revert(35) cand=24.45% leaves=64 survival=28.03% best=28.03% std=27.4%
[DTPO] it=119/150 step=1189881 J_new=0.0048 kept mode=leaf gate=revert(36) cand=13.89% leaves=64 survival=28.03% best=28.03% std=27.4%
[DTPO] it=120/150 step=1199880 J_new=0.0047 kept mode=leaf gate=revert(37) cand=14.32% leaves=64 survival=28.03% best=28.03% std=27.4%
[DTPO] it=121/150 step=1209879 J_new=-0.0004 revert mode=full gate=hold cand=28.03% leaves=64 survival=28.03% best=28.03% std=27.4%
[DTPO] it=122/150 step=1219878 J_new=0.0033 kept mode=leaf gate=revert(38) cand=24.04% leaves=64 survival=28.03% best=28.03% std=27.4%
[DTPO] it=123/150 step=1229877 J_new=0.0048 kept mode=leaf gate=revert(39) cand=20.36% leaves=64 survival=28.03% best=28.03% std=27.4%
[DTPO] it=124/150 step=1239876 J_new=0.0044 kept mode=leaf gate=revert(40) cand=24.39% leaves=64 survival=28.03% best=28.03% std=27.4%
[DTPO] it=125/150 step=1249875 J_new=0.0047 kept mode=leaf gate=revert(41) cand=28.03% leaves=64 survival=28.03% best=28.03% std=27.4%
[DTPO] it=126/150 step=1259874 J_new=0.0038 kept mode=full gate=revert(42) cand=9.46% leaves=64 survival=28.03% best=28.03% std=27.4%
[DTPO] it=127/150 step=1269873 J_new=0.0051 kept mode=leaf gate=revert(43) cand=13.03% leaves=64 survival=28.03% best=28.03% std=27.4%
[DTPO] it=128/150 step=1279872 J_new=0.0040 kept mode=leaf gate=revert(44) cand=13.95% leaves=64 survival=28.03% best=28.03% std=27.4%
[DTPO] it=129/150 step=1289871 J_new=0.0057 kept mode=leaf gate=revert(45) cand=21.66% leaves=64 survival=28.03% best=28.03% std=27.4%
[DTPO] it=130/150 step=1299870 J_new=0.0047 kept mode=leaf gate=revert(46) cand=23.70% leaves=64 survival=28.03% best=28.03% std=27.4%
[DTPO] it=131/150 step=1309869 J_new=0.0093 kept mode=full gate=revert(47) cand=18.23% leaves=64 survival=28.03% best=28.03% std=27.4%
[DTPO] it=132/150 step=1319868 J_new=0.0041 kept mode=leaf gate=revert(48) cand=26.94% leaves=64 survival=28.03% best=28.03% std=27.4%
[DTPO] it=133/150 step=1329867 J_new=0.0226 kept mode=leaf gate=revert(49) cand=12.84% leaves=64 survival=28.03% best=28.03% std=27.4%
[DTPO] it=134/150 step=1339866 J_new=0.0051 kept mode=leaf gate=revert(50) cand=20.36% leaves=64 survival=28.03% best=28.03% std=27.4%
[DTPO] it=135/150 step=1349865 J_new=0.0081 kept mode=leaf gate=revert(51) cand=13.16% leaves=64 survival=28.03% best=28.03% std=27.4%
[DTPO] it=136/150 step=1359864 J_new=0.0068 kept mode=full gate=revert(52) cand=9.03% leaves=64 survival=28.03% best=28.03% std=27.4%
[DTPO] it=137/150 step=1369863 J_new=0.0050 kept mode=leaf gate=revert(53) cand=13.39% leaves=64 survival=28.03% best=28.03% std=27.4%
[DTPO] it=138/150 step=1379862 J_new=0.0039 kept mode=leaf gate=accept cand=28.05% leaves=64 survival=28.05% best=28.05% std=29.4%
[DTPO] it=139/150 step=1389861 J_new=0.0046 kept mode=leaf gate=revert(1) cand=12.08% leaves=64 survival=28.05% best=28.05% std=29.4%
[DTPO] it=140/150 step=1399860 J_new=0.0036 kept mode=leaf gate=revert(2) cand=14.90% leaves=64 survival=28.05% best=28.05% std=29.4%
[DTPO] it=141/150 step=1409859 J_new=-0.0024 revert mode=full gate=hold cand=28.05% leaves=64 survival=28.05% best=28.05% std=29.4%
[DTPO] it=142/150 step=1419858 J_new=0.0027 kept mode=leaf gate=revert(3) cand=13.80% leaves=64 survival=28.05% best=28.05% std=29.4%
[DTPO] it=143/150 step=1429857 J_new=0.0043 kept mode=leaf gate=revert(4) cand=21.35% leaves=64 survival=28.05% best=28.05% std=29.4%
[DTPO] it=144/150 step=1439856 J_new=0.0034 kept mode=leaf gate=revert(5) cand=23.09% leaves=64 survival=28.05% best=28.05% std=29.4%
[DTPO] it=145/150 step=1449855 J_new=0.0048 kept mode=leaf gate=revert(6) cand=23.45% leaves=64 survival=28.05% best=28.05% std=29.4%
[DTPO] it=146/150 step=1459854 J_new=0.0066 kept mode=full gate=revert(7) cand=22.98% leaves=64 survival=28.05% best=28.05% std=29.4%
[DTPO] it=147/150 step=1469853 J_new=0.0048 kept mode=leaf gate=revert(8) cand=15.61% leaves=64 survival=28.05% best=28.05% std=29.4%
[DTPO] it=148/150 step=1479852 J_new=0.0043 kept mode=leaf gate=revert(9) cand=12.52% leaves=64 survival=28.05% best=28.05% std=29.4%
[DTPO] it=149/150 step=1489851 J_new=0.0053 kept mode=leaf gate=revert(10) cand=23.76% leaves=64 survival=28.05% best=28.05% std=29.4%
[DTPO] it=150/150 step=1499850 J_new=0.0057 kept mode=leaf gate=revert(11) cand=11.40% leaves=64 survival=28.05% best=28.05% std=29.4%
[DTPO] stored 5 candidate trees for final selection (cheap survivals: ['28.0%', '28.0%', '28.0%', '28.0%', '27.8%']). Run dtpo_select.py --ckpt <ckpt> --episodes 100 to pick the honest best.
