[F2] training env filtered to 10/20 chronics (every 2th id held out for evaluation)
Initializing the distributed action 'mapper'... (takes a while with big action spaces)
[F2] training env filtered to 10/20 chronics (every 2th id held out for evaluation)
[F2] training env filtered to 10/20 chronics (every 2th id held out for evaluation)
[F2] training env filtered to 10/20 chronics (every 2th id held out for evaluation)[F2] training env filtered to 10/20 chronics (every 2th id held out for evaluation)

[DTPO] gate eval on 10 training-side chronics (of 20); overlap with the held-out pool = 0 (must be 0): ids=[0, 2, 4, 6, 8, 10, 12, 14, 16, 18]
[DTPO] it=1/150 step=9999 J_new=0.1407 kept mode=full leaves=16 survival=43.28% best=43.28% std=27.7%
[DTPO] it=2/150 step=19998 J_new=0.0450 kept mode=full leaves=16 survival=27.40% best=43.28% std=33.8%
[DTPO] it=3/150 step=29997 J_new=0.0349 kept mode=full leaves=16 survival=65.02% best=65.02% std=39.8%
[DTPO] it=4/150 step=39996 J_new=0.0395 kept mode=full leaves=16 survival=56.59% best=65.02% std=44.0%
[DTPO] it=5/150 step=49995 J_new=0.0357 kept mode=full leaves=16 survival=24.45% best=65.02% std=35.4%
[DTPO] it=6/150 step=59994 J_new=0.1102 kept mode=full leaves=16 survival=23.46% best=65.02% std=28.9%
[DTPO] it=7/150 step=69993 J_new=0.1189 kept mode=full leaves=16 survival=20.13% best=65.02% std=27.6%
[DTPO] it=8/150 step=79992 J_new=0.1081 kept mode=full leaves=16 survival=65.79% best=65.79% std=28.9%
[DTPO] it=9/150 step=89991 J_new=0.0970 kept mode=full leaves=16 survival=51.46% best=65.79% std=31.6%
[DTPO] it=10/150 step=99990 J_new=0.0954 kept mode=full leaves=16 survival=38.16% best=65.79% std=31.3%
[DTPO] it=11/150 step=109989 J_new=0.0543 kept mode=full leaves=16 survival=52.76% best=65.79% std=30.5%
[DTPO] it=12/150 step=119988 J_new=0.0105 kept mode=full leaves=16 survival=56.95% best=65.79% std=41.1%
[DTPO] it=13/150 step=129987 J_new=0.0304 kept mode=full leaves=16 survival=26.40% best=65.79% std=35.0%
[DTPO] it=14/150 step=139986 J_new=0.0325 kept mode=full leaves=16 survival=29.39% best=65.79% std=33.2%
[DTPO] it=15/150 step=149985 J_new=0.0164 kept mode=full leaves=16 survival=43.69% best=65.79% std=32.3%
[DTPO] it=16/150 step=159984 J_new=0.0342 kept mode=full leaves=16 survival=55.49% best=65.79% std=29.5%
[DTPO] it=17/150 step=169983 J_new=0.0232 kept mode=full leaves=16 survival=40.96% best=65.79% std=36.5%
[DTPO] it=18/150 step=179982 J_new=0.0648 kept mode=full leaves=16 survival=58.98% best=65.79% std=35.5%
[DTPO] it=19/150 step=189981 J_new=0.1204 kept mode=full leaves=16 survival=33.61% best=65.79% std=34.3%
[DTPO] it=20/150 step=199980 J_new=0.0040 kept mode=full leaves=16 survival=41.58% best=65.79% std=39.2%
[DTPO] it=21/150 step=209979 J_new=0.0316 kept mode=full leaves=16 survival=20.81% best=65.79% std=16.8%
[DTPO] it=22/150 step=219978 J_new=0.0132 kept mode=full leaves=16 survival=17.20% best=65.79% std=24.9%
[DTPO] it=23/150 step=229977 J_new=0.0067 kept mode=full leaves=16 survival=18.61% best=65.79% std=24.3%
[DTPO] it=24/150 step=239976 J_new=0.1271 kept mode=full leaves=16 survival=32.39% best=65.79% std=35.1%
[DTPO] it=25/150 step=249975 J_new=0.0292 kept mode=full leaves=16 survival=32.30% best=65.79% std=35.2%
[DTPO] it=26/150 step=259974 J_new=0.0049 kept mode=full leaves=16 survival=71.20% best=71.20% std=33.0%
[DTPO] it=27/150 step=269973 J_new=0.0043 kept mode=full leaves=16 survival=70.72% best=71.20% std=33.5%
[DTPO] it=28/150 step=279972 J_new=0.0062 kept mode=full leaves=16 survival=92.04% best=92.04% std=23.9%
[DTPO] it=29/150 step=289971 J_new=0.2970 kept mode=full leaves=16 survival=51.76% best=92.04% std=40.6%
[DTPO] it=30/150 step=299970 J_new=0.0231 kept mode=full leaves=16 survival=46.94% best=92.04% std=43.9%
[DTPO] it=31/150 step=309969 J_new=0.0978 kept mode=full leaves=16 survival=60.85% best=92.04% std=39.6%
[DTPO] it=32/150 step=319968 J_new=0.0356 kept mode=full leaves=16 survival=68.56% best=92.04% std=38.9%
[DTPO] it=33/150 step=329967 J_new=0.0129 kept mode=full leaves=16 survival=92.90% best=92.90% std=21.3%
[DTPO] it=34/150 step=339966 J_new=0.1164 kept mode=full leaves=16 survival=100.00% best=100.00% std=0.0%
[DTPO] it=35/150 step=349965 J_new=0.0547 kept mode=full leaves=16 survival=97.17% best=100.00% std=8.5%
[DTPO] it=36/150 step=359964 J_new=0.0311 kept mode=full leaves=16 survival=68.63% best=100.00% std=38.9%
[DTPO] it=37/150 step=369963 J_new=0.0233 kept mode=full leaves=16 survival=18.87% best=100.00% std=28.0%
[DTPO] it=38/150 step=379962 J_new=0.0333 kept mode=full leaves=16 survival=13.63% best=100.00% std=29.7%
[DTPO] it=39/150 step=389961 J_new=0.0219 kept mode=full leaves=16 survival=3.98% best=100.00% std=7.4%
[DTPO] it=40/150 step=399960 J_new=0.0134 kept mode=full leaves=16 survival=21.46% best=100.00% std=19.2%
[DTPO] it=41/150 step=409959 J_new=0.0401 kept mode=full leaves=16 survival=100.00% best=100.00% std=0.0%
[DTPO] it=42/150 step=419958 J_new=0.0999 kept mode=full leaves=16 survival=52.81% best=100.00% std=41.4%
[DTPO] it=43/150 step=429957 J_new=0.0319 kept mode=full leaves=16 survival=3.85% best=100.00% std=5.8%
[DTPO] it=44/150 step=439956 J_new=0.0142 kept mode=full leaves=16 survival=69.32% best=100.00% std=40.6%
[DTPO] it=45/150 step=449955 J_new=0.0152 kept mode=full leaves=16 survival=58.96% best=100.00% std=43.8%
[DTPO] it=46/150 step=459954 J_new=0.0134 kept mode=full leaves=16 survival=23.64% best=100.00% std=38.9%
[DTPO] it=47/150 step=469953 J_new=0.0184 kept mode=full leaves=16 survival=56.70% best=100.00% std=37.9%
[DTPO] it=48/150 step=479952 J_new=0.0343 kept mode=full leaves=16 survival=54.65% best=100.00% std=43.6%
[DTPO] it=49/150 step=489951 J_new=0.0095 kept mode=full leaves=16 survival=15.24% best=100.00% std=15.8%
[DTPO] it=50/150 step=499950 J_new=0.0081 kept mode=full leaves=16 survival=28.55% best=100.00% std=29.6%
[DTPO] it=51/150 step=509949 J_new=0.1491 kept mode=full leaves=16 survival=62.94% best=100.00% std=45.6%
[DTPO] it=52/150 step=519948 J_new=0.0065 kept mode=full leaves=16 survival=39.88% best=100.00% std=40.5%
[DTPO] it=53/150 step=529947 J_new=0.0092 kept mode=full leaves=16 survival=48.06% best=100.00% std=46.5%
[DTPO] it=54/150 step=539946 J_new=0.0202 kept mode=full leaves=16 survival=7.08% best=100.00% std=8.3%
[DTPO] it=55/150 step=549945 J_new=0.0157 kept mode=full leaves=16 survival=14.27% best=100.00% std=29.5%
[DTPO] it=56/150 step=559944 J_new=0.0116 kept mode=full leaves=16 survival=8.07% best=100.00% std=7.6%
[DTPO] it=57/150 step=569943 J_new=0.0077 kept mode=full leaves=16 survival=20.15% best=100.00% std=27.9%
[DTPO] it=58/150 step=579942 J_new=0.0144 kept mode=full leaves=16 survival=8.10% best=100.00% std=14.0%
[DTPO] it=59/150 step=589941 J_new=0.0364 kept mode=full leaves=16 survival=7.58% best=100.00% std=7.9%
[DTPO] it=60/150 step=599940 J_new=0.0166 kept mode=full leaves=16 survival=7.58% best=100.00% std=7.9%
[DTPO] it=61/150 step=609939 J_new=0.0085 kept mode=full leaves=16 survival=16.01% best=100.00% std=17.6%
[DTPO] it=62/150 step=619938 J_new=0.0117 kept mode=full leaves=16 survival=15.33% best=100.00% std=15.8%
[DTPO] it=63/150 step=629937 J_new=0.0075 kept mode=full leaves=16 survival=17.64% best=100.00% std=28.3%
[DTPO] it=64/150 step=639936 J_new=0.2254 kept mode=full leaves=16 survival=9.50% best=100.00% std=8.7%
[DTPO] it=65/150 step=649935 J_new=0.0347 kept mode=full leaves=16 survival=8.08% best=100.00% std=7.6%
[DTPO] it=66/150 step=659934 J_new=0.0667 kept mode=full leaves=16 survival=7.44% best=100.00% std=8.0%
[DTPO] it=67/150 step=669933 J_new=0.0354 kept mode=full leaves=16 survival=13.41% best=100.00% std=29.3%
[DTPO] it=68/150 step=679932 J_new=0.1264 kept mode=full leaves=16 survival=43.36% best=100.00% std=46.5%
[DTPO] it=69/150 step=689931 J_new=0.0074 kept mode=full leaves=16 survival=6.78% best=100.00% std=7.1%
[DTPO] it=70/150 step=699930 J_new=0.0078 kept mode=full leaves=16 survival=19.15% best=100.00% std=29.2%
[DTPO] it=71/150 step=709929 J_new=0.0065 kept mode=full leaves=16 survival=4.89% best=100.00% std=7.8%
[DTPO] it=72/150 step=719928 J_new=0.0082 kept mode=full leaves=16 survival=8.37% best=100.00% std=14.7%
[DTPO] it=73/150 step=729927 J_new=0.0215 kept mode=full leaves=16 survival=6.97% best=100.00% std=9.0%
[DTPO] it=74/150 step=739926 J_new=0.0099 kept mode=full leaves=16 survival=4.89% best=100.00% std=7.8%
[DTPO] it=75/150 step=749925 J_new=0.0116 kept mode=full leaves=16 survival=4.89% best=100.00% std=7.8%
[DTPO] it=76/150 step=759924 J_new=0.0074 kept mode=full leaves=16 survival=10.78% best=100.00% std=19.1%
[DTPO] it=77/150 step=769923 J_new=0.0061 kept mode=full leaves=16 survival=10.29% best=100.00% std=29.9%
[DTPO] it=78/150 step=779922 J_new=0.0076 kept mode=full leaves=16 survival=18.18% best=100.00% std=16.8%
[DTPO] it=79/150 step=789921 J_new=0.1047 kept mode=full leaves=16 survival=9.04% best=100.00% std=7.4%
[DTPO] it=80/150 step=799920 J_new=0.0065 kept mode=full leaves=16 survival=20.44% best=100.00% std=28.0%
[DTPO] it=81/150 step=809919 J_new=0.0128 kept mode=full leaves=16 survival=7.17% best=100.00% std=8.2%
[DTPO] it=82/150 step=819918 J_new=0.0246 kept mode=full leaves=16 survival=2.89% best=100.00% std=7.7%
[DTPO] it=83/150 step=829917 J_new=0.0107 kept mode=full leaves=16 survival=25.66% best=100.00% std=27.8%
[DTPO] it=84/150 step=839916 J_new=0.0106 kept mode=full leaves=16 survival=28.05% best=100.00% std=29.9%
[DTPO] it=85/150 step=849915 J_new=0.0190 kept mode=full leaves=16 survival=20.84% best=100.00% std=29.7%
[DTPO] it=86/150 step=859914 J_new=0.0301 kept mode=full leaves=16 survival=20.92% best=100.00% std=27.8%
[DTPO] it=87/150 step=869913 J_new=0.0197 kept mode=full leaves=16 survival=25.18% best=100.00% std=26.6%
[DTPO] it=88/150 step=879912 J_new=0.0066 kept mode=full leaves=16 survival=24.56% best=100.00% std=26.7%
[DTPO] it=89/150 step=889911 J_new=0.0125 kept mode=full leaves=16 survival=18.26% best=100.00% std=28.3%
[DTPO] it=90/150 step=899910 J_new=0.0121 kept mode=full leaves=16 survival=11.81% best=100.00% std=29.7%
[DTPO] it=91/150 step=909909 J_new=0.0187 kept mode=full leaves=16 survival=14.08% best=100.00% std=29.6%
[DTPO] it=92/150 step=919908 J_new=0.0161 kept mode=full leaves=16 survival=18.32% best=100.00% std=28.2%
[DTPO] it=93/150 step=929907 J_new=0.0092 kept mode=full leaves=16 survival=18.80% best=100.00% std=28.1%
[DTPO] it=94/150 step=939906 J_new=0.0143 kept mode=full leaves=16 survival=17.61% best=100.00% std=28.6%
[DTPO] it=95/150 step=949905 J_new=0.0078 kept mode=full leaves=16 survival=2.21% best=100.00% std=5.6%
[DTPO] it=96/150 step=959904 J_new=0.0082 kept mode=full leaves=16 survival=2.21% best=100.00% std=5.6%
[DTPO] it=97/150 step=969903 J_new=0.0149 kept mode=full leaves=16 survival=2.22% best=100.00% std=5.6%
[DTPO] it=98/150 step=979902 J_new=0.0114 kept mode=full leaves=16 survival=2.21% best=100.00% std=5.6%
[DTPO] it=99/150 step=989901 J_new=0.0158 kept mode=full leaves=16 survival=0.56% best=100.00% std=0.6%
[DTPO] it=100/150 step=999900 J_new=0.0141 kept mode=full leaves=16 survival=2.19% best=100.00% std=5.6%
[DTPO] it=101/150 step=1009899 J_new=0.0127 kept mode=full leaves=16 survival=2.19% best=100.00% std=5.6%
[DTPO] it=102/150 step=1019898 J_new=0.0127 kept mode=full leaves=16 survival=11.55% best=100.00% std=11.2%
[DTPO] it=103/150 step=1029897 J_new=0.0144 kept mode=full leaves=16 survival=25.02% best=100.00% std=29.5%
[DTPO] it=104/150 step=1039896 J_new=0.0124 kept mode=full leaves=16 survival=33.90% best=100.00% std=33.7%
[DTPO] it=105/150 step=1049895 J_new=0.0178 kept mode=full leaves=16 survival=24.71% best=100.00% std=26.7%
[DTPO] it=106/150 step=1059894 J_new=0.0113 kept mode=full leaves=16 survival=24.71% best=100.00% std=26.7%
[DTPO] it=107/150 step=1069893 J_new=0.0083 kept mode=full leaves=16 survival=26.48% best=100.00% std=33.7%
[DTPO] it=108/150 step=1079892 J_new=0.0092 kept mode=full leaves=16 survival=36.15% best=100.00% std=35.6%
[DTPO] it=109/150 step=1089891 J_new=0.0052 kept mode=full leaves=16 survival=26.47% best=100.00% std=33.7%
[DTPO] it=110/150 step=1099890 J_new=0.0078 kept mode=full leaves=16 survival=8.75% best=100.00% std=10.7%
[DTPO] it=111/150 step=1109889 J_new=0.0106 kept mode=full leaves=16 survival=16.01% best=100.00% std=9.5%
[DTPO] it=112/150 step=1119888 J_new=0.0092 kept mode=full leaves=16 survival=26.47% best=100.00% std=33.7%
[DTPO] it=113/150 step=1129887 J_new=0.0066 kept mode=full leaves=16 survival=26.46% best=100.00% std=33.7%
[DTPO] it=114/150 step=1139886 J_new=0.0096 kept mode=full leaves=16 survival=18.57% best=100.00% std=28.5%
[DTPO] it=115/150 step=1149885 J_new=0.0090 kept mode=full leaves=16 survival=30.35% best=100.00% std=37.4%
[DTPO] it=116/150 step=1159884 J_new=0.0079 kept mode=full leaves=16 survival=22.12% best=100.00% std=38.9%
[DTPO] it=117/150 step=1169883 J_new=0.0160 kept mode=full leaves=16 survival=18.57% best=100.00% std=28.5%
[DTPO] it=118/150 step=1179882 J_new=0.0081 kept mode=full leaves=16 survival=22.16% best=100.00% std=29.3%
[DTPO] it=119/150 step=1189881 J_new=0.0091 kept mode=full leaves=16 survival=18.57% best=100.00% std=28.5%
[DTPO] it=120/150 step=1199880 J_new=0.0066 kept mode=full leaves=16 survival=18.57% best=100.00% std=28.5%
[DTPO] it=121/150 step=1209879 J_new=0.0087 kept mode=full leaves=16 survival=24.49% best=100.00% std=32.2%
[DTPO] it=122/150 step=1219878 J_new=0.0061 kept mode=full leaves=16 survival=23.10% best=100.00% std=29.2%
[DTPO] it=123/150 step=1229877 J_new=0.0069 kept mode=full leaves=16 survival=92.90% best=100.00% std=21.3%
[DTPO] it=124/150 step=1239876 J_new=0.0072 kept mode=full leaves=16 survival=55.42% best=100.00% std=36.0%
[DTPO] it=125/150 step=1249875 J_new=0.0085 kept mode=full leaves=16 survival=39.75% best=100.00% std=40.6%
[DTPO] it=126/150 step=1259874 J_new=0.0073 kept mode=full leaves=16 survival=29.43% best=100.00% std=31.7%
[DTPO] it=127/150 step=1269873 J_new=0.0173 kept mode=full leaves=16 survival=38.23% best=100.00% std=40.8%
[DTPO] it=128/150 step=1279872 J_new=0.0099 kept mode=full leaves=16 survival=31.89% best=100.00% std=15.9%
[DTPO] it=129/150 step=1289871 J_new=0.0071 kept mode=full leaves=16 survival=39.52% best=100.00% std=43.3%
[DTPO] it=130/150 step=1299870 J_new=0.0070 kept mode=full leaves=16 survival=37.71% best=100.00% std=41.9%
[DTPO] it=131/150 step=1309869 J_new=0.0046 kept mode=full leaves=16 survival=80.94% best=100.00% std=38.1%
[DTPO] it=132/150 step=1319868 J_new=0.0063 kept mode=full leaves=16 survival=76.84% best=100.00% std=38.1%
[DTPO] it=133/150 step=1329867 J_new=0.0094 kept mode=full leaves=16 survival=80.94% best=100.00% std=38.1%
[DTPO] it=134/150 step=1339866 J_new=0.0086 kept mode=full leaves=16 survival=80.94% best=100.00% std=38.1%
[DTPO] it=135/150 step=1349865 J_new=0.0091 kept mode=full leaves=16 survival=80.94% best=100.00% std=38.1%
[DTPO] it=136/150 step=1359864 J_new=0.0074 kept mode=full leaves=16 survival=80.94% best=100.00% std=38.1%
[DTPO] it=137/150 step=1369863 J_new=0.0049 kept mode=full leaves=16 survival=100.00% best=100.00% std=0.0%
[DTPO] it=138/150 step=1379862 J_new=0.0070 kept mode=full leaves=16 survival=77.21% best=100.00% std=35.0%
[DTPO] it=139/150 step=1389861 J_new=0.0070 kept mode=full leaves=16 survival=80.94% best=100.00% std=38.1%
[DTPO] it=140/150 step=1399860 J_new=0.0078 kept mode=full leaves=16 survival=80.95% best=100.00% std=38.1%
[DTPO] it=141/150 step=1409859 J_new=0.0062 kept mode=full leaves=16 survival=64.64% best=100.00% std=43.4%
[DTPO] it=142/150 step=1419858 J_new=0.0060 kept mode=full leaves=16 survival=100.00% best=100.00% std=0.0%
[DTPO] it=143/150 step=1429857 J_new=0.0064 kept mode=full leaves=16 survival=100.00% best=100.00% std=0.0%
[DTPO] it=144/150 step=1439856 J_new=0.0063 kept mode=full leaves=16 survival=38.10% best=100.00% std=25.4%
[DTPO] it=145/150 step=1449855 J_new=0.0045 kept mode=full leaves=16 survival=22.48% best=100.00% std=18.1%
[DTPO] it=146/150 step=1459854 J_new=0.0059 kept mode=full leaves=16 survival=92.95% best=100.00% std=21.2%
[DTPO] it=147/150 step=1469853 J_new=0.0052 kept mode=full leaves=16 survival=100.00% best=100.00% std=0.0%
[DTPO] it=148/150 step=1479852 J_new=0.0068 kept mode=full leaves=16 survival=97.65% best=100.00% std=7.1%
[DTPO] it=149/150 step=1489851 J_new=0.0036 kept mode=full leaves=16 survival=100.00% best=100.00% std=0.0%
[DTPO] it=150/150 step=1499850 J_new=0.0044 kept mode=full leaves=16 survival=97.64% best=100.00% std=7.1%
[DTPO] stored 5 candidate trees for final selection (cheap survivals: ['100.0%', '100.0%', '100.0%', '100.0%', '100.0%']). Run dtpo_select.py --ckpt <ckpt> --episodes 100 to pick the honest best.
