FIDELITY run=bus14_dtpo-full_L16_s100 seed=100 picked=iter=27 leaves=16 depth=7 episodes=10 collect_seed=12345 orac_fid=0.4108 orac_wfid=0.5345 orac_n=53570 orac_surv=0.6643 tree_fid=0.0412 tree_wfid=0.0240 tree_n=76206 tree_surv=0.9450 secs=119
FIDELITY run=bus14_dtpo-full_L16_s101 seed=101 picked=iter=144 leaves=16 depth=6 episodes=10 collect_seed=12345 orac_fid=0.4401 orac_wfid=0.5045 orac_n=59346 orac_surv=0.7359 tree_fid=0.2778 tree_wfid=0.3168 tree_n=46098 tree_surv=0.5717 secs=98
FIDELITY run=bus14_dtpo-full_L16_s102 seed=102 picked=iter=70 leaves=16 depth=6 episodes=10 collect_seed=12345 orac_fid=0.4022 orac_wfid=0.4974 orac_n=52641 orac_surv=0.6528 tree_fid=0.0332 tree_wfid=0.0282 tree_n=51208 tree_surv=0.6350 secs=95
FIDELITY run=bus14_dtpo-full_L16_s103 seed=103 picked=iter=96 leaves=16 depth=6 episodes=10 collect_seed=12345 orac_fid=0.3959 orac_wfid=0.4796 orac_n=70321 orac_surv=0.8720 tree_fid=0.3101 tree_wfid=0.2796 tree_n=26294 tree_surv=0.3261 secs=90
FIDELITY run=bus14_dtpo-full_L16_s104 seed=104 picked=iter=74 leaves=16 depth=5 episodes=10 collect_seed=12345 orac_fid=0.3511 orac_wfid=0.4256 orac_n=59779 orac_surv=0.7413 tree_fid=0.5418 tree_wfid=0.5594 tree_n=13186 tree_surv=0.1635 secs=68
FIDELITY run=bus14_dtpo-full_L16_s105 seed=105 picked=iter=76 leaves=16 depth=6 episodes=10 collect_seed=12345 orac_fid=0.4599 orac_wfid=0.5381 orac_n=71596 orac_surv=0.8878 tree_fid=0.1516 tree_wfid=0.4155 tree_n=50767 tree_surv=0.6296 secs=110
FIDELITY run=bus14_dtpo-full_L16_s106 seed=106 picked=iter=139 leaves=16 depth=5 episodes=10 collect_seed=12345 orac_fid=0.4289 orac_wfid=0.5041 orac_n=64055 orac_surv=0.7943 tree_fid=0.3924 tree_wfid=0.5893 tree_n=69747 tree_surv=0.8649 secs=122
FIDELITY run=bus14_dtpo-full_L16_s107 seed=107 picked=iter=129 leaves=16 depth=8 episodes=10 collect_seed=12345 orac_fid=0.5052 orac_wfid=0.6135 orac_n=37560 orac_surv=0.4658 tree_fid=0.1113 tree_wfid=0.1579 tree_n=55167 tree_surv=0.6841 secs=85
FIDELITY run=bus14_dtpo-full_L16_s108 seed=108 picked=iter=117 leaves=16 depth=9 episodes=10 collect_seed=12345 orac_fid=0.4306 orac_wfid=0.4955 orac_n=73379 orac_surv=0.9100 tree_fid=0.2740 tree_wfid=0.2111 tree_n=65575 tree_surv=0.8132 secs=127
FIDELITY run=bus14_dtpo-full_L16_s109 seed=109 picked=iter=134 leaves=16 depth=6 episodes=10 collect_seed=12345 orac_fid=0.3229 orac_wfid=0.3633 orac_n=62658 orac_surv=0.7770 tree_fid=0.0591 tree_wfid=0.0249 tree_n=43951 tree_surv=0.5450 secs=97
FIDELITY run=bus14_dtpo-replay_L16_s100 seed=100 picked=iter=89 leaves=16 depth=7 episodes=10 collect_seed=12345 orac_fid=0.4257 orac_wfid=0.5836 orac_n=53570 orac_surv=0.6643 tree_fid=0.0040 tree_wfid=0.0130 tree_n=79719 tree_surv=0.9886 secs=118
FIDELITY run=bus14_dtpo-replay_L16_s101 seed=101 picked=iter=67 leaves=16 depth=5 episodes=10 collect_seed=12345 orac_fid=0.3422 orac_wfid=0.2819 orac_n=59346 orac_surv=0.7359 tree_fid=0.2189 tree_wfid=0.2359 tree_n=12796 tree_surv=0.1587 secs=67
FIDELITY run=bus14_dtpo-replay_L16_s102 seed=102 picked=iter=130 leaves=16 depth=7 episodes=10 collect_seed=12345 orac_fid=0.4179 orac_wfid=0.4815 orac_n=52641 orac_surv=0.6528 tree_fid=0.0282 tree_wfid=0.0217 tree_n=58697 tree_surv=0.7279 secs=102
FIDELITY run=bus14_dtpo-replay_L16_s103 seed=103 picked=iter=78 leaves=16 depth=8 episodes=10 collect_seed=12345 orac_fid=0.3154 orac_wfid=0.2576 orac_n=70321 orac_surv=0.8720 tree_fid=0.0838 tree_wfid=0.0574 tree_n=25681 tree_surv=0.3185 secs=89
FIDELITY run=bus14_dtpo-replay_L16_s104 seed=104 picked=iter=112 leaves=16 depth=5 episodes=10 collect_seed=12345 orac_fid=0.2840 orac_wfid=0.3177 orac_n=59779 orac_surv=0.7413 tree_fid=0.4055 tree_wfid=0.3843 tree_n=32546 tree_surv=0.4036 secs=86
FIDELITY run=bus14_dtpo-replay_L16_s105 seed=105 picked=iter=16 leaves=16 depth=6 episodes=10 collect_seed=12345 orac_fid=0.5019 orac_wfid=0.5848 orac_n=71596 orac_surv=0.8878 tree_fid=0.1489 tree_wfid=0.4073 tree_n=50767 tree_surv=0.6296 secs=112
FIDELITY run=bus14_dtpo-replay_L16_s106 seed=106 picked=iter=50 leaves=16 depth=5 episodes=10 collect_seed=12345 orac_fid=0.3871 orac_wfid=0.4540 orac_n=64055 orac_surv=0.7943 tree_fid=0.2468 tree_wfid=0.3628 tree_n=73264 tree_surv=0.9085 secs=124
FIDELITY run=bus14_dtpo-replay_L16_s107 seed=107 picked=iter=138 leaves=16 depth=7 episodes=10 collect_seed=12345 orac_fid=0.3930 orac_wfid=0.4091 orac_n=37560 orac_surv=0.4658 tree_fid=0.3115 tree_wfid=0.3199 tree_n=32172 tree_surv=0.3990 secs=65
FIDELITY run=bus14_dtpo-replay_L16_s108 seed=108 picked=iter=97 leaves=16 depth=8 episodes=10 collect_seed=12345 orac_fid=0.3756 orac_wfid=0.3703 orac_n=73379 orac_surv=0.9100 tree_fid=0.2628 tree_wfid=0.2322 tree_n=68949 tree_surv=0.8550 secs=132
FIDELITY run=bus14_dtpo-replay_L16_s109 seed=109 picked=iter=130 leaves=16 depth=8 episodes=10 collect_seed=12345 orac_fid=0.2557 orac_wfid=0.1911 orac_n=62658 orac_surv=0.7770 tree_fid=0.0896 tree_wfid=0.1373 tree_n=48154 tree_surv=0.5971 secs=101
FIDELITY run=bus14_dtpo-ws_L16_s100 seed=100 picked=iter=3 leaves=16 depth=5 episodes=10 collect_seed=12345 orac_fid=0.5328 orac_wfid=0.7048 orac_n=53570 orac_surv=0.6643 tree_fid=0.0654 tree_wfid=0.0427 tree_n=64166 tree_surv=0.7957 secs=111
FIDELITY run=bus14_dtpo-ws_L16_s101 seed=101 picked=iter=78 leaves=16 depth=8 episodes=10 collect_seed=12345 orac_fid=0.3602 orac_wfid=0.3710 orac_n=59346 orac_surv=0.7359 tree_fid=0.2195 tree_wfid=0.2394 tree_n=12999 tree_surv=0.1612 secs=67
FIDELITY run=bus14_dtpo-ws_L16_s102 seed=102 picked=iter=16 leaves=16 depth=6 episodes=10 collect_seed=12345 orac_fid=0.3910 orac_wfid=0.4669 orac_n=52641 orac_surv=0.6528 tree_fid=0.0115 tree_wfid=0.0093 tree_n=55865 tree_surv=0.6928 secs=98
FIDELITY run=bus14_dtpo-ws_L16_s103 seed=103 picked=iter=4 leaves=16 depth=6 episodes=10 collect_seed=12345 orac_fid=0.5032 orac_wfid=0.5642 orac_n=70321 orac_surv=0.8720 tree_fid=0.3472 tree_wfid=0.2474 tree_n=20474 tree_surv=0.2539 secs=84
FIDELITY run=bus14_dtpo-ws_L16_s104 seed=104 picked=iter=83 leaves=16 depth=5 episodes=10 collect_seed=12345 orac_fid=0.3204 orac_wfid=0.4008 orac_n=59779 orac_surv=0.7413 tree_fid=0.4510 tree_wfid=0.4143 tree_n=22574 tree_surv=0.2799 secs=76
FIDELITY run=bus14_dtpo-ws_L16_s105 seed=105 picked=iter=28 leaves=16 depth=6 episodes=10 collect_seed=12345 orac_fid=0.3868 orac_wfid=0.4700 orac_n=71596 orac_surv=0.8878 tree_fid=0.0448 tree_wfid=0.1187 tree_n=50767 tree_surv=0.6296 secs=111
FIDELITY run=bus14_dtpo-ws_L16_s106 seed=106 picked=iter=124 leaves=16 depth=5 episodes=10 collect_seed=12345 orac_fid=0.3838 orac_wfid=0.4107 orac_n=64055 orac_surv=0.7943 tree_fid=0.2264 tree_wfid=0.2974 tree_n=68162 tree_surv=0.8453 secs=120
FIDELITY run=bus14_dtpo-ws_L16_s107 seed=107 picked=iter=108 leaves=16 depth=7 episodes=10 collect_seed=12345 orac_fid=0.3656 orac_wfid=0.3620 orac_n=37560 orac_surv=0.4658 tree_fid=0.3084 tree_wfid=0.4633 tree_n=32354 tree_surv=0.4012 secs=65
FIDELITY run=bus14_dtpo-ws_L16_s108 seed=108 picked=iter=19 leaves=16 depth=7 episodes=10 collect_seed=12345 orac_fid=0.4119 orac_wfid=0.4129 orac_n=73379 orac_surv=0.9100 tree_fid=0.1349 tree_wfid=0.1203 tree_n=47684 tree_surv=0.5913 secs=111
FIDELITY run=bus14_dtpo-ws_L16_s109 seed=109 picked=iter=120 leaves=16 depth=6 episodes=10 collect_seed=12345 orac_fid=0.2921 orac_wfid=0.3583 orac_n=62658 orac_surv=0.7770 tree_fid=0.0123 tree_wfid=0.0083 tree_n=43666 tree_surv=0.5415 secs=98
FIDELITY run=bus14_dtpo-scratchgate_L16_s100 seed=100 picked=iter=144 leaves=16 depth=8 episodes=10 collect_seed=12345 orac_fid=0.2710 orac_wfid=0.1528 orac_n=53570 orac_surv=0.6643 tree_fid=0.0648 tree_wfid=0.1673 tree_n=19153 tree_surv=0.2375 secs=69
FIDELITY run=bus14_dtpo-scratchgate_L16_s101 seed=101 picked=iter=19 leaves=16 depth=12 episodes=10 collect_seed=12345 orac_fid=0.3324 orac_wfid=0.3913 orac_n=59346 orac_surv=0.7359 tree_fid=0.2847 tree_wfid=0.3679 tree_n=18575 tree_surv=0.2303 secs=73
FIDELITY run=bus14_dtpo-scratchgate_L16_s102 seed=102 picked=iter=67 leaves=16 depth=10 episodes=10 collect_seed=12345 orac_fid=0.0004 orac_wfid=0.0001 orac_n=52641 orac_surv=0.6528 tree_fid=0.0519 tree_wfid=0.0366 tree_n=12686 tree_surv=0.1573 secs=63
FIDELITY run=bus14_dtpo-scratchgate_L16_s103 seed=103 picked=iter=6 leaves=16 depth=11 episodes=10 collect_seed=12345 orac_fid=0.1853 orac_wfid=0.1157 orac_n=70321 orac_surv=0.8720 tree_fid=0.0320 tree_wfid=0.0281 tree_n=13424 tree_surv=0.1665 secs=78
FIDELITY run=bus14_dtpo-scratchgate_L16_s104 seed=104 picked=iter=142 leaves=16 depth=5 episodes=10 collect_seed=12345 orac_fid=0.1572 orac_wfid=0.0864 orac_n=59779 orac_surv=0.7413 tree_fid=0.0000 tree_wfid=0.0000 tree_n=21966 tree_surv=0.2724 secs=76
FIDELITY run=bus14_dtpo-scratchgate_L16_s105 seed=105 picked=iter=86 leaves=16 depth=6 episodes=10 collect_seed=12345 orac_fid=0.0000 orac_wfid=0.0000 orac_n=71596 orac_surv=0.8878 tree_fid=0.0025 tree_wfid=0.0008 tree_n=50038 tree_surv=0.6205 secs=115
FIDELITY run=bus14_dtpo-scratchgate_L16_s106 seed=106 picked=iter=68 leaves=16 depth=8 episodes=10 collect_seed=12345 orac_fid=0.2928 orac_wfid=0.1757 orac_n=64055 orac_surv=0.7943 tree_fid=0.1777 tree_wfid=0.1878 tree_n=30272 tree_surv=0.3754 secs=89
FIDELITY run=bus14_dtpo-scratchgate_L16_s107 seed=107 picked=iter=124 leaves=16 depth=8 episodes=10 collect_seed=12345 orac_fid=0.0067 orac_wfid=0.0065 orac_n=37560 orac_surv=0.4658 tree_fid=0.0000 tree_wfid=0.0000 tree_n=66261 tree_surv=0.8217 secs=99
FIDELITY run=bus14_dtpo-scratchgate_L16_s108 seed=108 picked=iter=42 leaves=16 depth=9 episodes=10 collect_seed=12345 orac_fid=0.0014 orac_wfid=0.0006 orac_n=73379 orac_surv=0.9100 tree_fid=0.0000 tree_wfid=0.0000 tree_n=18487 tree_surv=0.2293 secs=87
FIDELITY run=bus14_dtpo-scratchgate_L16_s109 seed=109 picked=iter=126 leaves=16 depth=8 episodes=10 collect_seed=12345 orac_fid=0.1114 orac_wfid=0.2293 orac_n=62658 orac_surv=0.7770 tree_fid=0.4251 tree_wfid=0.5804 tree_n=43660 tree_surv=0.5414 secs=100
FIDELITY run=bus14_dtpo-gate-K1_L16_s100 seed=100 picked=iter=22 leaves=16 depth=6 episodes=10 collect_seed=12345 orac_fid=0.5306 orac_wfid=0.6943 orac_n=53570 orac_surv=0.6643 tree_fid=0.0561 tree_wfid=0.0387 tree_n=56438 tree_surv=0.6999 secs=103
FIDELITY run=bus14_dtpo-gate-K1_L16_s101 seed=101 picked=iter=133 leaves=16 depth=7 episodes=10 collect_seed=12345 orac_fid=0.3178 orac_wfid=0.3579 orac_n=59346 orac_surv=0.7359 tree_fid=0.2077 tree_wfid=0.1905 tree_n=10169 tree_surv=0.1261 secs=66
FIDELITY run=bus14_dtpo-gate-K1_L16_s102 seed=102 picked=iter=139 leaves=16 depth=6 episodes=10 collect_seed=12345 orac_fid=0.4297 orac_wfid=0.5241 orac_n=52641 orac_surv=0.6528 tree_fid=0.0122 tree_wfid=0.0152 tree_n=55865 tree_surv=0.6928 secs=100
FIDELITY run=bus14_dtpo-gate-K1_L16_s103 seed=103 picked=iter=146 leaves=16 depth=6 episodes=10 collect_seed=12345 orac_fid=0.4226 orac_wfid=0.4751 orac_n=70321 orac_surv=0.8720 tree_fid=0.3798 tree_wfid=0.3522 tree_n=25490 tree_surv=0.3161 secs=89
FIDELITY run=bus14_dtpo-gate-K1_L16_s104 seed=104 picked=iter=107 leaves=16 depth=7 episodes=10 collect_seed=12345 orac_fid=0.3831 orac_wfid=0.3293 orac_n=59779 orac_surv=0.7413 tree_fid=0.1310 tree_wfid=0.0485 tree_n=7756 tree_surv=0.0962 secs=64
FIDELITY run=bus14_dtpo-gate-K1_L16_s105 seed=105 picked=iter=132 leaves=16 depth=6 episodes=10 collect_seed=12345 orac_fid=0.4579 orac_wfid=0.5484 orac_n=71596 orac_surv=0.8878 tree_fid=0.1376 tree_wfid=0.3725 tree_n=51490 tree_surv=0.6385 secs=117
FIDELITY run=bus14_dtpo-gate-K1_L16_s106 seed=106 picked=iter=42 leaves=16 depth=6 episodes=10 collect_seed=12345 orac_fid=0.5133 orac_wfid=0.5989 orac_n=64055 orac_surv=0.7943 tree_fid=0.1752 tree_wfid=0.2779 tree_n=57720 tree_surv=0.7158 secs=111
FIDELITY run=bus14_dtpo-gate-K1_L16_s107 seed=107 picked=iter=15 leaves=16 depth=6 episodes=10 collect_seed=12345 orac_fid=0.4477 orac_wfid=0.4616 orac_n=37560 orac_surv=0.4658 tree_fid=0.1800 tree_wfid=0.2087 tree_n=16686 tree_surv=0.2069 secs=51
FIDELITY run=bus14_dtpo-gate-K1_L16_s108 seed=108 picked=iter=35 leaves=16 depth=6 episodes=10 collect_seed=12345 orac_fid=0.5156 orac_wfid=0.5057 orac_n=73379 orac_surv=0.9100 tree_fid=0.1300 tree_wfid=0.0733 tree_n=54145 tree_surv=0.6714 secs=118
FIDELITY run=bus14_dtpo-gate-K1_L16_s109 seed=109 picked=iter=91 leaves=16 depth=6 episodes=10 collect_seed=12345 orac_fid=0.4337 orac_wfid=0.5064 orac_n=62658 orac_surv=0.7770 tree_fid=0.1155 tree_wfid=0.2254 tree_n=50556 tree_surv=0.6269 secs=103
FIDELITY run=bus14_dtpo-gate_L16_s100 seed=100 picked=iter=31 leaves=16 depth=7 episodes=10 collect_seed=12345 orac_fid=0.4501 orac_wfid=0.5915 orac_n=53570 orac_surv=0.6643 tree_fid=0.0639 tree_wfid=0.0346 tree_n=69234 tree_surv=0.8586 secs=118
FIDELITY run=bus14_dtpo-gate_L16_s101 seed=101 picked=iter=137 leaves=16 depth=6 episodes=10 collect_seed=12345 orac_fid=0.5214 orac_wfid=0.5904 orac_n=59346 orac_surv=0.7359 tree_fid=0.2666 tree_wfid=0.2958 tree_n=36607 tree_surv=0.4540 secs=90
FIDELITY run=bus14_dtpo-gate_L16_s102 seed=102 picked=iter=68 leaves=16 depth=6 episodes=10 collect_seed=12345 orac_fid=0.3863 orac_wfid=0.4682 orac_n=52641 orac_surv=0.6528 tree_fid=0.0182 tree_wfid=0.0260 tree_n=66645 tree_surv=0.8265 secs=111
FIDELITY run=bus14_dtpo-gate_L16_s103 seed=103 picked=iter=129 leaves=16 depth=6 episodes=10 collect_seed=12345 orac_fid=0.4044 orac_wfid=0.4106 orac_n=70321 orac_surv=0.8720 tree_fid=0.1392 tree_wfid=0.0454 tree_n=3930 tree_surv=0.0487 secs=71
FIDELITY run=bus14_dtpo-gate_L16_s104 seed=104 picked=iter=112 leaves=16 depth=7 episodes=10 collect_seed=12345 orac_fid=0.4604 orac_wfid=0.5625 orac_n=59779 orac_surv=0.7413 tree_fid=0.4721 tree_wfid=0.4134 tree_n=35389 tree_surv=0.4389 secs=89
FIDELITY run=bus14_dtpo-gate_L16_s105 seed=105 picked=iter=140 leaves=16 depth=7 episodes=10 collect_seed=12345 orac_fid=0.4570 orac_wfid=0.5358 orac_n=71596 orac_surv=0.8878 tree_fid=0.1534 tree_wfid=0.4269 tree_n=50767 tree_surv=0.6296 secs=112
FIDELITY run=bus14_dtpo-gate_L16_s106 seed=106 picked=iter=106 leaves=16 depth=6 episodes=10 collect_seed=12345 orac_fid=0.3800 orac_wfid=0.4432 orac_n=64055 orac_surv=0.7943 tree_fid=0.2565 tree_wfid=0.4341 tree_n=73264 tree_surv=0.9085 secs=126
FIDELITY run=bus14_dtpo-gate_L16_s107 seed=107 picked=iter=60 leaves=16 depth=8 episodes=10 collect_seed=12345 orac_fid=0.5501 orac_wfid=0.7126 orac_n=37560 orac_surv=0.4658 tree_fid=0.3641 tree_wfid=0.5534 tree_n=29321 tree_surv=0.3636 secs=64
FIDELITY run=bus14_dtpo-gate_L16_s108 seed=108 picked=iter=16 leaves=16 depth=7 episodes=10 collect_seed=12345 orac_fid=0.4138 orac_wfid=0.4231 orac_n=73379 orac_surv=0.9100 tree_fid=0.1728 tree_wfid=0.1796 tree_n=33491 tree_surv=0.4153 secs=99
FIDELITY run=bus14_dtpo-gate_L16_s109 seed=109 picked=iter=149 leaves=16 depth=6 episodes=10 collect_seed=12345 orac_fid=0.3283 orac_wfid=0.3867 orac_n=62658 orac_surv=0.7770 tree_fid=0.0859 tree_wfid=0.0638 tree_n=45445 tree_surv=0.5636 secs=101
FIDELITY run=bus14_distill_L16_s100 seed=100 picked=iter=0 leaves=16 depth=7 episodes=10 collect_seed=12345 orac_fid=0.5970 orac_wfid=0.8194 orac_n=53570 orac_surv=0.6643 tree_fid=0.5704 tree_wfid=0.7735 tree_n=68655 tree_surv=0.8514 secs=116
FIDELITY run=bus14_distill_L16_s101 seed=101 picked=iter=0 leaves=16 depth=8 episodes=10 collect_seed=12345 orac_fid=0.6052 orac_wfid=0.7949 orac_n=59346 orac_surv=0.7359 tree_fid=0.4731 tree_wfid=0.5090 tree_n=33729 tree_surv=0.4183 secs=88
FIDELITY run=bus14_distill_L16_s102 seed=102 picked=iter=0 leaves=16 depth=10 episodes=10 collect_seed=12345 orac_fid=0.5973 orac_wfid=0.7920 orac_n=52641 orac_surv=0.6528 tree_fid=0.5208 tree_wfid=0.6675 tree_n=62366 tree_surv=0.7734 secs=109
FIDELITY run=bus14_distill_L16_s103 seed=103 picked=iter=0 leaves=16 depth=9 episodes=10 collect_seed=12345 orac_fid=0.5796 orac_wfid=0.7639 orac_n=70321 orac_surv=0.8720 tree_fid=0.4552 tree_wfid=0.6508 tree_n=26302 tree_surv=0.3262 secs=91
FIDELITY run=bus14_distill_L16_s104 seed=104 picked=iter=0 leaves=16 depth=7 episodes=10 collect_seed=12345 orac_fid=0.6073 orac_wfid=0.8023 orac_n=59779 orac_surv=0.7413 tree_fid=0.6266 tree_wfid=0.8142 tree_n=37930 tree_surv=0.4704 secs=92
FIDELITY run=bus14_distill_L16_s105 seed=105 picked=iter=0 leaves=16 depth=11 episodes=10 collect_seed=12345 orac_fid=0.6384 orac_wfid=0.8097 orac_n=71596 orac_surv=0.8878 tree_fid=0.6012 tree_wfid=0.8090 tree_n=49471 tree_surv=0.6135 secs=113
FIDELITY run=bus14_distill_L16_s106 seed=106 picked=iter=0 leaves=16 depth=9 episodes=10 collect_seed=12345 orac_fid=0.5773 orac_wfid=0.7499 orac_n=64055 orac_surv=0.7943 tree_fid=0.3351 tree_wfid=0.4010 tree_n=55575 tree_surv=0.6892 secs=111
FIDELITY run=bus14_distill_L16_s107 seed=107 picked=iter=0 leaves=16 depth=8 episodes=10 collect_seed=12345 orac_fid=0.6511 orac_wfid=0.8310 orac_n=37560 orac_surv=0.4658 tree_fid=0.3176 tree_wfid=0.3415 tree_n=54733 tree_surv=0.6787 secs=87
FIDELITY run=bus14_distill_L16_s108 seed=108 picked=iter=0 leaves=16 depth=9 episodes=10 collect_seed=12345 orac_fid=0.6363 orac_wfid=0.8225 orac_n=73379 orac_surv=0.9100 tree_fid=0.3969 tree_wfid=0.4917 tree_n=64525 tree_surv=0.8002 secs=128
FIDELITY run=bus14_distill_L16_s109 seed=109 picked=iter=0 leaves=16 depth=9 episodes=10 collect_seed=12345 orac_fid=0.6293 orac_wfid=0.8000 orac_n=62658 orac_surv=0.7770 tree_fid=0.5321 tree_wfid=0.7421 tree_n=46222 tree_surv=0.5732 secs=102
FIDELITY run=bus14_dtpo_L16_s100 seed=100 picked=iter=83 leaves=16 depth=9 episodes=10 collect_seed=12345 orac_fid=0.0049 orac_wfid=0.0022 orac_n=53570 orac_surv=0.6643 tree_fid=0.0019 tree_wfid=0.0006 tree_n=12128 tree_surv=0.1504 secs=62
FIDELITY run=bus14_dtpo_L16_s101 seed=101 picked=iter=80 leaves=16 depth=9 episodes=10 collect_seed=12345 orac_fid=0.2360 orac_wfid=0.1468 orac_n=59346 orac_surv=0.7359 tree_fid=0.0248 tree_wfid=0.0301 tree_n=10656 tree_surv=0.1321 secs=67
FIDELITY run=bus14_dtpo_L16_s102 seed=102 picked=iter=57 leaves=16 depth=9 episodes=10 collect_seed=12345 orac_fid=0.0689 orac_wfid=0.0375 orac_n=52641 orac_surv=0.6528 tree_fid=0.0118 tree_wfid=0.0181 tree_n=30890 tree_surv=0.3831 secs=79
FIDELITY run=bus14_dtpo_L16_s103 seed=103 picked=iter=13 leaves=16 depth=6 episodes=10 collect_seed=12345 orac_fid=0.0569 orac_wfid=0.0379 orac_n=70321 orac_surv=0.8720 tree_fid=0.0561 tree_wfid=0.0803 tree_n=20925 tree_surv=0.2595 secs=87
FIDELITY run=bus14_dtpo_L16_s104 seed=104 picked=iter=55 leaves=16 depth=6 episodes=10 collect_seed=12345 orac_fid=0.0000 orac_wfid=0.0000 orac_n=59779 orac_surv=0.7413 tree_fid=0.0000 tree_wfid=0.0000 tree_n=17735 tree_surv=0.2199 secs=72
FIDELITY run=bus14_dtpo_L16_s105 seed=105 picked=iter=123 leaves=16 depth=9 episodes=10 collect_seed=12345 orac_fid=0.0000 orac_wfid=0.0000 orac_n=71596 orac_surv=0.8878 tree_fid=0.0000 tree_wfid=0.0000 tree_n=38653 tree_surv=0.4793 secs=104
FIDELITY run=bus14_dtpo_L16_s106 seed=106 picked=iter=7 leaves=16 depth=11 episodes=10 collect_seed=12345 orac_fid=0.0001 orac_wfid=0.0000 orac_n=64055 orac_surv=0.7943 tree_fid=0.0873 tree_wfid=0.0513 tree_n=48899 tree_surv=0.6064 secs=108
FIDELITY run=bus14_dtpo_L16_s107 seed=107 picked=iter=93 leaves=16 depth=8 episodes=10 collect_seed=12345 orac_fid=0.2684 orac_wfid=0.1501 orac_n=37560 orac_surv=0.4658 tree_fid=0.0985 tree_wfid=0.1242 tree_n=26274 tree_surv=0.3258 secs=60
FIDELITY run=bus14_dtpo_L16_s108 seed=108 picked=iter=54 leaves=16 depth=6 episodes=10 collect_seed=12345 orac_fid=0.1646 orac_wfid=0.0879 orac_n=73379 orac_surv=0.9100 tree_fid=0.0000 tree_wfid=0.0000 tree_n=19905 tree_surv=0.2468 secs=87
FIDELITY run=bus14_dtpo_L16_s109 seed=109 picked=iter=47 leaves=16 depth=6 episodes=10 collect_seed=12345 orac_fid=0.2310 orac_wfid=0.1251 orac_n=62658 orac_surv=0.7770 tree_fid=0.0012 tree_wfid=0.0001 tree_n=14996 tree_surv=0.1860 secs=72
FIDELITY run=bus14_viper_L16_s100 seed=100 picked=single leaves=16 depth=6 episodes=10 collect_seed=12345 orac_fid=0.4587 orac_wfid=0.6445 orac_n=53570 orac_surv=0.6643 tree_fid=0.4247 tree_wfid=0.6353 tree_n=25925 tree_surv=0.3215 secs=74
FIDELITY run=bus14_viper_L16_s101 seed=101 picked=single leaves=16 depth=7 episodes=10 collect_seed=12345 orac_fid=0.5129 orac_wfid=0.6689 orac_n=59346 orac_surv=0.7359 tree_fid=0.5481 tree_wfid=0.6996 tree_n=16551 tree_surv=0.2052 secs=72
FIDELITY run=bus14_viper_L16_s102 seed=102 picked=single leaves=16 depth=7 episodes=10 collect_seed=12345 orac_fid=0.4916 orac_wfid=0.6322 orac_n=52641 orac_surv=0.6528 tree_fid=0.0570 tree_wfid=0.0704 tree_n=22919 tree_surv=0.2842 secs=72
FIDELITY run=bus14_viper_L16_s103 seed=103 picked=single leaves=16 depth=9 episodes=10 collect_seed=12345 orac_fid=0.4157 orac_wfid=0.4628 orac_n=70321 orac_surv=0.8720 tree_fid=0.3831 tree_wfid=0.4762 tree_n=31361 tree_surv=0.3889 secs=96
FIDELITY run=bus14_viper_L16_s104 seed=104 picked=single leaves=16 depth=8 episodes=10 collect_seed=12345 orac_fid=0.5140 orac_wfid=0.6422 orac_n=59779 orac_surv=0.7413 tree_fid=0.3812 tree_wfid=0.7829 tree_n=65954 tree_surv=0.8179 secs=115
FIDELITY run=bus14_viper_L16_s105 seed=105 picked=single leaves=16 depth=9 episodes=10 collect_seed=12345 orac_fid=0.3658 orac_wfid=0.4247 orac_n=71596 orac_surv=0.8878 tree_fid=0.4687 tree_wfid=0.3885 tree_n=15583 tree_surv=0.1932 secs=82
FIDELITY run=bus14_viper_L16_s106 seed=106 picked=single leaves=16 depth=9 episodes=10 collect_seed=12345 orac_fid=0.3721 orac_wfid=0.5190 orac_n=64055 orac_surv=0.7943 tree_fid=0.3212 tree_wfid=0.3783 tree_n=4063 tree_surv=0.0504 secs=64
FIDELITY run=bus14_viper_L16_s107 seed=107 picked=single leaves=16 depth=9 episodes=10 collect_seed=12345 orac_fid=0.5080 orac_wfid=0.6564 orac_n=37560 orac_surv=0.4658 tree_fid=0.4678 tree_wfid=0.5821 tree_n=58661 tree_surv=0.7274 secs=92
FIDELITY run=bus14_viper_L16_s108 seed=108 picked=single leaves=16 depth=8 episodes=10 collect_seed=12345 orac_fid=0.4120 orac_wfid=0.5451 orac_n=73379 orac_surv=0.9100 tree_fid=0.3638 tree_wfid=0.5115 tree_n=45571 tree_surv=0.5651 secs=110
FIDELITY run=bus14_viper_L16_s109 seed=109 picked=single leaves=16 depth=6 episodes=10 collect_seed=12345 orac_fid=0.3697 orac_wfid=0.4456 orac_n=62658 orac_surv=0.7770 tree_fid=0.2940 tree_wfid=0.2816 tree_n=52701 tree_surv=0.6535 secs=108
FIDELITY run=bus14_dtpo-scratchfull_L16_s100 seed=100 picked=iter=41 leaves=16 depth=7 episodes=10 collect_seed=12345 orac_fid=0.1426 orac_wfid=0.0738 orac_n=53570 orac_surv=0.6643 tree_fid=0.1442 tree_wfid=0.1003 tree_n=11815 tree_surv=0.1465 secs=62
FIDELITY run=bus14_dtpo-scratchfull_L16_s101 seed=101 picked=iter=91 leaves=16 depth=8 episodes=10 collect_seed=12345 orac_fid=0.2900 orac_wfid=0.1737 orac_n=59346 orac_surv=0.7359 tree_fid=0.0025 tree_wfid=0.0028 tree_n=13963 tree_surv=0.1732 secs=69
FIDELITY run=bus14_dtpo-scratchfull_L16_s102 seed=102 picked=iter=6 leaves=16 depth=8 episodes=10 collect_seed=12345 orac_fid=0.0026 orac_wfid=0.0009 orac_n=52641 orac_surv=0.6528 tree_fid=0.0021 tree_wfid=0.0012 tree_n=12479 tree_surv=0.1547 secs=64
FIDELITY run=bus14_dtpo-scratchfull_L16_s103 seed=103 picked=iter=11 leaves=16 depth=11 episodes=10 collect_seed=12345 orac_fid=0.1468 orac_wfid=0.0804 orac_n=70321 orac_surv=0.8720 tree_fid=0.0011 tree_wfid=0.0017 tree_n=11402 tree_surv=0.1414 secs=77
FIDELITY run=bus14_dtpo-scratchfull_L16_s104 seed=104 picked=iter=131 leaves=16 depth=6 episodes=10 collect_seed=12345 orac_fid=0.0869 orac_wfid=0.0752 orac_n=59779 orac_surv=0.7413 tree_fid=0.0152 tree_wfid=0.0047 tree_n=21357 tree_surv=0.2648 secs=76
FIDELITY run=bus14_dtpo-scratchfull_L16_s105 seed=105 picked=iter=16 leaves=16 depth=8 episodes=10 collect_seed=12345 orac_fid=0.2943 orac_wfid=0.1919 orac_n=71596 orac_surv=0.8878 tree_fid=0.0000 tree_wfid=0.0000 tree_n=21598 tree_surv=0.2678 secs=86
FIDELITY run=bus14_dtpo-scratchfull_L16_s106 seed=106 picked=iter=81 leaves=16 depth=9 episodes=10 collect_seed=12345 orac_fid=0.3011 orac_wfid=0.1820 orac_n=64055 orac_surv=0.7943 tree_fid=0.0003 tree_wfid=0.0011 tree_n=17162 tree_surv=0.2128 secs=76
FIDELITY run=bus14_dtpo-scratchfull_L16_s107 seed=107 picked=iter=75 leaves=16 depth=11 episodes=10 collect_seed=12345 orac_fid=0.2733 orac_wfid=0.1539 orac_n=37560 orac_surv=0.4658 tree_fid=0.0104 tree_wfid=0.0058 tree_n=15050 tree_surv=0.1866 secs=50
FIDELITY run=bus14_dtpo-scratchfull_L16_s108 seed=108 picked=iter=61 leaves=16 depth=11 episodes=10 collect_seed=12345 orac_fid=0.2680 orac_wfid=0.1602 orac_n=73379 orac_surv=0.9100 tree_fid=0.0000 tree_wfid=0.0000 tree_n=19907 tree_surv=0.2469 secs=87
FIDELITY run=bus14_dtpo-scratchfull_L16_s109 seed=109 picked=iter=1 leaves=16 depth=7 episodes=10 collect_seed=12345 orac_fid=0.0177 orac_wfid=0.0128 orac_n=62658 orac_surv=0.7770 tree_fid=0.0004 tree_wfid=0.0000 tree_n=21750 tree_surv=0.2697 secs=80
FIDELITY run=bus14_daggertree_L16_s100 seed=100 picked=iter=0 leaves=16 depth=9 episodes=10 collect_seed=12345 orac_fid=0.6145 orac_wfid=0.8070 orac_n=53570 orac_surv=0.6643 tree_fid=0.5679 tree_wfid=0.7432 tree_n=42507 tree_surv=0.5271 secs=90
FIDELITY run=bus14_daggertree_L16_s101 seed=101 picked=iter=0 leaves=16 depth=6 episodes=10 collect_seed=12345 orac_fid=0.4719 orac_wfid=0.6556 orac_n=59346 orac_surv=0.7359 tree_fid=0.2447 tree_wfid=0.3541 tree_n=29682 tree_surv=0.3681 secs=83
FIDELITY run=bus14_daggertree_L16_s102 seed=102 picked=iter=0 leaves=16 depth=8 episodes=10 collect_seed=12345 orac_fid=0.5297 orac_wfid=0.7414 orac_n=52641 orac_surv=0.6528 tree_fid=0.0243 tree_wfid=0.0263 tree_n=10928 tree_surv=0.1355 secs=60
FIDELITY run=bus14_daggertree_L16_s103 seed=103 picked=iter=0 leaves=16 depth=8 episodes=10 collect_seed=12345 orac_fid=0.5082 orac_wfid=0.7126 orac_n=70321 orac_surv=0.8720 tree_fid=0.5601 tree_wfid=0.6770 tree_n=26292 tree_surv=0.3260 secs=92
FIDELITY run=bus14_daggertree_L16_s104 seed=104 picked=iter=0 leaves=16 depth=8 episodes=10 collect_seed=12345 orac_fid=0.6023 orac_wfid=0.7862 orac_n=59779 orac_surv=0.7413 tree_fid=0.4396 tree_wfid=0.6823 tree_n=51731 tree_surv=0.6415 secs=103
FIDELITY run=bus14_daggertree_L16_s105 seed=105 picked=iter=0 leaves=16 depth=8 episodes=10 collect_seed=12345 orac_fid=0.6211 orac_wfid=0.7918 orac_n=71596 orac_surv=0.8878 tree_fid=0.5119 tree_wfid=0.6196 tree_n=35659 tree_surv=0.4422 secs=100
FIDELITY run=bus14_daggertree_L16_s106 seed=106 picked=iter=0 leaves=16 depth=8 episodes=10 collect_seed=12345 orac_fid=0.5525 orac_wfid=0.7189 orac_n=64055 orac_surv=0.7943 tree_fid=0.5009 tree_wfid=0.7145 tree_n=54496 tree_surv=0.6758 secs=111
FIDELITY run=bus14_daggertree_L16_s107 seed=107 picked=iter=0 leaves=16 depth=9 episodes=10 collect_seed=12345 orac_fid=0.5608 orac_wfid=0.7660 orac_n=37560 orac_surv=0.4658 tree_fid=0.2752 tree_wfid=0.3204 tree_n=63997 tree_surv=0.7936 secs=95
FIDELITY run=bus14_daggertree_L16_s108 seed=108 picked=iter=0 leaves=16 depth=8 episodes=10 collect_seed=12345 orac_fid=0.5210 orac_wfid=0.7287 orac_n=73379 orac_surv=0.9100 tree_fid=0.6348 tree_wfid=0.8349 tree_n=30660 tree_surv=0.3802 secs=98
FIDELITY run=bus14_daggertree_L16_s109 seed=109 picked=iter=0 leaves=16 depth=8 episodes=10 collect_seed=12345 orac_fid=0.5735 orac_wfid=0.7529 orac_n=62658 orac_surv=0.7770 tree_fid=0.2162 tree_wfid=0.3023 tree_n=43402 tree_surv=0.5382 secs=98
