[F2] training env filtered to 753/1004 chronics (every 4th id held out for evaluation)
Initializing the distributed action 'mapper'... (takes a while with big action spaces)
[F2] training env filtered to 753/1004 chronics (every 4th id held out for evaluation)
[F2] training env filtered to 753/1004 chronics (every 4th id held out for evaluation)
[F2] training env filtered to 753/1004 chronics (every 4th id held out for evaluation)
[F2] training env filtered to 753/1004 chronics (every 4th id held out for evaluation)
[HYBRID] warm-start from /rds/general/user/ssl125/home/RL2Grid_v2/checkpoint/final_PPO_bus14_T_0_0__I__1775940444_3936.tar: {'mode': 'soft', 'n_samples': 20000, 'n_actions': 50, 'n_leaves': 16, 'max_depth': 11, 'fidelity': 0.6656, 'weighted_fidelity': 0.841661586984284, 'curated': False, 'dagger_rounds': 0}
[DTPO] gate eval on 40 training-side chronics (of 1004); overlap with the held-out pool = 0 (must be 0): ids=[0, 25, 50, 76, 102, 128, 153, 178, 205, 230, 256, 282]...
[DTPO] it=1/150 step=9999 J_new=0.0030 kept mode=full leaves=16 survival=25.34% best=25.34% std=22.1%
[DTPO] it=2/150 step=19998 J_new=0.0025 kept mode=full leaves=16 survival=42.41% best=42.41% std=29.7%
[DTPO] it=3/150 step=29997 J_new=0.0036 kept mode=full leaves=16 survival=36.95% best=42.41% std=30.8%
[DTPO] it=4/150 step=39996 J_new=0.0047 kept mode=full leaves=16 survival=37.07% best=42.41% std=32.9%
[DTPO] it=5/150 step=49995 J_new=0.0018 kept mode=full leaves=16 survival=36.17% best=42.41% std=32.5%
[DTPO] it=6/150 step=59994 J_new=0.0012 kept mode=full leaves=16 survival=40.57% best=42.41% std=29.3%
[DTPO] it=7/150 step=69993 J_new=0.0014 kept mode=full leaves=16 survival=42.89% best=42.89% std=29.1%
[DTPO] it=8/150 step=79992 J_new=0.0027 kept mode=full leaves=16 survival=37.45% best=42.89% std=34.2%
[DTPO] it=9/150 step=89991 J_new=0.0021 kept mode=full leaves=16 survival=34.15% best=42.89% std=30.2%
[DTPO] it=10/150 step=99990 J_new=0.0006 kept mode=full leaves=16 survival=44.74% best=44.74% std=37.4%
[DTPO] it=11/150 step=109989 J_new=0.0027 kept mode=full leaves=16 survival=42.88% best=44.74% std=29.2%
[DTPO] it=12/150 step=119988 J_new=0.0036 kept mode=full leaves=16 survival=44.98% best=44.98% std=32.4%
[DTPO] it=13/150 step=129987 J_new=0.0041 kept mode=full leaves=16 survival=40.36% best=44.98% std=27.2%
[DTPO] it=14/150 step=139986 J_new=0.0012 kept mode=full leaves=16 survival=40.07% best=44.98% std=26.4%
[DTPO] it=15/150 step=149985 J_new=0.0029 kept mode=full leaves=16 survival=46.60% best=46.60% std=34.3%
[DTPO] it=16/150 step=159984 J_new=0.0032 kept mode=full leaves=16 survival=51.28% best=51.28% std=35.9%
[DTPO] it=17/150 step=169983 J_new=0.0029 kept mode=full leaves=16 survival=44.22% best=51.28% std=31.8%
[DTPO] it=18/150 step=179982 J_new=0.0013 kept mode=full leaves=16 survival=47.33% best=51.28% std=34.2%
[DTPO] it=19/150 step=189981 J_new=0.0025 kept mode=full leaves=16 survival=45.83% best=51.28% std=35.1%
[DTPO] it=20/150 step=199980 J_new=0.0030 kept mode=full leaves=16 survival=41.00% best=51.28% std=30.5%
[DTPO] it=21/150 step=209979 J_new=0.0201 kept mode=full leaves=16 survival=46.07% best=51.28% std=32.5%
[DTPO] it=22/150 step=219978 J_new=0.0018 kept mode=full leaves=16 survival=25.49% best=51.28% std=26.5%
[DTPO] it=23/150 step=229977 J_new=0.0090 kept mode=full leaves=16 survival=49.60% best=51.28% std=36.7%
[DTPO] it=24/150 step=239976 J_new=0.0016 kept mode=full leaves=16 survival=17.25% best=51.28% std=15.6%
[DTPO] it=25/150 step=249975 J_new=0.0037 kept mode=full leaves=16 survival=55.09% best=55.09% std=35.6%
[DTPO] it=26/150 step=259974 J_new=0.0049 kept mode=full leaves=16 survival=58.34% best=58.34% std=37.3%
[DTPO] it=27/150 step=269973 J_new=0.0016 kept mode=full leaves=16 survival=24.70% best=58.34% std=28.9%
[DTPO] it=28/150 step=279972 J_new=0.0084 kept mode=full leaves=16 survival=55.82% best=58.34% std=37.7%
[DTPO] it=29/150 step=289971 J_new=0.0019 kept mode=full leaves=16 survival=54.15% best=58.34% std=37.2%
[DTPO] it=30/150 step=299970 J_new=0.0018 kept mode=full leaves=16 survival=50.48% best=58.34% std=39.4%
[DTPO] it=31/150 step=309969 J_new=0.0008 kept mode=full leaves=16 survival=48.09% best=58.34% std=39.3%
[DTPO] it=32/150 step=319968 J_new=0.0014 kept mode=full leaves=16 survival=48.14% best=58.34% std=39.2%
[DTPO] it=33/150 step=329967 J_new=0.0008 kept mode=full leaves=16 survival=44.28% best=58.34% std=38.6%
[DTPO] it=34/150 step=339966 J_new=-0.0045 revert mode=full leaves=16 survival=44.28% best=58.34% std=38.6%
[DTPO] it=35/150 step=349965 J_new=0.0009 kept mode=full leaves=16 survival=48.10% best=58.34% std=40.0%
[DTPO] it=36/150 step=359964 J_new=0.0051 kept mode=full leaves=16 survival=55.82% best=58.34% std=37.8%
[DTPO] it=37/150 step=369963 J_new=0.0052 kept mode=full leaves=16 survival=55.82% best=58.34% std=37.8%
[DTPO] it=38/150 step=379962 J_new=0.0012 kept mode=full leaves=16 survival=54.19% best=58.34% std=37.2%
[DTPO] it=39/150 step=389961 J_new=0.0044 kept mode=full leaves=16 survival=54.19% best=58.34% std=37.2%
[DTPO] it=40/150 step=399960 J_new=0.0062 kept mode=full leaves=16 survival=54.19% best=58.34% std=37.2%
[DTPO] it=41/150 step=409959 J_new=0.0060 kept mode=full leaves=16 survival=54.19% best=58.34% std=37.2%
[DTPO] it=42/150 step=419958 J_new=0.0066 kept mode=full leaves=16 survival=48.30% best=58.34% std=34.0%
[DTPO] it=43/150 step=429957 J_new=0.0029 kept mode=full leaves=16 survival=47.19% best=58.34% std=33.4%
[DTPO] it=44/150 step=439956 J_new=0.0037 kept mode=full leaves=16 survival=54.19% best=58.34% std=37.2%
[DTPO] it=45/150 step=449955 J_new=0.0017 kept mode=full leaves=16 survival=54.19% best=58.34% std=37.2%
[DTPO] it=46/150 step=459954 J_new=0.0102 kept mode=full leaves=16 survival=44.78% best=58.34% std=32.8%
[DTPO] it=47/150 step=469953 J_new=0.0539 kept mode=full leaves=16 survival=54.19% best=58.34% std=37.2%
[DTPO] it=48/150 step=479952 J_new=0.0047 kept mode=full leaves=16 survival=49.42% best=58.34% std=35.0%
[DTPO] it=49/150 step=489951 J_new=0.0101 kept mode=full leaves=16 survival=20.33% best=58.34% std=19.3%
[DTPO] it=50/150 step=499950 J_new=0.0021 kept mode=full leaves=16 survival=54.19% best=58.34% std=37.2%
[DTPO] it=51/150 step=509949 J_new=-0.0053 revert mode=full leaves=16 survival=54.19% best=58.34% std=37.2%
[DTPO] it=52/150 step=519948 J_new=-0.0012 revert mode=full leaves=16 survival=54.19% best=58.34% std=37.2%
[DTPO] it=53/150 step=529947 J_new=0.0021 kept mode=full leaves=16 survival=26.87% best=58.34% std=24.5%
[DTPO] it=54/150 step=539946 J_new=0.0086 kept mode=full leaves=16 survival=48.29% best=58.34% std=37.1%
[DTPO] it=55/150 step=549945 J_new=0.0027 kept mode=full leaves=16 survival=53.35% best=58.34% std=37.8%
[DTPO] it=56/150 step=559944 J_new=0.0070 kept mode=full leaves=16 survival=56.49% best=58.34% std=36.9%
[DTPO] it=57/150 step=569943 J_new=0.0119 kept mode=full leaves=16 survival=55.82% best=58.34% std=37.8%
[DTPO] it=58/150 step=579942 J_new=0.0083 kept mode=full leaves=16 survival=26.67% best=58.34% std=24.9%
[DTPO] it=59/150 step=589941 J_new=0.0023 kept mode=full leaves=16 survival=37.01% best=58.34% std=32.6%
[DTPO] it=60/150 step=599940 J_new=0.0098 kept mode=full leaves=16 survival=53.04% best=58.34% std=37.5%
[DTPO] it=61/150 step=609939 J_new=0.0066 kept mode=full leaves=16 survival=31.55% best=58.34% std=29.7%
[DTPO] it=62/150 step=619938 J_new=0.0055 kept mode=full leaves=16 survival=38.91% best=58.34% std=33.6%
[DTPO] it=63/150 step=629937 J_new=0.0103 kept mode=full leaves=16 survival=32.99% best=58.34% std=30.1%
[DTPO] it=64/150 step=639936 J_new=0.0049 kept mode=full leaves=16 survival=25.75% best=58.34% std=25.5%
[DTPO] it=65/150 step=649935 J_new=0.0131 kept mode=full leaves=16 survival=44.87% best=58.34% std=37.1%
[DTPO] it=66/150 step=659934 J_new=0.0008 kept mode=full leaves=16 survival=38.25% best=58.34% std=31.3%
[DTPO] it=67/150 step=669933 J_new=0.0037 kept mode=full leaves=16 survival=35.26% best=58.34% std=32.5%
[DTPO] it=68/150 step=679932 J_new=0.0041 kept mode=full leaves=16 survival=39.48% best=58.34% std=34.8%
[DTPO] it=69/150 step=689931 J_new=0.0049 kept mode=full leaves=16 survival=39.28% best=58.34% std=32.9%
[DTPO] it=70/150 step=699930 J_new=0.2143 kept mode=full leaves=16 survival=41.09% best=58.34% std=36.7%
[DTPO] it=71/150 step=709929 J_new=0.0055 kept mode=full leaves=16 survival=39.16% best=58.34% std=34.7%
[DTPO] it=72/150 step=719928 J_new=0.0057 kept mode=full leaves=16 survival=33.43% best=58.34% std=28.7%
[DTPO] it=73/150 step=729927 J_new=0.0032 kept mode=full leaves=16 survival=45.03% best=58.34% std=35.6%
[DTPO] it=74/150 step=739926 J_new=0.0154 kept mode=full leaves=16 survival=20.48% best=58.34% std=21.2%
[DTPO] it=75/150 step=749925 J_new=0.0137 kept mode=full leaves=16 survival=34.65% best=58.34% std=28.9%
[DTPO] it=76/150 step=759924 J_new=0.0098 kept mode=full leaves=16 survival=50.82% best=58.34% std=36.2%
[DTPO] it=77/150 step=769923 J_new=0.0099 kept mode=full leaves=16 survival=44.05% best=58.34% std=33.1%
[DTPO] it=78/150 step=779922 J_new=0.0065 kept mode=full leaves=16 survival=45.95% best=58.34% std=32.5%
[DTPO] it=79/150 step=789921 J_new=0.0100 kept mode=full leaves=16 survival=42.55% best=58.34% std=32.2%
[DTPO] it=80/150 step=799920 J_new=0.0117 kept mode=full leaves=16 survival=43.40% best=58.34% std=32.3%
[DTPO] it=81/150 step=809919 J_new=0.0021 kept mode=full leaves=16 survival=8.50% best=58.34% std=12.7%
[DTPO] it=82/150 step=819918 J_new=0.0050 kept mode=full leaves=16 survival=7.93% best=58.34% std=11.9%
[DTPO] it=83/150 step=829917 J_new=0.0185 kept mode=full leaves=16 survival=7.68% best=58.34% std=12.6%
[DTPO] it=84/150 step=839916 J_new=0.0088 kept mode=full leaves=16 survival=8.39% best=58.34% std=10.7%
[DTPO] it=85/150 step=849915 J_new=0.0211 kept mode=full leaves=16 survival=6.69% best=58.34% std=7.5%
[DTPO] it=86/150 step=859914 J_new=0.0043 kept mode=full leaves=16 survival=34.56% best=58.34% std=27.4%
[DTPO] it=87/150 step=869913 J_new=0.0101 kept mode=full leaves=16 survival=41.92% best=58.34% std=34.9%
[DTPO] it=88/150 step=879912 J_new=0.0045 kept mode=full leaves=16 survival=53.22% best=58.34% std=37.3%
[DTPO] it=89/150 step=889911 J_new=0.0093 kept mode=full leaves=16 survival=39.47% best=58.34% std=29.7%
[DTPO] it=90/150 step=899910 J_new=0.0096 kept mode=full leaves=16 survival=43.60% best=58.34% std=34.2%
[DTPO] it=91/150 step=909909 J_new=0.0064 kept mode=full leaves=16 survival=36.39% best=58.34% std=28.4%
[DTPO] it=92/150 step=919908 J_new=0.0137 kept mode=full leaves=16 survival=7.30% best=58.34% std=8.6%
[DTPO] it=93/150 step=929907 J_new=0.0084 kept mode=full leaves=16 survival=7.74% best=58.34% std=8.7%
[DTPO] it=94/150 step=939906 J_new=0.0135 kept mode=full leaves=16 survival=7.34% best=58.34% std=8.9%
[DTPO] it=95/150 step=949905 J_new=0.0029 kept mode=full leaves=16 survival=8.14% best=58.34% std=10.4%
[DTPO] it=96/150 step=959904 J_new=0.0118 kept mode=full leaves=16 survival=6.18% best=58.34% std=6.6%
[DTPO] it=97/150 step=969903 J_new=0.0015 kept mode=full leaves=16 survival=8.66% best=58.34% std=10.8%
[DTPO] it=98/150 step=979902 J_new=0.0077 kept mode=full leaves=16 survival=7.85% best=58.34% std=9.4%
[DTPO] it=99/150 step=989901 J_new=0.0108 kept mode=full leaves=16 survival=8.03% best=58.34% std=9.7%
[DTPO] it=100/150 step=999900 J_new=0.0059 kept mode=full leaves=16 survival=7.93% best=58.34% std=9.5%
[DTPO] it=101/150 step=1009899 J_new=0.0081 kept mode=full leaves=16 survival=5.71% best=58.34% std=6.0%
[DTPO] it=102/150 step=1019898 J_new=0.0020 kept mode=full leaves=16 survival=5.94% best=58.34% std=5.5%
[DTPO] it=103/150 step=1029897 J_new=0.0071 kept mode=full leaves=16 survival=7.13% best=58.34% std=8.2%
[DTPO] it=104/150 step=1039896 J_new=0.0104 kept mode=full leaves=16 survival=9.26% best=58.34% std=11.6%
[DTPO] it=105/150 step=1049895 J_new=0.0165 kept mode=full leaves=16 survival=9.33% best=58.34% std=11.5%
[DTPO] it=106/150 step=1059894 J_new=0.0021 kept mode=full leaves=16 survival=8.01% best=58.34% std=9.4%
[DTPO] it=107/150 step=1069893 J_new=0.0053 kept mode=full leaves=16 survival=8.39% best=58.34% std=10.6%
[DTPO] it=108/150 step=1079892 J_new=0.0091 kept mode=full leaves=16 survival=8.39% best=58.34% std=10.8%
[DTPO] it=109/150 step=1089891 J_new=0.0132 kept mode=full leaves=16 survival=7.72% best=58.34% std=9.4%
[DTPO] it=110/150 step=1099890 J_new=0.0053 kept mode=full leaves=16 survival=7.06% best=58.34% std=7.9%
[DTPO] it=111/150 step=1109889 J_new=0.0085 kept mode=full leaves=16 survival=8.37% best=58.34% std=10.4%
[DTPO] it=112/150 step=1119888 J_new=0.0067 kept mode=full leaves=16 survival=5.94% best=58.34% std=5.8%
[DTPO] it=113/150 step=1129887 J_new=0.0069 kept mode=full leaves=16 survival=5.36% best=58.34% std=5.1%
[DTPO] it=114/150 step=1139886 J_new=0.0207 kept mode=full leaves=16 survival=6.69% best=58.34% std=10.2%
[DTPO] it=115/150 step=1149885 J_new=0.0070 kept mode=full leaves=16 survival=9.79% best=58.34% std=11.6%
[DTPO] it=116/150 step=1159884 J_new=0.0040 kept mode=full leaves=16 survival=9.42% best=58.34% std=11.5%
[DTPO] it=117/150 step=1169883 J_new=0.0168 kept mode=full leaves=16 survival=8.49% best=58.34% std=9.1%
[DTPO] it=118/150 step=1179882 J_new=0.0013 kept mode=full leaves=16 survival=8.80% best=58.34% std=9.8%
[DTPO] it=119/150 step=1189881 J_new=0.0049 kept mode=full leaves=16 survival=7.80% best=58.34% std=8.8%
[DTPO] it=120/150 step=1199880 J_new=0.0160 kept mode=full leaves=16 survival=7.59% best=58.34% std=8.1%
[DTPO] it=121/150 step=1209879 J_new=0.0553 kept mode=full leaves=16 survival=7.68% best=58.34% std=8.1%
[DTPO] it=122/150 step=1219878 J_new=0.0063 kept mode=full leaves=16 survival=8.49% best=58.34% std=10.6%
[DTPO] it=123/150 step=1229877 J_new=0.0012 kept mode=full leaves=16 survival=8.00% best=58.34% std=11.9%
[DTPO] it=124/150 step=1239876 J_new=0.0053 kept mode=full leaves=16 survival=8.35% best=58.34% std=10.8%
[DTPO] it=125/150 step=1249875 J_new=0.0071 kept mode=full leaves=16 survival=8.16% best=58.34% std=5.0%
[DTPO] it=126/150 step=1259874 J_new=0.0108 kept mode=full leaves=16 survival=9.25% best=58.34% std=11.4%
[DTPO] it=127/150 step=1269873 J_new=0.0236 kept mode=full leaves=16 survival=12.56% best=58.34% std=10.9%
[DTPO] it=128/150 step=1279872 J_new=0.0127 kept mode=full leaves=16 survival=8.17% best=58.34% std=10.1%
[DTPO] it=129/150 step=1289871 J_new=0.0032 kept mode=full leaves=16 survival=6.99% best=58.34% std=8.1%
[DTPO] it=130/150 step=1299870 J_new=0.0083 kept mode=full leaves=16 survival=8.27% best=58.34% std=9.9%
[DTPO] it=131/150 step=1309869 J_new=0.0078 kept mode=full leaves=16 survival=7.45% best=58.34% std=8.2%
[DTPO] it=132/150 step=1319868 J_new=0.0059 kept mode=full leaves=16 survival=6.63% best=58.34% std=7.7%
[DTPO] it=133/150 step=1329867 J_new=-0.0008 revert mode=full leaves=16 survival=6.63% best=58.34% std=7.7%
[DTPO] it=134/150 step=1339866 J_new=0.0088 kept mode=full leaves=16 survival=6.46% best=58.34% std=7.8%
[DTPO] it=135/150 step=1349865 J_new=0.0121 kept mode=full leaves=16 survival=6.36% best=58.34% std=8.1%
[DTPO] it=136/150 step=1359864 J_new=0.0079 kept mode=full leaves=16 survival=8.29% best=58.34% std=10.1%
[DTPO] it=137/150 step=1369863 J_new=0.0098 kept mode=full leaves=16 survival=6.09% best=58.34% std=6.6%
[DTPO] it=138/150 step=1379862 J_new=0.0166 kept mode=full leaves=16 survival=7.81% best=58.34% std=9.7%
[DTPO] it=139/150 step=1389861 J_new=0.0041 kept mode=full leaves=16 survival=7.72% best=58.34% std=9.8%
[DTPO] it=140/150 step=1399860 J_new=0.0033 kept mode=full leaves=16 survival=7.18% best=58.34% std=9.2%
[DTPO] it=141/150 step=1409859 J_new=0.0076 kept mode=full leaves=16 survival=6.94% best=58.34% std=7.9%
[DTPO] it=142/150 step=1419858 J_new=0.0236 kept mode=full leaves=16 survival=6.69% best=58.34% std=7.9%
[DTPO] it=143/150 step=1429857 J_new=0.0164 kept mode=full leaves=16 survival=6.69% best=58.34% std=7.9%
[DTPO] it=144/150 step=1439856 J_new=0.0073 kept mode=full leaves=16 survival=6.69% best=58.34% std=7.9%
[DTPO] it=145/150 step=1449855 J_new=0.0119 kept mode=full leaves=16 survival=6.25% best=58.34% std=4.7%
[DTPO] it=146/150 step=1459854 J_new=0.0086 kept mode=full leaves=16 survival=6.93% best=58.34% std=5.3%
[DTPO] it=147/150 step=1469853 J_new=0.0199 kept mode=full leaves=16 survival=8.79% best=58.34% std=10.1%
[DTPO] it=148/150 step=1479852 J_new=0.0071 kept mode=full leaves=16 survival=6.21% best=58.34% std=4.4%
[DTPO] it=149/150 step=1489851 J_new=0.0051 kept mode=full leaves=16 survival=6.46% best=58.34% std=4.9%
[DTPO] it=150/150 step=1499850 J_new=0.0080 kept mode=full leaves=16 survival=6.81% best=58.34% std=5.5%
[DTPO] stored 5 candidate trees for final selection (cheap survivals: ['58.3%', '56.5%', '55.8%', '55.8%', '55.8%']). Run dtpo_select.py --ckpt <ckpt> --episodes 100 to pick the honest best.
