[F2] training env filtered to 2160/2880 chronics (every 4th id held out for evaluation)
Initializing the distributed action 'mapper'... (takes a while with big action spaces)
[F2] training env filtered to 2160/2880 chronics (every 4th id held out for evaluation)
[F2] training env filtered to 2160/2880 chronics (every 4th id held out for evaluation)
[F2] training env filtered to 2160/2880 chronics (every 4th id held out for evaluation)
[F2] training env filtered to 2160/2880 chronics (every 4th id held out for evaluation)
[DTPO] gate eval on 40 training-side chronics (of 2880); overlap with the held-out pool = 0 (must be 0): ids=[0, 73, 146, 221, 294, 368, 442, 516, 589, 664, 737, 810]...
[DTPO] it=1/150 step=9999 J_new=0.7185 kept mode=full leaves=16 survival=23.70% best=23.70% std=29.5%
[DTPO] it=2/150 step=19998 J_new=0.5559 kept mode=full leaves=16 survival=23.70% best=23.70% std=29.5%
[DTPO] it=3/150 step=29997 J_new=0.0090 kept mode=full leaves=16 survival=23.70% best=23.70% std=29.5%
[DTPO] it=4/150 step=39996 J_new=0.3726 kept mode=full leaves=16 survival=23.70% best=23.70% std=29.5%
[DTPO] it=5/150 step=49995 J_new=1.4401 kept mode=full leaves=16 survival=23.70% best=23.70% std=29.5%
[DTPO] it=6/150 step=59994 J_new=1.3025 kept mode=full leaves=16 survival=23.70% best=23.70% std=29.5%
[DTPO] it=7/150 step=69993 J_new=0.9436 kept mode=full leaves=16 survival=23.70% best=23.70% std=29.5%
[DTPO] it=8/150 step=79992 J_new=0.0430 kept mode=full leaves=16 survival=23.70% best=23.70% std=29.5%
[DTPO] it=9/150 step=89991 J_new=0.6226 kept mode=full leaves=16 survival=10.79% best=23.70% std=16.5%
[DTPO] it=10/150 step=99990 J_new=1.4268 kept mode=full leaves=16 survival=11.36% best=23.70% std=16.3%
[DTPO] it=11/150 step=109989 J_new=0.0203 kept mode=full leaves=16 survival=10.70% best=23.70% std=16.5%
[DTPO] it=12/150 step=119988 J_new=1.2381 kept mode=full leaves=16 survival=11.07% best=23.70% std=17.3%
[DTPO] it=13/150 step=129987 J_new=0.0004 kept mode=full leaves=16 survival=9.87% best=23.70% std=16.4%
[DTPO] it=14/150 step=139986 J_new=0.0679 kept mode=full leaves=16 survival=21.78% best=23.70% std=26.9%
[DTPO] it=15/150 step=149985 J_new=0.1324 kept mode=full leaves=16 survival=23.70% best=23.70% std=29.5%
[DTPO] it=16/150 step=159984 J_new=0.0542 kept mode=full leaves=16 survival=16.88% best=23.70% std=20.7%
[DTPO] it=17/150 step=169983 J_new=0.1429 kept mode=full leaves=16 survival=23.13% best=23.70% std=28.4%
[DTPO] it=18/150 step=179982 J_new=0.0554 kept mode=full leaves=16 survival=23.70% best=23.70% std=29.5%
[DTPO] it=19/150 step=189981 J_new=0.1544 kept mode=full leaves=16 survival=23.63% best=23.70% std=29.6%
[DTPO] it=20/150 step=199980 J_new=1.4453 kept mode=full leaves=16 survival=23.33% best=23.70% std=29.7%
[DTPO] it=21/150 step=209979 J_new=0.0253 kept mode=full leaves=16 survival=20.30% best=23.70% std=27.9%
[DTPO] it=22/150 step=219978 J_new=0.1033 kept mode=full leaves=16 survival=17.49% best=23.70% std=26.3%
[DTPO] it=23/150 step=229977 J_new=0.3012 kept mode=full leaves=16 survival=18.50% best=23.70% std=26.8%
[DTPO] it=24/150 step=239976 J_new=0.1346 kept mode=full leaves=16 survival=11.28% best=23.70% std=18.5%
[DTPO] it=25/150 step=249975 J_new=0.9824 kept mode=full leaves=16 survival=10.46% best=23.70% std=16.1%
[DTPO] it=26/150 step=259974 J_new=3.7525 kept mode=full leaves=16 survival=17.90% best=23.70% std=26.8%
[DTPO] it=27/150 step=269973 J_new=0.0996 kept mode=full leaves=16 survival=16.88% best=23.70% std=25.5%
[DTPO] it=28/150 step=279972 J_new=0.0112 kept mode=full leaves=16 survival=23.70% best=23.70% std=29.5%
[DTPO] it=29/150 step=289971 J_new=0.0079 kept mode=full leaves=16 survival=23.70% best=23.70% std=29.5%
[DTPO] it=30/150 step=299970 J_new=0.3227 kept mode=full leaves=16 survival=23.70% best=23.70% std=29.5%
[DTPO] it=31/150 step=309969 J_new=2.3420 kept mode=full leaves=16 survival=23.70% best=23.70% std=29.5%
[DTPO] it=32/150 step=319968 J_new=0.0127 kept mode=full leaves=16 survival=23.70% best=23.70% std=29.5%
[DTPO] it=33/150 step=329967 J_new=0.0427 kept mode=full leaves=16 survival=23.70% best=23.70% std=29.5%
[DTPO] it=34/150 step=339966 J_new=0.0081 kept mode=full leaves=16 survival=23.70% best=23.70% std=29.5%
[DTPO] it=35/150 step=349965 J_new=0.0180 kept mode=full leaves=16 survival=23.70% best=23.70% std=29.5%
[DTPO] it=36/150 step=359964 J_new=0.0182 kept mode=full leaves=16 survival=23.70% best=23.70% std=29.5%
[DTPO] it=37/150 step=369963 J_new=0.0059 kept mode=full leaves=16 survival=23.70% best=23.70% std=29.5%
[DTPO] it=38/150 step=379962 J_new=0.0073 kept mode=full leaves=16 survival=23.70% best=23.70% std=29.5%
[DTPO] it=39/150 step=389961 J_new=0.0389 kept mode=full leaves=16 survival=23.70% best=23.70% std=29.5%
[DTPO] it=40/150 step=399960 J_new=0.0882 kept mode=full leaves=16 survival=15.17% best=23.70% std=23.7%
[DTPO] it=41/150 step=409959 J_new=0.0160 kept mode=full leaves=16 survival=23.70% best=23.70% std=29.5%
[DTPO] it=42/150 step=419958 J_new=0.0532 kept mode=full leaves=16 survival=23.70% best=23.70% std=29.5%
[DTPO] it=43/150 step=429957 J_new=0.0494 kept mode=full leaves=16 survival=23.70% best=23.70% std=29.5%
[DTPO] it=44/150 step=439956 J_new=0.0165 kept mode=full leaves=16 survival=23.70% best=23.70% std=29.5%
[DTPO] it=45/150 step=449955 J_new=0.0121 kept mode=full leaves=16 survival=23.70% best=23.70% std=29.5%
[DTPO] it=46/150 step=459954 J_new=0.0109 kept mode=full leaves=16 survival=23.70% best=23.70% std=29.5%
[DTPO] it=47/150 step=469953 J_new=0.0093 kept mode=full leaves=16 survival=23.70% best=23.70% std=29.5%
[DTPO] it=48/150 step=479952 J_new=0.0124 kept mode=full leaves=16 survival=23.70% best=23.70% std=29.5%
[DTPO] it=49/150 step=489951 J_new=0.0083 kept mode=full leaves=16 survival=23.70% best=23.70% std=29.5%
[DTPO] it=50/150 step=499950 J_new=0.0286 kept mode=full leaves=16 survival=23.70% best=23.70% std=29.5%
[DTPO] it=51/150 step=509949 J_new=0.0164 kept mode=full leaves=16 survival=23.70% best=23.70% std=29.5%
[DTPO] it=52/150 step=519948 J_new=2.5228 kept mode=full leaves=16 survival=23.19% best=23.70% std=28.4%
[DTPO] it=53/150 step=529947 J_new=0.0034 kept mode=full leaves=16 survival=23.70% best=23.70% std=29.5%
[DTPO] it=54/150 step=539946 J_new=0.0347 kept mode=full leaves=16 survival=23.70% best=23.70% std=29.5%
[DTPO] it=55/150 step=549945 J_new=0.0619 kept mode=full leaves=16 survival=23.70% best=23.70% std=29.5%
[DTPO] it=56/150 step=559944 J_new=0.0088 kept mode=full leaves=16 survival=11.12% best=23.70% std=15.7%
[DTPO] it=57/150 step=569943 J_new=0.0510 kept mode=full leaves=16 survival=10.11% best=23.70% std=14.8%
[DTPO] it=58/150 step=579942 J_new=0.0070 kept mode=full leaves=16 survival=17.61% best=23.70% std=25.5%
[DTPO] it=59/150 step=589941 J_new=0.0103 kept mode=full leaves=16 survival=19.68% best=23.70% std=28.5%
[DTPO] it=60/150 step=599940 J_new=0.0401 kept mode=full leaves=16 survival=11.88% best=23.70% std=15.5%
[DTPO] it=61/150 step=609939 J_new=0.0349 kept mode=full leaves=16 survival=10.21% best=23.70% std=14.9%
[DTPO] it=62/150 step=619938 J_new=0.0392 kept mode=full leaves=16 survival=11.31% best=23.70% std=15.3%
[DTPO] it=63/150 step=629937 J_new=0.0148 kept mode=full leaves=16 survival=11.51% best=23.70% std=16.9%
[DTPO] it=64/150 step=639936 J_new=0.0180 kept mode=full leaves=16 survival=17.82% best=23.70% std=24.2%
[DTPO] it=65/150 step=649935 J_new=0.0086 kept mode=full leaves=16 survival=17.82% best=23.70% std=24.2%
[DTPO] it=66/150 step=659934 J_new=0.0308 kept mode=full leaves=16 survival=11.34% best=23.70% std=16.6%
[DTPO] it=67/150 step=669933 J_new=0.0042 kept mode=full leaves=16 survival=16.12% best=23.70% std=22.5%
[DTPO] it=68/150 step=679932 J_new=0.0176 kept mode=full leaves=16 survival=16.07% best=23.70% std=22.3%
[DTPO] it=69/150 step=689931 J_new=0.8317 kept mode=full leaves=16 survival=11.86% best=23.70% std=18.3%
[DTPO] it=70/150 step=699930 J_new=0.0037 kept mode=full leaves=16 survival=20.87% best=23.70% std=25.9%
[DTPO] it=71/150 step=709929 J_new=0.0335 kept mode=full leaves=16 survival=20.22% best=23.70% std=26.8%
[DTPO] it=72/150 step=719928 J_new=0.0092 kept mode=full leaves=16 survival=23.70% best=23.70% std=29.5%
[DTPO] it=73/150 step=729927 J_new=0.0367 kept mode=full leaves=16 survival=23.70% best=23.70% std=29.5%
[DTPO] it=74/150 step=739926 J_new=0.0119 kept mode=full leaves=16 survival=23.70% best=23.70% std=29.5%
[DTPO] it=75/150 step=749925 J_new=0.9638 kept mode=full leaves=16 survival=13.44% best=23.70% std=15.7%
[DTPO] it=76/150 step=759924 J_new=0.0258 kept mode=full leaves=16 survival=23.70% best=23.70% std=29.5%
[DTPO] it=77/150 step=769923 J_new=0.0213 kept mode=full leaves=16 survival=23.70% best=23.70% std=29.5%
[DTPO] it=78/150 step=779922 J_new=0.0172 kept mode=full leaves=16 survival=23.70% best=23.70% std=29.5%
[DTPO] it=79/150 step=789921 J_new=0.0333 kept mode=full leaves=16 survival=23.33% best=23.70% std=29.7%
[DTPO] it=80/150 step=799920 J_new=0.0110 kept mode=full leaves=16 survival=22.89% best=23.70% std=28.7%
[DTPO] it=81/150 step=809919 J_new=0.0163 kept mode=full leaves=16 survival=12.91% best=23.70% std=19.2%
[DTPO] it=82/150 step=819918 J_new=0.6941 kept mode=full leaves=16 survival=14.27% best=23.70% std=19.9%
[DTPO] it=83/150 step=829917 J_new=0.2035 kept mode=full leaves=16 survival=9.72% best=23.70% std=16.4%
[DTPO] it=84/150 step=839916 J_new=0.0065 kept mode=full leaves=16 survival=15.11% best=23.70% std=20.3%
[DTPO] it=85/150 step=849915 J_new=0.0192 kept mode=full leaves=16 survival=23.70% best=23.70% std=29.5%
[DTPO] it=86/150 step=859914 J_new=0.0223 kept mode=full leaves=16 survival=11.40% best=23.70% std=17.0%
[DTPO] it=87/150 step=869913 J_new=0.0465 kept mode=full leaves=16 survival=10.02% best=23.70% std=16.3%
[DTPO] it=88/150 step=879912 J_new=0.0083 kept mode=full leaves=16 survival=10.56% best=23.70% std=16.6%
[DTPO] it=89/150 step=889911 J_new=0.0666 kept mode=full leaves=16 survival=10.70% best=23.70% std=16.2%
[DTPO] it=90/150 step=899910 J_new=0.0161 kept mode=full leaves=16 survival=9.34% best=23.70% std=15.1%
[DTPO] it=91/150 step=909909 J_new=0.0212 kept mode=full leaves=16 survival=13.98% best=23.70% std=20.9%
[DTPO] it=92/150 step=919908 J_new=0.0014 kept mode=full leaves=16 survival=10.78% best=23.70% std=16.1%
[DTPO] it=93/150 step=929907 J_new=0.0229 kept mode=full leaves=16 survival=11.49% best=23.70% std=15.0%
[DTPO] it=94/150 step=939906 J_new=0.0284 kept mode=full leaves=16 survival=12.06% best=23.70% std=16.1%
[DTPO] it=95/150 step=949905 J_new=0.0320 kept mode=full leaves=16 survival=15.88% best=23.70% std=20.8%
[DTPO] it=96/150 step=959904 J_new=0.0197 kept mode=full leaves=16 survival=11.69% best=23.70% std=15.9%
[DTPO] it=97/150 step=969903 J_new=0.0985 kept mode=full leaves=16 survival=23.70% best=23.70% std=29.5%
[DTPO] it=98/150 step=979902 J_new=0.0056 kept mode=full leaves=16 survival=23.70% best=23.70% std=29.5%
[DTPO] it=99/150 step=989901 J_new=-0.0031 revert mode=full leaves=16 survival=23.70% best=23.70% std=29.5%
[DTPO] it=100/150 step=999900 J_new=0.0052 kept mode=full leaves=16 survival=23.70% best=23.70% std=29.5%
[DTPO] it=101/150 step=1009899 J_new=0.0592 kept mode=full leaves=16 survival=16.16% best=23.70% std=20.4%
[DTPO] it=102/150 step=1019898 J_new=0.1115 kept mode=full leaves=16 survival=8.95% best=23.70% std=15.0%
[DTPO] it=103/150 step=1029897 J_new=0.0446 kept mode=full leaves=16 survival=17.54% best=23.70% std=24.1%
[DTPO] it=104/150 step=1039896 J_new=0.0542 kept mode=full leaves=16 survival=22.41% best=23.70% std=28.0%
[DTPO] it=105/150 step=1049895 J_new=0.0470 kept mode=full leaves=16 survival=10.85% best=23.70% std=15.6%
[DTPO] it=106/150 step=1059894 J_new=0.4536 kept mode=full leaves=16 survival=22.92% best=23.70% std=29.2%
[DTPO] it=107/150 step=1069893 J_new=0.0279 kept mode=full leaves=16 survival=23.70% best=23.70% std=29.5%
[DTPO] it=108/150 step=1079892 J_new=0.0005 kept mode=full leaves=16 survival=14.56% best=23.70% std=18.1%
[DTPO] it=109/150 step=1089891 J_new=0.0037 kept mode=full leaves=16 survival=23.70% best=23.70% std=29.5%
[DTPO] it=110/150 step=1099890 J_new=0.0231 kept mode=full leaves=16 survival=23.70% best=23.70% std=29.5%
[DTPO] it=111/150 step=1109889 J_new=0.0023 kept mode=full leaves=16 survival=23.70% best=23.70% std=29.5%
[DTPO] it=112/150 step=1119888 J_new=0.0303 kept mode=full leaves=16 survival=23.70% best=23.70% std=29.5%
[DTPO] it=113/150 step=1129887 J_new=0.0267 kept mode=full leaves=16 survival=16.46% best=23.70% std=24.1%
[DTPO] it=114/150 step=1139886 J_new=0.0576 kept mode=full leaves=16 survival=10.82% best=23.70% std=15.0%
[DTPO] it=115/150 step=1149885 J_new=0.0205 kept mode=full leaves=16 survival=16.41% best=23.70% std=23.0%
[DTPO] it=116/150 step=1159884 J_new=0.0120 kept mode=full leaves=16 survival=17.88% best=23.70% std=23.3%
[DTPO] it=117/150 step=1169883 J_new=0.0565 kept mode=full leaves=16 survival=16.72% best=23.70% std=23.5%
[DTPO] it=118/150 step=1179882 J_new=0.0483 kept mode=full leaves=16 survival=17.36% best=23.70% std=24.2%
[DTPO] it=119/150 step=1189881 J_new=0.0171 kept mode=full leaves=16 survival=18.43% best=23.70% std=25.2%
[DTPO] it=120/150 step=1199880 J_new=0.0146 kept mode=full leaves=16 survival=14.44% best=23.70% std=20.5%
[DTPO] it=121/150 step=1209879 J_new=0.6186 kept mode=full leaves=16 survival=19.93% best=23.70% std=26.6%
[DTPO] it=122/150 step=1219878 J_new=-0.0000 revert mode=full leaves=16 survival=19.93% best=23.70% std=26.6%
[DTPO] it=123/150 step=1229877 J_new=0.1616 kept mode=full leaves=16 survival=11.72% best=23.70% std=16.9%
[DTPO] it=124/150 step=1239876 J_new=0.0171 kept mode=full leaves=16 survival=12.87% best=23.70% std=14.7%
[DTPO] it=125/150 step=1249875 J_new=0.0204 kept mode=full leaves=16 survival=9.74% best=23.70% std=16.6%
[DTPO] it=126/150 step=1259874 J_new=0.0802 kept mode=full leaves=16 survival=8.86% best=23.70% std=15.2%
[DTPO] it=127/150 step=1269873 J_new=0.0319 kept mode=full leaves=16 survival=9.44% best=23.70% std=15.1%
[DTPO] it=128/150 step=1279872 J_new=0.0199 kept mode=full leaves=16 survival=11.29% best=23.70% std=20.8%
[DTPO] it=129/150 step=1289871 J_new=0.0201 kept mode=full leaves=16 survival=11.39% best=23.70% std=20.9%
[DTPO] it=130/150 step=1299870 J_new=0.0325 kept mode=full leaves=16 survival=11.52% best=23.70% std=16.7%
[DTPO] it=131/150 step=1309869 J_new=0.0125 kept mode=full leaves=16 survival=11.06% best=23.70% std=16.5%
[DTPO] it=132/150 step=1319868 J_new=0.0367 kept mode=full leaves=16 survival=13.01% best=23.70% std=17.4%
[DTPO] it=133/150 step=1329867 J_new=0.0027 kept mode=full leaves=16 survival=11.53% best=23.70% std=16.4%
[DTPO] it=134/150 step=1339866 J_new=0.0163 kept mode=full leaves=16 survival=10.17% best=23.70% std=16.4%
[DTPO] it=135/150 step=1349865 J_new=0.0062 kept mode=full leaves=16 survival=18.26% best=23.70% std=26.1%
[DTPO] it=136/150 step=1359864 J_new=0.0019 kept mode=full leaves=16 survival=18.28% best=23.70% std=26.1%
[DTPO] it=137/150 step=1369863 J_new=0.0321 kept mode=full leaves=16 survival=11.19% best=23.70% std=15.9%
[DTPO] it=138/150 step=1379862 J_new=0.0060 kept mode=full leaves=16 survival=10.46% best=23.70% std=16.6%
[DTPO] it=139/150 step=1389861 J_new=0.0027 kept mode=full leaves=16 survival=10.02% best=23.70% std=16.7%
[DTPO] it=140/150 step=1399860 J_new=0.0102 kept mode=full leaves=16 survival=23.70% best=23.70% std=29.5%
[DTPO] it=141/150 step=1409859 J_new=0.0363 kept mode=full leaves=16 survival=10.31% best=23.70% std=16.4%
[DTPO] it=142/150 step=1419858 J_new=0.0374 kept mode=full leaves=16 survival=23.70% best=23.70% std=29.5%
[DTPO] it=143/150 step=1429857 J_new=0.4020 kept mode=full leaves=16 survival=12.60% best=23.70% std=15.7%
[DTPO] it=144/150 step=1439856 J_new=0.0121 kept mode=full leaves=16 survival=13.12% best=23.70% std=15.8%
[DTPO] it=145/150 step=1449855 J_new=0.0124 kept mode=full leaves=16 survival=16.30% best=23.70% std=21.8%
[DTPO] it=146/150 step=1459854 J_new=0.0074 kept mode=full leaves=16 survival=17.53% best=23.70% std=24.1%
[DTPO] it=147/150 step=1469853 J_new=0.0563 kept mode=full leaves=16 survival=9.63% best=23.70% std=15.1%
[DTPO] it=148/150 step=1479852 J_new=0.0119 kept mode=full leaves=16 survival=10.06% best=23.70% std=16.3%
[DTPO] it=149/150 step=1489851 J_new=0.0481 kept mode=full leaves=16 survival=10.41% best=23.70% std=16.1%
[DTPO] it=150/150 step=1499850 J_new=0.0594 kept mode=full leaves=16 survival=10.08% best=23.70% std=16.2%
[DTPO] stored 5 candidate trees for final selection (cheap survivals: ['23.7%', '23.7%', '23.7%', '23.7%', '23.7%']). Run dtpo_select.py --ckpt <ckpt> --episodes 100 to pick the honest best.
