Initializing the distributed action 'mapper'... (takes a while with big action spaces)
[HYBRID] warm-start from /rds/general/user/ssl125/home/RL2Grid_full/checkpoint/final_PPO_bus36-M_T_100_0__I__1784927195_14574.tar: {'mode': 'soft', 'n_samples': 13861, 'n_actions': 50, 'n_leaves': 16, 'max_depth': 9, 'fidelity': 0.9880960969627011, 'weighted_fidelity': 0.9989285045700592, 'curated': False, 'dagger_rounds': 0}
[DTPO] deterministic eval on 40 fixed chronics (of 2880): ids=[0, 73, 147, 221, 295, 369, 442, 516, 590, 664, 738, 812, 885, 959, 1033, 1107, 1181, 1254, 1328, 1402, 1476, 1550, 1624, 1697, 1771, 1845, 1919, 1993, 2066, 2140, 2214, 2288, 2362, 2436, 2509, 2583, 2657, 2731, 2805, 2879]
[DTPO] it=1/150 step=9999 J_new=0.0039 kept mode=full leaves=16 survival=45.01% best=45.01% std=26.4%
[DTPO] it=2/150 step=19998 J_new=0.0076 kept mode=full leaves=16 survival=42.15% best=45.01% std=25.4%
[DTPO] it=3/150 step=29997 J_new=0.0270 kept mode=full leaves=16 survival=51.60% best=51.60% std=35.2%
[DTPO] it=4/150 step=39996 J_new=0.0246 kept mode=full leaves=16 survival=42.89% best=51.60% std=30.2%
[DTPO] it=5/150 step=49995 J_new=0.0459 kept mode=full leaves=16 survival=40.54% best=51.60% std=27.2%
[DTPO] it=6/150 step=59994 J_new=0.0791 kept mode=full leaves=16 survival=4.82% best=51.60% std=0.0%
[DTPO] it=7/150 step=69993 J_new=0.0091 kept mode=full leaves=16 survival=45.35% best=51.60% std=33.6%
[DTPO] it=8/150 step=79992 J_new=0.0544 kept mode=full leaves=16 survival=4.81% best=51.60% std=0.0%
[DTPO] it=9/150 step=89991 J_new=0.0463 kept mode=full leaves=16 survival=52.55% best=52.55% std=26.5%
[DTPO] it=10/150 step=99990 J_new=0.0443 kept mode=full leaves=16 survival=5.64% best=52.55% std=2.7%
[DTPO] it=11/150 step=109989 J_new=0.0409 kept mode=full leaves=16 survival=5.37% best=52.55% std=1.2%
[DTPO] it=12/150 step=119988 J_new=0.0325 kept mode=full leaves=16 survival=5.30% best=52.55% std=1.1%
[DTPO] it=13/150 step=129987 J_new=0.0384 kept mode=full leaves=16 survival=5.55% best=52.55% std=4.0%
[DTPO] it=14/150 step=139986 J_new=0.0308 kept mode=full leaves=16 survival=4.75% best=52.55% std=0.0%
[DTPO] it=15/150 step=149985 J_new=0.0237 kept mode=full leaves=16 survival=4.80% best=52.55% std=0.0%
[DTPO] it=16/150 step=159984 J_new=0.0215 kept mode=full leaves=16 survival=43.82% best=52.55% std=34.6%
[DTPO] it=17/150 step=169983 J_new=0.0174 kept mode=full leaves=16 survival=7.00% best=52.55% std=5.5%
[DTPO] it=18/150 step=179982 J_new=0.0146 kept mode=full leaves=16 survival=47.81% best=52.55% std=32.4%
[DTPO] it=19/150 step=189981 J_new=0.0105 kept mode=full leaves=16 survival=49.18% best=52.55% std=31.8%
[DTPO] it=20/150 step=199980 J_new=0.0132 kept mode=full leaves=16 survival=49.46% best=52.55% std=32.3%
[DTPO] it=21/150 step=209979 J_new=0.0114 kept mode=full leaves=16 survival=43.79% best=52.55% std=29.9%
[DTPO] it=22/150 step=219978 J_new=0.0094 kept mode=full leaves=16 survival=59.50% best=59.50% std=32.2%
[DTPO] it=23/150 step=229977 J_new=0.0117 kept mode=full leaves=16 survival=4.80% best=59.50% std=0.0%
[DTPO] it=24/150 step=239976 J_new=0.0091 kept mode=full leaves=16 survival=4.80% best=59.50% std=0.0%
[DTPO] it=25/150 step=249975 J_new=0.0107 kept mode=full leaves=16 survival=4.80% best=59.50% std=0.0%
[DTPO] it=26/150 step=259974 J_new=0.0106 kept mode=full leaves=16 survival=4.74% best=59.50% std=0.0%
[DTPO] it=27/150 step=269973 J_new=0.0115 kept mode=full leaves=16 survival=58.72% best=59.50% std=35.9%
[DTPO] it=28/150 step=279972 J_new=0.0103 kept mode=full leaves=16 survival=49.31% best=59.50% std=29.0%
[DTPO] it=29/150 step=289971 J_new=0.0128 kept mode=full leaves=16 survival=49.38% best=59.50% std=32.0%
[DTPO] it=30/150 step=299970 J_new=0.0155 kept mode=full leaves=16 survival=49.57% best=59.50% std=35.5%
[DTPO] it=31/150 step=309969 J_new=0.0117 kept mode=full leaves=16 survival=49.38% best=59.50% std=33.2%
[DTPO] it=32/150 step=319968 J_new=0.0103 kept mode=full leaves=16 survival=52.88% best=59.50% std=28.8%
[DTPO] it=33/150 step=329967 J_new=0.0097 kept mode=full leaves=16 survival=55.44% best=59.50% std=36.2%
[DTPO] it=34/150 step=339966 J_new=0.0114 kept mode=full leaves=16 survival=40.69% best=59.50% std=23.2%
[DTPO] it=35/150 step=349965 J_new=0.0074 kept mode=full leaves=16 survival=52.44% best=59.50% std=34.1%
[DTPO] it=36/150 step=359964 J_new=0.0079 kept mode=full leaves=16 survival=45.33% best=59.50% std=32.6%
[DTPO] it=37/150 step=369963 J_new=0.0156 kept mode=full leaves=16 survival=55.85% best=59.50% std=32.4%
[DTPO] it=38/150 step=379962 J_new=0.0113 kept mode=full leaves=16 survival=50.93% best=59.50% std=31.4%
[DTPO] it=39/150 step=389961 J_new=0.0087 kept mode=full leaves=16 survival=55.99% best=59.50% std=33.4%
[DTPO] it=40/150 step=399960 J_new=0.0127 kept mode=full leaves=16 survival=8.93% best=59.50% std=3.5%
[DTPO] it=41/150 step=409959 J_new=0.0062 kept mode=full leaves=16 survival=52.45% best=59.50% std=34.7%
[DTPO] it=42/150 step=419958 J_new=0.0067 kept mode=full leaves=16 survival=50.38% best=59.50% std=33.0%
[DTPO] it=43/150 step=429957 J_new=0.0090 kept mode=full leaves=16 survival=52.29% best=59.50% std=35.1%
[DTPO] it=44/150 step=439956 J_new=0.0107 kept mode=full leaves=16 survival=55.68% best=59.50% std=33.4%
[DTPO] it=45/150 step=449955 J_new=0.0085 kept mode=full leaves=16 survival=53.60% best=59.50% std=32.0%
[DTPO] it=46/150 step=459954 J_new=0.0096 kept mode=full leaves=16 survival=43.87% best=59.50% std=33.5%
[DTPO] it=47/150 step=469953 J_new=0.0064 kept mode=full leaves=16 survival=54.39% best=59.50% std=32.2%
[DTPO] it=48/150 step=479952 J_new=0.0099 kept mode=full leaves=16 survival=44.88% best=59.50% std=29.7%
[DTPO] it=49/150 step=489951 J_new=0.0102 kept mode=full leaves=16 survival=52.70% best=59.50% std=30.3%
[DTPO] it=50/150 step=499950 J_new=0.0166 kept mode=full leaves=16 survival=49.92% best=59.50% std=29.7%
[DTPO] it=51/150 step=509949 J_new=0.0117 kept mode=full leaves=16 survival=46.59% best=59.50% std=30.6%
[DTPO] it=52/150 step=519948 J_new=0.0214 kept mode=full leaves=16 survival=40.20% best=59.50% std=28.4%
[DTPO] it=53/150 step=529947 J_new=0.0059 kept mode=full leaves=16 survival=52.10% best=59.50% std=32.0%
[DTPO] it=54/150 step=539946 J_new=0.0176 kept mode=full leaves=16 survival=54.54% best=59.50% std=32.2%
[DTPO] it=55/150 step=549945 J_new=0.0074 kept mode=full leaves=16 survival=51.11% best=59.50% std=31.6%
[DTPO] it=56/150 step=559944 J_new=0.0116 kept mode=full leaves=16 survival=50.56% best=59.50% std=33.6%
[DTPO] it=57/150 step=569943 J_new=0.0254 kept mode=full leaves=16 survival=58.24% best=59.50% std=33.1%
[DTPO] it=58/150 step=579942 J_new=0.0082 kept mode=full leaves=16 survival=43.71% best=59.50% std=34.7%
[DTPO] it=59/150 step=589941 J_new=0.0104 kept mode=full leaves=16 survival=61.61% best=61.61% std=31.8%
[DTPO] it=60/150 step=599940 J_new=0.0146 kept mode=full leaves=16 survival=51.70% best=61.61% std=28.9%
[DTPO] it=61/150 step=609939 J_new=0.0130 kept mode=full leaves=16 survival=52.86% best=61.61% std=33.9%
[DTPO] it=62/150 step=619938 J_new=0.0729 kept mode=full leaves=16 survival=15.46% best=61.61% std=25.5%
[DTPO] it=63/150 step=629937 J_new=0.0278 kept mode=full leaves=16 survival=66.64% best=66.64% std=31.3%
[DTPO] it=64/150 step=639936 J_new=0.0045 kept mode=full leaves=16 survival=57.00% best=66.64% std=33.9%
[DTPO] it=65/150 step=649935 J_new=0.0145 kept mode=full leaves=16 survival=49.60% best=66.64% std=33.6%
[DTPO] it=66/150 step=659934 J_new=0.0142 kept mode=full leaves=16 survival=57.13% best=66.64% std=31.9%
[DTPO] it=67/150 step=669933 J_new=0.0255 kept mode=full leaves=16 survival=55.91% best=66.64% std=31.7%
[DTPO] it=68/150 step=679932 J_new=0.0286 kept mode=full leaves=16 survival=57.43% best=66.64% std=31.9%
[DTPO] it=69/150 step=689931 J_new=0.0169 kept mode=full leaves=16 survival=56.45% best=66.64% std=31.9%
[DTPO] it=70/150 step=699930 J_new=0.0072 kept mode=full leaves=16 survival=50.97% best=66.64% std=34.5%
[DTPO] it=71/150 step=709929 J_new=0.0080 kept mode=full leaves=16 survival=57.29% best=66.64% std=33.9%
[DTPO] it=72/150 step=719928 J_new=0.0162 kept mode=full leaves=16 survival=52.50% best=66.64% std=33.6%
[DTPO] it=73/150 step=729927 J_new=0.0061 kept mode=full leaves=16 survival=58.43% best=66.64% std=32.8%
[DTPO] it=74/150 step=739926 J_new=0.0303 kept mode=full leaves=16 survival=54.68% best=66.64% std=36.6%
[DTPO] it=75/150 step=749925 J_new=0.0132 kept mode=full leaves=16 survival=51.09% best=66.64% std=33.3%
[DTPO] it=76/150 step=759924 J_new=0.0072 kept mode=full leaves=16 survival=42.38% best=66.64% std=29.2%
[DTPO] it=77/150 step=769923 J_new=0.0046 kept mode=full leaves=16 survival=58.72% best=66.64% std=33.8%
[DTPO] it=78/150 step=779922 J_new=0.0041 kept mode=full leaves=16 survival=49.53% best=66.64% std=32.5%
[DTPO] it=79/150 step=789921 J_new=0.0119 kept mode=full leaves=16 survival=59.16% best=66.64% std=31.1%
[DTPO] it=80/150 step=799920 J_new=0.0055 kept mode=full leaves=16 survival=59.30% best=66.64% std=31.5%
[DTPO] it=81/150 step=809919 J_new=0.0147 kept mode=full leaves=16 survival=51.16% best=66.64% std=29.9%
[DTPO] it=82/150 step=819918 J_new=0.0130 kept mode=full leaves=16 survival=48.11% best=66.64% std=33.2%
[DTPO] it=83/150 step=829917 J_new=0.0089 kept mode=full leaves=16 survival=50.11% best=66.64% std=33.4%
[DTPO] it=84/150 step=839916 J_new=0.0087 kept mode=full leaves=16 survival=63.21% best=66.64% std=34.2%
[DTPO] it=85/150 step=849915 J_new=0.0109 kept mode=full leaves=16 survival=52.99% best=66.64% std=30.2%
[DTPO] it=86/150 step=859914 J_new=0.0088 kept mode=full leaves=16 survival=55.20% best=66.64% std=31.9%
[DTPO] it=87/150 step=869913 J_new=0.0249 kept mode=full leaves=16 survival=49.04% best=66.64% std=29.8%
[DTPO] it=88/150 step=879912 J_new=0.0111 kept mode=full leaves=16 survival=54.23% best=66.64% std=27.4%
[DTPO] it=89/150 step=889911 J_new=0.0071 kept mode=full leaves=16 survival=41.32% best=66.64% std=34.3%
[DTPO] it=90/150 step=899910 J_new=0.0142 kept mode=full leaves=16 survival=49.14% best=66.64% std=29.6%
[DTPO] it=91/150 step=909909 J_new=0.0186 kept mode=full leaves=16 survival=58.08% best=66.64% std=34.3%
[DTPO] it=92/150 step=919908 J_new=0.0083 kept mode=full leaves=16 survival=50.23% best=66.64% std=32.7%
[DTPO] it=93/150 step=929907 J_new=0.0309 kept mode=full leaves=16 survival=48.61% best=66.64% std=33.1%
[DTPO] it=94/150 step=939906 J_new=0.0069 kept mode=full leaves=16 survival=44.83% best=66.64% std=32.8%
[DTPO] it=95/150 step=949905 J_new=0.0155 kept mode=full leaves=16 survival=51.22% best=66.64% std=33.3%
[DTPO] it=96/150 step=959904 J_new=0.0172 kept mode=full leaves=16 survival=56.81% best=66.64% std=29.8%
[DTPO] it=97/150 step=969903 J_new=0.0030 kept mode=full leaves=16 survival=46.93% best=66.64% std=31.2%
[DTPO] it=98/150 step=979902 J_new=0.0115 kept mode=full leaves=16 survival=61.87% best=66.64% std=33.7%
[DTPO] it=99/150 step=989901 J_new=0.0077 kept mode=full leaves=16 survival=60.49% best=66.64% std=30.7%
[DTPO] it=100/150 step=999900 J_new=0.0047 kept mode=full leaves=16 survival=54.46% best=66.64% std=32.2%
[DTPO] it=101/150 step=1009899 J_new=0.0062 kept mode=full leaves=16 survival=47.67% best=66.64% std=28.3%
[DTPO] it=102/150 step=1019898 J_new=0.0070 kept mode=full leaves=16 survival=58.42% best=66.64% std=33.3%
[DTPO] it=103/150 step=1029897 J_new=0.0144 kept mode=full leaves=16 survival=58.73% best=66.64% std=32.6%
[DTPO] it=104/150 step=1039896 J_new=0.0059 kept mode=full leaves=16 survival=62.45% best=66.64% std=31.0%
[DTPO] it=105/150 step=1049895 J_new=0.0020 kept mode=full leaves=16 survival=44.49% best=66.64% std=29.4%
[DTPO] it=106/150 step=1059894 J_new=0.0159 kept mode=full leaves=16 survival=47.58% best=66.64% std=32.7%
[DTPO] it=107/150 step=1069893 J_new=0.0327 kept mode=full leaves=16 survival=52.02% best=66.64% std=32.0%
[DTPO] it=108/150 step=1079892 J_new=0.0043 kept mode=full leaves=16 survival=40.11% best=66.64% std=34.4%
[DTPO] it=109/150 step=1089891 J_new=0.0057 kept mode=full leaves=16 survival=56.90% best=66.64% std=31.8%
[DTPO] it=110/150 step=1099890 J_new=0.0031 kept mode=full leaves=16 survival=49.55% best=66.64% std=33.4%
[DTPO] it=111/150 step=1109889 J_new=0.0101 kept mode=full leaves=16 survival=53.02% best=66.64% std=28.1%
[DTPO] it=112/150 step=1119888 J_new=0.0255 kept mode=full leaves=16 survival=51.03% best=66.64% std=31.6%
[DTPO] it=113/150 step=1129887 J_new=0.0002 kept mode=full leaves=16 survival=62.75% best=66.64% std=33.6%
[DTPO] it=114/150 step=1139886 J_new=0.0103 kept mode=full leaves=16 survival=47.03% best=66.64% std=27.6%
[DTPO] it=115/150 step=1149885 J_new=0.0035 kept mode=full leaves=16 survival=53.99% best=66.64% std=34.4%
[DTPO] it=116/150 step=1159884 J_new=0.0021 kept mode=full leaves=16 survival=58.70% best=66.64% std=35.7%
[DTPO] it=117/150 step=1169883 J_new=0.0180 kept mode=full leaves=16 survival=69.25% best=69.25% std=29.5%
[DTPO] it=118/150 step=1179882 J_new=0.0312 kept mode=full leaves=16 survival=48.16% best=69.25% std=32.9%
[DTPO] it=119/150 step=1189881 J_new=0.0302 kept mode=full leaves=16 survival=58.30% best=69.25% std=37.1%
[DTPO] it=120/150 step=1199880 J_new=0.0087 kept mode=full leaves=16 survival=55.32% best=69.25% std=31.0%
[DTPO] it=121/150 step=1209879 J_new=0.0058 kept mode=full leaves=16 survival=62.28% best=69.25% std=33.0%
[DTPO] it=122/150 step=1219878 J_new=0.0065 kept mode=full leaves=16 survival=51.66% best=69.25% std=31.4%
[DTPO] it=123/150 step=1229877 J_new=0.0103 kept mode=full leaves=16 survival=50.34% best=69.25% std=32.0%
[DTPO] it=124/150 step=1239876 J_new=0.0137 kept mode=full leaves=16 survival=57.53% best=69.25% std=34.4%
[DTPO] it=125/150 step=1249875 J_new=0.0052 kept mode=full leaves=16 survival=57.76% best=69.25% std=36.4%
[DTPO] it=126/150 step=1259874 J_new=0.0077 kept mode=full leaves=16 survival=61.26% best=69.25% std=34.2%
[DTPO] it=127/150 step=1269873 J_new=0.0062 kept mode=full leaves=16 survival=53.61% best=69.25% std=33.6%
[DTPO] it=128/150 step=1279872 J_new=0.0090 kept mode=full leaves=16 survival=50.77% best=69.25% std=32.2%
[DTPO] it=129/150 step=1289871 J_new=0.0029 kept mode=full leaves=16 survival=59.25% best=69.25% std=31.0%
[DTPO] it=130/150 step=1299870 J_new=0.0021 kept mode=full leaves=16 survival=53.34% best=69.25% std=33.0%
[DTPO] it=131/150 step=1309869 J_new=0.0352 kept mode=full leaves=16 survival=49.67% best=69.25% std=33.5%
[DTPO] it=132/150 step=1319868 J_new=0.0032 kept mode=full leaves=16 survival=48.75% best=69.25% std=30.7%
[DTPO] it=133/150 step=1329867 J_new=0.0072 kept mode=full leaves=16 survival=47.84% best=69.25% std=36.0%
[DTPO] it=134/150 step=1339866 J_new=0.0063 kept mode=full leaves=16 survival=52.28% best=69.25% std=31.0%
[DTPO] it=135/150 step=1349865 J_new=0.0035 kept mode=full leaves=16 survival=57.18% best=69.25% std=29.5%
[DTPO] it=136/150 step=1359864 J_new=0.0331 kept mode=full leaves=16 survival=36.80% best=69.25% std=20.2%
[DTPO] it=137/150 step=1369863 J_new=0.0254 kept mode=full leaves=16 survival=21.75% best=69.25% std=24.0%
[DTPO] it=138/150 step=1379862 J_new=0.0319 kept mode=full leaves=16 survival=54.19% best=69.25% std=31.4%
[DTPO] it=139/150 step=1389861 J_new=0.0106 kept mode=full leaves=16 survival=43.10% best=69.25% std=29.9%
[DTPO] it=140/150 step=1399860 J_new=0.0120 kept mode=full leaves=16 survival=41.01% best=69.25% std=26.4%
[DTPO] it=141/150 step=1409859 J_new=0.0138 kept mode=full leaves=16 survival=22.68% best=69.25% std=25.6%
[DTPO] it=142/150 step=1419858 J_new=0.0093 kept mode=full leaves=16 survival=16.80% best=69.25% std=22.5%
[DTPO] it=143/150 step=1429857 J_new=0.0136 kept mode=full leaves=16 survival=49.67% best=69.25% std=30.9%
[DTPO] it=144/150 step=1439856 J_new=0.0152 kept mode=full leaves=16 survival=55.45% best=69.25% std=34.0%
[DTPO] it=145/150 step=1449855 J_new=0.0174 kept mode=full leaves=16 survival=14.23% best=69.25% std=19.2%
[DTPO] it=146/150 step=1459854 J_new=0.0150 kept mode=full leaves=16 survival=58.97% best=69.25% std=35.6%
[DTPO] it=147/150 step=1469853 J_new=0.0100 kept mode=full leaves=16 survival=26.39% best=69.25% std=24.4%
[DTPO] it=148/150 step=1479852 J_new=0.0064 kept mode=full leaves=16 survival=55.46% best=69.25% std=30.2%
[DTPO] it=149/150 step=1489851 J_new=0.0230 kept mode=full leaves=16 survival=42.86% best=69.25% std=33.2%
[DTPO] it=150/150 step=1499850 J_new=0.0257 kept mode=full leaves=16 survival=47.18% best=69.25% std=25.0%
[DTPO] stored 5 candidate trees for final selection (cheap survivals: ['69.2%', '66.6%', '63.2%', '62.7%', '62.4%']). Run dtpo_select.py --ckpt <ckpt> --episodes 100 to pick the honest best.
