[F2] training env filtered to 2160/2880 chronics (every 4th id held out for evaluation)
Initializing the distributed action 'mapper'... (takes a while with big action spaces)
[F2] training env filtered to 2160/2880 chronics (every 4th id held out for evaluation)
[F2] training env filtered to 2160/2880 chronics (every 4th id held out for evaluation)[F2] training env filtered to 2160/2880 chronics (every 4th id held out for evaluation)

[F2] training env filtered to 2160/2880 chronics (every 4th id held out for evaluation)
[DTPO] gate eval on 40 training-side chronics (of 2880); overlap with the held-out pool = 0 (must be 0): ids=[0, 73, 146, 221, 294, 368, 442, 516, 589, 664, 737, 810]...
[DTPO] it=1/150 step=9999 J_new=0.8121 kept mode=full leaves=16 survival=8.68% best=8.68% std=11.0%
[DTPO] it=2/150 step=19998 J_new=0.7442 kept mode=full leaves=16 survival=26.89% best=26.89% std=26.5%
[DTPO] it=3/150 step=29997 J_new=0.0299 kept mode=full leaves=16 survival=26.89% best=26.89% std=26.5%
[DTPO] it=4/150 step=39996 J_new=0.1180 kept mode=full leaves=16 survival=8.91% best=26.89% std=10.9%
[DTPO] it=5/150 step=49995 J_new=2.9428 kept mode=full leaves=16 survival=8.59% best=26.89% std=10.8%
[DTPO] it=6/150 step=59994 J_new=0.6006 kept mode=full leaves=16 survival=8.17% best=26.89% std=10.2%
[DTPO] it=7/150 step=69993 J_new=0.2469 kept mode=full leaves=16 survival=26.89% best=26.89% std=26.5%
[DTPO] it=8/150 step=79992 J_new=1.0387 kept mode=full leaves=16 survival=8.48% best=26.89% std=10.8%
[DTPO] it=9/150 step=89991 J_new=0.2177 kept mode=full leaves=16 survival=14.64% best=26.89% std=13.9%
[DTPO] it=10/150 step=99990 J_new=0.4592 kept mode=full leaves=16 survival=18.06% best=26.89% std=18.6%
[DTPO] it=11/150 step=109989 J_new=0.0094 kept mode=full leaves=16 survival=8.33% best=26.89% std=10.3%
[DTPO] it=12/150 step=119988 J_new=0.6341 kept mode=full leaves=16 survival=26.89% best=26.89% std=26.5%
[DTPO] it=13/150 step=129987 J_new=0.4061 kept mode=full leaves=16 survival=26.89% best=26.89% std=26.5%
[DTPO] it=14/150 step=139986 J_new=0.7370 kept mode=full leaves=16 survival=26.89% best=26.89% std=26.5%
[DTPO] it=15/150 step=149985 J_new=0.0351 kept mode=full leaves=16 survival=26.89% best=26.89% std=26.5%
[DTPO] it=16/150 step=159984 J_new=1.1160 kept mode=full leaves=16 survival=8.41% best=26.89% std=10.0%
[DTPO] it=17/150 step=169983 J_new=0.1280 kept mode=full leaves=16 survival=26.89% best=26.89% std=26.5%
[DTPO] it=18/150 step=179982 J_new=0.5095 kept mode=full leaves=16 survival=26.89% best=26.89% std=26.5%
[DTPO] it=19/150 step=189981 J_new=0.2682 kept mode=full leaves=16 survival=18.01% best=26.89% std=26.7%
[DTPO] it=20/150 step=199980 J_new=0.0001 kept mode=full leaves=16 survival=26.89% best=26.89% std=26.5%
[DTPO] it=21/150 step=209979 J_new=0.0394 kept mode=full leaves=16 survival=26.89% best=26.89% std=26.5%
[DTPO] it=22/150 step=219978 J_new=0.0050 kept mode=full leaves=16 survival=26.89% best=26.89% std=26.5%
[DTPO] it=23/150 step=229977 J_new=0.0080 kept mode=full leaves=16 survival=26.89% best=26.89% std=26.5%
[DTPO] it=24/150 step=239976 J_new=0.0174 kept mode=full leaves=16 survival=26.89% best=26.89% std=26.5%
[DTPO] it=25/150 step=249975 J_new=0.2166 kept mode=full leaves=16 survival=26.89% best=26.89% std=26.5%
[DTPO] it=26/150 step=259974 J_new=1.6482 kept mode=full leaves=16 survival=26.89% best=26.89% std=26.5%
[DTPO] it=27/150 step=269973 J_new=0.0353 kept mode=full leaves=16 survival=25.95% best=26.89% std=26.0%
[DTPO] it=28/150 step=279972 J_new=0.2643 kept mode=full leaves=16 survival=12.45% best=26.89% std=13.7%
[DTPO] it=29/150 step=289971 J_new=4.1711 kept mode=full leaves=16 survival=11.20% best=26.89% std=10.2%
[DTPO] it=30/150 step=299970 J_new=0.0894 kept mode=full leaves=16 survival=13.96% best=26.89% std=14.2%
[DTPO] it=31/150 step=309969 J_new=0.0036 kept mode=full leaves=16 survival=12.95% best=26.89% std=13.4%
[DTPO] it=32/150 step=319968 J_new=0.0045 kept mode=full leaves=16 survival=12.57% best=26.89% std=12.9%
[DTPO] it=33/150 step=329967 J_new=2.4711 kept mode=full leaves=16 survival=12.65% best=26.89% std=12.4%
[DTPO] it=34/150 step=339966 J_new=3.5468 kept mode=full leaves=16 survival=23.78% best=26.89% std=24.4%
[DTPO] it=35/150 step=349965 J_new=2.7959 kept mode=full leaves=16 survival=23.93% best=26.89% std=23.6%
[DTPO] it=36/150 step=359964 J_new=0.5230 kept mode=full leaves=16 survival=8.94% best=26.89% std=10.7%
[DTPO] it=37/150 step=369963 J_new=2.4426 kept mode=full leaves=16 survival=11.44% best=26.89% std=13.0%
[DTPO] it=38/150 step=379962 J_new=4.9587 kept mode=full leaves=16 survival=8.64% best=26.89% std=10.2%
[DTPO] it=39/150 step=389961 J_new=1.1515 kept mode=full leaves=16 survival=10.80% best=26.89% std=12.2%
[DTPO] it=40/150 step=399960 J_new=0.0008 kept mode=full leaves=16 survival=15.42% best=26.89% std=20.3%
[DTPO] it=41/150 step=409959 J_new=2.4625 kept mode=full leaves=16 survival=9.03% best=26.89% std=12.3%
[DTPO] it=42/150 step=419958 J_new=0.0985 kept mode=full leaves=16 survival=9.25% best=26.89% std=12.3%
[DTPO] it=43/150 step=429957 J_new=0.0054 kept mode=full leaves=16 survival=14.61% best=26.89% std=13.9%
[DTPO] it=44/150 step=439956 J_new=1.1156 kept mode=full leaves=16 survival=15.40% best=26.89% std=15.2%
[DTPO] it=45/150 step=449955 J_new=0.0234 kept mode=full leaves=16 survival=9.64% best=26.89% std=10.5%
[DTPO] it=46/150 step=459954 J_new=1.7882 kept mode=full leaves=16 survival=9.21% best=26.89% std=12.2%
[DTPO] it=47/150 step=469953 J_new=0.7930 kept mode=full leaves=16 survival=9.09% best=26.89% std=12.3%
[DTPO] it=48/150 step=479952 J_new=0.3685 kept mode=full leaves=16 survival=9.18% best=26.89% std=12.3%
[DTPO] it=49/150 step=489951 J_new=0.8345 kept mode=full leaves=16 survival=9.99% best=26.89% std=12.8%
[DTPO] it=50/150 step=499950 J_new=0.0008 kept mode=full leaves=16 survival=26.17% best=26.89% std=26.5%
[DTPO] it=51/150 step=509949 J_new=0.0974 kept mode=full leaves=16 survival=26.89% best=26.89% std=26.5%
[DTPO] it=52/150 step=519948 J_new=1.2319 kept mode=full leaves=16 survival=23.70% best=26.89% std=22.1%
[DTPO] it=53/150 step=529947 J_new=3.3820 kept mode=full leaves=16 survival=15.72% best=26.89% std=16.7%
[DTPO] it=54/150 step=539946 J_new=1.0826 kept mode=full leaves=16 survival=12.77% best=26.89% std=13.0%
[DTPO] it=55/150 step=549945 J_new=0.4969 kept mode=full leaves=16 survival=12.33% best=26.89% std=15.7%
[DTPO] it=56/150 step=559944 J_new=1.4064 kept mode=full leaves=16 survival=16.43% best=26.89% std=17.9%
[DTPO] it=57/150 step=569943 J_new=0.1946 kept mode=full leaves=16 survival=14.25% best=26.89% std=19.1%
[DTPO] it=58/150 step=579942 J_new=0.0233 kept mode=full leaves=16 survival=13.46% best=26.89% std=16.5%
[DTPO] it=59/150 step=589941 J_new=0.7832 kept mode=full leaves=16 survival=9.95% best=26.89% std=10.2%
[DTPO] it=60/150 step=599940 J_new=0.0091 kept mode=full leaves=16 survival=8.33% best=26.89% std=10.7%
[DTPO] it=61/150 step=609939 J_new=0.0025 kept mode=full leaves=16 survival=9.38% best=26.89% std=12.7%
[DTPO] it=62/150 step=619938 J_new=0.7475 kept mode=full leaves=16 survival=9.18% best=26.89% std=10.0%
[DTPO] it=63/150 step=629937 J_new=0.0027 kept mode=full leaves=16 survival=9.29% best=26.89% std=12.8%
[DTPO] it=64/150 step=639936 J_new=0.0095 kept mode=full leaves=16 survival=8.61% best=26.89% std=10.2%
[DTPO] it=65/150 step=649935 J_new=0.0280 kept mode=full leaves=16 survival=8.71% best=26.89% std=10.0%
[DTPO] it=66/150 step=659934 J_new=0.0173 kept mode=full leaves=16 survival=26.89% best=26.89% std=26.5%
[DTPO] it=67/150 step=669933 J_new=0.0113 kept mode=full leaves=16 survival=8.62% best=26.89% std=12.4%
[DTPO] it=68/150 step=679932 J_new=0.0079 kept mode=full leaves=16 survival=8.90% best=26.89% std=12.9%
[DTPO] it=69/150 step=689931 J_new=0.0096 kept mode=full leaves=16 survival=9.01% best=26.89% std=12.9%
[DTPO] it=70/150 step=699930 J_new=0.0142 kept mode=full leaves=16 survival=9.01% best=26.89% std=12.9%
[DTPO] it=71/150 step=709929 J_new=0.0103 kept mode=full leaves=16 survival=9.08% best=26.89% std=12.9%
[DTPO] it=72/150 step=719928 J_new=0.0133 kept mode=full leaves=16 survival=9.11% best=26.89% std=12.9%
[DTPO] it=73/150 step=729927 J_new=0.0120 kept mode=full leaves=16 survival=9.00% best=26.89% std=12.9%
[DTPO] it=74/150 step=739926 J_new=0.0222 kept mode=full leaves=16 survival=9.02% best=26.89% std=12.9%
[DTPO] it=75/150 step=749925 J_new=0.1745 kept mode=full leaves=16 survival=9.00% best=26.89% std=12.9%
[DTPO] it=76/150 step=759924 J_new=0.0929 kept mode=full leaves=16 survival=8.38% best=26.89% std=10.9%
[DTPO] it=77/150 step=769923 J_new=0.0157 kept mode=full leaves=16 survival=9.01% best=26.89% std=12.9%
[DTPO] it=78/150 step=779922 J_new=0.0056 kept mode=full leaves=16 survival=9.11% best=26.89% std=12.9%
[DTPO] it=79/150 step=789921 J_new=0.0197 kept mode=full leaves=16 survival=9.11% best=26.89% std=12.9%
[DTPO] it=80/150 step=799920 J_new=0.0070 kept mode=full leaves=16 survival=9.02% best=26.89% std=12.9%
[DTPO] it=81/150 step=809919 J_new=1.6279 kept mode=full leaves=16 survival=9.01% best=26.89% std=12.9%
[DTPO] it=82/150 step=819918 J_new=0.0038 kept mode=full leaves=16 survival=9.00% best=26.89% std=12.9%
[DTPO] it=83/150 step=829917 J_new=-0.0001 revert mode=full leaves=16 survival=9.00% best=26.89% std=12.9%
[DTPO] it=84/150 step=839916 J_new=0.0251 kept mode=full leaves=16 survival=9.60% best=26.89% std=12.8%
[DTPO] it=85/150 step=849915 J_new=0.0117 kept mode=full leaves=16 survival=9.11% best=26.89% std=12.9%
[DTPO] it=86/150 step=859914 J_new=0.0058 kept mode=full leaves=16 survival=9.10% best=26.89% std=12.9%
[DTPO] it=87/150 step=869913 J_new=0.1719 kept mode=full leaves=16 survival=8.55% best=26.89% std=10.8%
[DTPO] it=88/150 step=879912 J_new=0.0009 kept mode=full leaves=16 survival=9.11% best=26.89% std=12.9%
[DTPO] it=89/150 step=889911 J_new=0.0519 kept mode=full leaves=16 survival=9.18% best=26.89% std=12.9%
[DTPO] it=90/150 step=899910 J_new=0.0149 kept mode=full leaves=16 survival=8.24% best=26.89% std=10.3%
[DTPO] it=91/150 step=909909 J_new=0.0250 kept mode=full leaves=16 survival=9.67% best=26.89% std=12.2%
[DTPO] it=92/150 step=919908 J_new=0.2698 kept mode=full leaves=16 survival=10.22% best=26.89% std=12.8%
[DTPO] it=93/150 step=929907 J_new=0.0076 kept mode=full leaves=16 survival=10.07% best=26.89% std=12.8%
[DTPO] it=94/150 step=939906 J_new=0.1003 kept mode=full leaves=16 survival=9.81% best=26.89% std=13.0%
[DTPO] it=95/150 step=949905 J_new=0.0099 kept mode=full leaves=16 survival=9.60% best=26.89% std=12.7%
[DTPO] it=96/150 step=959904 J_new=0.0140 kept mode=full leaves=16 survival=9.15% best=26.89% std=12.9%
[DTPO] it=97/150 step=969903 J_new=0.0153 kept mode=full leaves=16 survival=9.08% best=26.89% std=12.9%
[DTPO] it=98/150 step=979902 J_new=0.0145 kept mode=full leaves=16 survival=9.07% best=26.89% std=12.9%
[DTPO] it=99/150 step=989901 J_new=0.0126 kept mode=full leaves=16 survival=9.10% best=26.89% std=12.8%
[DTPO] it=100/150 step=999900 J_new=0.1774 kept mode=full leaves=16 survival=10.41% best=26.89% std=12.3%
[DTPO] it=101/150 step=1009899 J_new=0.0141 kept mode=full leaves=16 survival=8.80% best=26.89% std=12.4%
[DTPO] it=102/150 step=1019898 J_new=0.0151 kept mode=full leaves=16 survival=8.14% best=26.89% std=10.3%
[DTPO] it=103/150 step=1029897 J_new=0.0213 kept mode=full leaves=16 survival=11.07% best=26.89% std=13.1%
[DTPO] it=104/150 step=1039896 J_new=0.0095 kept mode=full leaves=16 survival=11.03% best=26.89% std=13.8%
[DTPO] it=105/150 step=1049895 J_new=0.0071 kept mode=full leaves=16 survival=10.11% best=26.89% std=11.6%
[DTPO] it=106/150 step=1059894 J_new=0.0068 kept mode=full leaves=16 survival=10.21% best=26.89% std=11.5%
[DTPO] it=107/150 step=1069893 J_new=0.0171 kept mode=full leaves=16 survival=9.38% best=26.89% std=11.3%
[DTPO] it=108/150 step=1079892 J_new=0.0108 kept mode=full leaves=16 survival=8.97% best=26.89% std=10.7%
[DTPO] it=109/150 step=1089891 J_new=0.0122 kept mode=full leaves=16 survival=8.49% best=26.89% std=10.2%
[DTPO] it=110/150 step=1099890 J_new=0.0023 kept mode=full leaves=16 survival=8.59% best=26.89% std=10.7%
[DTPO] it=111/150 step=1109889 J_new=0.0130 kept mode=full leaves=16 survival=9.32% best=26.89% std=10.4%
[DTPO] it=112/150 step=1119888 J_new=0.0206 kept mode=full leaves=16 survival=8.13% best=26.89% std=10.2%
[DTPO] it=113/150 step=1129887 J_new=0.0171 kept mode=full leaves=16 survival=7.99% best=26.89% std=10.2%
[DTPO] it=114/150 step=1139886 J_new=0.0162 kept mode=full leaves=16 survival=8.58% best=26.89% std=12.4%
[DTPO] it=115/150 step=1149885 J_new=0.0034 kept mode=full leaves=16 survival=8.18% best=26.89% std=10.2%
[DTPO] it=116/150 step=1159884 J_new=0.0192 kept mode=full leaves=16 survival=8.39% best=26.89% std=10.9%
[DTPO] it=117/150 step=1169883 J_new=0.0099 kept mode=full leaves=16 survival=8.16% best=26.89% std=10.4%
[DTPO] it=118/150 step=1179882 J_new=0.0185 kept mode=full leaves=16 survival=12.82% best=26.89% std=14.6%
[DTPO] it=119/150 step=1189881 J_new=0.0116 kept mode=full leaves=16 survival=8.82% best=26.89% std=12.4%
[DTPO] it=120/150 step=1199880 J_new=0.0163 kept mode=full leaves=16 survival=8.51% best=26.89% std=10.4%
[DTPO] it=121/150 step=1209879 J_new=0.0109 kept mode=full leaves=16 survival=8.84% best=26.89% std=11.0%
[DTPO] it=122/150 step=1219878 J_new=0.0150 kept mode=full leaves=16 survival=9.09% best=26.89% std=12.4%
[DTPO] it=123/150 step=1229877 J_new=0.0176 kept mode=full leaves=16 survival=8.76% best=26.89% std=10.9%
[DTPO] it=124/150 step=1239876 J_new=0.0105 kept mode=full leaves=16 survival=8.95% best=26.89% std=12.3%
[DTPO] it=125/150 step=1249875 J_new=0.0106 kept mode=full leaves=16 survival=9.22% best=26.89% std=12.8%
[DTPO] it=126/150 step=1259874 J_new=0.0173 kept mode=full leaves=16 survival=8.04% best=26.89% std=10.2%
[DTPO] it=127/150 step=1269873 J_new=0.1782 kept mode=full leaves=16 survival=8.58% best=26.89% std=10.2%
[DTPO] it=128/150 step=1279872 J_new=0.0197 kept mode=full leaves=16 survival=9.11% best=26.89% std=12.9%
[DTPO] it=129/150 step=1289871 J_new=0.0172 kept mode=full leaves=16 survival=9.24% best=26.89% std=12.4%
[DTPO] it=130/150 step=1299870 J_new=0.0126 kept mode=full leaves=16 survival=8.82% best=26.89% std=12.4%
[DTPO] it=131/150 step=1309869 J_new=0.0140 kept mode=full leaves=16 survival=8.98% best=26.89% std=10.8%
[DTPO] it=132/150 step=1319868 J_new=0.0038 kept mode=full leaves=16 survival=8.92% best=26.89% std=10.9%
[DTPO] it=133/150 step=1329867 J_new=0.0080 kept mode=full leaves=16 survival=8.61% best=26.89% std=12.4%
[DTPO] it=134/150 step=1339866 J_new=0.0003 kept mode=full leaves=16 survival=8.82% best=26.89% std=12.4%
[DTPO] it=135/150 step=1349865 J_new=0.0106 kept mode=full leaves=16 survival=9.40% best=26.89% std=11.5%
[DTPO] it=136/150 step=1359864 J_new=0.0149 kept mode=full leaves=16 survival=8.52% best=26.89% std=10.8%
[DTPO] it=137/150 step=1369863 J_new=0.0033 kept mode=full leaves=16 survival=8.66% best=26.89% std=10.8%
[DTPO] it=138/150 step=1379862 J_new=0.0391 kept mode=full leaves=16 survival=8.25% best=26.89% std=10.4%
[DTPO] it=139/150 step=1389861 J_new=0.0141 kept mode=full leaves=16 survival=9.82% best=26.89% std=12.8%
[DTPO] it=140/150 step=1399860 J_new=0.0090 kept mode=full leaves=16 survival=8.48% best=26.89% std=10.3%
[DTPO] it=141/150 step=1409859 J_new=0.0091 kept mode=full leaves=16 survival=8.37% best=26.89% std=10.4%
[DTPO] it=142/150 step=1419858 J_new=0.0039 kept mode=full leaves=16 survival=8.82% best=26.89% std=10.2%
[DTPO] it=143/150 step=1429857 J_new=0.0201 kept mode=full leaves=16 survival=8.86% best=26.89% std=11.0%
[DTPO] it=144/150 step=1439856 J_new=0.0070 kept mode=full leaves=16 survival=9.68% best=26.89% std=12.3%
[DTPO] it=145/150 step=1449855 J_new=0.0127 kept mode=full leaves=16 survival=8.74% best=26.89% std=10.7%
[DTPO] it=146/150 step=1459854 J_new=0.0318 kept mode=full leaves=16 survival=11.05% best=26.89% std=13.5%
[DTPO] it=147/150 step=1469853 J_new=0.0430 kept mode=full leaves=16 survival=9.71% best=26.89% std=11.6%
[DTPO] it=148/150 step=1479852 J_new=0.0139 kept mode=full leaves=16 survival=9.28% best=26.89% std=12.9%
[DTPO] it=149/150 step=1489851 J_new=0.0081 kept mode=full leaves=16 survival=9.96% best=26.89% std=12.1%
[DTPO] it=150/150 step=1499850 J_new=0.0173 kept mode=full leaves=16 survival=9.50% best=26.89% std=11.5%
[DTPO] stored 5 candidate trees for final selection (cheap survivals: ['26.9%', '26.9%', '26.9%', '26.9%', '26.9%']). Run dtpo_select.py --ckpt <ckpt> --episodes 100 to pick the honest best.
