Initializing the distributed action 'mapper'... (takes a while with big action spaces)
[VIPER] oracle=ppo (from /rds/general/user/ssl125/home/RL2Grid_full/checkpoint/final_PPO_bus36-M_T_100_0__I__1784927195_14574.tar)
[VIPER TREE] depth=12 leaves=64 nodes=127 ccp_alpha=0.00000000 fit_samples=5001 dataset=5001
Eval at step 5001, survival=14.277%, return=[-181.23368971399032, 457.1618112096337, -982.7006858782264, -192.7344632768363]
[VIPER] iter=1/15 dataset=5001 fit_samples=5001 weighted_acc=0.998680 survival=14.277% best_survival=14.277%
[VIPER TREE] depth=12 leaves=64 nodes=127 ccp_alpha=0.00000000 fit_samples=10002 dataset=10002
Eval at step 10002, survival=23.952%, return=[-8.513082777780559, 1241.877564715069, -243.2587344441704, -30.617702448211446]
[VIPER] iter=2/15 dataset=10002 fit_samples=10002 weighted_acc=0.998671 survival=23.952% best_survival=23.952%
[VIPER TREE] depth=12 leaves=64 nodes=127 ccp_alpha=0.00000000 fit_samples=15003 dataset=15003
Eval at step 15003, survival=52.535%, return=[-20.77912211404085, 2629.2335260773543, -1486.741327639618, -124.28625235405404]
[VIPER] iter=3/15 dataset=15003 fit_samples=15003 weighted_acc=0.998275 survival=52.535% best_survival=52.535%
[VIPER TREE] depth=12 leaves=64 nodes=127 ccp_alpha=0.00000000 fit_samples=20004 dataset=20004
Eval at step 20004, survival=24.295%, return=[-13.849010213957323, 1241.0122968176368, -379.6095903792455, -45.860640301319336]
[VIPER] iter=4/15 dataset=20004 fit_samples=20004 weighted_acc=0.995975 survival=24.295% best_survival=52.535%
[VIPER TREE] depth=12 leaves=64 nodes=127 ccp_alpha=0.00000000 fit_samples=25005 dataset=25005
Eval at step 25005, survival=61.420%, return=[-13.110188387833963, 3183.7835496776247, -631.9866061354711, -51.058380414314]
[VIPER] iter=5/15 dataset=25005 fit_samples=25005 weighted_acc=0.995726 survival=61.420% best_survival=61.420%
[VIPER TREE] depth=12 leaves=64 nodes=127 ccp_alpha=0.00000000 fit_samples=30006 dataset=30006
Eval at step 30006, survival=41.648%, return=[-21.105134307052747, 2120.423416954479, -717.7241107486043, -93.59887005649949]
[VIPER] iter=6/15 dataset=30006 fit_samples=30006 weighted_acc=0.993135 survival=41.648% best_survival=61.420%
[VIPER TREE] depth=12 leaves=64 nodes=127 ccp_alpha=0.00000000 fit_samples=35007 dataset=35007
Eval at step 35007, survival=55.623%, return=[-3.5177050735946978, 2861.076426007147, -1198.3233921399865, -80.31638418079443]
[VIPER] iter=7/15 dataset=35007 fit_samples=35007 weighted_acc=0.994289 survival=55.623% best_survival=61.420%
[VIPER TREE] depth=12 leaves=64 nodes=127 ccp_alpha=0.00000000 fit_samples=40008 dataset=40008
Eval at step 40008, survival=93.810%, return=[-68.23092288137802, 4722.284949777619, -1797.2956217166366, -163.1487758945418]
[VIPER] iter=8/15 dataset=40008 fit_samples=40008 weighted_acc=0.994609 survival=93.810% best_survival=93.810%
[VIPER TREE] depth=12 leaves=64 nodes=127 ccp_alpha=0.00000000 fit_samples=45009 dataset=45009
Eval at step 45009, survival=4.813%, return=[-291.0557510150393, -227.59131961703065, -1468.6401506327118, -293.6158192090394]
[VIPER] iter=9/15 dataset=45009 fit_samples=45009 weighted_acc=0.995102 survival=4.813% best_survival=93.810%
[VIPER TREE] depth=12 leaves=64 nodes=127 ccp_alpha=0.00000000 fit_samples=50000 dataset=50010
Eval at step 50010, survival=19.238%, return=[-1.927220314925459, 1022.9435257707555, -40.953169073515035, -3.403013182674201]
[VIPER] iter=10/15 dataset=50010 fit_samples=50000 weighted_acc=0.994629 survival=19.238% best_survival=93.810%
[VIPER TREE] depth=12 leaves=64 nodes=127 ccp_alpha=0.00000000 fit_samples=50000 dataset=55011
Eval at step 55011, survival=19.404%, return=[-8.606398058434328, 1019.3847900970683, -74.71773768403465, -11.743879472693076]
[VIPER] iter=11/15 dataset=55011 fit_samples=50000 weighted_acc=0.994990 survival=19.404% best_survival=93.810%
[VIPER TREE] depth=12 leaves=64 nodes=127 ccp_alpha=0.00000000 fit_samples=50000 dataset=60012
Eval at step 60012, survival=38.328%, return=[-4.220693758213504, 2035.5093369628642, -14.26086708599449, -2.949152542372884]
[VIPER] iter=12/15 dataset=60012 fit_samples=50000 weighted_acc=0.995363 survival=38.328% best_survival=93.810%
[VIPER TREE] depth=12 leaves=64 nodes=127 ccp_alpha=0.00000000 fit_samples=50000 dataset=65013
Eval at step 65013, survival=43.430%, return=[-3.4846861820406048, 2269.4690741057066, -467.80029002390273, -34.14500941619703]
[VIPER] iter=13/15 dataset=65013 fit_samples=50000 weighted_acc=0.994519 survival=43.430% best_survival=93.810%
[VIPER TREE] depth=12 leaves=64 nodes=127 ccp_alpha=0.00000000 fit_samples=50000 dataset=70014
Eval at step 70014, survival=23.336%, return=[-150.79188683724593, 962.5576413890741, -1040.3323356892124, -187.34463276835336]
[VIPER] iter=14/15 dataset=70014 fit_samples=50000 weighted_acc=0.995215 survival=23.336% best_survival=93.810%
[VIPER TREE] depth=12 leaves=64 nodes=127 ccp_alpha=0.00000000 fit_samples=50000 dataset=75015
Eval at step 75015, survival=27.528%, return=[-2.6984553196962224, 1436.7586204963834, -188.13367415608454, -13.41431261770282]
[VIPER] iter=15/15 dataset=75015 fit_samples=50000 weighted_acc=0.995207 survival=27.528% best_survival=93.810%
