Initializing the distributed action 'mapper'... (takes a while with big action spaces)
[HYBRID] warm-start from /rds/general/user/ssl125/home/RL2Grid_full/checkpoint/final_PPO_bus36-M_T_100_0__I__1784927195_14574.tar: {'mode': 'soft', 'n_samples': 14254, 'n_actions': 50, 'n_leaves': 32, 'max_depth': 12, 'fidelity': 0.9866704083064403, 'weighted_fidelity': 0.9991650359777677, 'curated': False, 'dagger_rounds': 0}
[DTPO] deterministic eval on 40 fixed chronics (of 2880): ids=[0, 73, 147, 221, 295, 369, 442, 516, 590, 664, 738, 812, 885, 959, 1033, 1107, 1181, 1254, 1328, 1402, 1476, 1550, 1624, 1697, 1771, 1845, 1919, 1993, 2066, 2140, 2214, 2288, 2362, 2436, 2509, 2583, 2657, 2731, 2805, 2879]
[DTPO] it=1/150 step=9999 J_new=-0.0034 revert mode=full gate=accept cand=19.23% leaves=32 survival=19.23% best=19.23% std=19.4%
[DTPO] it=2/150 step=19998 J_new=0.0003 kept mode=leaf gate=accept cand=26.57% leaves=32 survival=26.57% best=26.57% std=28.0%
[DTPO] it=3/150 step=29997 J_new=0.0006 kept mode=leaf gate=revert(1) cand=15.22% leaves=32 survival=26.57% best=26.57% std=28.0%
[DTPO] it=4/150 step=39996 J_new=0.0004 kept mode=leaf gate=revert(2) cand=23.43% leaves=32 survival=26.57% best=26.57% std=28.0%
[DTPO] it=5/150 step=49995 J_new=0.0001 kept mode=leaf gate=revert(3) cand=20.74% leaves=32 survival=26.57% best=26.57% std=28.0%
[DTPO] it=6/150 step=59994 J_new=0.0017 kept mode=full gate=revert(4) cand=23.34% leaves=32 survival=26.57% best=26.57% std=28.0%
[DTPO] it=7/150 step=69993 J_new=0.0002 kept mode=leaf gate=revert(5) cand=17.93% leaves=32 survival=26.57% best=26.57% std=28.0%
[DTPO] it=8/150 step=79992 J_new=0.0006 kept mode=leaf gate=revert(6) cand=19.27% leaves=32 survival=26.57% best=26.57% std=28.0%
[DTPO] it=9/150 step=89991 J_new=0.0006 kept mode=leaf gate=revert(7) cand=23.91% leaves=32 survival=26.57% best=26.57% std=28.0%
[DTPO] it=10/150 step=99990 J_new=0.0005 kept mode=leaf gate=revert(8) cand=21.11% leaves=32 survival=26.57% best=26.57% std=28.0%
[DTPO] it=11/150 step=109989 J_new=0.0016 kept mode=full gate=revert(9) cand=22.42% leaves=32 survival=26.57% best=26.57% std=28.0%
[DTPO] it=12/150 step=119988 J_new=0.0002 kept mode=leaf gate=revert(10) cand=25.77% leaves=32 survival=26.57% best=26.57% std=28.0%
[DTPO] it=13/150 step=129987 J_new=0.0003 kept mode=leaf gate=revert(11) cand=22.18% leaves=32 survival=26.57% best=26.57% std=28.0%
[DTPO] it=14/150 step=139986 J_new=0.0003 kept mode=leaf gate=revert(12) cand=24.56% leaves=32 survival=26.57% best=26.57% std=28.0%
[DTPO] it=15/150 step=149985 J_new=0.0003 kept mode=leaf gate=revert(13) cand=23.36% leaves=32 survival=26.57% best=26.57% std=28.0%
[DTPO] it=16/150 step=159984 J_new=0.0019 kept mode=full gate=accept cand=37.38% leaves=32 survival=37.38% best=37.38% std=29.9%
[DTPO] it=17/150 step=169983 J_new=0.0014 kept mode=leaf gate=accept cand=43.85% leaves=32 survival=43.85% best=43.85% std=29.1%
[DTPO] it=18/150 step=179982 J_new=0.0015 kept mode=leaf gate=revert(1) cand=11.77% leaves=32 survival=43.85% best=43.85% std=29.1%
[DTPO] it=19/150 step=189981 J_new=0.0006 kept mode=leaf gate=revert(2) cand=24.85% leaves=32 survival=43.85% best=43.85% std=29.1%
[DTPO] it=20/150 step=199980 J_new=0.0004 kept mode=leaf gate=revert(3) cand=26.78% leaves=32 survival=43.85% best=43.85% std=29.1%
[DTPO] it=21/150 step=209979 J_new=0.0014 kept mode=full gate=accept cand=54.69% leaves=32 survival=54.69% best=54.69% std=30.3%
[DTPO] it=22/150 step=219978 J_new=0.0016 kept mode=leaf gate=revert(1) cand=23.73% leaves=32 survival=54.69% best=54.69% std=30.3%
[DTPO] it=23/150 step=229977 J_new=0.0009 kept mode=leaf gate=revert(2) cand=18.84% leaves=32 survival=54.69% best=54.69% std=30.3%
[DTPO] it=24/150 step=239976 J_new=0.0011 kept mode=leaf gate=revert(3) cand=43.50% leaves=32 survival=54.69% best=54.69% std=30.3%
[DTPO] it=25/150 step=249975 J_new=0.0010 kept mode=leaf gate=revert(4) cand=21.36% leaves=32 survival=54.69% best=54.69% std=30.3%
[DTPO] it=26/150 step=259974 J_new=0.0012 kept mode=full gate=revert(5) cand=42.98% leaves=32 survival=54.69% best=54.69% std=30.3%
[DTPO] it=27/150 step=269973 J_new=0.0008 kept mode=leaf gate=revert(6) cand=31.22% leaves=32 survival=54.69% best=54.69% std=30.3%
[DTPO] it=28/150 step=279972 J_new=0.0005 kept mode=leaf gate=revert(7) cand=19.62% leaves=32 survival=54.69% best=54.69% std=30.3%
[DTPO] it=29/150 step=289971 J_new=0.0007 kept mode=leaf gate=revert(8) cand=13.47% leaves=32 survival=54.69% best=54.69% std=30.3%
[DTPO] it=30/150 step=299970 J_new=0.0008 kept mode=leaf gate=revert(9) cand=22.19% leaves=32 survival=54.69% best=54.69% std=30.3%
[DTPO] it=31/150 step=309969 J_new=0.0090 kept mode=full gate=revert(10) cand=54.54% leaves=32 survival=54.69% best=54.69% std=30.3%
[DTPO] it=32/150 step=319968 J_new=0.0010 kept mode=leaf gate=revert(11) cand=22.48% leaves=32 survival=54.69% best=54.69% std=30.3%
[DTPO] it=33/150 step=329967 J_new=0.0008 kept mode=leaf gate=revert(12) cand=45.40% leaves=32 survival=54.69% best=54.69% std=30.3%
[DTPO] it=34/150 step=339966 J_new=0.0006 kept mode=leaf gate=revert(13) cand=16.24% leaves=32 survival=54.69% best=54.69% std=30.3%
[DTPO] it=35/150 step=349965 J_new=0.0003 kept mode=leaf gate=revert(14) cand=20.92% leaves=32 survival=54.69% best=54.69% std=30.3%
[DTPO] it=36/150 step=359964 J_new=0.0014 kept mode=full gate=revert(15) cand=48.46% leaves=32 survival=54.69% best=54.69% std=30.3%
[DTPO] it=37/150 step=369963 J_new=-0.0001 revert mode=leaf gate=hold cand=54.69% leaves=32 survival=54.69% best=54.69% std=30.3%
[DTPO] it=38/150 step=379962 J_new=0.0002 kept mode=leaf gate=revert(16) cand=14.47% leaves=32 survival=54.69% best=54.69% std=30.3%
[DTPO] it=39/150 step=389961 J_new=0.0001 kept mode=leaf gate=revert(17) cand=22.45% leaves=32 survival=54.69% best=54.69% std=30.3%
[DTPO] it=40/150 step=399960 J_new=0.0001 kept mode=leaf gate=revert(18) cand=21.48% leaves=32 survival=54.69% best=54.69% std=30.3%
[DTPO] it=41/150 step=409959 J_new=0.0012 kept mode=full gate=revert(19) cand=30.33% leaves=32 survival=54.69% best=54.69% std=30.3%
[DTPO] it=42/150 step=419958 J_new=0.0000 kept mode=leaf gate=revert(20) cand=19.05% leaves=32 survival=54.69% best=54.69% std=30.3%
[DTPO] it=43/150 step=429957 J_new=0.0001 kept mode=leaf gate=revert(21) cand=19.27% leaves=32 survival=54.69% best=54.69% std=30.3%
[DTPO] it=44/150 step=439956 J_new=0.0002 kept mode=leaf gate=revert(22) cand=21.80% leaves=32 survival=54.69% best=54.69% std=30.3%
[DTPO] it=45/150 step=449955 J_new=0.0002 kept mode=leaf gate=revert(23) cand=24.12% leaves=32 survival=54.69% best=54.69% std=30.3%
[DTPO] it=46/150 step=459954 J_new=0.0010 kept mode=full gate=revert(24) cand=51.09% leaves=32 survival=54.69% best=54.69% std=30.3%
[DTPO] it=47/150 step=469953 J_new=0.0007 kept mode=leaf gate=revert(25) cand=47.67% leaves=32 survival=54.69% best=54.69% std=30.3%
[DTPO] it=48/150 step=479952 J_new=0.0008 kept mode=leaf gate=revert(26) cand=20.83% leaves=32 survival=54.69% best=54.69% std=30.3%
[DTPO] it=49/150 step=489951 J_new=0.0006 kept mode=leaf gate=revert(27) cand=50.73% leaves=32 survival=54.69% best=54.69% std=30.3%
[DTPO] it=50/150 step=499950 J_new=0.0007 kept mode=leaf gate=revert(28) cand=23.27% leaves=32 survival=54.69% best=54.69% std=30.3%
[DTPO] it=51/150 step=509949 J_new=0.0017 kept mode=full gate=revert(29) cand=54.45% leaves=32 survival=54.69% best=54.69% std=30.3%
[DTPO] it=52/150 step=519948 J_new=0.0003 kept mode=leaf gate=revert(30) cand=26.64% leaves=32 survival=54.69% best=54.69% std=30.3%
[DTPO] it=53/150 step=529947 J_new=0.0002 kept mode=leaf gate=revert(31) cand=22.58% leaves=32 survival=54.69% best=54.69% std=30.3%
[DTPO] it=54/150 step=539946 J_new=0.0001 kept mode=leaf gate=revert(32) cand=21.93% leaves=32 survival=54.69% best=54.69% std=30.3%
[DTPO] it=55/150 step=549945 J_new=0.0002 kept mode=leaf gate=revert(33) cand=15.77% leaves=32 survival=54.69% best=54.69% std=30.3%
[DTPO] it=56/150 step=559944 J_new=0.0014 kept mode=full gate=revert(34) cand=38.50% leaves=32 survival=54.69% best=54.69% std=30.3%
[DTPO] it=57/150 step=569943 J_new=0.0006 kept mode=leaf gate=revert(35) cand=27.12% leaves=32 survival=54.69% best=54.69% std=30.3%
[DTPO] it=58/150 step=579942 J_new=0.0005 kept mode=leaf gate=revert(36) cand=11.84% leaves=32 survival=54.69% best=54.69% std=30.3%
[DTPO] it=59/150 step=589941 J_new=0.0004 kept mode=leaf gate=revert(37) cand=17.41% leaves=32 survival=54.69% best=54.69% std=30.3%
[DTPO] it=60/150 step=599940 J_new=0.0004 kept mode=leaf gate=revert(38) cand=22.64% leaves=32 survival=54.69% best=54.69% std=30.3%
[DTPO] it=61/150 step=609939 J_new=0.0006 kept mode=full gate=revert(39) cand=49.27% leaves=32 survival=54.69% best=54.69% std=30.3%
[DTPO] it=62/150 step=619938 J_new=0.0014 kept mode=leaf gate=revert(40) cand=18.23% leaves=32 survival=54.69% best=54.69% std=30.3%
[DTPO] it=63/150 step=629937 J_new=0.0014 kept mode=leaf gate=revert(41) cand=23.75% leaves=32 survival=54.69% best=54.69% std=30.3%
[DTPO] it=64/150 step=639936 J_new=0.0013 kept mode=leaf gate=revert(42) cand=18.57% leaves=32 survival=54.69% best=54.69% std=30.3%
[DTPO] it=65/150 step=649935 J_new=0.0016 kept mode=leaf gate=revert(43) cand=14.46% leaves=32 survival=54.69% best=54.69% std=30.3%
[DTPO] it=66/150 step=659934 J_new=0.0011 kept mode=full gate=revert(44) cand=7.76% leaves=32 survival=54.69% best=54.69% std=30.3%
[DTPO] it=67/150 step=669933 J_new=0.0002 kept mode=leaf gate=revert(45) cand=15.77% leaves=32 survival=54.69% best=54.69% std=30.3%
[DTPO] it=68/150 step=679932 J_new=0.0002 kept mode=leaf gate=revert(46) cand=47.20% leaves=32 survival=54.69% best=54.69% std=30.3%
[DTPO] it=69/150 step=689931 J_new=0.0002 kept mode=leaf gate=revert(47) cand=19.16% leaves=32 survival=54.69% best=54.69% std=30.3%
[DTPO] it=70/150 step=699930 J_new=0.0002 kept mode=leaf gate=revert(48) cand=26.13% leaves=32 survival=54.69% best=54.69% std=30.3%
[DTPO] it=71/150 step=709929 J_new=0.0005 kept mode=full gate=revert(49) cand=52.85% leaves=32 survival=54.69% best=54.69% std=30.3%
[DTPO] it=72/150 step=719928 J_new=0.0003 kept mode=leaf gate=revert(50) cand=14.65% leaves=32 survival=54.69% best=54.69% std=30.3%
[DTPO] it=73/150 step=729927 J_new=0.0003 kept mode=leaf gate=revert(51) cand=17.90% leaves=32 survival=54.69% best=54.69% std=30.3%
[DTPO] it=74/150 step=739926 J_new=0.0003 kept mode=leaf gate=revert(52) cand=17.00% leaves=32 survival=54.69% best=54.69% std=30.3%
[DTPO] it=75/150 step=749925 J_new=0.0002 kept mode=leaf gate=revert(53) cand=25.55% leaves=32 survival=54.69% best=54.69% std=30.3%
[DTPO] it=76/150 step=759924 J_new=0.0038 kept mode=full gate=revert(54) cand=48.12% leaves=32 survival=54.69% best=54.69% std=30.3%
[DTPO] it=77/150 step=769923 J_new=0.0005 kept mode=leaf gate=revert(55) cand=28.98% leaves=32 survival=54.69% best=54.69% std=30.3%
[DTPO] it=78/150 step=779922 J_new=0.0004 kept mode=leaf gate=revert(56) cand=14.55% leaves=32 survival=54.69% best=54.69% std=30.3%
[DTPO] it=79/150 step=789921 J_new=0.0005 kept mode=leaf gate=revert(57) cand=13.90% leaves=32 survival=54.69% best=54.69% std=30.3%
[DTPO] it=80/150 step=799920 J_new=0.0003 kept mode=leaf gate=revert(58) cand=36.12% leaves=32 survival=54.69% best=54.69% std=30.3%
[DTPO] it=81/150 step=809919 J_new=0.0014 kept mode=full gate=accept cand=54.85% leaves=32 survival=54.85% best=54.85% std=33.1%
[DTPO] it=82/150 step=819918 J_new=0.0028 kept mode=leaf gate=revert(1) cand=45.71% leaves=32 survival=54.85% best=54.85% std=33.1%
[DTPO] it=83/150 step=829917 J_new=0.0021 kept mode=leaf gate=revert(2) cand=48.37% leaves=32 survival=54.85% best=54.85% std=33.1%
[DTPO] it=84/150 step=839916 J_new=0.0019 kept mode=leaf gate=revert(3) cand=50.64% leaves=32 survival=54.85% best=54.85% std=33.1%
[DTPO] it=85/150 step=849915 J_new=0.0003 kept mode=leaf gate=revert(4) cand=46.82% leaves=32 survival=54.85% best=54.85% std=33.1%
[DTPO] it=86/150 step=859914 J_new=0.0019 kept mode=full gate=revert(5) cand=48.66% leaves=32 survival=54.85% best=54.85% std=33.1%
[DTPO] it=87/150 step=869913 J_new=0.0003 kept mode=leaf gate=revert(6) cand=48.81% leaves=32 survival=54.85% best=54.85% std=33.1%
[DTPO] it=88/150 step=879912 J_new=0.0001 kept mode=leaf gate=revert(7) cand=45.54% leaves=32 survival=54.85% best=54.85% std=33.1%
[DTPO] it=89/150 step=889911 J_new=0.0000 kept mode=leaf gate=revert(8) cand=50.18% leaves=32 survival=54.85% best=54.85% std=33.1%
[DTPO] it=90/150 step=899910 J_new=0.0001 kept mode=leaf gate=revert(9) cand=53.64% leaves=32 survival=54.85% best=54.85% std=33.1%
[DTPO] it=91/150 step=909909 J_new=0.0016 kept mode=full gate=accept cand=55.76% leaves=32 survival=55.76% best=55.76% std=28.6%
[DTPO] it=92/150 step=919908 J_new=0.0010 revert mode=leaf gate=hold cand=55.76% leaves=32 survival=55.76% best=55.76% std=28.6%
[DTPO] it=93/150 step=929907 J_new=0.0009 revert mode=leaf gate=hold cand=55.76% leaves=32 survival=55.76% best=55.76% std=28.6%
[DTPO] it=94/150 step=939906 J_new=0.0002 revert mode=leaf gate=hold cand=55.76% leaves=32 survival=55.76% best=55.76% std=28.6%
[DTPO] it=95/150 step=949905 J_new=0.0001 kept mode=leaf gate=accept cand=56.45% leaves=32 survival=56.45% best=56.45% std=34.3%
[DTPO] it=96/150 step=959904 J_new=0.0024 kept mode=full gate=revert(1) cand=47.97% leaves=32 survival=56.45% best=56.45% std=34.3%
[DTPO] it=97/150 step=969903 J_new=0.0013 kept mode=leaf gate=accept cand=59.29% leaves=32 survival=59.29% best=59.29% std=33.2%
[DTPO] it=98/150 step=979902 J_new=0.0015 kept mode=leaf gate=revert(1) cand=46.93% leaves=32 survival=59.29% best=59.29% std=33.2%
[DTPO] it=99/150 step=989901 J_new=0.0011 kept mode=leaf gate=revert(2) cand=53.12% leaves=32 survival=59.29% best=59.29% std=33.2%
[DTPO] it=100/150 step=999900 J_new=0.0008 kept mode=leaf gate=revert(3) cand=52.03% leaves=32 survival=59.29% best=59.29% std=33.2%
[DTPO] it=101/150 step=1009899 J_new=0.0029 kept mode=full gate=revert(4) cand=46.25% leaves=32 survival=59.29% best=59.29% std=33.2%
[DTPO] it=102/150 step=1019898 J_new=0.0009 kept mode=leaf gate=revert(5) cand=49.54% leaves=32 survival=59.29% best=59.29% std=33.2%
[DTPO] it=103/150 step=1029897 J_new=0.0008 kept mode=leaf gate=revert(6) cand=51.03% leaves=32 survival=59.29% best=59.29% std=33.2%
[DTPO] it=104/150 step=1039896 J_new=0.0000 kept mode=leaf gate=revert(7) cand=44.68% leaves=32 survival=59.29% best=59.29% std=33.2%
[DTPO] it=105/150 step=1049895 J_new=0.0002 kept mode=leaf gate=revert(8) cand=58.38% leaves=32 survival=59.29% best=59.29% std=33.2%
[DTPO] it=106/150 step=1059894 J_new=0.0014 kept mode=full gate=revert(9) cand=48.54% leaves=32 survival=59.29% best=59.29% std=33.2%
[DTPO] it=107/150 step=1069893 J_new=0.0006 kept mode=leaf gate=revert(10) cand=55.72% leaves=32 survival=59.29% best=59.29% std=33.2%
[DTPO] it=108/150 step=1079892 J_new=0.0003 kept mode=leaf gate=accept cand=59.84% leaves=32 survival=59.84% best=59.84% std=34.6%
[DTPO] it=109/150 step=1089891 J_new=0.0008 kept mode=leaf gate=revert(1) cand=52.13% leaves=32 survival=59.84% best=59.84% std=34.6%
[DTPO] it=110/150 step=1099890 J_new=0.0009 kept mode=leaf gate=revert(2) cand=52.47% leaves=32 survival=59.84% best=59.84% std=34.6%
[DTPO] it=111/150 step=1109889 J_new=0.0029 kept mode=full gate=revert(3) cand=49.94% leaves=32 survival=59.84% best=59.84% std=34.6%
[DTPO] it=112/150 step=1119888 J_new=0.0003 kept mode=leaf gate=revert(4) cand=47.01% leaves=32 survival=59.84% best=59.84% std=34.6%
[DTPO] it=113/150 step=1129887 J_new=0.0007 kept mode=leaf gate=revert(5) cand=54.52% leaves=32 survival=59.84% best=59.84% std=34.6%
[DTPO] it=114/150 step=1139886 J_new=0.0007 kept mode=leaf gate=revert(6) cand=44.95% leaves=32 survival=59.84% best=59.84% std=34.6%
[DTPO] it=115/150 step=1149885 J_new=0.0012 kept mode=leaf gate=revert(7) cand=44.98% leaves=32 survival=59.84% best=59.84% std=34.6%
[DTPO] it=116/150 step=1159884 J_new=0.0043 kept mode=full gate=revert(8) cand=49.42% leaves=32 survival=59.84% best=59.84% std=34.6%
[DTPO] it=117/150 step=1169883 J_new=0.0002 kept mode=leaf gate=revert(9) cand=42.49% leaves=32 survival=59.84% best=59.84% std=34.6%
[DTPO] it=118/150 step=1179882 J_new=0.0002 kept mode=leaf gate=revert(10) cand=46.25% leaves=32 survival=59.84% best=59.84% std=34.6%
[DTPO] it=119/150 step=1189881 J_new=0.0002 kept mode=leaf gate=revert(11) cand=50.27% leaves=32 survival=59.84% best=59.84% std=34.6%
[DTPO] it=120/150 step=1199880 J_new=0.0009 kept mode=leaf gate=revert(12) cand=53.28% leaves=32 survival=59.84% best=59.84% std=34.6%
[DTPO] it=121/150 step=1209879 J_new=0.0027 kept mode=full gate=revert(13) cand=51.11% leaves=32 survival=59.84% best=59.84% std=34.6%
[DTPO] it=122/150 step=1219878 J_new=0.0007 kept mode=leaf gate=revert(14) cand=50.97% leaves=32 survival=59.84% best=59.84% std=34.6%
[DTPO] it=123/150 step=1229877 J_new=0.0004 kept mode=leaf gate=revert(15) cand=52.39% leaves=32 survival=59.84% best=59.84% std=34.6%
[DTPO] it=124/150 step=1239876 J_new=0.0004 kept mode=leaf gate=revert(16) cand=51.93% leaves=32 survival=59.84% best=59.84% std=34.6%
[DTPO] it=125/150 step=1249875 J_new=0.0002 kept mode=leaf gate=revert(17) cand=54.20% leaves=32 survival=59.84% best=59.84% std=34.6%
[DTPO] it=126/150 step=1259874 J_new=0.0015 kept mode=full gate=revert(18) cand=41.77% leaves=32 survival=59.84% best=59.84% std=34.6%
[DTPO] it=127/150 step=1269873 J_new=0.0000 kept mode=leaf gate=accept cand=65.93% leaves=32 survival=65.93% best=65.93% std=32.5%
[DTPO] it=128/150 step=1279872 J_new=0.0010 kept mode=leaf gate=revert(1) cand=52.33% leaves=32 survival=65.93% best=65.93% std=32.5%
[DTPO] it=129/150 step=1289871 J_new=0.0012 kept mode=leaf gate=revert(2) cand=42.92% leaves=32 survival=65.93% best=65.93% std=32.5%
[DTPO] it=130/150 step=1299870 J_new=0.0017 kept mode=leaf gate=revert(3) cand=46.75% leaves=32 survival=65.93% best=65.93% std=32.5%
[DTPO] it=131/150 step=1309869 J_new=0.0058 kept mode=full gate=revert(4) cand=45.30% leaves=32 survival=65.93% best=65.93% std=32.5%
[DTPO] it=132/150 step=1319868 J_new=0.0014 kept mode=leaf gate=revert(5) cand=41.35% leaves=32 survival=65.93% best=65.93% std=32.5%
[DTPO] it=133/150 step=1329867 J_new=0.0013 kept mode=leaf gate=revert(6) cand=51.58% leaves=32 survival=65.93% best=65.93% std=32.5%
[DTPO] it=134/150 step=1339866 J_new=0.0011 kept mode=leaf gate=revert(7) cand=45.63% leaves=32 survival=65.93% best=65.93% std=32.5%
[DTPO] it=135/150 step=1349865 J_new=0.0005 kept mode=leaf gate=revert(8) cand=48.17% leaves=32 survival=65.93% best=65.93% std=32.5%
[DTPO] it=136/150 step=1359864 J_new=0.0042 kept mode=full gate=revert(9) cand=56.92% leaves=32 survival=65.93% best=65.93% std=32.5%
[DTPO] it=137/150 step=1369863 J_new=0.0003 kept mode=leaf gate=revert(10) cand=49.91% leaves=32 survival=65.93% best=65.93% std=32.5%
[DTPO] it=138/150 step=1379862 J_new=0.0002 kept mode=leaf gate=revert(11) cand=37.02% leaves=32 survival=65.93% best=65.93% std=32.5%
[DTPO] it=139/150 step=1389861 J_new=0.0000 kept mode=leaf gate=revert(12) cand=57.54% leaves=32 survival=65.93% best=65.93% std=32.5%
[DTPO] it=140/150 step=1399860 J_new=-0.0001 revert mode=leaf gate=hold cand=65.93% leaves=32 survival=65.93% best=65.93% std=32.5%
[DTPO] it=141/150 step=1409859 J_new=0.0012 kept mode=full gate=revert(13) cand=54.73% leaves=32 survival=65.93% best=65.93% std=32.5%
[DTPO] it=142/150 step=1419858 J_new=0.0003 kept mode=leaf gate=revert(14) cand=41.51% leaves=32 survival=65.93% best=65.93% std=32.5%
[DTPO] it=143/150 step=1429857 J_new=0.0007 kept mode=leaf gate=revert(15) cand=44.63% leaves=32 survival=65.93% best=65.93% std=32.5%
[DTPO] it=144/150 step=1439856 J_new=0.0008 kept mode=leaf gate=revert(16) cand=51.02% leaves=32 survival=65.93% best=65.93% std=32.5%
[DTPO] it=145/150 step=1449855 J_new=0.0007 kept mode=leaf gate=revert(17) cand=45.40% leaves=32 survival=65.93% best=65.93% std=32.5%
[DTPO] it=146/150 step=1459854 J_new=0.0027 kept mode=full gate=revert(18) cand=48.72% leaves=32 survival=65.93% best=65.93% std=32.5%
[DTPO] it=147/150 step=1469853 J_new=0.0002 kept mode=leaf gate=revert(19) cand=55.52% leaves=32 survival=65.93% best=65.93% std=32.5%
[DTPO] it=148/150 step=1479852 J_new=0.0006 kept mode=leaf gate=revert(20) cand=52.38% leaves=32 survival=65.93% best=65.93% std=32.5%
[DTPO] it=149/150 step=1489851 J_new=0.0006 kept mode=leaf gate=revert(21) cand=50.38% leaves=32 survival=65.93% best=65.93% std=32.5%
[DTPO] it=150/150 step=1499850 J_new=0.0009 kept mode=leaf gate=revert(22) cand=53.85% leaves=32 survival=65.93% best=65.93% std=32.5%
[DTPO] stored 5 candidate trees for final selection (cheap survivals: ['65.9%', '59.8%', '59.3%', '58.4%', '57.5%']). Run dtpo_select.py --ckpt <ckpt> --episodes 100 to pick the honest best.
