[F2] training env filtered to 753/1004 chronics (every 4th id held out for evaluation)
Initializing the distributed action 'mapper'... (takes a while with big action spaces)
[F2] training env filtered to 753/1004 chronics (every 4th id held out for evaluation)
[F2] training env filtered to 753/1004 chronics (every 4th id held out for evaluation)
[F2] training env filtered to 753/1004 chronics (every 4th id held out for evaluation)[F2] training env filtered to 753/1004 chronics (every 4th id held out for evaluation)

[HYBRID] warm-start from /rds/general/user/ssl125/home/RL2Grid_v2/checkpoint/final_PPO_bus14_T_0_0__I__1775940444_3936.tar: {'mode': 'soft', 'n_samples': 20000, 'n_actions': 50, 'n_leaves': 16, 'max_depth': 9, 'fidelity': 0.61705, 'weighted_fidelity': 0.8216256169079642, 'curated': False, 'dagger_rounds': 0}
[DTPO] gate eval on 40 training-side chronics (of 1004); overlap with the held-out pool = 0 (must be 0): ids=[0, 25, 50, 76, 102, 128, 153, 178, 205, 230, 256, 282]...
[DTPO] it=1/150 step=9999 J_new=0.0022 kept mode=full gate=accept cand=26.14% leaves=16 survival=26.14% best=26.14% std=27.1%
[DTPO] it=2/150 step=19998 J_new=0.0048 kept mode=leaf gate=accept cand=26.14% leaves=16 survival=26.14% best=26.14% std=27.1%
[DTPO] it=3/150 step=29997 J_new=0.0029 kept mode=leaf gate=accept cand=26.14% leaves=16 survival=26.14% best=26.14% std=27.1%
[DTPO] it=4/150 step=39996 J_new=0.0035 kept mode=leaf gate=accept cand=26.14% leaves=16 survival=26.14% best=26.14% std=27.1%
[DTPO] it=5/150 step=49995 J_new=0.0047 kept mode=leaf gate=accept cand=26.14% leaves=16 survival=26.14% best=26.14% std=27.1%
[DTPO] it=6/150 step=59994 J_new=0.0041 kept mode=full gate=accept cand=27.17% leaves=16 survival=27.17% best=27.17% std=29.0%
[DTPO] it=7/150 step=69993 J_new=0.0034 kept mode=leaf gate=accept cand=27.17% leaves=16 survival=27.17% best=27.17% std=29.0%
[DTPO] it=8/150 step=79992 J_new=0.0041 kept mode=leaf gate=accept cand=27.17% leaves=16 survival=27.17% best=27.17% std=29.0%
[DTPO] it=9/150 step=89991 J_new=0.0038 kept mode=leaf gate=accept cand=27.17% leaves=16 survival=27.17% best=27.17% std=29.0%
[DTPO] it=10/150 step=99990 J_new=0.0019 kept mode=leaf gate=accept cand=27.17% leaves=16 survival=27.17% best=27.17% std=29.0%
[DTPO] it=11/150 step=109989 J_new=0.0032 kept mode=full gate=revert(1) cand=26.54% leaves=16 survival=27.17% best=27.17% std=29.0%
[DTPO] it=12/150 step=119988 J_new=0.0028 kept mode=leaf gate=accept cand=27.17% leaves=16 survival=27.17% best=27.17% std=29.0%
[DTPO] it=13/150 step=129987 J_new=0.0038 kept mode=leaf gate=revert(1) cand=18.24% leaves=16 survival=27.17% best=27.17% std=29.0%
[DTPO] it=14/150 step=139986 J_new=0.0034 kept mode=leaf gate=revert(2) cand=18.24% leaves=16 survival=27.17% best=27.17% std=29.0%
[DTPO] it=15/150 step=149985 J_new=0.0032 kept mode=leaf gate=accept cand=27.17% leaves=16 survival=27.17% best=27.17% std=29.0%
[DTPO] it=16/150 step=159984 J_new=0.0030 kept mode=full gate=accept cand=30.16% leaves=16 survival=30.16% best=30.16% std=29.5%
[DTPO] it=17/150 step=169983 J_new=0.0030 kept mode=leaf gate=accept cand=30.16% leaves=16 survival=30.16% best=30.16% std=29.5%
[DTPO] it=18/150 step=179982 J_new=0.0016 kept mode=leaf gate=revert(1) cand=22.84% leaves=16 survival=30.16% best=30.16% std=29.5%
[DTPO] it=19/150 step=189981 J_new=0.0025 kept mode=leaf gate=revert(2) cand=22.84% leaves=16 survival=30.16% best=30.16% std=29.5%
[DTPO] it=20/150 step=199980 J_new=0.0047 kept mode=leaf gate=accept cand=30.86% leaves=16 survival=30.86% best=30.86% std=29.9%
[DTPO] it=21/150 step=209979 J_new=0.0070 kept mode=full gate=revert(1) cand=27.96% leaves=16 survival=30.86% best=30.86% std=29.9%
[DTPO] it=22/150 step=219978 J_new=0.0046 kept mode=leaf gate=revert(2) cand=22.84% leaves=16 survival=30.86% best=30.86% std=29.9%
[DTPO] it=23/150 step=229977 J_new=0.0024 kept mode=leaf gate=revert(3) cand=22.84% leaves=16 survival=30.86% best=30.86% std=29.9%
[DTPO] it=24/150 step=239976 J_new=0.0022 kept mode=leaf gate=revert(4) cand=22.84% leaves=16 survival=30.86% best=30.86% std=29.9%
[DTPO] it=25/150 step=249975 J_new=0.0031 kept mode=leaf gate=revert(5) cand=22.84% leaves=16 survival=30.86% best=30.86% std=29.9%
[DTPO] it=26/150 step=259974 J_new=-0.0096 revert mode=full gate=hold cand=30.86% leaves=16 survival=30.86% best=30.86% std=29.9%
[DTPO] it=27/150 step=269973 J_new=0.0016 kept mode=leaf gate=revert(6) cand=22.84% leaves=16 survival=30.86% best=30.86% std=29.9%
[DTPO] it=28/150 step=279972 J_new=0.0020 kept mode=leaf gate=revert(7) cand=22.84% leaves=16 survival=30.86% best=30.86% std=29.9%
[DTPO] it=29/150 step=289971 J_new=0.0027 kept mode=leaf gate=accept cand=30.86% leaves=16 survival=30.86% best=30.86% std=29.9%
[DTPO] it=30/150 step=299970 J_new=0.0029 kept mode=leaf gate=accept cand=30.86% leaves=16 survival=30.86% best=30.86% std=29.9%
[DTPO] it=31/150 step=309969 J_new=0.0038 kept mode=full gate=revert(1) cand=25.11% leaves=16 survival=30.86% best=30.86% std=29.9%
[DTPO] it=32/150 step=319968 J_new=0.0027 kept mode=leaf gate=accept cand=30.86% leaves=16 survival=30.86% best=30.86% std=29.9%
[DTPO] it=33/150 step=329967 J_new=0.0027 kept mode=leaf gate=accept cand=30.86% leaves=16 survival=30.86% best=30.86% std=29.9%
[DTPO] it=34/150 step=339966 J_new=0.0020 kept mode=leaf gate=accept cand=30.86% leaves=16 survival=30.86% best=30.86% std=29.9%
[DTPO] it=35/150 step=349965 J_new=0.0020 kept mode=leaf gate=revert(1) cand=22.84% leaves=16 survival=30.86% best=30.86% std=29.9%
[DTPO] it=36/150 step=359964 J_new=0.0020 kept mode=full gate=accept cand=31.45% leaves=16 survival=31.45% best=31.45% std=32.3%
[DTPO] it=37/150 step=369963 J_new=0.0019 kept mode=leaf gate=accept cand=31.45% leaves=16 survival=31.45% best=31.45% std=32.3%
[DTPO] it=38/150 step=379962 J_new=0.0016 kept mode=leaf gate=accept cand=31.45% leaves=16 survival=31.45% best=31.45% std=32.3%
[DTPO] it=39/150 step=389961 J_new=0.0022 kept mode=leaf gate=revert(1) cand=30.03% leaves=16 survival=31.45% best=31.45% std=32.3%
[DTPO] it=40/150 step=399960 J_new=0.0018 kept mode=leaf gate=accept cand=31.45% leaves=16 survival=31.45% best=31.45% std=32.3%
[DTPO] it=41/150 step=409959 J_new=0.0037 kept mode=full gate=revert(1) cand=30.80% leaves=16 survival=31.45% best=31.45% std=32.3%
[DTPO] it=42/150 step=419958 J_new=0.0021 kept mode=leaf gate=revert(2) cand=23.88% leaves=16 survival=31.45% best=31.45% std=32.3%
[DTPO] it=43/150 step=429957 J_new=0.0023 kept mode=leaf gate=revert(3) cand=28.78% leaves=16 survival=31.45% best=31.45% std=32.3%
[DTPO] it=44/150 step=439956 J_new=0.0017 kept mode=leaf gate=accept cand=31.45% leaves=16 survival=31.45% best=31.45% std=32.3%
[DTPO] it=45/150 step=449955 J_new=0.0014 kept mode=leaf gate=revert(1) cand=21.27% leaves=16 survival=31.45% best=31.45% std=32.3%
[DTPO] it=46/150 step=459954 J_new=0.0021 kept mode=full gate=revert(2) cand=27.46% leaves=16 survival=31.45% best=31.45% std=32.3%
[DTPO] it=47/150 step=469953 J_new=0.0029 kept mode=leaf gate=revert(3) cand=21.27% leaves=16 survival=31.45% best=31.45% std=32.3%
[DTPO] it=48/150 step=479952 J_new=0.0017 kept mode=leaf gate=revert(4) cand=28.78% leaves=16 survival=31.45% best=31.45% std=32.3%
[DTPO] it=49/150 step=489951 J_new=0.0012 kept mode=leaf gate=revert(5) cand=30.03% leaves=16 survival=31.45% best=31.45% std=32.3%
[DTPO] it=50/150 step=499950 J_new=0.0021 kept mode=leaf gate=revert(6) cand=24.29% leaves=16 survival=31.45% best=31.45% std=32.3%
[DTPO] it=51/150 step=509949 J_new=0.0054 kept mode=full gate=revert(7) cand=1.61% leaves=16 survival=31.45% best=31.45% std=32.3%
[DTPO] it=52/150 step=519948 J_new=0.0017 kept mode=leaf gate=revert(8) cand=28.78% leaves=16 survival=31.45% best=31.45% std=32.3%
[DTPO] it=53/150 step=529947 J_new=0.0012 kept mode=leaf gate=revert(9) cand=30.03% leaves=16 survival=31.45% best=31.45% std=32.3%
[DTPO] it=54/150 step=539946 J_new=0.0016 kept mode=leaf gate=accept cand=31.45% leaves=16 survival=31.45% best=31.45% std=32.3%
[DTPO] it=55/150 step=549945 J_new=0.0012 kept mode=leaf gate=revert(1) cand=26.89% leaves=16 survival=31.45% best=31.45% std=32.3%
[DTPO] it=56/150 step=559944 J_new=0.0064 kept mode=full gate=revert(2) cand=11.46% leaves=16 survival=31.45% best=31.45% std=32.3%
[DTPO] it=57/150 step=569943 J_new=0.0022 kept mode=leaf gate=revert(3) cand=26.89% leaves=16 survival=31.45% best=31.45% std=32.3%
[DTPO] it=58/150 step=579942 J_new=0.0018 kept mode=leaf gate=revert(4) cand=26.74% leaves=16 survival=31.45% best=31.45% std=32.3%
[DTPO] it=59/150 step=589941 J_new=0.0016 kept mode=leaf gate=revert(5) cand=23.87% leaves=16 survival=31.45% best=31.45% std=32.3%
[DTPO] it=60/150 step=599940 J_new=0.0013 kept mode=leaf gate=revert(6) cand=21.75% leaves=16 survival=31.45% best=31.45% std=32.3%
[DTPO] it=61/150 step=609939 J_new=0.0044 kept mode=full gate=revert(7) cand=28.34% leaves=16 survival=31.45% best=31.45% std=32.3%
[DTPO] it=62/150 step=619938 J_new=0.0018 kept mode=leaf gate=revert(8) cand=21.96% leaves=16 survival=31.45% best=31.45% std=32.3%
[DTPO] it=63/150 step=629937 J_new=0.0020 kept mode=leaf gate=accept cand=34.38% leaves=16 survival=34.38% best=34.38% std=31.9%
[DTPO] it=64/150 step=639936 J_new=0.0010 kept mode=leaf gate=revert(1) cand=23.03% leaves=16 survival=34.38% best=34.38% std=31.9%
[DTPO] it=65/150 step=649935 J_new=0.0013 kept mode=leaf gate=revert(2) cand=27.36% leaves=16 survival=34.38% best=34.38% std=31.9%
[DTPO] it=66/150 step=659934 J_new=0.0040 kept mode=full gate=revert(3) cand=32.32% leaves=16 survival=34.38% best=34.38% std=31.9%
[DTPO] it=67/150 step=669933 J_new=0.0011 kept mode=leaf gate=revert(4) cand=21.72% leaves=16 survival=34.38% best=34.38% std=31.9%
[DTPO] it=68/150 step=679932 J_new=0.0019 kept mode=leaf gate=revert(5) cand=23.87% leaves=16 survival=34.38% best=34.38% std=31.9%
[DTPO] it=69/150 step=689931 J_new=0.0025 kept mode=leaf gate=revert(6) cand=28.78% leaves=16 survival=34.38% best=34.38% std=31.9%
[DTPO] it=70/150 step=699930 J_new=0.0019 kept mode=leaf gate=revert(7) cand=31.45% leaves=16 survival=34.38% best=34.38% std=31.9%
[DTPO] it=71/150 step=709929 J_new=0.0046 kept mode=full gate=revert(8) cand=33.03% leaves=16 survival=34.38% best=34.38% std=31.9%
[DTPO] it=72/150 step=719928 J_new=0.0022 kept mode=leaf gate=revert(9) cand=26.89% leaves=16 survival=34.38% best=34.38% std=31.9%
[DTPO] it=73/150 step=729927 J_new=0.0013 kept mode=leaf gate=revert(10) cand=30.03% leaves=16 survival=34.38% best=34.38% std=31.9%
[DTPO] it=74/150 step=739926 J_new=0.0017 kept mode=leaf gate=revert(11) cand=31.45% leaves=16 survival=34.38% best=34.38% std=31.9%
[DTPO] it=75/150 step=749925 J_new=0.0015 kept mode=leaf gate=revert(12) cand=21.23% leaves=16 survival=34.38% best=34.38% std=31.9%
[DTPO] it=76/150 step=759924 J_new=0.0050 kept mode=full gate=revert(13) cand=26.05% leaves=16 survival=34.38% best=34.38% std=31.9%
[DTPO] it=77/150 step=769923 J_new=0.0011 kept mode=leaf gate=revert(14) cand=30.03% leaves=16 survival=34.38% best=34.38% std=31.9%
[DTPO] it=78/150 step=779922 J_new=0.0018 kept mode=leaf gate=revert(15) cand=23.87% leaves=16 survival=34.38% best=34.38% std=31.9%
[DTPO] it=79/150 step=789921 J_new=0.0013 kept mode=leaf gate=revert(16) cand=31.45% leaves=16 survival=34.38% best=34.38% std=31.9%
[DTPO] it=80/150 step=799920 J_new=0.0015 kept mode=leaf gate=revert(17) cand=28.78% leaves=16 survival=34.38% best=34.38% std=31.9%
[DTPO] it=81/150 step=809919 J_new=0.0039 kept mode=full gate=revert(18) cand=32.14% leaves=16 survival=34.38% best=34.38% std=31.9%
[DTPO] it=82/150 step=819918 J_new=0.0021 kept mode=leaf gate=revert(19) cand=23.04% leaves=16 survival=34.38% best=34.38% std=31.9%
[DTPO] it=83/150 step=829917 J_new=0.0018 kept mode=leaf gate=revert(20) cand=21.96% leaves=16 survival=34.38% best=34.38% std=31.9%
[DTPO] it=84/150 step=839916 J_new=0.0015 kept mode=leaf gate=revert(21) cand=21.96% leaves=16 survival=34.38% best=34.38% std=31.9%
[DTPO] it=85/150 step=849915 J_new=0.0018 kept mode=leaf gate=revert(22) cand=23.03% leaves=16 survival=34.38% best=34.38% std=31.9%
[DTPO] it=86/150 step=859914 J_new=0.0033 kept mode=full gate=revert(23) cand=13.14% leaves=16 survival=34.38% best=34.38% std=31.9%
[DTPO] it=87/150 step=869913 J_new=0.0017 kept mode=leaf gate=revert(24) cand=29.19% leaves=16 survival=34.38% best=34.38% std=31.9%
[DTPO] it=88/150 step=879912 J_new=0.0024 kept mode=leaf gate=revert(25) cand=21.96% leaves=16 survival=34.38% best=34.38% std=31.9%
[DTPO] it=89/150 step=889911 J_new=0.0011 kept mode=leaf gate=revert(26) cand=23.03% leaves=16 survival=34.38% best=34.38% std=31.9%
[DTPO] it=90/150 step=899910 J_new=0.0015 kept mode=leaf gate=revert(27) cand=30.03% leaves=16 survival=34.38% best=34.38% std=31.9%
[DTPO] it=91/150 step=909909 J_new=0.0032 kept mode=full gate=revert(28) cand=17.67% leaves=16 survival=34.38% best=34.38% std=31.9%
[DTPO] it=92/150 step=919908 J_new=0.0015 kept mode=leaf gate=revert(29) cand=31.45% leaves=16 survival=34.38% best=34.38% std=31.9%
[DTPO] it=93/150 step=929907 J_new=0.0014 kept mode=leaf gate=revert(30) cand=28.78% leaves=16 survival=34.38% best=34.38% std=31.9%
[DTPO] it=94/150 step=939906 J_new=0.0015 kept mode=leaf gate=accept cand=34.38% leaves=16 survival=34.38% best=34.38% std=31.9%
[DTPO] it=95/150 step=949905 J_new=0.0019 kept mode=leaf gate=revert(1) cand=23.03% leaves=16 survival=34.38% best=34.38% std=31.9%
[DTPO] it=96/150 step=959904 J_new=0.0028 kept mode=full gate=revert(2) cand=26.16% leaves=16 survival=34.38% best=34.38% std=31.9%
[DTPO] it=97/150 step=969903 J_new=0.0015 kept mode=leaf gate=revert(3) cand=23.87% leaves=16 survival=34.38% best=34.38% std=31.9%
[DTPO] it=98/150 step=979902 J_new=0.0014 kept mode=leaf gate=accept cand=37.99% leaves=16 survival=37.99% best=37.99% std=35.7%
[DTPO] it=99/150 step=989901 J_new=0.0012 kept mode=leaf gate=accept cand=37.99% leaves=16 survival=37.99% best=37.99% std=35.7%
[DTPO] it=100/150 step=999900 J_new=0.0013 kept mode=leaf gate=accept cand=37.99% leaves=16 survival=37.99% best=37.99% std=35.7%
[DTPO] it=101/150 step=1009899 J_new=0.0004 kept mode=full gate=revert(1) cand=29.80% leaves=16 survival=37.99% best=37.99% std=35.7%
[DTPO] it=102/150 step=1019898 J_new=0.0017 kept mode=leaf gate=accept cand=37.99% leaves=16 survival=37.99% best=37.99% std=35.7%
[DTPO] it=103/150 step=1029897 J_new=0.0029 kept mode=leaf gate=accept cand=37.99% leaves=16 survival=37.99% best=37.99% std=35.7%
[DTPO] it=104/150 step=1039896 J_new=0.0016 kept mode=leaf gate=revert(1) cand=23.03% leaves=16 survival=37.99% best=37.99% std=35.7%
[DTPO] it=105/150 step=1049895 J_new=0.0018 kept mode=leaf gate=revert(2) cand=34.38% leaves=16 survival=37.99% best=37.99% std=35.7%
[DTPO] it=106/150 step=1059894 J_new=0.0033 kept mode=full gate=revert(3) cand=19.90% leaves=16 survival=37.99% best=37.99% std=35.7%
[DTPO] it=107/150 step=1069893 J_new=0.0014 kept mode=leaf gate=revert(4) cand=37.04% leaves=16 survival=37.99% best=37.99% std=35.7%
[DTPO] it=108/150 step=1079892 J_new=0.0014 kept mode=leaf gate=revert(5) cand=33.89% leaves=16 survival=37.99% best=37.99% std=35.7%
[DTPO] it=109/150 step=1089891 J_new=0.0015 kept mode=leaf gate=revert(6) cand=24.29% leaves=16 survival=37.99% best=37.99% std=35.7%
[DTPO] it=110/150 step=1099890 J_new=0.0015 kept mode=leaf gate=accept cand=37.99% leaves=16 survival=37.99% best=37.99% std=35.7%
[DTPO] it=111/150 step=1109889 J_new=0.0031 kept mode=full gate=revert(1) cand=33.53% leaves=16 survival=37.99% best=37.99% std=35.7%
[DTPO] it=112/150 step=1119888 J_new=0.0015 kept mode=leaf gate=revert(2) cand=34.46% leaves=16 survival=37.99% best=37.99% std=35.7%
[DTPO] it=113/150 step=1129887 J_new=0.0009 kept mode=leaf gate=revert(3) cand=34.38% leaves=16 survival=37.99% best=37.99% std=35.7%
[DTPO] it=114/150 step=1139886 J_new=0.0016 kept mode=leaf gate=revert(4) cand=34.38% leaves=16 survival=37.99% best=37.99% std=35.7%
[DTPO] it=115/150 step=1149885 J_new=0.0009 kept mode=leaf gate=accept cand=37.99% leaves=16 survival=37.99% best=37.99% std=35.7%
[DTPO] it=116/150 step=1159884 J_new=0.0025 kept mode=full gate=revert(1) cand=26.49% leaves=16 survival=37.99% best=37.99% std=35.7%
[DTPO] it=117/150 step=1169883 J_new=0.0026 kept mode=leaf gate=revert(2) cand=24.30% leaves=16 survival=37.99% best=37.99% std=35.7%
[DTPO] it=118/150 step=1179882 J_new=0.0011 kept mode=leaf gate=accept cand=37.99% leaves=16 survival=37.99% best=37.99% std=35.7%
[DTPO] it=119/150 step=1189881 J_new=0.0013 kept mode=leaf gate=revert(1) cand=27.84% leaves=16 survival=37.99% best=37.99% std=35.7%
[DTPO] it=120/150 step=1199880 J_new=0.0193 kept mode=leaf gate=revert(2) cand=33.86% leaves=16 survival=37.99% best=37.99% std=35.7%
[DTPO] it=121/150 step=1209879 J_new=0.0061 kept mode=full gate=revert(3) cand=27.65% leaves=16 survival=37.99% best=37.99% std=35.7%
[DTPO] it=122/150 step=1219878 J_new=0.0021 kept mode=leaf gate=accept cand=37.99% leaves=16 survival=37.99% best=37.99% std=35.7%
[DTPO] it=123/150 step=1229877 J_new=0.0018 kept mode=leaf gate=revert(1) cand=33.46% leaves=16 survival=37.99% best=37.99% std=35.7%
[DTPO] it=124/150 step=1239876 J_new=0.0019 kept mode=leaf gate=accept cand=37.99% leaves=16 survival=37.99% best=37.99% std=35.7%
[DTPO] it=125/150 step=1249875 J_new=0.0027 kept mode=leaf gate=revert(1) cand=29.19% leaves=16 survival=37.99% best=37.99% std=35.7%
[DTPO] it=126/150 step=1259874 J_new=0.0011 kept mode=full gate=revert(2) cand=30.94% leaves=16 survival=37.99% best=37.99% std=35.7%
[DTPO] it=127/150 step=1269873 J_new=0.0016 kept mode=leaf gate=revert(3) cand=19.89% leaves=16 survival=37.99% best=37.99% std=35.7%
[DTPO] it=128/150 step=1279872 J_new=0.0012 kept mode=leaf gate=revert(4) cand=34.38% leaves=16 survival=37.99% best=37.99% std=35.7%
[DTPO] it=129/150 step=1289871 J_new=0.0024 kept mode=leaf gate=accept cand=42.50% leaves=16 survival=42.50% best=42.50% std=38.1%
[DTPO] it=130/150 step=1299870 J_new=0.0010 kept mode=leaf gate=revert(1) cand=27.72% leaves=16 survival=42.50% best=42.50% std=38.1%
[DTPO] it=131/150 step=1309869 J_new=-0.0188 revert mode=full gate=hold cand=42.50% leaves=16 survival=42.50% best=42.50% std=38.1%
[DTPO] it=132/150 step=1319868 J_new=0.0014 kept mode=leaf gate=revert(2) cand=11.14% leaves=16 survival=42.50% best=42.50% std=38.1%
[DTPO] it=133/150 step=1329867 J_new=0.0019 kept mode=leaf gate=accept cand=44.06% leaves=16 survival=44.06% best=44.06% std=38.5%
[DTPO] it=134/150 step=1339866 J_new=0.0011 kept mode=leaf gate=revert(1) cand=24.48% leaves=16 survival=44.06% best=44.06% std=38.5%
[DTPO] it=135/150 step=1349865 J_new=0.0012 kept mode=leaf gate=revert(2) cand=30.26% leaves=16 survival=44.06% best=44.06% std=38.5%
[DTPO] it=136/150 step=1359864 J_new=0.0034 kept mode=full gate=revert(3) cand=28.36% leaves=16 survival=44.06% best=44.06% std=38.5%
[DTPO] it=137/150 step=1369863 J_new=0.0012 kept mode=leaf gate=revert(4) cand=31.84% leaves=16 survival=44.06% best=44.06% std=38.5%
[DTPO] it=138/150 step=1379862 J_new=0.0013 kept mode=leaf gate=revert(5) cand=24.66% leaves=16 survival=44.06% best=44.06% std=38.5%
[DTPO] it=139/150 step=1389861 J_new=0.0011 kept mode=leaf gate=revert(6) cand=27.69% leaves=16 survival=44.06% best=44.06% std=38.5%
[DTPO] it=140/150 step=1399860 J_new=0.0019 kept mode=leaf gate=revert(7) cand=27.49% leaves=16 survival=44.06% best=44.06% std=38.5%
[DTPO] it=141/150 step=1409859 J_new=0.0006 kept mode=full gate=revert(8) cand=32.96% leaves=16 survival=44.06% best=44.06% std=38.5%
[DTPO] it=142/150 step=1419858 J_new=0.0024 kept mode=leaf gate=revert(9) cand=8.11% leaves=16 survival=44.06% best=44.06% std=38.5%
[DTPO] it=143/150 step=1429857 J_new=0.0020 kept mode=leaf gate=revert(10) cand=41.47% leaves=16 survival=44.06% best=44.06% std=38.5%
[DTPO] it=144/150 step=1439856 J_new=0.0008 kept mode=leaf gate=revert(11) cand=35.08% leaves=16 survival=44.06% best=44.06% std=38.5%
[DTPO] it=145/150 step=1449855 J_new=0.0014 kept mode=leaf gate=revert(12) cand=30.26% leaves=16 survival=44.06% best=44.06% std=38.5%
[DTPO] it=146/150 step=1459854 J_new=0.0036 kept mode=full gate=revert(13) cand=41.95% leaves=16 survival=44.06% best=44.06% std=38.5%
[DTPO] it=147/150 step=1469853 J_new=0.0014 kept mode=leaf gate=revert(14) cand=27.49% leaves=16 survival=44.06% best=44.06% std=38.5%
[DTPO] it=148/150 step=1479852 J_new=0.0013 kept mode=leaf gate=revert(15) cand=26.71% leaves=16 survival=44.06% best=44.06% std=38.5%
[DTPO] it=149/150 step=1489851 J_new=0.0012 kept mode=leaf gate=accept cand=44.06% leaves=16 survival=44.06% best=44.06% std=38.5%
[DTPO] it=150/150 step=1499850 J_new=0.0012 kept mode=leaf gate=revert(1) cand=41.47% leaves=16 survival=44.06% best=44.06% std=38.5%
[DTPO] stored 5 candidate trees for final selection (cheap survivals: ['44.1%', '44.1%', '42.5%', '42.0%', '41.5%']). Run dtpo_select.py --ckpt <ckpt> --episodes 100 to pick the honest best.
