Initializing the distributed action 'mapper'... (takes a while with big action spaces)
Eval at step 10000, survival=0.066%, return=[-1.0045610591769218, -0.8575848937034607, -5.0, -1.0317460317460319]
[DTPO] it=5/80 step=10000 J_new=0.2551 kept leaves=16 survival=0.07% best=0.07%
Eval at step 20000, survival=13.641%, return=[-2.602714138609978, 172.94370666146278, -207.57931961483942, -45.587301587301624]
[DTPO] it=10/80 step=20000 J_new=0.5218 kept leaves=16 survival=13.64% best=13.64%
Eval at step 30000, survival=100.000%, return=[-19.476637443876825, 1021.2611312121153, -35.07921314943815, -96.00000000000206]
[DTPO] it=15/80 step=30000 J_new=0.1748 kept leaves=16 survival=100.00% best=100.00%
Eval at step 40000, survival=5.208%, return=[-1.278339613112621, 74.76459890604019, -5.0, -18.333333333333307]
[DTPO] it=20/80 step=40000 J_new=0.2237 kept leaves=16 survival=5.21% best=100.00%
Eval at step 50000, survival=100.000%, return=[-17.970895226317225, 973.6214955793694, -2546.010913847622, -277.1428571428668]
[DTPO] it=25/80 step=50000 J_new=0.5532 kept leaves=16 survival=100.00% best=100.00%
Eval at step 60000, survival=100.000%, return=[-17.970895226317225, 973.6214955793694, -2546.010913847622, -277.1428571428668]
[DTPO] it=30/80 step=60000 J_new=0.3693 kept leaves=16 survival=100.00% best=100.00%
Eval at step 70000, survival=100.000%, return=[-19.164153737205197, 1065.7459102422, -1399.1149912195397, -192.19047619048192]
[DTPO] it=35/80 step=70000 J_new=0.0373 kept leaves=16 survival=100.00% best=100.00%
Eval at step 80000, survival=100.000%, return=[-17.970895226317225, 973.6214955793694, -2546.010913847622, -277.1428571428668]
[DTPO] it=40/80 step=80000 J_new=0.0544 kept leaves=16 survival=100.00% best=100.00%
Eval at step 90000, survival=100.000%, return=[-17.970895226317225, 973.6214955793694, -2546.010913847622, -277.1428571428668]
[DTPO] it=45/80 step=90000 J_new=0.0653 kept leaves=16 survival=100.00% best=100.00%
Eval at step 100000, survival=100.000%, return=[-17.53733320669562, 1267.62320356071, -35.07921314943815, -143.99999999999832]
[DTPO] it=50/80 step=100000 J_new=0.0284 kept leaves=16 survival=100.00% best=100.00%
Eval at step 110000, survival=100.000%, return=[-19.673802347271703, 1000.9925196915865, -35.07921314943815, -96.00000000000206]
[DTPO] it=55/80 step=110000 J_new=0.3367 kept leaves=16 survival=100.00% best=100.00%
Eval at step 120000, survival=100.000%, return=[-8.692604652955197, 1308.5369509160519, 0.0, -240.0476190476213]
[DTPO] it=60/80 step=120000 J_new=0.0866 kept leaves=16 survival=100.00% best=100.00%
Eval at step 130000, survival=100.000%, return=[-17.970895226317225, 973.6214955793694, -2546.010913847622, -277.1428571428668]
[DTPO] it=65/80 step=130000 J_new=0.0890 kept leaves=16 survival=100.00% best=100.00%
Eval at step 140000, survival=100.000%, return=[-17.970895226317225, 973.6214955793694, -2546.010913847622, -277.1428571428668]
[DTPO] it=70/80 step=140000 J_new=0.2549 kept leaves=16 survival=100.00% best=100.00%
Eval at step 150000, survival=100.000%, return=[-17.970895226317225, 973.6214955793694, -2546.010913847622, -277.1428571428668]
[DTPO] it=75/80 step=150000 J_new=0.2778 kept leaves=16 survival=100.00% best=100.00%
Eval at step 160000, survival=100.000%, return=[-6.46725655485352, 1327.9845510820548, -2377.8539867745712, -412.44444444445554]
[DTPO] it=80/80 step=160000 J_new=0.0462 kept leaves=16 survival=100.00% best=100.00%
