[F2] training env filtered to 2160/2880 chronics (every 4th id held out for evaluation)
Initializing the distributed action 'mapper'... (takes a while with big action spaces)
[F2] training env filtered to 2160/2880 chronics (every 4th id held out for evaluation)
[F2] training env filtered to 2160/2880 chronics (every 4th id held out for evaluation)[F2] training env filtered to 2160/2880 chronics (every 4th id held out for evaluation)

[F2] training env filtered to 2160/2880 chronics (every 4th id held out for evaluation)
[HYBRID] warm-start from /rds/general/user/ssl125/home/RL2Grid_v2/checkpoint/final_PPO_bus36-M_T_100_0__I__1784927195_14574.tar: {'mode': 'soft', 'n_samples': 20000, 'n_actions': 50, 'n_leaves': 16, 'max_depth': 9, 'fidelity': 0.98955, 'weighted_fidelity': 0.9994033242846944, 'curated': False, 'dagger_rounds': 0}
[DTPO] gate eval on 40 training-side chronics (of 2880); overlap with the held-out pool = 0 (must be 0): ids=[0, 73, 146, 221, 294, 368, 442, 516, 589, 664, 737, 810]...
[DTPO] it=1/150 step=9999 J_new=0.0213 kept mode=full leaves=16 survival=19.79% best=19.79% std=27.8%
[DTPO] it=2/150 step=19998 J_new=0.0031 kept mode=full leaves=16 survival=25.80% best=25.80% std=29.9%
[DTPO] it=3/150 step=29997 J_new=0.0016 kept mode=full leaves=16 survival=21.50% best=25.80% std=28.1%
[DTPO] it=4/150 step=39996 J_new=0.0001 kept mode=full leaves=16 survival=21.50% best=25.80% std=28.1%
[DTPO] it=5/150 step=49995 J_new=0.0059 kept mode=full leaves=16 survival=21.50% best=25.80% std=28.1%
[DTPO] it=6/150 step=59994 J_new=0.0063 kept mode=full leaves=16 survival=21.50% best=25.80% std=28.1%
[DTPO] it=7/150 step=69993 J_new=0.0088 kept mode=full leaves=16 survival=25.30% best=25.80% std=31.0%
[DTPO] it=8/150 step=79992 J_new=0.0035 kept mode=full leaves=16 survival=28.07% best=28.07% std=31.7%
[DTPO] it=9/150 step=89991 J_new=0.0044 kept mode=full leaves=16 survival=24.17% best=28.07% std=28.3%
[DTPO] it=10/150 step=99990 J_new=0.2685 kept mode=full leaves=16 survival=21.90% best=28.07% std=29.2%
[DTPO] it=11/150 step=109989 J_new=-0.0004 revert mode=full leaves=16 survival=21.90% best=28.07% std=29.2%
[DTPO] it=12/150 step=119988 J_new=0.0007 kept mode=full leaves=16 survival=12.99% best=28.07% std=17.8%
[DTPO] it=13/150 step=129987 J_new=0.0023 kept mode=full leaves=16 survival=19.95% best=28.07% std=26.1%
[DTPO] it=14/150 step=139986 J_new=0.0000 kept mode=full leaves=16 survival=27.93% best=28.07% std=31.6%
[DTPO] it=15/150 step=149985 J_new=0.0006 kept mode=full leaves=16 survival=11.89% best=28.07% std=18.9%
[DTPO] it=16/150 step=159984 J_new=0.0010 kept mode=full leaves=16 survival=28.16% best=28.16% std=31.6%
[DTPO] it=17/150 step=169983 J_new=0.0000 kept mode=full leaves=16 survival=28.16% best=28.16% std=31.6%
[DTPO] it=18/150 step=179982 J_new=0.0006 kept mode=full leaves=16 survival=28.16% best=28.16% std=31.6%
[DTPO] it=19/150 step=189981 J_new=0.0736 kept mode=full leaves=16 survival=28.16% best=28.16% std=31.6%
[DTPO] it=20/150 step=199980 J_new=0.0059 kept mode=full leaves=16 survival=28.16% best=28.16% std=31.6%
[DTPO] it=21/150 step=209979 J_new=0.0968 kept mode=full leaves=16 survival=23.75% best=28.16% std=27.1%
[DTPO] it=22/150 step=219978 J_new=0.0152 kept mode=full leaves=16 survival=28.16% best=28.16% std=31.6%
[DTPO] it=23/150 step=229977 J_new=0.2708 kept mode=full leaves=16 survival=13.93% best=28.16% std=22.5%
[DTPO] it=24/150 step=239976 J_new=0.0039 kept mode=full leaves=16 survival=13.78% best=28.16% std=21.4%
[DTPO] it=25/150 step=249975 J_new=0.0017 kept mode=full leaves=16 survival=13.93% best=28.16% std=22.5%
[DTPO] it=26/150 step=259974 J_new=0.0040 kept mode=full leaves=16 survival=28.16% best=28.16% std=31.6%
[DTPO] it=27/150 step=269973 J_new=0.0021 kept mode=full leaves=16 survival=28.16% best=28.16% std=31.6%
[DTPO] it=28/150 step=279972 J_new=0.0744 kept mode=full leaves=16 survival=28.16% best=28.16% std=31.6%
[DTPO] it=29/150 step=289971 J_new=0.0194 kept mode=full leaves=16 survival=24.28% best=28.16% std=27.0%
[DTPO] it=30/150 step=299970 J_new=0.2310 kept mode=full leaves=16 survival=16.44% best=28.16% std=22.8%
[DTPO] it=31/150 step=309969 J_new=0.0113 kept mode=full leaves=16 survival=13.45% best=28.16% std=21.6%
[DTPO] it=32/150 step=319968 J_new=0.0006 kept mode=full leaves=16 survival=13.42% best=28.16% std=22.4%
[DTPO] it=33/150 step=329967 J_new=0.0116 kept mode=full leaves=16 survival=28.16% best=28.16% std=31.6%
[DTPO] it=34/150 step=339966 J_new=0.0229 kept mode=full leaves=16 survival=28.16% best=28.16% std=31.6%
[DTPO] it=35/150 step=349965 J_new=0.2404 kept mode=full leaves=16 survival=24.33% best=28.16% std=28.7%
[DTPO] it=36/150 step=359964 J_new=0.0039 kept mode=full leaves=16 survival=22.87% best=28.16% std=26.8%
[DTPO] it=37/150 step=369963 J_new=0.0312 kept mode=full leaves=16 survival=18.30% best=28.16% std=22.8%
[DTPO] it=38/150 step=379962 J_new=0.0075 kept mode=full leaves=16 survival=16.37% best=28.16% std=19.2%
[DTPO] it=39/150 step=389961 J_new=0.0092 kept mode=full leaves=16 survival=17.99% best=28.16% std=20.5%
[DTPO] it=40/150 step=399960 J_new=0.0098 kept mode=full leaves=16 survival=16.69% best=28.16% std=22.1%
[DTPO] it=41/150 step=409959 J_new=0.0101 kept mode=full leaves=16 survival=16.53% best=28.16% std=22.3%
[DTPO] it=42/150 step=419958 J_new=0.0085 kept mode=full leaves=16 survival=15.98% best=28.16% std=19.1%
[DTPO] it=43/150 step=429957 J_new=0.0578 kept mode=full leaves=16 survival=19.05% best=28.16% std=23.9%
[DTPO] it=44/150 step=439956 J_new=0.0112 kept mode=full leaves=16 survival=14.23% best=28.16% std=23.0%
[DTPO] it=45/150 step=449955 J_new=0.0061 kept mode=full leaves=16 survival=13.16% best=28.16% std=19.6%
[DTPO] it=46/150 step=459954 J_new=0.0181 kept mode=full leaves=16 survival=12.87% best=28.16% std=21.4%
[DTPO] it=47/150 step=469953 J_new=0.0988 kept mode=full leaves=16 survival=28.16% best=28.16% std=31.6%
[DTPO] it=48/150 step=479952 J_new=0.0710 kept mode=full leaves=16 survival=21.37% best=28.16% std=25.9%
[DTPO] it=49/150 step=489951 J_new=0.0477 kept mode=full leaves=16 survival=17.95% best=28.16% std=22.6%
[DTPO] it=50/150 step=499950 J_new=0.0016 kept mode=full leaves=16 survival=13.80% best=28.16% std=21.1%
[DTPO] it=51/150 step=509949 J_new=0.0063 kept mode=full leaves=16 survival=14.25% best=28.16% std=19.1%
[DTPO] it=52/150 step=519948 J_new=0.1072 kept mode=full leaves=16 survival=15.78% best=28.16% std=20.0%
[DTPO] it=53/150 step=529947 J_new=0.0058 kept mode=full leaves=16 survival=23.59% best=28.16% std=27.2%
[DTPO] it=54/150 step=539946 J_new=0.1630 kept mode=full leaves=16 survival=16.71% best=28.16% std=25.0%
[DTPO] it=55/150 step=549945 J_new=0.0018 kept mode=full leaves=16 survival=16.60% best=28.16% std=23.3%
[DTPO] it=56/150 step=559944 J_new=0.0030 kept mode=full leaves=16 survival=18.24% best=28.16% std=23.8%
[DTPO] it=57/150 step=569943 J_new=0.0030 kept mode=full leaves=16 survival=17.61% best=28.16% std=23.4%
[DTPO] it=58/150 step=579942 J_new=0.0026 kept mode=full leaves=16 survival=17.13% best=28.16% std=24.0%
[DTPO] it=59/150 step=589941 J_new=0.0033 kept mode=full leaves=16 survival=16.96% best=28.16% std=20.4%
[DTPO] it=60/150 step=599940 J_new=0.0034 kept mode=full leaves=16 survival=16.32% best=28.16% std=23.8%
[DTPO] it=61/150 step=609939 J_new=0.0033 kept mode=full leaves=16 survival=13.80% best=28.16% std=18.6%
[DTPO] it=62/150 step=619938 J_new=0.0019 kept mode=full leaves=16 survival=13.65% best=28.16% std=18.8%
[DTPO] it=63/150 step=629937 J_new=0.0013 kept mode=full leaves=16 survival=14.59% best=28.16% std=19.4%
[DTPO] it=64/150 step=639936 J_new=0.0031 kept mode=full leaves=16 survival=14.66% best=28.16% std=19.5%
[DTPO] it=65/150 step=649935 J_new=0.0061 kept mode=full leaves=16 survival=15.08% best=28.16% std=21.2%
[DTPO] it=66/150 step=659934 J_new=0.0097 kept mode=full leaves=16 survival=14.89% best=28.16% std=20.5%
[DTPO] it=67/150 step=669933 J_new=0.0078 kept mode=full leaves=16 survival=18.03% best=28.16% std=21.5%
[DTPO] it=68/150 step=679932 J_new=0.0135 kept mode=full leaves=16 survival=17.20% best=28.16% std=20.8%
[DTPO] it=69/150 step=689931 J_new=0.0191 kept mode=full leaves=16 survival=16.76% best=28.16% std=20.3%
[DTPO] it=70/150 step=699930 J_new=0.0174 kept mode=full leaves=16 survival=18.37% best=28.16% std=23.9%
[DTPO] it=71/150 step=709929 J_new=0.0339 kept mode=full leaves=16 survival=17.11% best=28.16% std=20.9%
[DTPO] it=72/150 step=719928 J_new=0.0763 kept mode=full leaves=16 survival=19.21% best=28.16% std=22.8%
[DTPO] it=73/150 step=729927 J_new=0.0572 kept mode=full leaves=16 survival=18.15% best=28.16% std=23.9%
[DTPO] it=74/150 step=739926 J_new=0.0890 kept mode=full leaves=16 survival=16.77% best=28.16% std=22.0%
[DTPO] it=75/150 step=749925 J_new=0.0030 kept mode=full leaves=16 survival=12.59% best=28.16% std=18.6%
[DTPO] it=76/150 step=759924 J_new=0.0040 kept mode=full leaves=16 survival=12.37% best=28.16% std=20.9%
[DTPO] it=77/150 step=769923 J_new=0.0306 kept mode=full leaves=16 survival=16.69% best=28.16% std=21.7%
[DTPO] it=78/150 step=779922 J_new=0.0250 kept mode=full leaves=16 survival=20.81% best=28.16% std=26.2%
[DTPO] it=79/150 step=789921 J_new=0.0206 kept mode=full leaves=16 survival=25.81% best=28.16% std=30.4%
[DTPO] it=80/150 step=799920 J_new=0.0810 kept mode=full leaves=16 survival=19.63% best=28.16% std=24.3%
[DTPO] it=81/150 step=809919 J_new=0.0035 kept mode=full leaves=16 survival=18.47% best=28.16% std=23.9%
[DTPO] it=82/150 step=819918 J_new=0.0416 kept mode=full leaves=16 survival=19.23% best=28.16% std=23.6%
[DTPO] it=83/150 step=829917 J_new=0.0168 kept mode=full leaves=16 survival=17.70% best=28.16% std=24.2%
[DTPO] it=84/150 step=839916 J_new=0.0063 kept mode=full leaves=16 survival=19.66% best=28.16% std=24.7%
[DTPO] it=85/150 step=849915 J_new=0.0031 kept mode=full leaves=16 survival=19.50% best=28.16% std=24.4%
[DTPO] it=86/150 step=859914 J_new=0.0031 kept mode=full leaves=16 survival=18.41% best=28.16% std=23.8%
[DTPO] it=87/150 step=869913 J_new=0.0053 kept mode=full leaves=16 survival=22.33% best=28.16% std=25.0%
[DTPO] it=88/150 step=879912 J_new=0.0082 kept mode=full leaves=16 survival=18.36% best=28.16% std=21.4%
[DTPO] it=89/150 step=889911 J_new=0.0049 kept mode=full leaves=16 survival=19.95% best=28.16% std=24.1%
[DTPO] it=90/150 step=899910 J_new=0.0227 kept mode=full leaves=16 survival=14.10% best=28.16% std=21.6%
[DTPO] it=91/150 step=909909 J_new=0.0038 kept mode=full leaves=16 survival=28.16% best=28.16% std=31.6%
[DTPO] it=92/150 step=919908 J_new=0.0120 kept mode=full leaves=16 survival=23.39% best=28.16% std=24.3%
[DTPO] it=93/150 step=929907 J_new=0.0278 kept mode=full leaves=16 survival=14.72% best=28.16% std=22.3%
[DTPO] it=94/150 step=939906 J_new=0.0326 kept mode=full leaves=16 survival=22.17% best=28.16% std=26.3%
[DTPO] it=95/150 step=949905 J_new=0.0040 kept mode=full leaves=16 survival=18.89% best=28.16% std=24.8%
[DTPO] it=96/150 step=959904 J_new=0.0108 kept mode=full leaves=16 survival=16.94% best=28.16% std=25.2%
[DTPO] it=97/150 step=969903 J_new=0.0201 kept mode=full leaves=16 survival=14.46% best=28.16% std=21.9%
[DTPO] it=98/150 step=979902 J_new=0.0023 kept mode=full leaves=16 survival=14.23% best=28.16% std=22.4%
[DTPO] it=99/150 step=989901 J_new=0.0061 kept mode=full leaves=16 survival=16.54% best=28.16% std=24.8%
[DTPO] it=100/150 step=999900 J_new=0.0098 kept mode=full leaves=16 survival=17.36% best=28.16% std=21.6%
[DTPO] it=101/150 step=1009899 J_new=0.0162 kept mode=full leaves=16 survival=17.36% best=28.16% std=21.6%
[DTPO] it=102/150 step=1019898 J_new=0.0084 kept mode=full leaves=16 survival=17.36% best=28.16% std=21.6%
[DTPO] it=103/150 step=1029897 J_new=0.0179 kept mode=full leaves=16 survival=15.29% best=28.16% std=23.3%
[DTPO] it=104/150 step=1039896 J_new=0.0193 kept mode=full leaves=16 survival=28.16% best=28.16% std=31.6%
[DTPO] it=105/150 step=1049895 J_new=0.0185 kept mode=full leaves=16 survival=28.16% best=28.16% std=31.6%
[DTPO] it=106/150 step=1059894 J_new=0.0135 kept mode=full leaves=16 survival=28.16% best=28.16% std=31.6%
[DTPO] it=107/150 step=1069893 J_new=0.0079 kept mode=full leaves=16 survival=28.16% best=28.16% std=31.6%
[DTPO] it=108/150 step=1079892 J_new=0.0091 kept mode=full leaves=16 survival=12.90% best=28.16% std=18.8%
[DTPO] it=109/150 step=1089891 J_new=0.0115 kept mode=full leaves=16 survival=14.37% best=28.16% std=22.6%
[DTPO] it=110/150 step=1099890 J_new=0.0106 kept mode=full leaves=16 survival=12.02% best=28.16% std=18.1%
[DTPO] it=111/150 step=1109889 J_new=0.0114 kept mode=full leaves=16 survival=13.53% best=28.16% std=20.6%
[DTPO] it=112/150 step=1119888 J_new=0.0146 kept mode=full leaves=16 survival=18.44% best=28.16% std=26.5%
[DTPO] it=113/150 step=1129887 J_new=0.0105 kept mode=full leaves=16 survival=16.27% best=28.16% std=23.3%
[DTPO] it=114/150 step=1139886 J_new=0.0123 kept mode=full leaves=16 survival=12.92% best=28.16% std=18.4%
[DTPO] it=115/150 step=1149885 J_new=0.0140 kept mode=full leaves=16 survival=15.71% best=28.16% std=20.5%
[DTPO] it=116/150 step=1159884 J_new=0.0106 kept mode=full leaves=16 survival=15.15% best=28.16% std=18.1%
[DTPO] it=117/150 step=1169883 J_new=0.0047 kept mode=full leaves=16 survival=22.93% best=28.16% std=27.7%
[DTPO] it=118/150 step=1179882 J_new=0.0052 kept mode=full leaves=16 survival=19.19% best=28.16% std=22.2%
[DTPO] it=119/150 step=1189881 J_new=0.0136 kept mode=full leaves=16 survival=28.15% best=28.16% std=31.6%
[DTPO] it=120/150 step=1199880 J_new=0.0107 kept mode=full leaves=16 survival=15.76% best=28.16% std=18.1%
[DTPO] it=121/150 step=1209879 J_new=0.0055 kept mode=full leaves=16 survival=22.77% best=28.16% std=26.3%
[DTPO] it=122/150 step=1219878 J_new=0.0040 kept mode=full leaves=16 survival=15.48% best=28.16% std=18.9%
[DTPO] it=123/150 step=1229877 J_new=0.0095 kept mode=full leaves=16 survival=28.16% best=28.16% std=31.6%
[DTPO] it=124/150 step=1239876 J_new=0.0064 kept mode=full leaves=16 survival=28.16% best=28.16% std=31.6%
[DTPO] it=125/150 step=1249875 J_new=0.0107 kept mode=full leaves=16 survival=15.36% best=28.16% std=20.1%
[DTPO] it=126/150 step=1259874 J_new=0.0069 kept mode=full leaves=16 survival=28.16% best=28.16% std=31.6%
[DTPO] it=127/150 step=1269873 J_new=0.0078 kept mode=full leaves=16 survival=28.16% best=28.16% std=31.6%
[DTPO] it=128/150 step=1279872 J_new=0.0064 kept mode=full leaves=16 survival=26.28% best=28.16% std=30.7%
[DTPO] it=129/150 step=1289871 J_new=0.0050 kept mode=full leaves=16 survival=15.46% best=28.16% std=23.4%
[DTPO] it=130/150 step=1299870 J_new=0.0021 kept mode=full leaves=16 survival=13.59% best=28.16% std=19.3%
[DTPO] it=131/150 step=1309869 J_new=0.0046 kept mode=full leaves=16 survival=16.44% best=28.16% std=22.5%
[DTPO] it=132/150 step=1319868 J_new=0.0093 kept mode=full leaves=16 survival=15.94% best=28.16% std=22.8%
[DTPO] it=133/150 step=1329867 J_new=0.0057 kept mode=full leaves=16 survival=28.16% best=28.16% std=31.6%
[DTPO] it=134/150 step=1339866 J_new=0.0117 kept mode=full leaves=16 survival=23.42% best=28.16% std=28.3%
[DTPO] it=135/150 step=1349865 J_new=0.0073 kept mode=full leaves=16 survival=20.62% best=28.16% std=25.2%
[DTPO] it=136/150 step=1359864 J_new=0.0079 kept mode=full leaves=16 survival=28.16% best=28.16% std=31.6%
[DTPO] it=137/150 step=1369863 J_new=0.0033 kept mode=full leaves=16 survival=28.16% best=28.16% std=31.6%
[DTPO] it=138/150 step=1379862 J_new=0.0116 kept mode=full leaves=16 survival=28.16% best=28.16% std=31.6%
[DTPO] it=139/150 step=1389861 J_new=0.0104 kept mode=full leaves=16 survival=28.16% best=28.16% std=31.6%
[DTPO] it=140/150 step=1399860 J_new=0.0168 kept mode=full leaves=16 survival=28.16% best=28.16% std=31.6%
[DTPO] it=141/150 step=1409859 J_new=0.0151 kept mode=full leaves=16 survival=28.16% best=28.16% std=31.6%
[DTPO] it=142/150 step=1419858 J_new=0.0189 kept mode=full leaves=16 survival=28.16% best=28.16% std=31.6%
[DTPO] it=143/150 step=1429857 J_new=0.0103 kept mode=full leaves=16 survival=28.16% best=28.16% std=31.6%
[DTPO] it=144/150 step=1439856 J_new=0.0078 kept mode=full leaves=16 survival=13.29% best=28.16% std=20.6%
[DTPO] it=145/150 step=1449855 J_new=0.0073 kept mode=full leaves=16 survival=13.26% best=28.16% std=19.2%
[DTPO] it=146/150 step=1459854 J_new=0.0077 kept mode=full leaves=16 survival=22.63% best=28.16% std=27.8%
[DTPO] it=147/150 step=1469853 J_new=0.0065 kept mode=full leaves=16 survival=17.20% best=28.16% std=19.5%
[DTPO] it=148/150 step=1479852 J_new=0.0175 kept mode=full leaves=16 survival=12.96% best=28.16% std=17.9%
[DTPO] it=149/150 step=1489851 J_new=0.0173 kept mode=full leaves=16 survival=13.80% best=28.16% std=21.3%
[DTPO] it=150/150 step=1499850 J_new=0.0070 kept mode=full leaves=16 survival=13.92% best=28.16% std=18.7%
[DTPO] stored 5 candidate trees for final selection (cheap survivals: ['28.2%', '28.2%', '28.2%', '28.2%', '28.2%']). Run dtpo_select.py --ckpt <ckpt> --episodes 100 to pick the honest best.
