Initializing the distributed action 'mapper'... (takes a while with big action spaces)
[VIPER] oracle=ppo (from /rds/general/user/ssl125/home/RL2Grid_full/checkpoint/final_PPO_bus36-M_T_100_0__I__1784927195_14574.tar)
[VIPER TREE] depth=7 leaves=16 nodes=31 ccp_alpha=0.00000000 fit_samples=5001 dataset=5001
Eval at step 5001, survival=14.273%, return=[-186.26691670424285, 433.8559593031548, -1189.9565875085284, -208.74764595103565]
[VIPER] iter=1/15 dataset=5001 fit_samples=5001 weighted_acc=0.990105 survival=14.273% best_survival=14.273%
[VIPER TREE] depth=8 leaves=16 nodes=31 ccp_alpha=0.00000000 fit_samples=10002 dataset=10002
Eval at step 10002, survival=41.793%, return=[-3.0388504919828847, 2187.9706821823393, -473.24906154588297, -32.19774011299521]
[VIPER] iter=2/15 dataset=10002 fit_samples=10002 weighted_acc=0.992656 survival=41.793% best_survival=41.793%
[VIPER TREE] depth=9 leaves=16 nodes=31 ccp_alpha=0.00000000 fit_samples=15003 dataset=15003
Eval at step 15003, survival=4.842%, return=[-1.2246293973003048, 253.25507125628022, -59.29490484553275, -12.048964218455756]
[VIPER] iter=3/15 dataset=15003 fit_samples=15003 weighted_acc=0.992551 survival=4.842% best_survival=41.793%
[VIPER TREE] depth=8 leaves=16 nodes=31 ccp_alpha=0.00000000 fit_samples=20004 dataset=20004
Eval at step 20004, survival=26.015%, return=[-2.2874141946619297, 1353.671393705786, -403.1701061681172, -27.48587570621528]
[VIPER] iter=4/15 dataset=20004 fit_samples=20004 weighted_acc=0.994507 survival=26.015% best_survival=41.793%
[VIPER TREE] depth=8 leaves=16 nodes=31 ccp_alpha=0.00000000 fit_samples=25005 dataset=25005
Eval at step 25005, survival=53.638%, return=[-3.334065740874697, 2817.6124540045967, -486.7728492438825, -32.881355932204656]
[VIPER] iter=5/15 dataset=25005 fit_samples=25005 weighted_acc=0.995290 survival=53.638% best_survival=53.638%
[VIPER TREE] depth=8 leaves=16 nodes=31 ccp_alpha=0.00000000 fit_samples=30006 dataset=30006
Eval at step 30006, survival=44.807%, return=[-3.2270678744777492, 2338.054521867144, -293.5674963905363, -20.18644067796686]
[VIPER] iter=6/15 dataset=30006 fit_samples=30006 weighted_acc=0.995916 survival=44.807% best_survival=53.638%
[VIPER TREE] depth=8 leaves=16 nodes=31 ccp_alpha=0.00000000 fit_samples=35007 dataset=35007
Eval at step 35007, survival=57.364%, return=[-3.841566174989566, 2838.7989723993137, -1846.4991588988723, -123.50282485876257]
[VIPER] iter=7/15 dataset=35007 fit_samples=35007 weighted_acc=0.996218 survival=57.364% best_survival=57.364%
[VIPER TREE] depth=8 leaves=16 nodes=31 ccp_alpha=0.00000000 fit_samples=40008 dataset=40008
Eval at step 40008, survival=71.190%, return=[-4.447732590177718, 3648.3832826891144, -1482.3745364459635, -99.2241054613969]
[VIPER] iter=8/15 dataset=40008 fit_samples=40008 weighted_acc=0.996313 survival=71.190% best_survival=71.190%
[VIPER TREE] depth=8 leaves=16 nodes=31 ccp_alpha=0.00000000 fit_samples=45009 dataset=45009
Eval at step 45009, survival=47.375%, return=[-3.0534503360443828, 2448.0902804183156, -967.5840870300286, -64.85122410545543]
[VIPER] iter=9/15 dataset=45009 fit_samples=45009 weighted_acc=0.996031 survival=47.375% best_survival=71.190%
[VIPER TREE] depth=8 leaves=16 nodes=31 ccp_alpha=0.00000000 fit_samples=50000 dataset=50010
Eval at step 50010, survival=8.559%, return=[-1.3936867692439894, 458.5237255140266, -24.93858339591222, -2.231638418079097]
[VIPER] iter=10/15 dataset=50010 fit_samples=50000 weighted_acc=0.995550 survival=8.559% best_survival=71.190%
[VIPER TREE] depth=9 leaves=16 nodes=31 ccp_alpha=0.00000000 fit_samples=50000 dataset=55011
Eval at step 55011, survival=46.763%, return=[-3.422341043173219, 2374.9762370155145, -598.7097338911248, -40.51789077212968]
[VIPER] iter=11/15 dataset=55011 fit_samples=50000 weighted_acc=0.995660 survival=46.763% best_survival=71.190%
[VIPER TREE] depth=8 leaves=16 nodes=31 ccp_alpha=0.00000000 fit_samples=50000 dataset=60012
Eval at step 60012, survival=56.020%, return=[-3.4595749743505926, 2942.2899059451524, -520.1210589335263, -35.06591337099949]
[VIPER] iter=12/15 dataset=60012 fit_samples=50000 weighted_acc=0.996116 survival=56.020% best_survival=71.190%
[VIPER TREE] depth=8 leaves=16 nodes=31 ccp_alpha=0.00000000 fit_samples=50000 dataset=65013
Eval at step 65013, survival=61.403%, return=[-4.315005780154024, 3059.6387296684165, -1820.5530238419408, -122.01318267420463]
[VIPER] iter=13/15 dataset=65013 fit_samples=50000 weighted_acc=0.996389 survival=61.403% best_survival=71.190%
[VIPER TREE] depth=8 leaves=16 nodes=31 ccp_alpha=0.00000000 fit_samples=50000 dataset=70014
Eval at step 70014, survival=44.728%, return=[-3.2599900237934585, 2338.2627979120734, -278.1756877401999, -19.188323917137726]
[VIPER] iter=14/15 dataset=70014 fit_samples=50000 weighted_acc=0.996618 survival=44.728% best_survival=71.190%
[VIPER TREE] depth=9 leaves=16 nodes=31 ccp_alpha=0.00000000 fit_samples=50000 dataset=75015
Eval at step 75015, survival=37.513%, return=[-2.8877079209002354, 1955.5165632109636, -226.79276838248282, -15.745762711864826]
[VIPER] iter=15/15 dataset=75015 fit_samples=50000 weighted_acc=0.996496 survival=37.513% best_survival=71.190%
