Initializing the distributed action 'mapper'... (takes a while with big action spaces)
[VIPER] oracle=ppo (from /rds/general/user/ssl125/home/RL2Grid_full/checkpoint/final_PPO_bus5_T_0_0__I__1776174124_47043_45000000.tar)
[VIPER TREE] depth=5 leaves=16 nodes=31 ccp_alpha=0.00000000 fit_samples=5001 dataset=5001
Eval at step 5001, survival=1.918%, return=[-1.4419973641633987, 12.108618249495825, -52.07238035848908, -6.079365079365068]
[VIPER] iter=1/15 dataset=5001 fit_samples=5001 weighted_acc=0.965920 survival=1.918% best_survival=1.918%
[VIPER TREE] depth=7 leaves=16 nodes=31 ccp_alpha=0.00000000 fit_samples=10002 dataset=10002
Eval at step 10002, survival=100.000%, return=[-8.169289263139945, 1386.2136286596458, -19.246381252257077, -268.5873015873054]
[VIPER] iter=2/15 dataset=10002 fit_samples=10002 weighted_acc=0.915348 survival=100.000% best_survival=100.000%
[VIPER TREE] depth=7 leaves=16 nodes=31 ccp_alpha=0.00000000 fit_samples=15003 dataset=15003
Eval at step 15003, survival=100.000%, return=[-4.509447976112521, 1610.453950881958, -0.15059991560216682, -383.3650793650952]
[VIPER] iter=3/15 dataset=15003 fit_samples=15003 weighted_acc=0.910381 survival=100.000% best_survival=100.000%
[VIPER TREE] depth=5 leaves=16 nodes=31 ccp_alpha=0.00000000 fit_samples=20004 dataset=20004
Eval at step 20004, survival=5.804%, return=[-2.31982248602435, 55.56895360350609, -9.982368460769067, -3.9999999999999987]
[VIPER] iter=4/15 dataset=20004 fit_samples=20004 weighted_acc=0.878355 survival=5.804% best_survival=100.000%
[VIPER TREE] depth=6 leaves=16 nodes=31 ccp_alpha=0.00000000 fit_samples=25005 dataset=25005
Eval at step 25005, survival=55.159%, return=[-7.0675075965603655, 652.7126548759019, -858.070756437634, -174.8412698412708]
[VIPER] iter=5/15 dataset=25005 fit_samples=25005 weighted_acc=0.838119 survival=55.159% best_survival=100.000%
[VIPER TREE] depth=7 leaves=16 nodes=31 ccp_alpha=0.00000000 fit_samples=30006 dataset=30006
Eval at step 30006, survival=100.000%, return=[-4.266369409345013, 1500.677357584238, -0.3059396892786026, -372.63492063492885]
[VIPER] iter=6/15 dataset=30006 fit_samples=30006 weighted_acc=0.817058 survival=100.000% best_survival=100.000%
[VIPER TREE] depth=6 leaves=16 nodes=31 ccp_alpha=0.00000000 fit_samples=35007 dataset=35007
Eval at step 35007, survival=100.000%, return=[-5.942055006676431, 1477.9668397406738, -125.1009792337815, -317.9682539682563]
[VIPER] iter=7/15 dataset=35007 fit_samples=35007 weighted_acc=0.798469 survival=100.000% best_survival=100.000%
[VIPER TREE] depth=7 leaves=16 nodes=31 ccp_alpha=0.00000000 fit_samples=40008 dataset=40008
Eval at step 40008, survival=5.903%, return=[-2.428801730275154, 51.14577750861645, -14.808924836106598, -1.5714285714285714]
[VIPER] iter=8/15 dataset=40008 fit_samples=40008 weighted_acc=0.821717 survival=5.903% best_survival=100.000%
[VIPER TREE] depth=8 leaves=16 nodes=31 ccp_alpha=0.00000000 fit_samples=45009 dataset=45009
Eval at step 45009, survival=100.000%, return=[-16.67220326815732, 865.5439591184258, -4263.843269862609, -355.61904761905686]
[VIPER] iter=9/15 dataset=45009 fit_samples=45009 weighted_acc=0.863065 survival=100.000% best_survival=100.000%
[VIPER TREE] depth=6 leaves=16 nodes=31 ccp_alpha=0.00000000 fit_samples=50000 dataset=50010
Eval at step 50010, survival=5.804%, return=[-2.322370836045593, 55.561358481645584, -9.972126892680535, -4.047619047619047]
[VIPER] iter=10/15 dataset=50010 fit_samples=50000 weighted_acc=0.818553 survival=5.804% best_survival=100.000%
[VIPER TREE] depth=8 leaves=16 nodes=31 ccp_alpha=0.00000000 fit_samples=50000 dataset=55011
Eval at step 55011, survival=100.000%, return=[-16.67220326815732, 865.5439591184258, -4263.843269862609, -355.61904761905686]
[VIPER] iter=11/15 dataset=55011 fit_samples=50000 weighted_acc=0.854488 survival=100.000% best_survival=100.000%
[VIPER TREE] depth=6 leaves=16 nodes=31 ccp_alpha=0.00000000 fit_samples=50000 dataset=60012
Eval at step 60012, survival=82.573%, return=[-5.447591459029354, 1017.8727165261904, -1942.6383085662867, -435.0476190476198]
[VIPER] iter=12/15 dataset=60012 fit_samples=50000 weighted_acc=0.854645 survival=82.573% best_survival=100.000%
[VIPER TREE] depth=6 leaves=16 nodes=31 ccp_alpha=0.00000000 fit_samples=50000 dataset=65013
Eval at step 65013, survival=30.589%, return=[-3.8245482590864412, 356.6463240981102, -633.8883085662868, -133.55555555555665]
[VIPER] iter=13/15 dataset=65013 fit_samples=50000 weighted_acc=0.876095 survival=30.589% best_survival=100.000%
[VIPER TREE] depth=6 leaves=16 nodes=31 ccp_alpha=0.00000000 fit_samples=50000 dataset=70014
Eval at step 70014, survival=16.419%, return=[-2.817723355605267, 189.07819616794586, -276.80497523295344, -55.190476190476346]
[VIPER] iter=14/15 dataset=70014 fit_samples=50000 weighted_acc=0.870781 survival=16.419% best_survival=100.000%
[VIPER TREE] depth=6 leaves=16 nodes=31 ccp_alpha=0.00000000 fit_samples=50000 dataset=75015
Eval at step 75015, survival=16.419%, return=[-2.817723355605267, 189.07819616794586, -276.80497523295344, -55.190476190476346]
[VIPER] iter=15/15 dataset=75015 fit_samples=50000 weighted_acc=0.873966 survival=16.419% best_survival=100.000%
