[F2] training env filtered to 753/1004 chronics (every 4th id held out for evaluation)
Initializing the distributed action 'mapper'... (takes a while with big action spaces)
[F2] training env filtered to 753/1004 chronics (every 4th id held out for evaluation)
[F2] training env filtered to 753/1004 chronics (every 4th id held out for evaluation)
[F2] training env filtered to 753/1004 chronics (every 4th id held out for evaluation)
[F2] training env filtered to 753/1004 chronics (every 4th id held out for evaluation)
[HYBRID] warm-start from /rds/general/user/ssl125/home/RL2Grid_v2/checkpoint/final_PPO_bus14_T_0_0__I__1775940444_3936.tar: {'mode': 'soft', 'n_samples': 20000, 'n_actions': 50, 'n_leaves': 16, 'max_depth': 9, 'fidelity': 0.62505, 'weighted_fidelity': 0.8181475153790309, 'curated': False, 'dagger_rounds': 0}
[DTPO] gate eval on 40 training-side chronics (of 1004); overlap with the held-out pool = 0 (must be 0): ids=[0, 25, 50, 76, 102, 128, 153, 178, 205, 230, 256, 282]...
[DTPO] it=1/150 step=9999 J_new=0.0001 kept mode=full leaves=16 survival=37.96% best=37.96% std=35.4%
[DTPO] it=2/150 step=19998 J_new=0.0018 kept mode=full leaves=16 survival=38.03% best=38.03% std=34.9%
[DTPO] it=3/150 step=29997 J_new=0.0018 kept mode=full leaves=16 survival=39.81% best=39.81% std=34.1%
[DTPO] it=4/150 step=39996 J_new=0.0066 kept mode=full leaves=16 survival=39.01% best=39.81% std=35.6%
[DTPO] it=5/150 step=49995 J_new=0.0021 kept mode=full leaves=16 survival=39.06% best=39.81% std=35.2%
[DTPO] it=6/150 step=59994 J_new=0.0046 kept mode=full leaves=16 survival=36.41% best=39.81% std=34.8%
[DTPO] it=7/150 step=69993 J_new=0.0044 kept mode=full leaves=16 survival=34.16% best=39.81% std=32.4%
[DTPO] it=8/150 step=79992 J_new=-0.0031 revert mode=full leaves=16 survival=34.16% best=39.81% std=32.4%
[DTPO] it=9/150 step=89991 J_new=-0.0000 revert mode=full leaves=16 survival=34.16% best=39.81% std=32.4%
[DTPO] it=10/150 step=99990 J_new=0.0041 kept mode=full leaves=16 survival=25.47% best=39.81% std=28.1%
[DTPO] it=11/150 step=109989 J_new=0.0058 kept mode=full leaves=16 survival=21.41% best=39.81% std=20.0%
[DTPO] it=12/150 step=119988 J_new=0.0031 kept mode=full leaves=16 survival=20.91% best=39.81% std=22.3%
[DTPO] it=13/150 step=129987 J_new=0.0063 kept mode=full leaves=16 survival=20.77% best=39.81% std=21.0%
[DTPO] it=14/150 step=139986 J_new=0.0025 kept mode=full leaves=16 survival=21.44% best=39.81% std=24.2%
[DTPO] it=15/150 step=149985 J_new=0.0025 kept mode=full leaves=16 survival=21.99% best=39.81% std=21.4%
[DTPO] it=16/150 step=159984 J_new=0.0009 kept mode=full leaves=16 survival=28.09% best=39.81% std=22.4%
[DTPO] it=17/150 step=169983 J_new=0.0016 kept mode=full leaves=16 survival=30.40% best=39.81% std=25.4%
[DTPO] it=18/150 step=179982 J_new=0.0060 kept mode=full leaves=16 survival=41.47% best=41.47% std=34.4%
[DTPO] it=19/150 step=189981 J_new=0.0062 kept mode=full leaves=16 survival=30.83% best=41.47% std=26.6%
[DTPO] it=20/150 step=199980 J_new=0.0243 kept mode=full leaves=16 survival=17.14% best=41.47% std=17.0%
[DTPO] it=21/150 step=209979 J_new=-0.0011 revert mode=full leaves=16 survival=17.14% best=41.47% std=17.0%
[DTPO] it=22/150 step=219978 J_new=0.0023 kept mode=full leaves=16 survival=14.57% best=41.47% std=13.9%
[DTPO] it=23/150 step=229977 J_new=0.0019 kept mode=full leaves=16 survival=26.77% best=41.47% std=23.4%
[DTPO] it=24/150 step=239976 J_new=0.0007 kept mode=full leaves=16 survival=28.18% best=41.47% std=24.9%
[DTPO] it=25/150 step=249975 J_new=0.0010 kept mode=full leaves=16 survival=28.68% best=41.47% std=22.7%
[DTPO] it=26/150 step=259974 J_new=0.0049 kept mode=full leaves=16 survival=17.66% best=41.47% std=16.7%
[DTPO] it=27/150 step=269973 J_new=0.0060 kept mode=full leaves=16 survival=15.73% best=41.47% std=12.3%
[DTPO] it=28/150 step=279972 J_new=0.0026 kept mode=full leaves=16 survival=22.49% best=41.47% std=20.1%
[DTPO] it=29/150 step=289971 J_new=0.0098 kept mode=full leaves=16 survival=18.28% best=41.47% std=12.9%
[DTPO] it=30/150 step=299970 J_new=0.0018 kept mode=full leaves=16 survival=37.56% best=41.47% std=30.9%
[DTPO] it=31/150 step=309969 J_new=0.0004 kept mode=full leaves=16 survival=20.20% best=41.47% std=22.7%
[DTPO] it=32/150 step=319968 J_new=0.0017 kept mode=full leaves=16 survival=20.60% best=41.47% std=22.8%
[DTPO] it=33/150 step=329967 J_new=0.0058 kept mode=full leaves=16 survival=21.92% best=41.47% std=19.7%
[DTPO] it=34/150 step=339966 J_new=0.0041 kept mode=full leaves=16 survival=18.54% best=41.47% std=20.7%
[DTPO] it=35/150 step=349965 J_new=0.0072 kept mode=full leaves=16 survival=16.85% best=41.47% std=13.3%
[DTPO] it=36/150 step=359964 J_new=0.0058 kept mode=full leaves=16 survival=15.05% best=41.47% std=9.9%
[DTPO] it=37/150 step=369963 J_new=0.0061 kept mode=full leaves=16 survival=13.56% best=41.47% std=9.1%
[DTPO] it=38/150 step=379962 J_new=0.0035 kept mode=full leaves=16 survival=15.41% best=41.47% std=11.3%
[DTPO] it=39/150 step=389961 J_new=0.0052 kept mode=full leaves=16 survival=22.81% best=41.47% std=19.9%
[DTPO] it=40/150 step=399960 J_new=0.0073 kept mode=full leaves=16 survival=24.02% best=41.47% std=20.7%
[DTPO] it=41/150 step=409959 J_new=0.0039 kept mode=full leaves=16 survival=17.56% best=41.47% std=14.7%
[DTPO] it=42/150 step=419958 J_new=0.0031 kept mode=full leaves=16 survival=35.41% best=41.47% std=29.4%
[DTPO] it=43/150 step=429957 J_new=0.0034 kept mode=full leaves=16 survival=22.12% best=41.47% std=18.1%
[DTPO] it=44/150 step=439956 J_new=0.0085 kept mode=full leaves=16 survival=16.88% best=41.47% std=12.2%
[DTPO] it=45/150 step=449955 J_new=0.0009 kept mode=full leaves=16 survival=55.23% best=55.23% std=31.9%
[DTPO] it=46/150 step=459954 J_new=0.0039 kept mode=full leaves=16 survival=15.01% best=55.23% std=11.1%
[DTPO] it=47/150 step=469953 J_new=0.0020 kept mode=full leaves=16 survival=16.19% best=55.23% std=12.4%
[DTPO] it=48/150 step=479952 J_new=0.0113 kept mode=full leaves=16 survival=50.49% best=55.23% std=32.2%
[DTPO] it=49/150 step=489951 J_new=0.0045 kept mode=full leaves=16 survival=53.72% best=55.23% std=31.0%
[DTPO] it=50/150 step=499950 J_new=0.0054 kept mode=full leaves=16 survival=52.49% best=55.23% std=33.3%
[DTPO] it=51/150 step=509949 J_new=0.0052 kept mode=full leaves=16 survival=34.17% best=55.23% std=29.3%
[DTPO] it=52/150 step=519948 J_new=-0.0026 revert mode=full leaves=16 survival=34.17% best=55.23% std=29.3%
[DTPO] it=53/150 step=529947 J_new=0.0043 kept mode=full leaves=16 survival=53.43% best=55.23% std=30.0%
[DTPO] it=54/150 step=539946 J_new=-0.0002 revert mode=full leaves=16 survival=53.43% best=55.23% std=30.0%
[DTPO] it=55/150 step=549945 J_new=0.0037 kept mode=full leaves=16 survival=9.07% best=55.23% std=5.2%
[DTPO] it=56/150 step=559944 J_new=0.0064 kept mode=full leaves=16 survival=9.29% best=55.23% std=4.0%
[DTPO] it=57/150 step=569943 J_new=0.0044 kept mode=full leaves=16 survival=7.98% best=55.23% std=3.9%
[DTPO] it=58/150 step=579942 J_new=0.0000 kept mode=full leaves=16 survival=10.94% best=55.23% std=4.4%
[DTPO] it=59/150 step=589941 J_new=0.0071 kept mode=full leaves=16 survival=57.29% best=57.29% std=33.1%
[DTPO] it=60/150 step=599940 J_new=0.0035 kept mode=full leaves=16 survival=61.17% best=61.17% std=34.9%
[DTPO] it=61/150 step=609939 J_new=0.0001 kept mode=full leaves=16 survival=64.55% best=64.55% std=35.4%
[DTPO] it=62/150 step=619938 J_new=0.0043 kept mode=full leaves=16 survival=49.95% best=64.55% std=32.4%
[DTPO] it=63/150 step=629937 J_new=0.0017 kept mode=full leaves=16 survival=62.72% best=64.55% std=34.9%
[DTPO] it=64/150 step=639936 J_new=0.0027 kept mode=full leaves=16 survival=62.10% best=64.55% std=34.4%
[DTPO] it=65/150 step=649935 J_new=0.0003 kept mode=full leaves=16 survival=65.06% best=65.06% std=35.7%
[DTPO] it=66/150 step=659934 J_new=0.0030 kept mode=full leaves=16 survival=62.61% best=65.06% std=33.5%
[DTPO] it=67/150 step=669933 J_new=0.0017 kept mode=full leaves=16 survival=55.19% best=65.06% std=31.4%
[DTPO] it=68/150 step=679932 J_new=0.0041 kept mode=full leaves=16 survival=58.95% best=65.06% std=31.2%
[DTPO] it=69/150 step=689931 J_new=0.0003 kept mode=full leaves=16 survival=58.56% best=65.06% std=31.9%
[DTPO] it=70/150 step=699930 J_new=0.0045 kept mode=full leaves=16 survival=66.44% best=66.44% std=34.2%
[DTPO] it=71/150 step=709929 J_new=0.0035 kept mode=full leaves=16 survival=54.10% best=66.44% std=31.2%
[DTPO] it=72/150 step=719928 J_new=0.0107 kept mode=full leaves=16 survival=36.45% best=66.44% std=31.3%
[DTPO] it=73/150 step=729927 J_new=0.0043 kept mode=full leaves=16 survival=63.82% best=66.44% std=33.0%
[DTPO] it=74/150 step=739926 J_new=0.0085 kept mode=full leaves=16 survival=10.20% best=66.44% std=4.9%
[DTPO] it=75/150 step=749925 J_new=0.0016 kept mode=full leaves=16 survival=18.73% best=66.44% std=14.0%
[DTPO] it=76/150 step=759924 J_new=0.0070 kept mode=full leaves=16 survival=10.00% best=66.44% std=4.9%
[DTPO] it=77/150 step=769923 J_new=0.0060 kept mode=full leaves=16 survival=9.77% best=66.44% std=4.7%
[DTPO] it=78/150 step=779922 J_new=0.0096 kept mode=full leaves=16 survival=11.18% best=66.44% std=5.7%
[DTPO] it=79/150 step=789921 J_new=0.0016 kept mode=full leaves=16 survival=12.48% best=66.44% std=7.4%
[DTPO] it=80/150 step=799920 J_new=0.0264 kept mode=full leaves=16 survival=10.69% best=66.44% std=6.1%
[DTPO] it=81/150 step=809919 J_new=0.0040 kept mode=full leaves=16 survival=11.00% best=66.44% std=6.2%
[DTPO] it=82/150 step=819918 J_new=0.0084 kept mode=full leaves=16 survival=9.20% best=66.44% std=3.9%
[DTPO] it=83/150 step=829917 J_new=0.0058 kept mode=full leaves=16 survival=10.31% best=66.44% std=4.0%
[DTPO] it=84/150 step=839916 J_new=0.0063 kept mode=full leaves=16 survival=9.32% best=66.44% std=3.4%
[DTPO] it=85/150 step=849915 J_new=0.0046 kept mode=full leaves=16 survival=10.79% best=66.44% std=6.1%
[DTPO] it=86/150 step=859914 J_new=0.0111 kept mode=full leaves=16 survival=10.12% best=66.44% std=5.2%
[DTPO] it=87/150 step=869913 J_new=0.0250 kept mode=full leaves=16 survival=17.62% best=66.44% std=16.2%
[DTPO] it=88/150 step=879912 J_new=-0.0030 revert mode=full leaves=16 survival=17.62% best=66.44% std=16.2%
[DTPO] it=89/150 step=889911 J_new=0.0093 kept mode=full leaves=16 survival=19.52% best=66.44% std=14.3%
[DTPO] it=90/150 step=899910 J_new=0.0033 kept mode=full leaves=16 survival=15.71% best=66.44% std=10.7%
[DTPO] it=91/150 step=909909 J_new=0.0070 kept mode=full leaves=16 survival=21.09% best=66.44% std=17.2%
[DTPO] it=92/150 step=919908 J_new=0.0048 kept mode=full leaves=16 survival=13.90% best=66.44% std=11.2%
[DTPO] it=93/150 step=929907 J_new=-0.0146 revert mode=full leaves=16 survival=13.90% best=66.44% std=11.2%
[DTPO] it=94/150 step=939906 J_new=-0.0004 revert mode=full leaves=16 survival=13.90% best=66.44% std=11.2%
[DTPO] it=95/150 step=949905 J_new=0.0139 kept mode=full leaves=16 survival=15.07% best=66.44% std=16.0%
[DTPO] it=96/150 step=959904 J_new=0.0039 kept mode=full leaves=16 survival=13.05% best=66.44% std=9.8%
[DTPO] it=97/150 step=969903 J_new=0.0046 kept mode=full leaves=16 survival=15.45% best=66.44% std=14.2%
[DTPO] it=98/150 step=979902 J_new=0.0058 kept mode=full leaves=16 survival=14.26% best=66.44% std=10.3%
[DTPO] it=99/150 step=989901 J_new=0.0057 kept mode=full leaves=16 survival=11.87% best=66.44% std=6.9%
[DTPO] it=100/150 step=999900 J_new=0.0066 kept mode=full leaves=16 survival=14.35% best=66.44% std=10.7%
[DTPO] it=101/150 step=1009899 J_new=0.0320 kept mode=full leaves=16 survival=15.88% best=66.44% std=10.8%
[DTPO] it=102/150 step=1019898 J_new=0.0032 kept mode=full leaves=16 survival=25.27% best=66.44% std=30.6%
[DTPO] it=103/150 step=1029897 J_new=0.0110 kept mode=full leaves=16 survival=53.49% best=66.44% std=35.4%
[DTPO] it=104/150 step=1039896 J_new=0.0166 kept mode=full leaves=16 survival=54.06% best=66.44% std=32.4%
[DTPO] it=105/150 step=1049895 J_new=0.0101 kept mode=full leaves=16 survival=49.15% best=66.44% std=33.0%
[DTPO] it=106/150 step=1059894 J_new=0.0187 kept mode=full leaves=16 survival=49.31% best=66.44% std=34.2%
[DTPO] it=107/150 step=1069893 J_new=0.0009 kept mode=full leaves=16 survival=47.36% best=66.44% std=32.9%
[DTPO] it=108/150 step=1079892 J_new=0.0069 kept mode=full leaves=16 survival=44.24% best=66.44% std=29.1%
[DTPO] it=109/150 step=1089891 J_new=0.0031 kept mode=full leaves=16 survival=48.27% best=66.44% std=33.9%
[DTPO] it=110/150 step=1099890 J_new=0.0143 kept mode=full leaves=16 survival=48.74% best=66.44% std=34.1%
[DTPO] it=111/150 step=1109889 J_new=0.0165 kept mode=full leaves=16 survival=64.22% best=66.44% std=36.2%
[DTPO] it=112/150 step=1119888 J_new=0.0091 kept mode=full leaves=16 survival=37.17% best=66.44% std=32.4%
[DTPO] it=113/150 step=1129887 J_new=0.0161 kept mode=full leaves=16 survival=56.69% best=66.44% std=34.8%
[DTPO] it=114/150 step=1139886 J_new=0.0066 kept mode=full leaves=16 survival=56.30% best=66.44% std=33.5%
[DTPO] it=115/150 step=1149885 J_new=0.0342 kept mode=full leaves=16 survival=51.27% best=66.44% std=32.9%
[DTPO] it=116/150 step=1159884 J_new=0.0056 kept mode=full leaves=16 survival=46.76% best=66.44% std=33.3%
[DTPO] it=117/150 step=1169883 J_new=0.0152 kept mode=full leaves=16 survival=49.90% best=66.44% std=33.6%
[DTPO] it=118/150 step=1179882 J_new=0.0048 kept mode=full leaves=16 survival=58.63% best=66.44% std=33.3%
[DTPO] it=119/150 step=1189881 J_new=0.0070 kept mode=full leaves=16 survival=48.76% best=66.44% std=33.9%
[DTPO] it=120/150 step=1199880 J_new=0.0153 kept mode=full leaves=16 survival=67.56% best=67.56% std=32.1%
[DTPO] it=121/150 step=1209879 J_new=0.0040 kept mode=full leaves=16 survival=54.74% best=67.56% std=33.0%
[DTPO] it=122/150 step=1219878 J_new=0.0386 kept mode=full leaves=16 survival=55.93% best=67.56% std=36.0%
[DTPO] it=123/150 step=1229877 J_new=0.0127 kept mode=full leaves=16 survival=31.73% best=67.56% std=29.7%
[DTPO] it=124/150 step=1239876 J_new=0.0066 kept mode=full leaves=16 survival=32.43% best=67.56% std=29.6%
[DTPO] it=125/150 step=1249875 J_new=0.0023 kept mode=full leaves=16 survival=34.68% best=67.56% std=29.3%
[DTPO] it=126/150 step=1259874 J_new=0.0478 kept mode=full leaves=16 survival=49.13% best=67.56% std=35.2%
[DTPO] it=127/150 step=1269873 J_new=0.0224 kept mode=full leaves=16 survival=49.27% best=67.56% std=31.7%
[DTPO] it=128/150 step=1279872 J_new=0.0088 kept mode=full leaves=16 survival=47.69% best=67.56% std=31.7%
[DTPO] it=129/150 step=1289871 J_new=0.0053 kept mode=full leaves=16 survival=45.56% best=67.56% std=31.5%
[DTPO] it=130/150 step=1299870 J_new=0.0110 kept mode=full leaves=16 survival=73.75% best=73.75% std=31.7%
[DTPO] it=131/150 step=1309869 J_new=0.0054 kept mode=full leaves=16 survival=12.72% best=73.75% std=8.7%
[DTPO] it=132/150 step=1319868 J_new=0.0084 kept mode=full leaves=16 survival=12.40% best=73.75% std=9.0%
[DTPO] it=133/150 step=1329867 J_new=0.0044 kept mode=full leaves=16 survival=13.16% best=73.75% std=9.1%
[DTPO] it=134/150 step=1339866 J_new=0.0428 kept mode=full leaves=16 survival=12.55% best=73.75% std=10.4%
[DTPO] it=135/150 step=1349865 J_new=0.0020 kept mode=full leaves=16 survival=13.04% best=73.75% std=9.0%
[DTPO] it=136/150 step=1359864 J_new=0.0021 kept mode=full leaves=16 survival=14.51% best=73.75% std=11.8%
[DTPO] it=137/150 step=1369863 J_new=0.0071 kept mode=full leaves=16 survival=15.10% best=73.75% std=11.9%
[DTPO] it=138/150 step=1379862 J_new=0.0069 kept mode=full leaves=16 survival=16.83% best=73.75% std=13.0%
[DTPO] it=139/150 step=1389861 J_new=0.0052 kept mode=full leaves=16 survival=12.06% best=73.75% std=9.7%
[DTPO] it=140/150 step=1399860 J_new=0.0053 kept mode=full leaves=16 survival=12.75% best=73.75% std=7.3%
[DTPO] it=141/150 step=1409859 J_new=0.0088 kept mode=full leaves=16 survival=12.49% best=73.75% std=7.4%
[DTPO] it=142/150 step=1419858 J_new=0.0114 kept mode=full leaves=16 survival=12.27% best=73.75% std=7.5%
[DTPO] it=143/150 step=1429857 J_new=0.0105 kept mode=full leaves=16 survival=12.59% best=73.75% std=7.5%
[DTPO] it=144/150 step=1439856 J_new=0.0456 kept mode=full leaves=16 survival=12.21% best=73.75% std=7.3%
[DTPO] it=145/150 step=1449855 J_new=0.0021 kept mode=full leaves=16 survival=16.14% best=73.75% std=10.5%
[DTPO] it=146/150 step=1459854 J_new=0.0048 kept mode=full leaves=16 survival=12.40% best=73.75% std=7.4%
[DTPO] it=147/150 step=1469853 J_new=0.0027 kept mode=full leaves=16 survival=20.39% best=73.75% std=14.6%
[DTPO] it=148/150 step=1479852 J_new=0.0114 kept mode=full leaves=16 survival=20.39% best=73.75% std=14.6%
[DTPO] it=149/150 step=1489851 J_new=0.0081 kept mode=full leaves=16 survival=20.39% best=73.75% std=14.6%
[DTPO] it=150/150 step=1499850 J_new=0.0050 kept mode=full leaves=16 survival=20.39% best=73.75% std=14.6%
[DTPO] stored 5 candidate trees for final selection (cheap survivals: ['73.8%', '67.6%', '66.4%', '65.1%', '64.6%']). Run dtpo_select.py --ckpt <ckpt> --episodes 100 to pick the honest best.
