Initializing the distributed action 'mapper'... (takes a while with big action spaces)
[DTPO] deterministic eval on 40 fixed chronics (of 2880): ids=[0, 73, 147, 221, 295, 369, 442, 516, 590, 664, 738, 812, 885, 959, 1033, 1107, 1181, 1254, 1328, 1402, 1476, 1550, 1624, 1697, 1771, 1845, 1919, 1993, 2066, 2140, 2214, 2288, 2362, 2436, 2509, 2583, 2657, 2731, 2805, 2879]
[DTPO] it=1/150 step=9999 J_new=0.8684 kept mode=full gate=accept cand=4.81% leaves=16 survival=4.81% best=4.81% std=0.0%
[DTPO] it=2/150 step=19998 J_new=0.0146 kept mode=leaf gate=accept cand=4.81% leaves=16 survival=4.81% best=4.81% std=0.0%
[DTPO] it=3/150 step=29997 J_new=0.0108 kept mode=leaf gate=accept cand=4.81% leaves=16 survival=4.81% best=4.81% std=0.0%
[DTPO] it=4/150 step=39996 J_new=0.0087 kept mode=leaf gate=accept cand=4.81% leaves=16 survival=4.81% best=4.81% std=0.0%
[DTPO] it=5/150 step=49995 J_new=0.0024 kept mode=leaf gate=accept cand=4.81% leaves=16 survival=4.81% best=4.81% std=0.0%
[DTPO] it=6/150 step=59994 J_new=0.0038 kept mode=full gate=revert(1) cand=4.75% leaves=16 survival=4.81% best=4.81% std=0.0%
[DTPO] it=7/150 step=69993 J_new=0.0011 kept mode=leaf gate=accept cand=4.81% leaves=16 survival=4.81% best=4.81% std=0.0%
[DTPO] it=8/150 step=79992 J_new=0.0010 kept mode=leaf gate=accept cand=4.81% leaves=16 survival=4.81% best=4.81% std=0.0%
[DTPO] it=9/150 step=89991 J_new=0.0011 kept mode=leaf gate=accept cand=4.81% leaves=16 survival=4.81% best=4.81% std=0.0%
[DTPO] it=10/150 step=99990 J_new=0.0013 kept mode=leaf gate=accept cand=4.81% leaves=16 survival=4.81% best=4.81% std=0.0%
[DTPO] it=11/150 step=109989 J_new=0.0036 kept mode=full gate=revert(1) cand=4.81% leaves=16 survival=4.81% best=4.81% std=0.0%
[DTPO] it=12/150 step=119988 J_new=0.0012 kept mode=leaf gate=accept cand=4.81% leaves=16 survival=4.81% best=4.81% std=0.0%
[DTPO] it=13/150 step=129987 J_new=0.0013 kept mode=leaf gate=accept cand=4.81% leaves=16 survival=4.81% best=4.81% std=0.0%
[DTPO] it=14/150 step=139986 J_new=0.0014 kept mode=leaf gate=accept cand=4.81% leaves=16 survival=4.81% best=4.81% std=0.0%
[DTPO] it=15/150 step=149985 J_new=0.0017 kept mode=leaf gate=accept cand=4.81% leaves=16 survival=4.81% best=4.81% std=0.0%
[DTPO] it=16/150 step=159984 J_new=0.0031 kept mode=full gate=revert(1) cand=4.81% leaves=16 survival=4.81% best=4.81% std=0.0%
[DTPO] it=17/150 step=169983 J_new=0.0011 kept mode=leaf gate=accept cand=4.81% leaves=16 survival=4.81% best=4.81% std=0.0%
[DTPO] it=18/150 step=179982 J_new=0.0013 kept mode=leaf gate=accept cand=4.81% leaves=16 survival=4.81% best=4.81% std=0.0%
[DTPO] it=19/150 step=189981 J_new=0.0014 kept mode=leaf gate=accept cand=4.81% leaves=16 survival=4.81% best=4.81% std=0.0%
[DTPO] it=20/150 step=199980 J_new=0.0015 kept mode=leaf gate=accept cand=4.81% leaves=16 survival=4.81% best=4.81% std=0.0%
[DTPO] it=21/150 step=209979 J_new=0.0026 kept mode=full gate=revert(1) cand=4.81% leaves=16 survival=4.81% best=4.81% std=0.0%
[DTPO] it=22/150 step=219978 J_new=0.0010 kept mode=leaf gate=accept cand=4.81% leaves=16 survival=4.81% best=4.81% std=0.0%
[DTPO] it=23/150 step=229977 J_new=0.0013 kept mode=leaf gate=accept cand=4.81% leaves=16 survival=4.81% best=4.81% std=0.0%
[DTPO] it=24/150 step=239976 J_new=0.0015 kept mode=leaf gate=accept cand=4.81% leaves=16 survival=4.81% best=4.81% std=0.0%
[DTPO] it=25/150 step=249975 J_new=0.0015 kept mode=leaf gate=accept cand=4.81% leaves=16 survival=4.81% best=4.81% std=0.0%
[DTPO] it=26/150 step=259974 J_new=0.0028 kept mode=full gate=revert(1) cand=4.81% leaves=16 survival=4.81% best=4.81% std=0.0%
[DTPO] it=27/150 step=269973 J_new=0.0012 kept mode=leaf gate=accept cand=4.81% leaves=16 survival=4.81% best=4.81% std=0.0%
[DTPO] it=28/150 step=279972 J_new=0.0017 kept mode=leaf gate=accept cand=4.81% leaves=16 survival=4.81% best=4.81% std=0.0%
[DTPO] it=29/150 step=289971 J_new=0.0022 kept mode=leaf gate=accept cand=4.81% leaves=16 survival=4.81% best=4.81% std=0.0%
[DTPO] it=30/150 step=299970 J_new=0.0024 kept mode=leaf gate=accept cand=4.81% leaves=16 survival=4.81% best=4.81% std=0.0%
[DTPO] it=31/150 step=309969 J_new=0.0044 kept mode=full gate=accept cand=13.05% leaves=16 survival=13.05% best=13.05% std=20.2%
[DTPO] it=32/150 step=319968 J_new=0.0018 kept mode=leaf gate=revert(1) cand=9.75% leaves=16 survival=13.05% best=13.05% std=20.2%
[DTPO] it=33/150 step=329967 J_new=0.0009 kept mode=leaf gate=revert(2) cand=11.57% leaves=16 survival=13.05% best=13.05% std=20.2%
[DTPO] it=34/150 step=339966 J_new=0.0006 kept mode=leaf gate=revert(3) cand=5.48% leaves=16 survival=13.05% best=13.05% std=20.2%
[DTPO] it=35/150 step=349965 J_new=0.0008 kept mode=leaf gate=revert(4) cand=11.43% leaves=16 survival=13.05% best=13.05% std=20.2%
[DTPO] it=36/150 step=359964 J_new=0.0055 kept mode=full gate=revert(5) cand=4.81% leaves=16 survival=13.05% best=13.05% std=20.2%
[DTPO] it=37/150 step=369963 J_new=0.0006 kept mode=leaf gate=revert(6) cand=6.94% leaves=16 survival=13.05% best=13.05% std=20.2%
[DTPO] it=38/150 step=379962 J_new=0.0006 kept mode=leaf gate=revert(7) cand=6.26% leaves=16 survival=13.05% best=13.05% std=20.2%
[DTPO] it=39/150 step=389961 J_new=0.0005 kept mode=leaf gate=revert(8) cand=11.88% leaves=16 survival=13.05% best=13.05% std=20.2%
[DTPO] it=40/150 step=399960 J_new=0.0005 kept mode=leaf gate=accept cand=16.07% leaves=16 survival=16.07% best=16.07% std=17.4%
[DTPO] it=41/150 step=409959 J_new=0.0050 kept mode=full gate=revert(1) cand=4.81% leaves=16 survival=16.07% best=16.07% std=17.4%
[DTPO] it=42/150 step=419958 J_new=0.0011 kept mode=leaf gate=revert(2) cand=12.16% leaves=16 survival=16.07% best=16.07% std=17.4%
[DTPO] it=43/150 step=429957 J_new=0.0010 kept mode=leaf gate=revert(3) cand=9.31% leaves=16 survival=16.07% best=16.07% std=17.4%
[DTPO] it=44/150 step=439956 J_new=0.0006 kept mode=leaf gate=revert(4) cand=7.17% leaves=16 survival=16.07% best=16.07% std=17.4%
[DTPO] it=45/150 step=449955 J_new=0.0008 kept mode=leaf gate=revert(5) cand=10.13% leaves=16 survival=16.07% best=16.07% std=17.4%
[DTPO] it=46/150 step=459954 J_new=0.0055 kept mode=full gate=revert(6) cand=4.81% leaves=16 survival=16.07% best=16.07% std=17.4%
[DTPO] it=47/150 step=469953 J_new=0.0008 kept mode=leaf gate=revert(7) cand=7.23% leaves=16 survival=16.07% best=16.07% std=17.4%
[DTPO] it=48/150 step=479952 J_new=0.0007 kept mode=leaf gate=revert(8) cand=10.34% leaves=16 survival=16.07% best=16.07% std=17.4%
[DTPO] it=49/150 step=489951 J_new=0.0005 kept mode=leaf gate=accept cand=25.00% leaves=16 survival=25.00% best=25.00% std=21.4%
[DTPO] it=50/150 step=499950 J_new=0.0009 kept mode=leaf gate=revert(1) cand=13.36% leaves=16 survival=25.00% best=25.00% std=21.4%
[DTPO] it=51/150 step=509949 J_new=0.0019 kept mode=full gate=revert(2) cand=4.81% leaves=16 survival=25.00% best=25.00% std=21.4%
[DTPO] it=52/150 step=519948 J_new=0.0006 kept mode=leaf gate=revert(3) cand=7.29% leaves=16 survival=25.00% best=25.00% std=21.4%
[DTPO] it=53/150 step=529947 J_new=0.0005 kept mode=leaf gate=revert(4) cand=7.55% leaves=16 survival=25.00% best=25.00% std=21.4%
[DTPO] it=54/150 step=539946 J_new=0.0006 kept mode=leaf gate=revert(5) cand=18.61% leaves=16 survival=25.00% best=25.00% std=21.4%
[DTPO] it=55/150 step=549945 J_new=0.0006 kept mode=leaf gate=revert(6) cand=7.81% leaves=16 survival=25.00% best=25.00% std=21.4%
[DTPO] it=56/150 step=559944 J_new=0.0033 kept mode=full gate=revert(7) cand=4.81% leaves=16 survival=25.00% best=25.00% std=21.4%
[DTPO] it=57/150 step=569943 J_new=0.0007 kept mode=leaf gate=revert(8) cand=7.17% leaves=16 survival=25.00% best=25.00% std=21.4%
[DTPO] it=58/150 step=579942 J_new=0.0006 kept mode=leaf gate=revert(9) cand=12.42% leaves=16 survival=25.00% best=25.00% std=21.4%
[DTPO] it=59/150 step=589941 J_new=0.0005 kept mode=leaf gate=revert(10) cand=11.48% leaves=16 survival=25.00% best=25.00% std=21.4%
[DTPO] it=60/150 step=599940 J_new=0.0006 kept mode=leaf gate=revert(11) cand=17.16% leaves=16 survival=25.00% best=25.00% std=21.4%
[DTPO] it=61/150 step=609939 J_new=0.0038 kept mode=full gate=revert(12) cand=4.81% leaves=16 survival=25.00% best=25.00% std=21.4%
[DTPO] it=62/150 step=619938 J_new=0.0006 kept mode=leaf gate=revert(13) cand=8.77% leaves=16 survival=25.00% best=25.00% std=21.4%
[DTPO] it=63/150 step=629937 J_new=0.0006 kept mode=leaf gate=revert(14) cand=9.96% leaves=16 survival=25.00% best=25.00% std=21.4%
[DTPO] it=64/150 step=639936 J_new=0.0006 kept mode=leaf gate=revert(15) cand=14.67% leaves=16 survival=25.00% best=25.00% std=21.4%
[DTPO] it=65/150 step=649935 J_new=0.0006 kept mode=leaf gate=revert(16) cand=15.27% leaves=16 survival=25.00% best=25.00% std=21.4%
[DTPO] it=66/150 step=659934 J_new=0.0060 kept mode=full gate=revert(17) cand=5.53% leaves=16 survival=25.00% best=25.00% std=21.4%
[DTPO] it=67/150 step=669933 J_new=0.0005 kept mode=leaf gate=revert(18) cand=13.91% leaves=16 survival=25.00% best=25.00% std=21.4%
[DTPO] it=68/150 step=679932 J_new=0.0004 kept mode=leaf gate=revert(19) cand=7.33% leaves=16 survival=25.00% best=25.00% std=21.4%
[DTPO] it=69/150 step=689931 J_new=0.0005 kept mode=leaf gate=revert(20) cand=9.76% leaves=16 survival=25.00% best=25.00% std=21.4%
[DTPO] it=70/150 step=699930 J_new=0.0004 kept mode=leaf gate=revert(21) cand=18.08% leaves=16 survival=25.00% best=25.00% std=21.4%
[DTPO] it=71/150 step=709929 J_new=0.0062 kept mode=full gate=revert(22) cand=7.81% leaves=16 survival=25.00% best=25.00% std=21.4%
[DTPO] it=72/150 step=719928 J_new=0.0010 kept mode=leaf gate=revert(23) cand=8.66% leaves=16 survival=25.00% best=25.00% std=21.4%
[DTPO] it=73/150 step=729927 J_new=0.0010 kept mode=leaf gate=revert(24) cand=7.96% leaves=16 survival=25.00% best=25.00% std=21.4%
[DTPO] it=74/150 step=739926 J_new=0.0010 kept mode=leaf gate=revert(25) cand=12.06% leaves=16 survival=25.00% best=25.00% std=21.4%
[DTPO] it=75/150 step=749925 J_new=0.0008 kept mode=leaf gate=revert(26) cand=13.70% leaves=16 survival=25.00% best=25.00% std=21.4%
[DTPO] it=76/150 step=759924 J_new=0.0064 kept mode=full gate=accept cand=49.21% leaves=16 survival=49.21% best=49.21% std=31.9%
[DTPO] it=77/150 step=769923 J_new=0.0067 kept mode=leaf gate=accept cand=55.86% leaves=16 survival=55.86% best=55.86% std=31.4%
[DTPO] it=78/150 step=779922 J_new=0.0058 kept mode=leaf gate=revert(1) cand=54.60% leaves=16 survival=55.86% best=55.86% std=31.4%
[DTPO] it=79/150 step=789921 J_new=0.0054 kept mode=leaf gate=revert(2) cand=54.06% leaves=16 survival=55.86% best=55.86% std=31.4%
[DTPO] it=80/150 step=799920 J_new=0.0006 kept mode=leaf gate=revert(3) cand=50.43% leaves=16 survival=55.86% best=55.86% std=31.4%
[DTPO] it=81/150 step=809919 J_new=0.0001 kept mode=full gate=revert(4) cand=4.81% leaves=16 survival=55.86% best=55.86% std=31.4%
[DTPO] it=82/150 step=819918 J_new=0.0003 kept mode=leaf gate=revert(5) cand=47.55% leaves=16 survival=55.86% best=55.86% std=31.4%
[DTPO] it=83/150 step=829917 J_new=0.0003 kept mode=leaf gate=revert(6) cand=48.98% leaves=16 survival=55.86% best=55.86% std=31.4%
[DTPO] it=84/150 step=839916 J_new=0.0002 kept mode=leaf gate=revert(7) cand=44.72% leaves=16 survival=55.86% best=55.86% std=31.4%
[DTPO] it=85/150 step=849915 J_new=0.0002 kept mode=leaf gate=revert(8) cand=50.36% leaves=16 survival=55.86% best=55.86% std=31.4%
[DTPO] it=86/150 step=859914 J_new=0.0026 kept mode=full gate=revert(9) cand=4.78% leaves=16 survival=55.86% best=55.86% std=31.4%
[DTPO] it=87/150 step=869913 J_new=0.0004 kept mode=leaf gate=revert(10) cand=46.59% leaves=16 survival=55.86% best=55.86% std=31.4%
[DTPO] it=88/150 step=879912 J_new=0.0003 kept mode=leaf gate=revert(11) cand=49.52% leaves=16 survival=55.86% best=55.86% std=31.4%
[DTPO] it=89/150 step=889911 J_new=0.0004 kept mode=leaf gate=accept cand=57.21% leaves=16 survival=57.21% best=57.21% std=33.7%
[DTPO] it=90/150 step=899910 J_new=0.0006 kept mode=leaf gate=revert(1) cand=54.63% leaves=16 survival=57.21% best=57.21% std=33.7%
[DTPO] it=91/150 step=909909 J_new=0.0010 kept mode=full gate=revert(2) cand=4.75% leaves=16 survival=57.21% best=57.21% std=33.7%
[DTPO] it=92/150 step=919908 J_new=0.0005 kept mode=leaf gate=revert(3) cand=46.31% leaves=16 survival=57.21% best=57.21% std=33.7%
[DTPO] it=93/150 step=929907 J_new=0.0003 kept mode=leaf gate=revert(4) cand=50.58% leaves=16 survival=57.21% best=57.21% std=33.7%
[DTPO] it=94/150 step=939906 J_new=0.0003 kept mode=leaf gate=revert(5) cand=52.19% leaves=16 survival=57.21% best=57.21% std=33.7%
[DTPO] it=95/150 step=949905 J_new=0.0003 kept mode=leaf gate=accept cand=58.91% leaves=16 survival=58.91% best=58.91% std=32.0%
[DTPO] it=96/150 step=959904 J_new=0.0010 kept mode=full gate=revert(1) cand=4.81% leaves=16 survival=58.91% best=58.91% std=32.0%
[DTPO] it=97/150 step=969903 J_new=0.0005 kept mode=leaf gate=revert(2) cand=57.96% leaves=16 survival=58.91% best=58.91% std=32.0%
[DTPO] it=98/150 step=979902 J_new=0.0006 kept mode=leaf gate=revert(3) cand=50.31% leaves=16 survival=58.91% best=58.91% std=32.0%
[DTPO] it=99/150 step=989901 J_new=0.0005 kept mode=leaf gate=revert(4) cand=54.30% leaves=16 survival=58.91% best=58.91% std=32.0%
[DTPO] it=100/150 step=999900 J_new=0.0005 kept mode=leaf gate=revert(5) cand=53.10% leaves=16 survival=58.91% best=58.91% std=32.0%
[DTPO] it=101/150 step=1009899 J_new=0.0030 kept mode=full gate=revert(6) cand=4.81% leaves=16 survival=58.91% best=58.91% std=32.0%
[DTPO] it=102/150 step=1019898 J_new=0.0003 kept mode=leaf gate=revert(7) cand=55.41% leaves=16 survival=58.91% best=58.91% std=32.0%
[DTPO] it=103/150 step=1029897 J_new=0.0003 kept mode=leaf gate=revert(8) cand=52.29% leaves=16 survival=58.91% best=58.91% std=32.0%
[DTPO] it=104/150 step=1039896 J_new=0.0005 kept mode=leaf gate=revert(9) cand=50.75% leaves=16 survival=58.91% best=58.91% std=32.0%
[DTPO] it=105/150 step=1049895 J_new=0.0004 kept mode=leaf gate=accept cand=60.10% leaves=16 survival=60.10% best=60.10% std=34.1%
[DTPO] it=106/150 step=1059894 J_new=0.0023 kept mode=full gate=revert(1) cand=4.81% leaves=16 survival=60.10% best=60.10% std=34.1%
[DTPO] it=107/150 step=1069893 J_new=0.0008 kept mode=leaf gate=revert(2) cand=51.68% leaves=16 survival=60.10% best=60.10% std=34.1%
[DTPO] it=108/150 step=1079892 J_new=0.0006 kept mode=leaf gate=revert(3) cand=58.10% leaves=16 survival=60.10% best=60.10% std=34.1%
[DTPO] it=109/150 step=1089891 J_new=0.0005 kept mode=leaf gate=accept cand=63.56% leaves=16 survival=63.56% best=63.56% std=33.7%
[DTPO] it=110/150 step=1099890 J_new=0.0010 kept mode=leaf gate=revert(1) cand=58.39% leaves=16 survival=63.56% best=63.56% std=33.7%
[DTPO] it=111/150 step=1109889 J_new=0.0012 kept mode=full gate=revert(2) cand=4.81% leaves=16 survival=63.56% best=63.56% std=33.7%
[DTPO] it=112/150 step=1119888 J_new=0.0007 kept mode=leaf gate=revert(3) cand=52.49% leaves=16 survival=63.56% best=63.56% std=33.7%
[DTPO] it=113/150 step=1129887 J_new=0.0005 kept mode=leaf gate=revert(4) cand=53.34% leaves=16 survival=63.56% best=63.56% std=33.7%
[DTPO] it=114/150 step=1139886 J_new=0.0006 kept mode=leaf gate=revert(5) cand=49.76% leaves=16 survival=63.56% best=63.56% std=33.7%
[DTPO] it=115/150 step=1149885 J_new=0.0006 kept mode=leaf gate=revert(6) cand=47.01% leaves=16 survival=63.56% best=63.56% std=33.7%
[DTPO] it=116/150 step=1159884 J_new=0.0010 kept mode=full gate=revert(7) cand=4.81% leaves=16 survival=63.56% best=63.56% std=33.7%
[DTPO] it=117/150 step=1169883 J_new=0.0006 kept mode=leaf gate=revert(8) cand=49.00% leaves=16 survival=63.56% best=63.56% std=33.7%
[DTPO] it=118/150 step=1179882 J_new=0.0005 kept mode=leaf gate=revert(9) cand=53.77% leaves=16 survival=63.56% best=63.56% std=33.7%
[DTPO] it=119/150 step=1189881 J_new=0.0004 kept mode=leaf gate=revert(10) cand=53.30% leaves=16 survival=63.56% best=63.56% std=33.7%
[DTPO] it=120/150 step=1199880 J_new=0.0004 kept mode=leaf gate=revert(11) cand=45.15% leaves=16 survival=63.56% best=63.56% std=33.7%
[DTPO] it=121/150 step=1209879 J_new=0.0030 kept mode=full gate=revert(12) cand=4.81% leaves=16 survival=63.56% best=63.56% std=33.7%
[DTPO] it=122/150 step=1219878 J_new=0.0003 kept mode=leaf gate=revert(13) cand=54.37% leaves=16 survival=63.56% best=63.56% std=33.7%
[DTPO] it=123/150 step=1229877 J_new=0.0003 kept mode=leaf gate=revert(14) cand=52.64% leaves=16 survival=63.56% best=63.56% std=33.7%
[DTPO] it=124/150 step=1239876 J_new=0.0004 kept mode=leaf gate=revert(15) cand=54.12% leaves=16 survival=63.56% best=63.56% std=33.7%
[DTPO] it=125/150 step=1249875 J_new=0.0004 kept mode=leaf gate=revert(16) cand=56.08% leaves=16 survival=63.56% best=63.56% std=33.7%
[DTPO] it=126/150 step=1259874 J_new=0.0021 kept mode=full gate=revert(17) cand=4.90% leaves=16 survival=63.56% best=63.56% std=33.7%
[DTPO] it=127/150 step=1269873 J_new=0.0004 kept mode=leaf gate=revert(18) cand=57.08% leaves=16 survival=63.56% best=63.56% std=33.7%
[DTPO] it=128/150 step=1279872 J_new=0.0004 kept mode=leaf gate=revert(19) cand=56.94% leaves=16 survival=63.56% best=63.56% std=33.7%
[DTPO] it=129/150 step=1289871 J_new=0.0005 kept mode=leaf gate=revert(20) cand=49.90% leaves=16 survival=63.56% best=63.56% std=33.7%
[DTPO] it=130/150 step=1299870 J_new=0.0005 kept mode=leaf gate=revert(21) cand=47.88% leaves=16 survival=63.56% best=63.56% std=33.7%
[DTPO] it=131/150 step=1309869 J_new=0.0018 kept mode=full gate=revert(22) cand=4.81% leaves=16 survival=63.56% best=63.56% std=33.7%
[DTPO] it=132/150 step=1319868 J_new=0.0004 kept mode=leaf gate=revert(23) cand=56.13% leaves=16 survival=63.56% best=63.56% std=33.7%
[DTPO] it=133/150 step=1329867 J_new=0.0003 kept mode=leaf gate=revert(24) cand=55.84% leaves=16 survival=63.56% best=63.56% std=33.7%
[DTPO] it=134/150 step=1339866 J_new=0.0004 kept mode=leaf gate=revert(25) cand=51.98% leaves=16 survival=63.56% best=63.56% std=33.7%
[DTPO] it=135/150 step=1349865 J_new=0.0004 kept mode=leaf gate=revert(26) cand=54.02% leaves=16 survival=63.56% best=63.56% std=33.7%
[DTPO] it=136/150 step=1359864 J_new=0.0014 kept mode=full gate=revert(27) cand=4.81% leaves=16 survival=63.56% best=63.56% std=33.7%
[DTPO] it=137/150 step=1369863 J_new=0.0006 kept mode=leaf gate=revert(28) cand=48.26% leaves=16 survival=63.56% best=63.56% std=33.7%
[DTPO] it=138/150 step=1379862 J_new=0.0006 kept mode=leaf gate=revert(29) cand=41.71% leaves=16 survival=63.56% best=63.56% std=33.7%
[DTPO] it=139/150 step=1389861 J_new=0.0006 kept mode=leaf gate=revert(30) cand=42.33% leaves=16 survival=63.56% best=63.56% std=33.7%
[DTPO] it=140/150 step=1399860 J_new=0.0005 kept mode=leaf gate=revert(31) cand=51.26% leaves=16 survival=63.56% best=63.56% std=33.7%
[DTPO] it=141/150 step=1409859 J_new=0.0013 kept mode=full gate=revert(32) cand=4.81% leaves=16 survival=63.56% best=63.56% std=33.7%
[DTPO] it=142/150 step=1419858 J_new=0.0005 kept mode=leaf gate=accept cand=63.77% leaves=16 survival=63.77% best=63.77% std=31.8%
[DTPO] it=143/150 step=1429857 J_new=0.0009 kept mode=leaf gate=revert(1) cand=57.33% leaves=16 survival=63.77% best=63.77% std=31.8%
[DTPO] it=144/150 step=1439856 J_new=0.0010 kept mode=leaf gate=revert(2) cand=52.05% leaves=16 survival=63.77% best=63.77% std=31.8%
[DTPO] it=145/150 step=1449855 J_new=0.0008 kept mode=leaf gate=revert(3) cand=52.21% leaves=16 survival=63.77% best=63.77% std=31.8%
[DTPO] it=146/150 step=1459854 J_new=0.0008 kept mode=full gate=revert(4) cand=4.81% leaves=16 survival=63.77% best=63.77% std=31.8%
[DTPO] it=147/150 step=1469853 J_new=0.0006 kept mode=leaf gate=revert(5) cand=48.62% leaves=16 survival=63.77% best=63.77% std=31.8%
[DTPO] it=148/150 step=1479852 J_new=0.0006 kept mode=leaf gate=revert(6) cand=49.03% leaves=16 survival=63.77% best=63.77% std=31.8%
[DTPO] it=149/150 step=1489851 J_new=0.0006 kept mode=leaf gate=revert(7) cand=54.63% leaves=16 survival=63.77% best=63.77% std=31.8%
[DTPO] it=150/150 step=1499850 J_new=0.0006 kept mode=leaf gate=revert(8) cand=53.75% leaves=16 survival=63.77% best=63.77% std=31.8%
[DTPO] stored 5 candidate trees for final selection (cheap survivals: ['63.8%', '63.6%', '60.1%', '58.9%', '58.4%']). Run dtpo_select.py --ckpt <ckpt> --episodes 100 to pick the honest best.
