[F2] training env filtered to 2160/2880 chronics (every 4th id held out for evaluation)
Initializing the distributed action 'mapper'... (takes a while with big action spaces)
[F2] training env filtered to 2160/2880 chronics (every 4th id held out for evaluation)
[F2] training env filtered to 2160/2880 chronics (every 4th id held out for evaluation)
[F2] training env filtered to 2160/2880 chronics (every 4th id held out for evaluation)[F2] training env filtered to 2160/2880 chronics (every 4th id held out for evaluation)

[A5] bus36-M has stochastic exogenous events -> gate evaluation is NOT a deterministic function of the tree; disabling the cached-incumbent shortcut and re-evaluating each time.
[DTPO] gate eval on 40 training-side chronics (of 2880); overlap with the held-out pool = 0 (must be 0): ids=[0, 73, 146, 221, 294, 368, 442, 516, 589, 664, 737, 810]...
[DTPO] it=1/150 step=9999 J_new=0.8121 kept mode=full gate=accept cand=8.68% leaves=16 survival=8.68% best=8.68% std=11.0%
[DTPO] it=2/150 step=19998 J_new=0.7442 kept mode=full gate=accept cand=26.89% leaves=16 survival=26.89% best=26.89% std=26.5%
[DTPO] it=3/150 step=29997 J_new=0.0299 kept mode=full gate=accept cand=26.89% leaves=16 survival=26.89% best=26.89% std=26.5%
[DTPO] it=4/150 step=39996 J_new=0.1180 kept mode=full gate=revert(1) cand=8.91% leaves=16 survival=26.89% best=26.89% std=26.5%
[DTPO] it=5/150 step=49995 J_new=0.1843 kept mode=full gate=accept cand=26.89% leaves=16 survival=26.89% best=26.89% std=26.5%
[DTPO] it=6/150 step=59994 J_new=2.2000 kept mode=full gate=accept cand=26.89% leaves=16 survival=26.89% best=26.89% std=26.5%
[DTPO] it=7/150 step=69993 J_new=0.0504 kept mode=full gate=accept cand=26.89% leaves=16 survival=26.89% best=26.89% std=26.5%
[DTPO] it=8/150 step=79992 J_new=0.2907 kept mode=full gate=accept cand=26.89% leaves=16 survival=26.89% best=26.89% std=26.5%
[DTPO] it=9/150 step=89991 J_new=0.0002 kept mode=full gate=accept cand=26.89% leaves=16 survival=26.89% best=26.89% std=26.5%
[DTPO] it=10/150 step=99990 J_new=0.0156 kept mode=full gate=accept cand=26.89% leaves=16 survival=26.89% best=26.89% std=26.5%
[DTPO] it=11/150 step=109989 J_new=1.4058 kept mode=full gate=accept cand=26.89% leaves=16 survival=26.89% best=26.89% std=26.5%
[DTPO] it=12/150 step=119988 J_new=0.2818 kept mode=full gate=accept cand=26.89% leaves=16 survival=26.89% best=26.89% std=26.5%
[DTPO] it=13/150 step=129987 J_new=0.6744 kept mode=full gate=accept cand=26.89% leaves=16 survival=26.89% best=26.89% std=26.5%
[DTPO] it=14/150 step=139986 J_new=0.0003 kept mode=full gate=accept cand=26.89% leaves=16 survival=26.89% best=26.89% std=26.5%
[DTPO] it=15/150 step=149985 J_new=1.2837 kept mode=full gate=accept cand=26.89% leaves=16 survival=26.89% best=26.89% std=26.5%
[DTPO] it=16/150 step=159984 J_new=0.2574 kept mode=full gate=accept cand=26.89% leaves=16 survival=26.89% best=26.89% std=26.5%
[DTPO] it=17/150 step=169983 J_new=0.0243 kept mode=full gate=accept cand=26.89% leaves=16 survival=26.89% best=26.89% std=26.5%
[DTPO] it=18/150 step=179982 J_new=0.8212 kept mode=full gate=accept cand=26.89% leaves=16 survival=26.89% best=26.89% std=26.5%
[DTPO] it=19/150 step=189981 J_new=0.0797 kept mode=full gate=accept cand=26.89% leaves=16 survival=26.89% best=26.89% std=26.5%
[DTPO] it=20/150 step=199980 J_new=0.2315 kept mode=full gate=accept cand=26.89% leaves=16 survival=26.89% best=26.89% std=26.5%
[DTPO] it=21/150 step=209979 J_new=0.1104 kept mode=full gate=accept cand=26.89% leaves=16 survival=26.89% best=26.89% std=26.5%
[DTPO] it=22/150 step=219978 J_new=0.0249 kept mode=full gate=accept cand=26.89% leaves=16 survival=26.89% best=26.89% std=26.5%
[DTPO] it=23/150 step=229977 J_new=0.0099 kept mode=full gate=accept cand=26.89% leaves=16 survival=26.89% best=26.89% std=26.5%
[DTPO] it=24/150 step=239976 J_new=0.0466 kept mode=full gate=accept cand=26.89% leaves=16 survival=26.89% best=26.89% std=26.5%
[DTPO] it=25/150 step=249975 J_new=0.0130 kept mode=full gate=accept cand=26.89% leaves=16 survival=26.89% best=26.89% std=26.5%
[DTPO] it=26/150 step=259974 J_new=0.0806 kept mode=full gate=accept cand=26.89% leaves=16 survival=26.89% best=26.89% std=26.5%
[DTPO] it=27/150 step=269973 J_new=0.0195 kept mode=full gate=accept cand=26.89% leaves=16 survival=26.89% best=26.89% std=26.5%
[DTPO] it=28/150 step=279972 J_new=0.0576 kept mode=full gate=accept cand=26.89% leaves=16 survival=26.89% best=26.89% std=26.5%
[DTPO] it=29/150 step=289971 J_new=0.0151 kept mode=full gate=accept cand=26.89% leaves=16 survival=26.89% best=26.89% std=26.5%
[DTPO] it=30/150 step=299970 J_new=0.6862 kept mode=full gate=revert(1) cand=9.36% leaves=16 survival=26.89% best=26.89% std=26.5%
[DTPO] it=31/150 step=309969 J_new=0.0002 kept mode=full gate=accept cand=26.89% leaves=16 survival=26.89% best=26.89% std=26.5%
[DTPO] it=32/150 step=319968 J_new=0.0061 kept mode=full gate=accept cand=26.89% leaves=16 survival=26.89% best=26.89% std=26.5%
[DTPO] it=33/150 step=329967 J_new=0.0570 kept mode=full gate=accept cand=26.89% leaves=16 survival=26.89% best=26.89% std=26.5%
[DTPO] it=34/150 step=339966 J_new=0.2077 kept mode=full gate=accept cand=26.89% leaves=16 survival=26.89% best=26.89% std=26.5%
[DTPO] it=35/150 step=349965 J_new=0.0083 kept mode=full gate=accept cand=26.89% leaves=16 survival=26.89% best=26.89% std=26.5%
[DTPO] it=36/150 step=359964 J_new=0.0038 kept mode=full gate=accept cand=26.89% leaves=16 survival=26.89% best=26.89% std=26.5%
[DTPO] it=37/150 step=369963 J_new=0.0009 kept mode=full gate=accept cand=26.89% leaves=16 survival=26.89% best=26.89% std=26.5%
[DTPO] it=38/150 step=379962 J_new=2.3024 kept mode=full gate=revert(1) cand=15.36% leaves=16 survival=26.89% best=26.89% std=26.5%
[DTPO] it=39/150 step=389961 J_new=1.7161 kept mode=full gate=revert(2) cand=9.92% leaves=16 survival=26.89% best=26.89% std=26.5%
[DTPO] it=40/150 step=399960 J_new=1.5623 kept mode=full gate=revert(3) cand=9.53% leaves=16 survival=26.89% best=26.89% std=26.5%
[DTPO] it=41/150 step=409959 J_new=0.0264 kept mode=full gate=accept cand=26.89% leaves=16 survival=26.89% best=26.89% std=26.5%
[DTPO] it=42/150 step=419958 J_new=0.3817 kept mode=full gate=accept cand=26.89% leaves=16 survival=26.89% best=26.89% std=26.5%
[DTPO] it=43/150 step=429957 J_new=1.0471 kept mode=full gate=accept cand=26.89% leaves=16 survival=26.89% best=26.89% std=26.5%
[DTPO] it=44/150 step=439956 J_new=0.0427 kept mode=full gate=revert(1) cand=9.89% leaves=16 survival=26.89% best=26.89% std=26.5%
[DTPO] it=45/150 step=449955 J_new=0.0117 kept mode=full gate=revert(2) cand=12.80% leaves=16 survival=26.89% best=26.89% std=26.5%
[DTPO] it=46/150 step=459954 J_new=0.0102 kept mode=full gate=accept cand=26.89% leaves=16 survival=26.89% best=26.89% std=26.5%
[DTPO] it=47/150 step=469953 J_new=0.1856 kept mode=full gate=accept cand=26.89% leaves=16 survival=26.89% best=26.89% std=26.5%
[DTPO] it=48/150 step=479952 J_new=0.0707 kept mode=full gate=accept cand=26.89% leaves=16 survival=26.89% best=26.89% std=26.5%
[DTPO] it=49/150 step=489951 J_new=0.2047 kept mode=full gate=accept cand=26.89% leaves=16 survival=26.89% best=26.89% std=26.5%
[DTPO] it=50/150 step=499950 J_new=0.4891 kept mode=full gate=revert(1) cand=8.85% leaves=16 survival=26.89% best=26.89% std=26.5%
[DTPO] it=51/150 step=509949 J_new=0.0592 kept mode=full gate=accept cand=26.89% leaves=16 survival=26.89% best=26.89% std=26.5%
[DTPO] it=52/150 step=519948 J_new=0.0293 kept mode=full gate=accept cand=26.89% leaves=16 survival=26.89% best=26.89% std=26.5%
[DTPO] it=53/150 step=529947 J_new=0.3418 kept mode=full gate=accept cand=26.89% leaves=16 survival=26.89% best=26.89% std=26.5%
[DTPO] it=54/150 step=539946 J_new=0.0024 kept mode=full gate=accept cand=26.89% leaves=16 survival=26.89% best=26.89% std=26.5%
[DTPO] it=55/150 step=549945 J_new=0.1948 kept mode=full gate=revert(1) cand=26.08% leaves=16 survival=26.89% best=26.89% std=26.5%
[DTPO] it=56/150 step=559944 J_new=0.2033 kept mode=full gate=revert(2) cand=12.87% leaves=16 survival=26.89% best=26.89% std=26.5%
[DTPO] it=57/150 step=569943 J_new=0.0694 kept mode=full gate=accept cand=26.89% leaves=16 survival=26.89% best=26.89% std=26.5%
[DTPO] it=58/150 step=579942 J_new=0.0010 kept mode=full gate=accept cand=26.89% leaves=16 survival=26.89% best=26.89% std=26.5%
[DTPO] it=59/150 step=589941 J_new=0.0314 kept mode=full gate=accept cand=26.89% leaves=16 survival=26.89% best=26.89% std=26.5%
[DTPO] it=60/150 step=599940 J_new=0.0161 kept mode=full gate=accept cand=26.89% leaves=16 survival=26.89% best=26.89% std=26.5%
[DTPO] it=61/150 step=609939 J_new=0.0840 kept mode=full gate=accept cand=26.89% leaves=16 survival=26.89% best=26.89% std=26.5%
[DTPO] it=62/150 step=619938 J_new=0.3325 kept mode=full gate=revert(1) cand=15.58% leaves=16 survival=26.89% best=26.89% std=26.5%
[DTPO] it=63/150 step=629937 J_new=0.0054 kept mode=full gate=accept cand=26.89% leaves=16 survival=26.89% best=26.89% std=26.5%
[DTPO] it=64/150 step=639936 J_new=0.3891 kept mode=full gate=revert(1) cand=15.45% leaves=16 survival=26.89% best=26.89% std=26.5%
[DTPO] it=65/150 step=649935 J_new=0.1791 kept mode=full gate=revert(2) cand=13.84% leaves=16 survival=26.89% best=26.89% std=26.5%
[DTPO] it=66/150 step=659934 J_new=1.0775 kept mode=full gate=revert(3) cand=20.25% leaves=16 survival=26.89% best=26.89% std=26.5%
[DTPO] it=67/150 step=669933 J_new=0.2042 kept mode=full gate=revert(4) cand=25.16% leaves=16 survival=26.89% best=26.89% std=26.5%
[DTPO] it=68/150 step=679932 J_new=0.4923 kept mode=full gate=revert(5) cand=19.45% leaves=16 survival=26.89% best=26.89% std=26.5%
[DTPO] it=69/150 step=689931 J_new=0.0344 kept mode=full gate=accept cand=26.89% leaves=16 survival=26.89% best=26.89% std=26.5%
[DTPO] it=70/150 step=699930 J_new=0.3990 kept mode=full gate=accept cand=26.89% leaves=16 survival=26.89% best=26.89% std=26.5%
[DTPO] it=71/150 step=709929 J_new=0.0385 kept mode=full gate=accept cand=26.89% leaves=16 survival=26.89% best=26.89% std=26.5%
[DTPO] it=72/150 step=719928 J_new=0.2533 kept mode=full gate=revert(1) cand=10.67% leaves=16 survival=26.89% best=26.89% std=26.5%
[DTPO] it=73/150 step=729927 J_new=0.1218 kept mode=full gate=revert(2) cand=11.61% leaves=16 survival=26.89% best=26.89% std=26.5%
[DTPO] it=74/150 step=739926 J_new=0.4364 kept mode=full gate=revert(3) cand=19.48% leaves=16 survival=26.89% best=26.89% std=26.5%
[DTPO] it=75/150 step=749925 J_new=0.1818 kept mode=full gate=revert(4) cand=26.80% leaves=16 survival=26.89% best=26.89% std=26.5%
[DTPO] it=76/150 step=759924 J_new=0.1392 kept mode=full gate=revert(5) cand=9.43% leaves=16 survival=26.89% best=26.89% std=26.5%
[DTPO] it=77/150 step=769923 J_new=0.2024 kept mode=full gate=revert(6) cand=12.93% leaves=16 survival=26.89% best=26.89% std=26.5%
[DTPO] it=78/150 step=779922 J_new=0.2823 kept mode=full gate=revert(7) cand=25.63% leaves=16 survival=26.89% best=26.89% std=26.5%
[DTPO] it=79/150 step=789921 J_new=0.0063 kept mode=full gate=revert(8) cand=8.26% leaves=16 survival=26.89% best=26.89% std=26.5%
[DTPO] it=80/150 step=799920 J_new=0.1092 kept mode=full gate=accept cand=26.89% leaves=16 survival=26.89% best=26.89% std=26.5%
[DTPO] it=81/150 step=809919 J_new=0.0058 kept mode=full gate=accept cand=26.89% leaves=16 survival=26.89% best=26.89% std=26.5%
[DTPO] it=82/150 step=819918 J_new=0.0846 kept mode=full gate=revert(1) cand=21.60% leaves=16 survival=26.89% best=26.89% std=26.5%
[DTPO] it=83/150 step=829917 J_new=0.0893 kept mode=full gate=revert(2) cand=22.47% leaves=16 survival=26.89% best=26.89% std=26.5%
[DTPO] it=84/150 step=839916 J_new=0.0062 kept mode=full gate=accept cand=26.89% leaves=16 survival=26.89% best=26.89% std=26.5%
[DTPO] it=85/150 step=849915 J_new=0.0830 kept mode=full gate=accept cand=26.89% leaves=16 survival=26.89% best=26.89% std=26.5%
[DTPO] it=86/150 step=859914 J_new=0.0122 kept mode=full gate=accept cand=26.89% leaves=16 survival=26.89% best=26.89% std=26.5%
[DTPO] it=87/150 step=869913 J_new=0.0003 kept mode=full gate=accept cand=26.89% leaves=16 survival=26.89% best=26.89% std=26.5%
[DTPO] it=88/150 step=879912 J_new=0.0039 kept mode=full gate=accept cand=26.89% leaves=16 survival=26.89% best=26.89% std=26.5%
[DTPO] it=89/150 step=889911 J_new=0.0659 kept mode=full gate=revert(1) cand=15.49% leaves=16 survival=26.89% best=26.89% std=26.5%
[DTPO] it=90/150 step=899910 J_new=0.0938 kept mode=full gate=revert(2) cand=10.12% leaves=16 survival=26.89% best=26.89% std=26.5%
[DTPO] it=91/150 step=909909 J_new=0.1234 kept mode=full gate=revert(3) cand=24.19% leaves=16 survival=26.89% best=26.89% std=26.5%
[DTPO] it=92/150 step=919908 J_new=0.0490 kept mode=full gate=accept cand=26.89% leaves=16 survival=26.89% best=26.89% std=26.5%
[DTPO] it=93/150 step=929907 J_new=0.0088 kept mode=full gate=accept cand=26.89% leaves=16 survival=26.89% best=26.89% std=26.5%
[DTPO] it=94/150 step=939906 J_new=0.0503 kept mode=full gate=revert(1) cand=26.66% leaves=16 survival=26.89% best=26.89% std=26.5%
[DTPO] it=95/150 step=949905 J_new=0.0113 kept mode=full gate=accept cand=26.89% leaves=16 survival=26.89% best=26.89% std=26.5%
[DTPO] it=96/150 step=959904 J_new=-0.0002 revert mode=full gate=accept cand=26.89% leaves=16 survival=26.89% best=26.89% std=26.5%
[DTPO] it=97/150 step=969903 J_new=0.0052 kept mode=full gate=accept cand=26.89% leaves=16 survival=26.89% best=26.89% std=26.5%
[DTPO] it=98/150 step=979902 J_new=0.0151 kept mode=full gate=accept cand=26.89% leaves=16 survival=26.89% best=26.89% std=26.5%
[DTPO] it=99/150 step=989901 J_new=0.0304 kept mode=full gate=accept cand=26.89% leaves=16 survival=26.89% best=26.89% std=26.5%
[DTPO] it=100/150 step=999900 J_new=0.0564 kept mode=full gate=accept cand=26.89% leaves=16 survival=26.89% best=26.89% std=26.5%
[DTPO] it=101/150 step=1009899 J_new=0.1150 kept mode=full gate=revert(1) cand=16.82% leaves=16 survival=26.89% best=26.89% std=26.5%
[DTPO] it=102/150 step=1019898 J_new=0.0239 kept mode=full gate=revert(2) cand=22.98% leaves=16 survival=26.89% best=26.89% std=26.5%
[DTPO] it=103/150 step=1029897 J_new=0.0123 kept mode=full gate=accept cand=26.89% leaves=16 survival=26.89% best=26.89% std=26.5%
[DTPO] it=104/150 step=1039896 J_new=0.0010 kept mode=full gate=accept cand=26.89% leaves=16 survival=26.89% best=26.89% std=26.5%
[DTPO] it=105/150 step=1049895 J_new=0.0606 kept mode=full gate=revert(1) cand=15.06% leaves=16 survival=26.89% best=26.89% std=26.5%
[DTPO] it=106/150 step=1059894 J_new=0.0137 kept mode=full gate=accept cand=26.89% leaves=16 survival=26.89% best=26.89% std=26.5%
[DTPO] it=107/150 step=1069893 J_new=0.0957 kept mode=full gate=revert(1) cand=22.79% leaves=16 survival=26.89% best=26.89% std=26.5%
[DTPO] it=108/150 step=1079892 J_new=0.0353 kept mode=full gate=accept cand=26.89% leaves=16 survival=26.89% best=26.89% std=26.5%
[DTPO] it=109/150 step=1089891 J_new=0.0171 kept mode=full gate=accept cand=26.89% leaves=16 survival=26.89% best=26.89% std=26.5%
[DTPO] it=110/150 step=1099890 J_new=0.0966 kept mode=full gate=accept cand=26.89% leaves=16 survival=26.89% best=26.89% std=26.5%
[DTPO] it=111/150 step=1109889 J_new=0.0629 kept mode=full gate=revert(1) cand=10.77% leaves=16 survival=26.89% best=26.89% std=26.5%
[DTPO] it=112/150 step=1119888 J_new=0.0427 kept mode=full gate=accept cand=26.89% leaves=16 survival=26.89% best=26.89% std=26.5%
[DTPO] it=113/150 step=1129887 J_new=0.0169 kept mode=full gate=accept cand=26.89% leaves=16 survival=26.89% best=26.89% std=26.5%
[DTPO] it=114/150 step=1139886 J_new=0.0624 kept mode=full gate=revert(1) cand=22.16% leaves=16 survival=26.89% best=26.89% std=26.5%
[DTPO] it=115/150 step=1149885 J_new=0.0267 kept mode=full gate=accept cand=26.89% leaves=16 survival=26.89% best=26.89% std=26.5%
[DTPO] it=116/150 step=1159884 J_new=0.0003 kept mode=full gate=accept cand=26.89% leaves=16 survival=26.89% best=26.89% std=26.5%
[DTPO] it=117/150 step=1169883 J_new=0.0843 kept mode=full gate=accept cand=26.89% leaves=16 survival=26.89% best=26.89% std=26.5%
[DTPO] it=118/150 step=1179882 J_new=0.0408 kept mode=full gate=accept cand=26.89% leaves=16 survival=26.89% best=26.89% std=26.5%
[DTPO] it=119/150 step=1189881 J_new=0.0100 kept mode=full gate=accept cand=26.89% leaves=16 survival=26.89% best=26.89% std=26.5%
[DTPO] it=120/150 step=1199880 J_new=0.0515 kept mode=full gate=revert(1) cand=15.05% leaves=16 survival=26.89% best=26.89% std=26.5%
[DTPO] it=121/150 step=1209879 J_new=0.0314 kept mode=full gate=revert(2) cand=11.13% leaves=16 survival=26.89% best=26.89% std=26.5%
[DTPO] it=122/150 step=1219878 J_new=0.0340 kept mode=full gate=revert(3) cand=25.60% leaves=16 survival=26.89% best=26.89% std=26.5%
[DTPO] it=123/150 step=1229877 J_new=0.0234 kept mode=full gate=accept cand=26.89% leaves=16 survival=26.89% best=26.89% std=26.5%
[DTPO] it=124/150 step=1239876 J_new=0.0168 kept mode=full gate=accept cand=26.89% leaves=16 survival=26.89% best=26.89% std=26.5%
[DTPO] it=125/150 step=1249875 J_new=0.0441 kept mode=full gate=revert(1) cand=10.72% leaves=16 survival=26.89% best=26.89% std=26.5%
[DTPO] it=126/150 step=1259874 J_new=0.0365 kept mode=full gate=accept cand=26.89% leaves=16 survival=26.89% best=26.89% std=26.5%
[DTPO] it=127/150 step=1269873 J_new=0.0121 kept mode=full gate=revert(1) cand=26.88% leaves=16 survival=26.89% best=26.89% std=26.5%
[DTPO] it=128/150 step=1279872 J_new=0.0160 kept mode=full gate=revert(2) cand=12.84% leaves=16 survival=26.89% best=26.89% std=26.5%
[DTPO] it=129/150 step=1289871 J_new=0.0244 kept mode=full gate=accept cand=26.89% leaves=16 survival=26.89% best=26.89% std=26.5%
[DTPO] it=130/150 step=1299870 J_new=0.0073 kept mode=full gate=accept cand=26.89% leaves=16 survival=26.89% best=26.89% std=26.5%
[DTPO] it=131/150 step=1309869 J_new=0.0431 kept mode=full gate=accept cand=26.89% leaves=16 survival=26.89% best=26.89% std=26.5%
[DTPO] it=132/150 step=1319868 J_new=0.0144 kept mode=full gate=accept cand=26.89% leaves=16 survival=26.89% best=26.89% std=26.5%
[DTPO] it=133/150 step=1329867 J_new=0.2735 kept mode=full gate=revert(1) cand=12.38% leaves=16 survival=26.89% best=26.89% std=26.5%
[DTPO] it=134/150 step=1339866 J_new=0.0094 kept mode=full gate=accept cand=26.89% leaves=16 survival=26.89% best=26.89% std=26.5%
[DTPO] it=135/150 step=1349865 J_new=0.0279 kept mode=full gate=revert(1) cand=14.56% leaves=16 survival=26.89% best=26.89% std=26.5%
[DTPO] it=136/150 step=1359864 J_new=0.0234 kept mode=full gate=accept cand=26.89% leaves=16 survival=26.89% best=26.89% std=26.5%
[DTPO] it=137/150 step=1369863 J_new=0.0302 kept mode=full gate=accept cand=26.89% leaves=16 survival=26.89% best=26.89% std=26.5%
[DTPO] it=138/150 step=1379862 J_new=0.0369 kept mode=full gate=accept cand=26.89% leaves=16 survival=26.89% best=26.89% std=26.5%
[DTPO] it=139/150 step=1389861 J_new=0.0133 kept mode=full gate=accept cand=26.89% leaves=16 survival=26.89% best=26.89% std=26.5%
[DTPO] it=140/150 step=1399860 J_new=0.0145 kept mode=full gate=revert(1) cand=23.53% leaves=16 survival=26.89% best=26.89% std=26.5%
[DTPO] it=141/150 step=1409859 J_new=0.0101 kept mode=full gate=accept cand=26.89% leaves=16 survival=26.89% best=26.89% std=26.5%
[DTPO] it=142/150 step=1419858 J_new=0.0227 kept mode=full gate=accept cand=26.89% leaves=16 survival=26.89% best=26.89% std=26.5%
[DTPO] it=143/150 step=1429857 J_new=0.0103 kept mode=full gate=accept cand=26.89% leaves=16 survival=26.89% best=26.89% std=26.5%
[DTPO] it=144/150 step=1439856 J_new=0.0248 kept mode=full gate=accept cand=26.89% leaves=16 survival=26.89% best=26.89% std=26.5%
[DTPO] it=145/150 step=1449855 J_new=0.0111 kept mode=full gate=revert(1) cand=19.58% leaves=16 survival=26.89% best=26.89% std=26.5%
[DTPO] it=146/150 step=1459854 J_new=0.0218 kept mode=full gate=revert(2) cand=23.18% leaves=16 survival=26.89% best=26.89% std=26.5%
[DTPO] it=147/150 step=1469853 J_new=0.0022 kept mode=full gate=accept cand=26.89% leaves=16 survival=26.89% best=26.89% std=26.5%
[DTPO] it=148/150 step=1479852 J_new=0.0239 kept mode=full gate=accept cand=26.89% leaves=16 survival=26.89% best=26.89% std=26.5%
[DTPO] it=149/150 step=1489851 J_new=0.0126 kept mode=full gate=accept cand=26.89% leaves=16 survival=26.89% best=26.89% std=26.5%
[DTPO] it=150/150 step=1499850 J_new=0.0374 kept mode=full gate=revert(1) cand=15.48% leaves=16 survival=26.89% best=26.89% std=26.5%
[DTPO] stored 5 candidate trees for final selection (cheap survivals: ['26.9%', '26.9%', '26.9%', '26.9%', '26.9%']). Run dtpo_select.py --ckpt <ckpt> --episodes 100 to pick the honest best.
