Initializing the distributed action 'mapper'... (takes a while with big action spaces)
[HYBRID] warm-start from /rds/general/user/ssl125/home/RL2Grid_full/checkpoint/final_PPO_bus36-M_T_100_0__I__1784927195_14574.tar: {'mode': 'soft', 'n_samples': 14255, 'n_actions': 50, 'n_leaves': 16, 'max_depth': 8, 'fidelity': 0.9859698351455629, 'weighted_fidelity': 0.9987774770453068, 'curated': False, 'dagger_rounds': 0}
[DTPO] deterministic eval on 40 fixed chronics (of 2880): ids=[0, 73, 147, 221, 295, 369, 442, 516, 590, 664, 738, 812, 885, 959, 1033, 1107, 1181, 1254, 1328, 1402, 1476, 1550, 1624, 1697, 1771, 1845, 1919, 1993, 2066, 2140, 2214, 2288, 2362, 2436, 2509, 2583, 2657, 2731, 2805, 2879]
[DTPO] it=1/150 step=9999 J_new=0.0071 kept mode=full leaves=16 survival=48.73% best=48.73% std=33.0%
[DTPO] it=2/150 step=19998 J_new=0.0122 kept mode=full leaves=16 survival=41.55% best=48.73% std=29.8%
[DTPO] it=3/150 step=29997 J_new=0.0083 kept mode=full leaves=16 survival=42.39% best=48.73% std=26.9%
[DTPO] it=4/150 step=39996 J_new=0.0073 kept mode=full leaves=16 survival=23.89% best=48.73% std=25.9%
[DTPO] it=5/150 step=49995 J_new=0.0083 kept mode=full leaves=16 survival=18.42% best=48.73% std=16.7%
[DTPO] it=6/150 step=59994 J_new=0.0025 kept mode=full leaves=16 survival=15.16% best=48.73% std=20.1%
[DTPO] it=7/150 step=69993 J_new=0.0052 kept mode=full leaves=16 survival=44.71% best=48.73% std=30.0%
[DTPO] it=8/150 step=79992 J_new=0.0075 kept mode=full leaves=16 survival=14.55% best=48.73% std=19.4%
[DTPO] it=9/150 step=89991 J_new=0.0038 kept mode=full leaves=16 survival=27.68% best=48.73% std=26.0%
[DTPO] it=10/150 step=99990 J_new=0.0031 kept mode=full leaves=16 survival=23.97% best=48.73% std=21.3%
[DTPO] it=11/150 step=109989 J_new=0.0116 kept mode=full leaves=16 survival=39.93% best=48.73% std=26.7%
[DTPO] it=12/150 step=119988 J_new=0.0131 kept mode=full leaves=16 survival=31.09% best=48.73% std=23.1%
[DTPO] it=13/150 step=129987 J_new=0.0104 kept mode=full leaves=16 survival=10.82% best=48.73% std=14.5%
[DTPO] it=14/150 step=139986 J_new=0.0113 kept mode=full leaves=16 survival=18.01% best=48.73% std=20.0%
[DTPO] it=15/150 step=149985 J_new=0.0092 kept mode=full leaves=16 survival=15.45% best=48.73% std=17.9%
[DTPO] it=16/150 step=159984 J_new=0.0052 kept mode=full leaves=16 survival=18.19% best=48.73% std=17.8%
[DTPO] it=17/150 step=169983 J_new=0.0027 kept mode=full leaves=16 survival=43.61% best=48.73% std=31.1%
[DTPO] it=18/150 step=179982 J_new=0.0530 kept mode=full leaves=16 survival=31.05% best=48.73% std=25.7%
[DTPO] it=19/150 step=189981 J_new=0.0042 kept mode=full leaves=16 survival=17.65% best=48.73% std=17.6%
[DTPO] it=20/150 step=199980 J_new=0.0054 kept mode=full leaves=16 survival=32.86% best=48.73% std=28.7%
[DTPO] it=21/150 step=209979 J_new=0.0057 kept mode=full leaves=16 survival=54.49% best=54.49% std=33.0%
[DTPO] it=22/150 step=219978 J_new=0.0040 kept mode=full leaves=16 survival=36.32% best=54.49% std=27.2%
[DTPO] it=23/150 step=229977 J_new=0.0392 kept mode=full leaves=16 survival=47.15% best=54.49% std=30.3%
[DTPO] it=24/150 step=239976 J_new=0.0042 kept mode=full leaves=16 survival=39.72% best=54.49% std=30.2%
[DTPO] it=25/150 step=249975 J_new=0.0024 kept mode=full leaves=16 survival=44.54% best=54.49% std=30.3%
[DTPO] it=26/150 step=259974 J_new=0.0075 kept mode=full leaves=16 survival=35.13% best=54.49% std=27.3%
[DTPO] it=27/150 step=269973 J_new=0.0047 kept mode=full leaves=16 survival=15.30% best=54.49% std=20.9%
[DTPO] it=28/150 step=279972 J_new=0.0051 kept mode=full leaves=16 survival=53.91% best=54.49% std=35.4%
[DTPO] it=29/150 step=289971 J_new=0.0081 kept mode=full leaves=16 survival=12.32% best=54.49% std=17.1%
[DTPO] it=30/150 step=299970 J_new=0.0099 kept mode=full leaves=16 survival=43.65% best=54.49% std=28.2%
[DTPO] it=31/150 step=309969 J_new=0.0211 kept mode=full leaves=16 survival=37.99% best=54.49% std=20.9%
[DTPO] it=32/150 step=319968 J_new=0.0107 kept mode=full leaves=16 survival=46.72% best=54.49% std=29.5%
[DTPO] it=33/150 step=329967 J_new=0.0047 kept mode=full leaves=16 survival=51.25% best=54.49% std=32.0%
[DTPO] it=34/150 step=339966 J_new=0.0146 kept mode=full leaves=16 survival=25.34% best=54.49% std=12.3%
[DTPO] it=35/150 step=349965 J_new=0.0045 kept mode=full leaves=16 survival=47.88% best=54.49% std=30.7%
[DTPO] it=36/150 step=359964 J_new=0.0192 kept mode=full leaves=16 survival=48.52% best=54.49% std=32.0%
[DTPO] it=37/150 step=369963 J_new=0.0080 kept mode=full leaves=16 survival=37.90% best=54.49% std=26.9%
[DTPO] it=38/150 step=379962 J_new=0.0175 kept mode=full leaves=16 survival=4.85% best=54.49% std=0.0%
[DTPO] it=39/150 step=389961 J_new=0.0152 kept mode=full leaves=16 survival=4.85% best=54.49% std=0.0%
[DTPO] it=40/150 step=399960 J_new=0.0096 kept mode=full leaves=16 survival=40.57% best=54.49% std=29.0%
[DTPO] it=41/150 step=409959 J_new=0.0019 kept mode=full leaves=16 survival=22.14% best=54.49% std=11.4%
[DTPO] it=42/150 step=419958 J_new=0.0163 kept mode=full leaves=16 survival=4.87% best=54.49% std=0.0%
[DTPO] it=43/150 step=429957 J_new=0.0110 kept mode=full leaves=16 survival=28.03% best=54.49% std=16.8%
[DTPO] it=44/150 step=439956 J_new=0.0351 kept mode=full leaves=16 survival=7.95% best=54.49% std=1.1%
[DTPO] it=45/150 step=449955 J_new=0.0102 kept mode=full leaves=16 survival=7.98% best=54.49% std=1.3%
[DTPO] it=46/150 step=459954 J_new=0.0239 kept mode=full leaves=16 survival=4.86% best=54.49% std=0.0%
[DTPO] it=47/150 step=469953 J_new=0.0026 kept mode=full leaves=16 survival=4.74% best=54.49% std=0.0%
[DTPO] it=48/150 step=479952 J_new=0.0098 kept mode=full leaves=16 survival=4.74% best=54.49% std=0.0%
[DTPO] it=49/150 step=489951 J_new=0.0082 kept mode=full leaves=16 survival=6.63% best=54.49% std=1.5%
[DTPO] it=50/150 step=499950 J_new=0.0302 kept mode=full leaves=16 survival=7.91% best=54.49% std=1.2%
[DTPO] it=51/150 step=509949 J_new=0.0160 kept mode=full leaves=16 survival=6.82% best=54.49% std=1.6%
[DTPO] it=52/150 step=519948 J_new=0.0097 kept mode=full leaves=16 survival=6.88% best=54.49% std=1.6%
[DTPO] it=53/150 step=529947 J_new=0.0176 kept mode=full leaves=16 survival=4.83% best=54.49% std=0.0%
[DTPO] it=54/150 step=539946 J_new=0.0074 kept mode=full leaves=16 survival=4.93% best=54.49% std=0.1%
[DTPO] it=55/150 step=549945 J_new=0.0114 kept mode=full leaves=16 survival=7.45% best=54.49% std=1.4%
[DTPO] it=56/150 step=559944 J_new=0.0178 kept mode=full leaves=16 survival=7.66% best=54.49% std=1.3%
[DTPO] it=57/150 step=569943 J_new=0.0186 kept mode=full leaves=16 survival=7.99% best=54.49% std=1.0%
[DTPO] it=58/150 step=579942 J_new=0.0147 kept mode=full leaves=16 survival=5.75% best=54.49% std=1.2%
[DTPO] it=59/150 step=589941 J_new=0.0207 kept mode=full leaves=16 survival=7.82% best=54.49% std=1.2%
[DTPO] it=60/150 step=599940 J_new=0.0533 kept mode=full leaves=16 survival=4.93% best=54.49% std=0.0%
[DTPO] it=61/150 step=609939 J_new=0.0139 kept mode=full leaves=16 survival=7.69% best=54.49% std=1.0%
[DTPO] it=62/150 step=619938 J_new=0.0053 kept mode=full leaves=16 survival=7.53% best=54.49% std=1.3%
[DTPO] it=63/150 step=629937 J_new=0.0139 kept mode=full leaves=16 survival=4.92% best=54.49% std=0.0%
[DTPO] it=64/150 step=639936 J_new=0.0092 kept mode=full leaves=16 survival=6.77% best=54.49% std=1.7%
[DTPO] it=65/150 step=649935 J_new=0.0011 kept mode=full leaves=16 survival=26.34% best=54.49% std=17.7%
[DTPO] it=66/150 step=659934 J_new=0.0151 kept mode=full leaves=16 survival=31.09% best=54.49% std=20.5%
[DTPO] it=67/150 step=669933 J_new=0.0059 kept mode=full leaves=16 survival=4.74% best=54.49% std=0.0%
[DTPO] it=68/150 step=679932 J_new=0.0243 kept mode=full leaves=16 survival=8.27% best=54.49% std=2.8%
[DTPO] it=69/150 step=689931 J_new=0.0386 kept mode=full leaves=16 survival=31.00% best=54.49% std=20.1%
[DTPO] it=70/150 step=699930 J_new=0.0169 kept mode=full leaves=16 survival=25.35% best=54.49% std=11.4%
[DTPO] it=71/150 step=709929 J_new=0.0130 kept mode=full leaves=16 survival=13.90% best=54.49% std=9.5%
[DTPO] it=72/150 step=719928 J_new=0.0221 kept mode=full leaves=16 survival=24.71% best=54.49% std=12.1%
[DTPO] it=73/150 step=729927 J_new=0.0156 kept mode=full leaves=16 survival=36.01% best=54.49% std=25.6%
[DTPO] it=74/150 step=739926 J_new=0.0174 kept mode=full leaves=16 survival=45.39% best=54.49% std=29.7%
[DTPO] it=75/150 step=749925 J_new=0.0216 kept mode=full leaves=16 survival=35.39% best=54.49% std=25.1%
[DTPO] it=76/150 step=759924 J_new=0.0102 kept mode=full leaves=16 survival=41.02% best=54.49% std=21.5%
[DTPO] it=77/150 step=769923 J_new=0.0100 kept mode=full leaves=16 survival=8.28% best=54.49% std=0.8%
[DTPO] it=78/150 step=779922 J_new=0.0106 kept mode=full leaves=16 survival=8.16% best=54.49% std=0.9%
[DTPO] it=79/150 step=789921 J_new=0.0242 kept mode=full leaves=16 survival=8.23% best=54.49% std=0.7%
[DTPO] it=80/150 step=799920 J_new=0.0252 kept mode=full leaves=16 survival=7.70% best=54.49% std=1.5%
[DTPO] it=81/150 step=809919 J_new=0.0136 kept mode=full leaves=16 survival=4.84% best=54.49% std=0.0%
[DTPO] it=82/150 step=819918 J_new=0.0187 kept mode=full leaves=16 survival=4.74% best=54.49% std=0.0%
[DTPO] it=83/150 step=829917 J_new=0.0025 kept mode=full leaves=16 survival=8.23% best=54.49% std=3.7%
[DTPO] it=84/150 step=839916 J_new=0.0165 kept mode=full leaves=16 survival=4.76% best=54.49% std=0.1%
[DTPO] it=85/150 step=849915 J_new=0.0179 kept mode=full leaves=16 survival=11.25% best=54.49% std=7.7%
[DTPO] it=86/150 step=859914 J_new=0.0095 kept mode=full leaves=16 survival=4.93% best=54.49% std=0.2%
[DTPO] it=87/150 step=869913 J_new=0.0140 kept mode=full leaves=16 survival=4.75% best=54.49% std=0.0%
[DTPO] it=88/150 step=879912 J_new=0.0088 kept mode=full leaves=16 survival=4.82% best=54.49% std=0.0%
[DTPO] it=89/150 step=889911 J_new=0.0060 kept mode=full leaves=16 survival=37.84% best=54.49% std=23.7%
[DTPO] it=90/150 step=899910 J_new=0.0093 kept mode=full leaves=16 survival=29.83% best=54.49% std=19.1%
[DTPO] it=91/150 step=909909 J_new=0.0212 kept mode=full leaves=16 survival=4.74% best=54.49% std=0.0%
[DTPO] it=92/150 step=919908 J_new=0.0217 kept mode=full leaves=16 survival=4.75% best=54.49% std=0.0%
[DTPO] it=93/150 step=929907 J_new=0.0119 kept mode=full leaves=16 survival=4.89% best=54.49% std=0.1%
[DTPO] it=94/150 step=939906 J_new=0.0552 kept mode=full leaves=16 survival=6.11% best=54.49% std=1.7%
[DTPO] it=95/150 step=949905 J_new=0.0143 kept mode=full leaves=16 survival=31.63% best=54.49% std=19.1%
[DTPO] it=96/150 step=959904 J_new=0.0297 kept mode=full leaves=16 survival=4.76% best=54.49% std=0.0%
[DTPO] it=97/150 step=969903 J_new=0.0098 kept mode=full leaves=16 survival=29.66% best=54.49% std=13.0%
[DTPO] it=98/150 step=979902 J_new=0.0109 kept mode=full leaves=16 survival=34.20% best=54.49% std=18.8%
[DTPO] it=99/150 step=989901 J_new=0.0346 kept mode=full leaves=16 survival=4.96% best=54.49% std=0.2%
[DTPO] it=100/150 step=999900 J_new=0.0102 kept mode=full leaves=16 survival=21.88% best=54.49% std=13.1%
[DTPO] it=101/150 step=1009899 J_new=0.0140 kept mode=full leaves=16 survival=4.88% best=54.49% std=0.0%
[DTPO] it=102/150 step=1019898 J_new=0.0159 kept mode=full leaves=16 survival=4.75% best=54.49% std=0.0%
[DTPO] it=103/150 step=1029897 J_new=0.0033 kept mode=full leaves=16 survival=6.28% best=54.49% std=1.4%
[DTPO] it=104/150 step=1039896 J_new=0.0047 kept mode=full leaves=16 survival=5.02% best=54.49% std=0.1%
[DTPO] it=105/150 step=1049895 J_new=0.0062 kept mode=full leaves=16 survival=27.78% best=54.49% std=8.1%
[DTPO] it=106/150 step=1059894 J_new=0.0253 kept mode=full leaves=16 survival=11.41% best=54.49% std=8.1%
[DTPO] it=107/150 step=1069893 J_new=0.0222 kept mode=full leaves=16 survival=4.78% best=54.49% std=0.1%
[DTPO] it=108/150 step=1079892 J_new=0.0161 kept mode=full leaves=16 survival=4.89% best=54.49% std=0.0%
[DTPO] it=109/150 step=1089891 J_new=0.0128 kept mode=full leaves=16 survival=4.75% best=54.49% std=0.0%
[DTPO] it=110/150 step=1099890 J_new=0.0056 kept mode=full leaves=16 survival=8.33% best=54.49% std=2.1%
[DTPO] it=111/150 step=1109889 J_new=0.0073 kept mode=full leaves=16 survival=4.81% best=54.49% std=0.1%
[DTPO] it=112/150 step=1119888 J_new=0.0134 kept mode=full leaves=16 survival=21.76% best=54.49% std=10.7%
[DTPO] it=113/150 step=1129887 J_new=0.0128 kept mode=full leaves=16 survival=35.12% best=54.49% std=23.0%
[DTPO] it=114/150 step=1139886 J_new=0.0116 kept mode=full leaves=16 survival=4.88% best=54.49% std=0.0%
[DTPO] it=115/150 step=1149885 J_new=0.0031 kept mode=full leaves=16 survival=4.75% best=54.49% std=0.0%
[DTPO] it=116/150 step=1159884 J_new=0.0093 kept mode=full leaves=16 survival=4.86% best=54.49% std=0.1%
[DTPO] it=117/150 step=1169883 J_new=0.0338 kept mode=full leaves=16 survival=38.75% best=54.49% std=32.2%
[DTPO] it=118/150 step=1179882 J_new=0.0143 kept mode=full leaves=16 survival=45.42% best=54.49% std=26.6%
[DTPO] it=119/150 step=1189881 J_new=0.0297 kept mode=full leaves=16 survival=4.89% best=54.49% std=0.0%
[DTPO] it=120/150 step=1199880 J_new=0.0069 kept mode=full leaves=16 survival=34.05% best=54.49% std=29.2%
[DTPO] it=121/150 step=1209879 J_new=0.0146 kept mode=full leaves=16 survival=4.80% best=54.49% std=0.0%
[DTPO] it=122/150 step=1219878 J_new=0.0101 kept mode=full leaves=16 survival=6.93% best=54.49% std=8.8%
[DTPO] it=123/150 step=1229877 J_new=0.0050 kept mode=full leaves=16 survival=13.14% best=54.49% std=10.8%
[DTPO] it=124/150 step=1239876 J_new=0.0097 kept mode=full leaves=16 survival=8.05% best=54.49% std=6.1%
[DTPO] it=125/150 step=1249875 J_new=0.0196 kept mode=full leaves=16 survival=9.15% best=54.49% std=6.6%
[DTPO] it=126/150 step=1259874 J_new=0.0042 kept mode=full leaves=16 survival=5.22% best=54.49% std=0.0%
[DTPO] it=127/150 step=1269873 J_new=0.0150 kept mode=full leaves=16 survival=11.09% best=54.49% std=4.5%
[DTPO] it=128/150 step=1279872 J_new=0.0142 kept mode=full leaves=16 survival=5.31% best=54.49% std=0.5%
[DTPO] it=129/150 step=1289871 J_new=0.0047 kept mode=full leaves=16 survival=11.81% best=54.49% std=9.0%
[DTPO] it=130/150 step=1299870 J_new=0.0133 kept mode=full leaves=16 survival=5.20% best=54.49% std=0.1%
[DTPO] it=131/150 step=1309869 J_new=0.0183 kept mode=full leaves=16 survival=4.75% best=54.49% std=0.0%
[DTPO] it=132/150 step=1319868 J_new=0.0031 kept mode=full leaves=16 survival=5.17% best=54.49% std=0.5%
[DTPO] it=133/150 step=1329867 J_new=0.0086 kept mode=full leaves=16 survival=4.89% best=54.49% std=0.0%
[DTPO] it=134/150 step=1339866 J_new=0.0010 kept mode=full leaves=16 survival=4.93% best=54.49% std=0.1%
[DTPO] it=135/150 step=1349865 J_new=0.0122 kept mode=full leaves=16 survival=4.91% best=54.49% std=0.1%
[DTPO] it=136/150 step=1359864 J_new=0.0042 kept mode=full leaves=16 survival=5.06% best=54.49% std=0.1%
[DTPO] it=137/150 step=1369863 J_new=0.0072 kept mode=full leaves=16 survival=5.22% best=54.49% std=0.5%
[DTPO] it=138/150 step=1379862 J_new=0.0026 kept mode=full leaves=16 survival=4.89% best=54.49% std=0.0%
[DTPO] it=139/150 step=1389861 J_new=0.0047 kept mode=full leaves=16 survival=4.84% best=54.49% std=0.0%
[DTPO] it=140/150 step=1399860 J_new=0.0075 kept mode=full leaves=16 survival=4.78% best=54.49% std=0.0%
[DTPO] it=141/150 step=1409859 J_new=0.0053 kept mode=full leaves=16 survival=4.83% best=54.49% std=0.0%
[DTPO] it=142/150 step=1419858 J_new=0.0038 kept mode=full leaves=16 survival=4.82% best=54.49% std=0.0%
[DTPO] it=143/150 step=1429857 J_new=0.0013 kept mode=full leaves=16 survival=4.82% best=54.49% std=0.0%
[DTPO] it=144/150 step=1439856 J_new=0.0025 kept mode=full leaves=16 survival=4.82% best=54.49% std=0.0%
[DTPO] it=145/150 step=1449855 J_new=0.0036 kept mode=full leaves=16 survival=4.81% best=54.49% std=0.0%
[DTPO] it=146/150 step=1459854 J_new=0.0069 kept mode=full leaves=16 survival=4.76% best=54.49% std=0.0%
[DTPO] it=147/150 step=1469853 J_new=0.0106 kept mode=full leaves=16 survival=4.86% best=54.49% std=0.0%
[DTPO] it=148/150 step=1479852 J_new=0.0063 kept mode=full leaves=16 survival=4.83% best=54.49% std=0.0%
[DTPO] it=149/150 step=1489851 J_new=0.0041 kept mode=full leaves=16 survival=4.83% best=54.49% std=0.0%
[DTPO] it=150/150 step=1499850 J_new=0.0087 kept mode=full leaves=16 survival=4.80% best=54.49% std=0.0%
[DTPO] stored 5 candidate trees for final selection (cheap survivals: ['54.5%', '53.9%', '51.2%', '48.7%', '48.5%']). Run dtpo_select.py --ckpt <ckpt> --episodes 100 to pick the honest best.
