Initializing the distributed action 'mapper'... (takes a while with big action spaces)
[VIPER] oracle=ppo (from /rds/general/user/ssl125/home/RL2Grid_full/checkpoint/final_PPO_bus5_T_0_0__I__1776174124_47043_45000000.tar)
[VIPER TREE] depth=5 leaves=16 nodes=31 ccp_alpha=0.00000000 fit_samples=5001 dataset=5001
Eval at step 5001, survival=3.208%, return=[-1.7219531092171867, 31.91852228840192, -16.07191263504016, -5.317460317460314]
[VIPER] iter=1/15 dataset=5001 fit_samples=5001 weighted_acc=0.965920 survival=3.208% best_survival=3.208%
[VIPER TREE] depth=7 leaves=16 nodes=31 ccp_alpha=0.00000000 fit_samples=10002 dataset=10002
Eval at step 10002, survival=100.000%, return=[-7.277663527541638, 1277.6854461530845, -793.1500536879199, -299.5079365079419]
[VIPER] iter=2/15 dataset=10002 fit_samples=10002 weighted_acc=0.906188 survival=100.000% best_survival=100.000%
[VIPER TREE] depth=7 leaves=16 nodes=31 ccp_alpha=0.00000000 fit_samples=15003 dataset=15003
Eval at step 15003, survival=100.000%, return=[-7.837413911455466, 1325.7548517783482, 0.0, -241.2380952380976]
[VIPER] iter=3/15 dataset=15003 fit_samples=15003 weighted_acc=0.854603 survival=100.000% best_survival=100.000%
[VIPER TREE] depth=7 leaves=16 nodes=31 ccp_alpha=0.00000000 fit_samples=20004 dataset=20004
Eval at step 20004, survival=100.000%, return=[-6.086933896314197, 1423.1737529337406, 0.0, -271.12698412698506]
[VIPER] iter=4/15 dataset=20004 fit_samples=20004 weighted_acc=0.832912 survival=100.000% best_survival=100.000%
[VIPER TREE] depth=8 leaves=16 nodes=31 ccp_alpha=0.00000000 fit_samples=25005 dataset=25005
Eval at step 25005, survival=100.000%, return=[-6.184261569578666, 1419.6485375960667, -0.6526891142129898, -270.20634920635]
[VIPER] iter=5/15 dataset=25005 fit_samples=25005 weighted_acc=0.832809 survival=100.000% best_survival=100.000%
[VIPER TREE] depth=8 leaves=16 nodes=31 ccp_alpha=0.00000000 fit_samples=30006 dataset=30006
Eval at step 30006, survival=100.000%, return=[-5.512847349610335, 1350.2380349586408, -877.4917492606133, -324.07936507937166]
[VIPER] iter=6/15 dataset=30006 fit_samples=30006 weighted_acc=0.795926 survival=100.000% best_survival=100.000%
[VIPER TREE] depth=6 leaves=16 nodes=31 ccp_alpha=0.00000000 fit_samples=35007 dataset=35007
Eval at step 35007, survival=100.000%, return=[-6.303700775296117, 1419.2866976062458, -4.980088323354721, -274.7460317460341]
[VIPER] iter=7/15 dataset=35007 fit_samples=35007 weighted_acc=0.838712 survival=100.000% best_survival=100.000%
[VIPER TREE] depth=6 leaves=16 nodes=31 ccp_alpha=0.00000000 fit_samples=40008 dataset=40008
Eval at step 40008, survival=100.000%, return=[-16.067116586510867, 897.7736882443229, -4264.020333009837, -380.6031746031783]
[VIPER] iter=8/15 dataset=40008 fit_samples=40008 weighted_acc=0.821914 survival=100.000% best_survival=100.000%
[VIPER TREE] depth=6 leaves=16 nodes=31 ccp_alpha=0.00000000 fit_samples=45009 dataset=45009
Eval at step 45009, survival=100.000%, return=[-5.910027419139321, 1430.8817677597206, 0.0, -276.01587301587534]
[VIPER] iter=9/15 dataset=45009 fit_samples=45009 weighted_acc=0.830379 survival=100.000% best_survival=100.000%
[VIPER TREE] depth=9 leaves=16 nodes=31 ccp_alpha=0.00000000 fit_samples=50000 dataset=50010
Eval at step 50010, survival=100.000%, return=[-6.1306094253086485, 1421.3298718432586, 0.0, -270.65079365079447]
[VIPER] iter=10/15 dataset=50010 fit_samples=50000 weighted_acc=0.838536 survival=100.000% best_survival=100.000%
[VIPER TREE] depth=9 leaves=16 nodes=31 ccp_alpha=0.00000000 fit_samples=50000 dataset=55011
Eval at step 55011, survival=100.000%, return=[-6.161161138346263, 1420.0033306578796, 0.0, -270.30158730158814]
[VIPER] iter=11/15 dataset=55011 fit_samples=50000 weighted_acc=0.836659 survival=100.000% best_survival=100.000%
[VIPER TREE] depth=9 leaves=16 nodes=31 ccp_alpha=0.00000000 fit_samples=50000 dataset=60012
Eval at step 60012, survival=100.000%, return=[-6.184471106447745, 1419.0132238864899, 0.0, -270.0476190476199]
[VIPER] iter=12/15 dataset=60012 fit_samples=50000 weighted_acc=0.843490 survival=100.000% best_survival=100.000%
[VIPER TREE] depth=9 leaves=16 nodes=31 ccp_alpha=0.00000000 fit_samples=50000 dataset=65013
Eval at step 65013, survival=100.000%, return=[-6.221287181659136, 1417.4595342477162, 0.0, -269.6507936507944]
[VIPER] iter=13/15 dataset=65013 fit_samples=50000 weighted_acc=0.853040 survival=100.000% best_survival=100.000%
[VIPER TREE] depth=9 leaves=16 nodes=31 ccp_alpha=0.00000000 fit_samples=50000 dataset=70014
Eval at step 70014, survival=100.000%, return=[-6.247856658398329, 1416.3030549486477, 0.0, -269.34920634920707]
[VIPER] iter=14/15 dataset=70014 fit_samples=50000 weighted_acc=0.856324 survival=100.000% best_survival=100.000%
[VIPER TREE] depth=8 leaves=16 nodes=31 ccp_alpha=0.00000000 fit_samples=50000 dataset=75015
Eval at step 75015, survival=100.000%, return=[-6.270459586812649, 1415.3256221612294, 0.0, -269.0952380952388]
[VIPER] iter=15/15 dataset=75015 fit_samples=50000 weighted_acc=0.867798 survival=100.000% best_survival=100.000%
