[F2] training env filtered to 10/20 chronics (every 2th id held out for evaluation)
Initializing the distributed action 'mapper'... (takes a while with big action spaces)
[F2] training env filtered to 10/20 chronics (every 2th id held out for evaluation)
[F2] training env filtered to 10/20 chronics (every 2th id held out for evaluation)
[F2] training env filtered to 10/20 chronics (every 2th id held out for evaluation)
[F2] training env filtered to 10/20 chronics (every 2th id held out for evaluation)
[VIPER] oracle=ppo (from /rds/general/user/ssl125/home/RL2Grid_v2/checkpoint/final_PPO_bus5_T_0_0__I__1776174124_47043_45000000.tar)
[VIPER TREE] depth=10 leaves=32 nodes=63 ccp_alpha=0.00000000 fit_samples=5001 dataset=5001
Eval at step 5001, survival=2.993%, return=[-1.3888720148437035, 36.46937423944473, -6.45566693895186, -3.698412698412696]
[VIPER] iter=1/15 dataset=5001 fit_samples=5001 weighted_acc=0.960547 survival=2.993% best_survival=2.993%
[VIPER TREE] depth=9 leaves=32 nodes=63 ccp_alpha=0.00000000 fit_samples=10002 dataset=10002
Eval at step 10002, survival=6.432%, return=[-1.7499176228884608, 82.50960231820743, -5.104961257699567, -7.571428571428558]
[VIPER] iter=2/15 dataset=10002 fit_samples=10002 weighted_acc=0.941354 survival=6.432% best_survival=6.432%
[VIPER TREE] depth=9 leaves=32 nodes=63 ccp_alpha=0.00000000 fit_samples=15003 dataset=15003
Eval at step 15003, survival=68.469%, return=[-4.663274481659755, 961.143268853426, -680.7712726315549, -301.98412698412795]
[VIPER] iter=3/15 dataset=15003 fit_samples=15003 weighted_acc=0.916433 survival=68.469% best_survival=68.469%
[VIPER TREE] depth=9 leaves=32 nodes=63 ccp_alpha=0.00000000 fit_samples=20004 dataset=20004
Eval at step 20004, survival=66.683%, return=[-3.035537308479737, 1073.721297442913, -1.6666666666666667, -354.301587301584]
[VIPER] iter=4/15 dataset=20004 fit_samples=20004 weighted_acc=0.907043 survival=66.683% best_survival=68.469%
[VIPER TREE] depth=9 leaves=32 nodes=63 ccp_alpha=0.00000000 fit_samples=25005 dataset=25005
Eval at step 25005, survival=100.000%, return=[-9.090901441542277, 1229.0053228735924, -2139.9725209147437, -414.1904761904804]
[VIPER] iter=5/15 dataset=25005 fit_samples=25005 weighted_acc=0.902843 survival=100.000% best_survival=100.000%
[VIPER TREE] depth=10 leaves=32 nodes=63 ccp_alpha=0.00000000 fit_samples=30006 dataset=30006
Eval at step 30006, survival=38.591%, return=[-2.6631806948765493, 499.7328106810649, -825.0328495366315, -160.92063492063647]
[VIPER] iter=6/15 dataset=30006 fit_samples=30006 weighted_acc=0.872941 survival=38.591% best_survival=100.000%
[VIPER TREE] depth=10 leaves=32 nodes=63 ccp_alpha=0.00000000 fit_samples=35007 dataset=35007
Eval at step 35007, survival=77.943%, return=[-9.912586956013305, 858.206265365084, -800.1975268673172, -188.58730158730677]
[VIPER] iter=7/15 dataset=35007 fit_samples=35007 weighted_acc=0.884865 survival=77.943% best_survival=100.000%
[VIPER TREE] depth=8 leaves=32 nodes=63 ccp_alpha=0.00000000 fit_samples=40008 dataset=40008
Eval at step 40008, survival=2.183%, return=[-1.191842796552616, 29.50704214970271, -5.0, -5.222222222222217]
[VIPER] iter=8/15 dataset=40008 fit_samples=40008 weighted_acc=0.873178 survival=2.183% best_survival=100.000%
[VIPER TREE] depth=10 leaves=32 nodes=63 ccp_alpha=0.00000000 fit_samples=45009 dataset=45009
Eval at step 45009, survival=100.000%, return=[-3.3896147882139, 1578.4224366148312, -0.016121546116967995, -363.5079365079382]
[VIPER] iter=9/15 dataset=45009 fit_samples=45009 weighted_acc=0.885471 survival=100.000% best_survival=100.000%
[VIPER TREE] depth=10 leaves=32 nodes=63 ccp_alpha=0.00000000 fit_samples=50000 dataset=50010
Eval at step 50010, survival=100.000%, return=[-3.691197119100252, 1591.334511846304, -0.026805444698159892, -336.28571428572064]
[VIPER] iter=10/15 dataset=50010 fit_samples=50000 weighted_acc=0.875748 survival=100.000% best_survival=100.000%
[VIPER TREE] depth=9 leaves=32 nodes=63 ccp_alpha=0.00000000 fit_samples=50000 dataset=55011
Eval at step 55011, survival=100.000%, return=[-3.6250682404788677, 1569.9150677820046, -0.0006054676002046714, -444.9841269841257]
[VIPER] iter=11/15 dataset=55011 fit_samples=50000 weighted_acc=0.864104 survival=100.000% best_survival=100.000%
[VIPER TREE] depth=10 leaves=32 nodes=63 ccp_alpha=0.00000000 fit_samples=50000 dataset=60012
Eval at step 60012, survival=9.127%, return=[-1.8245968561192665, 129.57642725110054, -10.51766412643095, -34.49206349206341]
[VIPER] iter=12/15 dataset=60012 fit_samples=50000 weighted_acc=0.862883 survival=9.127% best_survival=100.000%
[VIPER TREE] depth=11 leaves=32 nodes=63 ccp_alpha=0.00000000 fit_samples=50000 dataset=65013
Eval at step 65013, survival=100.000%, return=[-4.516156446916284, 1548.028976202011, 0.0, -332.8253968254053]
[VIPER] iter=13/15 dataset=65013 fit_samples=50000 weighted_acc=0.860109 survival=100.000% best_survival=100.000%
[VIPER TREE] depth=11 leaves=32 nodes=63 ccp_alpha=0.00000000 fit_samples=50000 dataset=70014
Eval at step 70014, survival=100.000%, return=[-2.260267047172723, 1631.3604835271835, 0.0, -555.3015873015835]
[VIPER] iter=14/15 dataset=70014 fit_samples=50000 weighted_acc=0.848054 survival=100.000% best_survival=100.000%
[VIPER TREE] depth=10 leaves=32 nodes=63 ccp_alpha=0.00000000 fit_samples=50000 dataset=75015
Eval at step 75015, survival=100.000%, return=[-3.640440374156848, 1584.2103137175243, 0.0, -335.55555555556737]
[VIPER] iter=15/15 dataset=75015 fit_samples=50000 weighted_acc=0.831581 survival=100.000% best_survival=100.000%
