[F2] training env filtered to 2160/2880 chronics (every 4th id held out for evaluation)
Initializing the distributed action 'mapper'... (takes a while with big action spaces)
[F2] training env filtered to 2160/2880 chronics (every 4th id held out for evaluation)
[F2] training env filtered to 2160/2880 chronics (every 4th id held out for evaluation)
[F2] training env filtered to 2160/2880 chronics (every 4th id held out for evaluation)[F2] training env filtered to 2160/2880 chronics (every 4th id held out for evaluation)

[DTPO] gate eval on 40 training-side chronics (of 2880); overlap with the held-out pool = 0 (must be 0): ids=[0, 73, 146, 221, 294, 368, 442, 516, 589, 664, 737, 810]...
[DTPO] it=1/150 step=9999 J_new=0.7228 kept mode=full leaves=16 survival=12.80% best=12.80% std=20.4%
[DTPO] it=2/150 step=19998 J_new=0.4110 kept mode=full leaves=16 survival=22.71% best=22.71% std=24.6%
[DTPO] it=3/150 step=29997 J_new=0.3934 kept mode=full leaves=16 survival=22.71% best=22.71% std=24.6%
[DTPO] it=4/150 step=39996 J_new=1.9964 kept mode=full leaves=16 survival=22.71% best=22.71% std=24.6%
[DTPO] it=5/150 step=49995 J_new=4.0732 kept mode=full leaves=16 survival=22.71% best=22.71% std=24.6%
[DTPO] it=6/150 step=59994 J_new=1.2673 kept mode=full leaves=16 survival=22.71% best=22.71% std=24.6%
[DTPO] it=7/150 step=69993 J_new=0.1172 kept mode=full leaves=16 survival=22.71% best=22.71% std=24.6%
[DTPO] it=8/150 step=79992 J_new=1.8370 kept mode=full leaves=16 survival=22.71% best=22.71% std=24.6%
[DTPO] it=9/150 step=89991 J_new=0.3719 kept mode=full leaves=16 survival=22.71% best=22.71% std=24.6%
[DTPO] it=10/150 step=99990 J_new=3.4002 kept mode=full leaves=16 survival=22.71% best=22.71% std=24.6%
[DTPO] it=11/150 step=109989 J_new=0.1856 kept mode=full leaves=16 survival=22.71% best=22.71% std=24.6%
[DTPO] it=12/150 step=119988 J_new=0.0449 kept mode=full leaves=16 survival=22.71% best=22.71% std=24.6%
[DTPO] it=13/150 step=129987 J_new=0.1988 kept mode=full leaves=16 survival=22.71% best=22.71% std=24.6%
[DTPO] it=14/150 step=139986 J_new=1.6458 kept mode=full leaves=16 survival=22.71% best=22.71% std=24.6%
[DTPO] it=15/150 step=149985 J_new=1.4408 kept mode=full leaves=16 survival=12.84% best=22.71% std=20.2%
[DTPO] it=16/150 step=159984 J_new=0.0615 kept mode=full leaves=16 survival=15.24% best=22.71% std=21.1%
[DTPO] it=17/150 step=169983 J_new=0.2318 kept mode=full leaves=16 survival=17.30% best=22.71% std=21.3%
[DTPO] it=18/150 step=179982 J_new=1.8899 kept mode=full leaves=16 survival=19.06% best=22.71% std=24.6%
[DTPO] it=19/150 step=189981 J_new=0.1452 kept mode=full leaves=16 survival=16.73% best=22.71% std=22.5%
[DTPO] it=20/150 step=199980 J_new=0.1288 kept mode=full leaves=16 survival=22.71% best=22.71% std=24.6%
[DTPO] it=21/150 step=209979 J_new=0.2059 kept mode=full leaves=16 survival=22.71% best=22.71% std=24.6%
[DTPO] it=22/150 step=219978 J_new=1.5494 kept mode=full leaves=16 survival=22.71% best=22.71% std=24.6%
[DTPO] it=23/150 step=229977 J_new=1.3252 kept mode=full leaves=16 survival=21.06% best=22.71% std=22.5%
[DTPO] it=24/150 step=239976 J_new=2.8620 kept mode=full leaves=16 survival=12.89% best=22.71% std=20.2%
[DTPO] it=25/150 step=249975 J_new=1.1412 kept mode=full leaves=16 survival=22.71% best=22.71% std=24.6%
[DTPO] it=26/150 step=259974 J_new=5.2213 kept mode=full leaves=16 survival=22.71% best=22.71% std=24.6%
[DTPO] it=27/150 step=269973 J_new=3.8939 kept mode=full leaves=16 survival=22.71% best=22.71% std=24.6%
[DTPO] it=28/150 step=279972 J_new=0.8243 kept mode=full leaves=16 survival=22.71% best=22.71% std=24.6%
[DTPO] it=29/150 step=289971 J_new=0.0038 kept mode=full leaves=16 survival=22.71% best=22.71% std=24.6%
[DTPO] it=30/150 step=299970 J_new=0.5793 kept mode=full leaves=16 survival=16.99% best=22.71% std=21.7%
[DTPO] it=31/150 step=309969 J_new=0.0260 kept mode=full leaves=16 survival=15.97% best=22.71% std=22.4%
[DTPO] it=32/150 step=319968 J_new=2.2039 kept mode=full leaves=16 survival=15.04% best=22.71% std=22.1%
[DTPO] it=33/150 step=329967 J_new=0.0221 kept mode=full leaves=16 survival=22.71% best=22.71% std=24.6%
[DTPO] it=34/150 step=339966 J_new=0.0042 kept mode=full leaves=16 survival=22.71% best=22.71% std=24.6%
[DTPO] it=35/150 step=349965 J_new=0.7958 kept mode=full leaves=16 survival=22.71% best=22.71% std=24.6%
[DTPO] it=36/150 step=359964 J_new=0.0106 kept mode=full leaves=16 survival=22.71% best=22.71% std=24.6%
[DTPO] it=37/150 step=369963 J_new=2.8086 kept mode=full leaves=16 survival=12.92% best=22.71% std=20.6%
[DTPO] it=38/150 step=379962 J_new=4.0215 kept mode=full leaves=16 survival=15.22% best=22.71% std=21.1%
[DTPO] it=39/150 step=389961 J_new=0.0091 kept mode=full leaves=16 survival=15.22% best=22.71% std=21.1%
[DTPO] it=40/150 step=399960 J_new=1.1974 kept mode=full leaves=16 survival=19.69% best=22.71% std=25.0%
[DTPO] it=41/150 step=409959 J_new=0.2062 kept mode=full leaves=16 survival=22.71% best=22.71% std=24.6%
[DTPO] it=42/150 step=419958 J_new=4.4559 kept mode=full leaves=16 survival=18.76% best=22.71% std=24.2%
[DTPO] it=43/150 step=429957 J_new=1.0712 kept mode=full leaves=16 survival=14.19% best=22.71% std=20.9%
[DTPO] it=44/150 step=439956 J_new=0.4925 kept mode=full leaves=16 survival=14.55% best=22.71% std=21.3%
[DTPO] it=45/150 step=449955 J_new=0.0008 kept mode=full leaves=16 survival=18.48% best=22.71% std=22.2%
[DTPO] it=46/150 step=459954 J_new=0.4372 kept mode=full leaves=16 survival=22.71% best=22.71% std=24.6%
[DTPO] it=47/150 step=469953 J_new=-0.0016 revert mode=full leaves=16 survival=22.71% best=22.71% std=24.6%
[DTPO] it=48/150 step=479952 J_new=0.4030 kept mode=full leaves=16 survival=22.52% best=22.71% std=24.8%
[DTPO] it=49/150 step=489951 J_new=0.1584 kept mode=full leaves=16 survival=22.71% best=22.71% std=24.6%
[DTPO] it=50/150 step=499950 J_new=2.1305 kept mode=full leaves=16 survival=22.71% best=22.71% std=24.6%
[DTPO] it=51/150 step=509949 J_new=2.6490 kept mode=full leaves=16 survival=18.59% best=22.71% std=24.4%
[DTPO] it=52/150 step=519948 J_new=0.0069 kept mode=full leaves=16 survival=14.73% best=22.71% std=21.5%
[DTPO] it=53/150 step=529947 J_new=0.0022 kept mode=full leaves=16 survival=21.60% best=22.71% std=24.2%
[DTPO] it=54/150 step=539946 J_new=0.1114 kept mode=full leaves=16 survival=18.47% best=22.71% std=23.1%
[DTPO] it=55/150 step=549945 J_new=0.3445 kept mode=full leaves=16 survival=15.61% best=22.71% std=21.7%
[DTPO] it=56/150 step=559944 J_new=0.2128 kept mode=full leaves=16 survival=14.20% best=22.71% std=20.3%
[DTPO] it=57/150 step=569943 J_new=0.0030 kept mode=full leaves=16 survival=22.71% best=22.71% std=24.6%
[DTPO] it=58/150 step=579942 J_new=0.9859 kept mode=full leaves=16 survival=17.57% best=22.71% std=21.7%
[DTPO] it=59/150 step=589941 J_new=0.0055 kept mode=full leaves=16 survival=19.69% best=22.71% std=21.4%
[DTPO] it=60/150 step=599940 J_new=1.2137 kept mode=full leaves=16 survival=18.58% best=22.71% std=21.0%
[DTPO] it=61/150 step=609939 J_new=0.0129 kept mode=full leaves=16 survival=12.77% best=22.71% std=20.2%
[DTPO] it=62/150 step=619938 J_new=0.0067 kept mode=full leaves=16 survival=22.27% best=22.71% std=24.9%
[DTPO] it=63/150 step=629937 J_new=0.0158 kept mode=full leaves=16 survival=22.71% best=22.71% std=24.6%
[DTPO] it=64/150 step=639936 J_new=0.0045 kept mode=full leaves=16 survival=22.28% best=22.71% std=24.9%
[DTPO] it=65/150 step=649935 J_new=0.0509 kept mode=full leaves=16 survival=22.71% best=22.71% std=24.6%
[DTPO] it=66/150 step=659934 J_new=0.0035 kept mode=full leaves=16 survival=13.37% best=22.71% std=20.7%
[DTPO] it=67/150 step=669933 J_new=0.0062 kept mode=full leaves=16 survival=12.39% best=22.71% std=20.2%
[DTPO] it=68/150 step=679932 J_new=0.0027 kept mode=full leaves=16 survival=18.72% best=22.71% std=23.5%
[DTPO] it=69/150 step=689931 J_new=0.1492 kept mode=full leaves=16 survival=12.62% best=22.71% std=20.4%
[DTPO] it=70/150 step=699930 J_new=0.0097 kept mode=full leaves=16 survival=12.69% best=22.71% std=20.3%
[DTPO] it=71/150 step=709929 J_new=0.0159 kept mode=full leaves=16 survival=19.44% best=22.71% std=23.8%
[DTPO] it=72/150 step=719928 J_new=0.0064 kept mode=full leaves=16 survival=13.29% best=22.71% std=20.4%
[DTPO] it=73/150 step=729927 J_new=0.0039 kept mode=full leaves=16 survival=17.41% best=22.71% std=24.9%
[DTPO] it=74/150 step=739926 J_new=0.1007 kept mode=full leaves=16 survival=15.83% best=22.71% std=21.4%
[DTPO] it=75/150 step=749925 J_new=0.1018 kept mode=full leaves=16 survival=17.31% best=22.71% std=22.9%
[DTPO] it=76/150 step=759924 J_new=0.0299 kept mode=full leaves=16 survival=13.37% best=22.71% std=20.8%
[DTPO] it=77/150 step=769923 J_new=0.0026 kept mode=full leaves=16 survival=16.16% best=22.71% std=22.7%
[DTPO] it=78/150 step=779922 J_new=0.1056 kept mode=full leaves=16 survival=13.82% best=22.71% std=20.3%
[DTPO] it=79/150 step=789921 J_new=0.0213 kept mode=full leaves=16 survival=14.75% best=22.71% std=21.4%
[DTPO] it=80/150 step=799920 J_new=0.0494 kept mode=full leaves=16 survival=15.27% best=22.71% std=22.3%
[DTPO] it=81/150 step=809919 J_new=0.0207 kept mode=full leaves=16 survival=18.65% best=22.71% std=24.9%
[DTPO] it=82/150 step=819918 J_new=1.6376 kept mode=full leaves=16 survival=15.74% best=22.71% std=20.5%
[DTPO] it=83/150 step=829917 J_new=19.7837 kept mode=full leaves=16 survival=13.36% best=22.71% std=20.8%
[DTPO] it=84/150 step=839916 J_new=0.0221 kept mode=full leaves=16 survival=13.49% best=22.71% std=20.3%
[DTPO] it=85/150 step=849915 J_new=0.8518 kept mode=full leaves=16 survival=13.57% best=22.71% std=20.3%
[DTPO] it=86/150 step=859914 J_new=0.0059 kept mode=full leaves=16 survival=13.71% best=22.71% std=20.7%
[DTPO] it=87/150 step=869913 J_new=0.0389 kept mode=full leaves=16 survival=13.10% best=22.71% std=20.4%
[DTPO] it=88/150 step=879912 J_new=0.0003 kept mode=full leaves=16 survival=13.56% best=22.71% std=21.0%
[DTPO] it=89/150 step=889911 J_new=0.0041 kept mode=full leaves=16 survival=13.03% best=22.71% std=20.3%
[DTPO] it=90/150 step=899910 J_new=0.0547 kept mode=full leaves=16 survival=13.48% best=22.71% std=20.9%
[DTPO] it=91/150 step=909909 J_new=0.0251 kept mode=full leaves=16 survival=13.01% best=22.71% std=20.2%
[DTPO] it=92/150 step=919908 J_new=0.0083 kept mode=full leaves=16 survival=12.94% best=22.71% std=20.2%
[DTPO] it=93/150 step=929907 J_new=0.0193 kept mode=full leaves=16 survival=12.66% best=22.71% std=20.2%
[DTPO] it=94/150 step=939906 J_new=0.0108 kept mode=full leaves=16 survival=18.28% best=22.71% std=25.1%
[DTPO] it=95/150 step=949905 J_new=0.2710 kept mode=full leaves=16 survival=12.76% best=22.71% std=20.3%
[DTPO] it=96/150 step=959904 J_new=-0.0032 revert mode=full leaves=16 survival=12.76% best=22.71% std=20.3%
[DTPO] it=97/150 step=969903 J_new=0.0073 kept mode=full leaves=16 survival=12.66% best=22.71% std=20.2%
[DTPO] it=98/150 step=979902 J_new=0.0082 kept mode=full leaves=16 survival=12.59% best=22.71% std=20.3%
[DTPO] it=99/150 step=989901 J_new=0.0066 kept mode=full leaves=16 survival=14.27% best=22.71% std=20.8%
[DTPO] it=100/150 step=999900 J_new=0.0078 kept mode=full leaves=16 survival=14.55% best=22.71% std=20.5%
[DTPO] it=101/150 step=1009899 J_new=0.0069 kept mode=full leaves=16 survival=12.61% best=22.71% std=20.2%
[DTPO] it=102/150 step=1019898 J_new=0.0089 kept mode=full leaves=16 survival=13.37% best=22.71% std=21.5%
[DTPO] it=103/150 step=1029897 J_new=0.0157 kept mode=full leaves=16 survival=12.55% best=22.71% std=20.3%
[DTPO] it=104/150 step=1039896 J_new=0.0088 kept mode=full leaves=16 survival=12.47% best=22.71% std=20.3%
[DTPO] it=105/150 step=1049895 J_new=0.0873 kept mode=full leaves=16 survival=12.47% best=22.71% std=20.3%
[DTPO] it=106/150 step=1059894 J_new=0.0329 kept mode=full leaves=16 survival=12.43% best=22.71% std=20.3%
[DTPO] it=107/150 step=1069893 J_new=0.0129 kept mode=full leaves=16 survival=12.48% best=22.71% std=20.4%
[DTPO] it=108/150 step=1079892 J_new=0.0850 kept mode=full leaves=16 survival=12.35% best=22.71% std=20.3%
[DTPO] it=109/150 step=1089891 J_new=0.0007 kept mode=full leaves=16 survival=12.48% best=22.71% std=20.4%
[DTPO] it=110/150 step=1099890 J_new=0.0241 kept mode=full leaves=16 survival=12.58% best=22.71% std=20.4%
[DTPO] it=111/150 step=1109889 J_new=0.0223 kept mode=full leaves=16 survival=12.48% best=22.71% std=20.4%
[DTPO] it=112/150 step=1119888 J_new=0.0070 kept mode=full leaves=16 survival=12.48% best=22.71% std=20.4%
[DTPO] it=113/150 step=1129887 J_new=0.0027 kept mode=full leaves=16 survival=12.48% best=22.71% std=20.4%
[DTPO] it=114/150 step=1139886 J_new=0.0027 kept mode=full leaves=16 survival=12.46% best=22.71% std=20.4%
[DTPO] it=115/150 step=1149885 J_new=0.0084 kept mode=full leaves=16 survival=12.48% best=22.71% std=20.4%
[DTPO] it=116/150 step=1159884 J_new=0.0177 kept mode=full leaves=16 survival=12.67% best=22.71% std=20.4%
[DTPO] it=117/150 step=1169883 J_new=0.0050 kept mode=full leaves=16 survival=12.74% best=22.71% std=20.3%
[DTPO] it=118/150 step=1179882 J_new=0.0039 kept mode=full leaves=16 survival=14.15% best=22.71% std=20.5%
[DTPO] it=119/150 step=1189881 J_new=0.0020 kept mode=full leaves=16 survival=14.58% best=22.71% std=22.0%
[DTPO] it=120/150 step=1199880 J_new=0.0021 kept mode=full leaves=16 survival=14.55% best=22.71% std=21.7%
[DTPO] it=121/150 step=1209879 J_new=0.0008 kept mode=full leaves=16 survival=15.96% best=22.71% std=20.6%
[DTPO] it=122/150 step=1219878 J_new=-0.0021 revert mode=full leaves=16 survival=15.96% best=22.71% std=20.6%
[DTPO] it=123/150 step=1229877 J_new=0.0115 kept mode=full leaves=16 survival=12.68% best=22.71% std=20.2%
[DTPO] it=124/150 step=1239876 J_new=0.0093 kept mode=full leaves=16 survival=12.55% best=22.71% std=20.2%
[DTPO] it=125/150 step=1249875 J_new=0.0068 kept mode=full leaves=16 survival=14.27% best=22.71% std=21.8%
[DTPO] it=126/150 step=1259874 J_new=0.0104 kept mode=full leaves=16 survival=12.68% best=22.71% std=20.2%
[DTPO] it=127/150 step=1269873 J_new=0.0105 kept mode=full leaves=16 survival=12.86% best=22.71% std=20.4%
[DTPO] it=128/150 step=1279872 J_new=0.0137 kept mode=full leaves=16 survival=12.68% best=22.71% std=20.2%
[DTPO] it=129/150 step=1289871 J_new=0.0060 kept mode=full leaves=16 survival=12.68% best=22.71% std=20.2%
[DTPO] it=130/150 step=1299870 J_new=0.0101 kept mode=full leaves=16 survival=12.97% best=22.71% std=20.3%
[DTPO] it=131/150 step=1309869 J_new=0.0119 kept mode=full leaves=16 survival=12.64% best=22.71% std=20.2%
[DTPO] it=132/150 step=1319868 J_new=0.0063 kept mode=full leaves=16 survival=12.68% best=22.71% std=20.2%
[DTPO] it=133/150 step=1329867 J_new=0.0144 kept mode=full leaves=16 survival=12.83% best=22.71% std=20.2%
[DTPO] it=134/150 step=1339866 J_new=0.0218 kept mode=full leaves=16 survival=12.88% best=22.71% std=20.4%
[DTPO] it=135/150 step=1349865 J_new=0.0121 kept mode=full leaves=16 survival=12.80% best=22.71% std=20.3%
[DTPO] it=136/150 step=1359864 J_new=0.0191 kept mode=full leaves=16 survival=12.63% best=22.71% std=20.3%
[DTPO] it=137/150 step=1369863 J_new=0.0048 kept mode=full leaves=16 survival=12.62% best=22.71% std=20.3%
[DTPO] it=138/150 step=1379862 J_new=0.0264 kept mode=full leaves=16 survival=12.71% best=22.71% std=20.3%
[DTPO] it=139/150 step=1389861 J_new=0.0103 kept mode=full leaves=16 survival=12.45% best=22.71% std=20.2%
[DTPO] it=140/150 step=1399860 J_new=0.0189 kept mode=full leaves=16 survival=12.44% best=22.71% std=20.2%
[DTPO] it=141/150 step=1409859 J_new=0.0024 kept mode=full leaves=16 survival=12.64% best=22.71% std=20.3%
[DTPO] it=142/150 step=1419858 J_new=0.0035 kept mode=full leaves=16 survival=12.45% best=22.71% std=20.2%
[DTPO] it=143/150 step=1429857 J_new=0.0057 kept mode=full leaves=16 survival=12.45% best=22.71% std=20.2%
[DTPO] it=144/150 step=1439856 J_new=0.0106 kept mode=full leaves=16 survival=12.63% best=22.71% std=20.3%
[DTPO] it=145/150 step=1449855 J_new=0.0148 kept mode=full leaves=16 survival=12.59% best=22.71% std=20.3%
[DTPO] it=146/150 step=1459854 J_new=0.0077 kept mode=full leaves=16 survival=12.53% best=22.71% std=20.2%
[DTPO] it=147/150 step=1469853 J_new=0.0056 kept mode=full leaves=16 survival=12.44% best=22.71% std=20.2%
[DTPO] it=148/150 step=1479852 J_new=0.0180 kept mode=full leaves=16 survival=12.63% best=22.71% std=20.2%
[DTPO] it=149/150 step=1489851 J_new=0.0133 kept mode=full leaves=16 survival=12.49% best=22.71% std=20.3%
[DTPO] it=150/150 step=1499850 J_new=0.0069 kept mode=full leaves=16 survival=13.02% best=22.71% std=20.1%
[DTPO] stored 5 candidate trees for final selection (cheap survivals: ['22.7%', '22.7%', '22.7%', '22.7%', '22.7%']). Run dtpo_select.py --ckpt <ckpt> --episodes 100 to pick the honest best.
