Initializing the distributed action 'mapper'... (takes a while with big action spaces)
[VIPER] oracle=ppo (from /rds/general/user/ssl125/home/RL2Grid_full/checkpoint/final_PPO_bus14_T_0_0__I__1775940444_3936.tar)
[VIPER TREE] depth=10 leaves=32 nodes=63 ccp_alpha=0.00000000 fit_samples=5001 dataset=5001
Eval at step 5001, survival=3.253%, return=[-1.3485225167435904, 158.93268866062166, -7.737653693785735, -23.8538011695906]
[VIPER] iter=1/15 dataset=5001 fit_samples=5001 weighted_acc=0.942743 survival=3.253% best_survival=3.253%
[VIPER TREE] depth=8 leaves=32 nodes=63 ccp_alpha=0.00000000 fit_samples=10002 dataset=10002
Eval at step 10002, survival=13.496%, return=[-2.928774648346007, 609.924606030782, -52.80057911050002, -81.27485380117079]
[VIPER] iter=2/15 dataset=10002 fit_samples=10002 weighted_acc=0.887971 survival=13.496% best_survival=13.496%
[VIPER TREE] depth=9 leaves=32 nodes=63 ccp_alpha=0.00000000 fit_samples=15003 dataset=15003
Eval at step 15003, survival=15.716%, return=[-3.060306257529495, 714.9554133605926, -207.43580610514618, -76.41520467836396]
[VIPER] iter=3/15 dataset=15003 fit_samples=15003 weighted_acc=0.876349 survival=15.716% best_survival=15.716%
[VIPER TREE] depth=9 leaves=32 nodes=63 ccp_alpha=0.00000000 fit_samples=20004 dataset=20004
Eval at step 20004, survival=42.923%, return=[-5.8623115902883, 1987.8960372066506, -122.8112128439728, -141.28654970760576]
[VIPER] iter=4/15 dataset=20004 fit_samples=20004 weighted_acc=0.870479 survival=42.923% best_survival=42.923%
[VIPER TREE] depth=11 leaves=32 nodes=63 ccp_alpha=0.00000000 fit_samples=25005 dataset=25005
Eval at step 25005, survival=28.439%, return=[-4.651906634001837, 1356.0632229550672, -6.025307018445649, -222.1052631578881]
[VIPER] iter=5/15 dataset=25005 fit_samples=25005 weighted_acc=0.854753 survival=28.439% best_survival=42.923%
[VIPER TREE] depth=10 leaves=32 nodes=63 ccp_alpha=0.00000000 fit_samples=30006 dataset=30006
Eval at step 30006, survival=10.032%, return=[-2.0883473595798328, 473.1443281014768, -5.008230114821345, -3.011695906432753]
[VIPER] iter=6/15 dataset=30006 fit_samples=30006 weighted_acc=0.882542 survival=10.032% best_survival=42.923%
[VIPER TREE] depth=9 leaves=32 nodes=63 ccp_alpha=0.00000000 fit_samples=35007 dataset=35007
Eval at step 35007, survival=38.542%, return=[-5.686383856732088, 1813.623482767741, -5.010912889614701, -139.0116959064359]
[VIPER] iter=7/15 dataset=35007 fit_samples=35007 weighted_acc=0.883410 survival=38.542% best_survival=42.923%
[VIPER TREE] depth=9 leaves=32 nodes=63 ccp_alpha=0.00000000 fit_samples=40008 dataset=40008
Eval at step 40008, survival=63.579%, return=[-8.66807828923144, 2991.63026944796, -5.029354591000204, -235.53801169591227]
[VIPER] iter=8/15 dataset=40008 fit_samples=40008 weighted_acc=0.880909 survival=63.579% best_survival=63.579%
[VIPER TREE] depth=10 leaves=32 nodes=63 ccp_alpha=0.00000000 fit_samples=45009 dataset=45009
Eval at step 45009, survival=63.579%, return=[-8.451970279313779, 2971.5857030550637, -5.129701160088492, -233.9181286549768]
[VIPER] iter=9/15 dataset=45009 fit_samples=45009 weighted_acc=0.886339 survival=63.579% best_survival=63.579%
[VIPER TREE] depth=9 leaves=32 nodes=63 ccp_alpha=0.00000000 fit_samples=50000 dataset=50010
Eval at step 50010, survival=63.579%, return=[-8.179380811712084, 2945.998304351171, -5.00246220594272, -546.070175438593]
[VIPER] iter=10/15 dataset=50010 fit_samples=50000 weighted_acc=0.887323 survival=63.579% best_survival=63.579%
[VIPER TREE] depth=11 leaves=32 nodes=63 ccp_alpha=0.00000000 fit_samples=50000 dataset=55011
Eval at step 55011, survival=26.678%, return=[-4.086003404886772, 1254.3952804406465, -5.22684113914147, -75.21052631579106]
[VIPER] iter=11/15 dataset=55011 fit_samples=50000 weighted_acc=0.887827 survival=26.678% best_survival=63.579%
[VIPER TREE] depth=10 leaves=32 nodes=63 ccp_alpha=0.00000000 fit_samples=50000 dataset=60012
Eval at step 60012, survival=12.103%, return=[-2.3826261847279966, 579.2286221981043, -5.281568903476, -59.48538011695998]
[VIPER] iter=12/15 dataset=60012 fit_samples=50000 weighted_acc=0.898594 survival=12.103% best_survival=63.579%
[VIPER TREE] depth=9 leaves=32 nodes=63 ccp_alpha=0.00000000 fit_samples=50000 dataset=65013
Eval at step 65013, survival=63.579%, return=[-8.963283993245568, 2989.7916189193706, -5.007736504310742, -220.5380116959121]
[VIPER] iter=13/15 dataset=65013 fit_samples=50000 weighted_acc=0.902241 survival=63.579% best_survival=63.579%
[VIPER TREE] depth=10 leaves=32 nodes=63 ccp_alpha=0.00000000 fit_samples=50000 dataset=70014
Eval at step 70014, survival=34.478%, return=[-5.6462627551906435, 1644.0073978265143, -6.065193538864453, -223.38011695906957]
[VIPER] iter=14/15 dataset=70014 fit_samples=50000 weighted_acc=0.903278 survival=34.478% best_survival=63.579%
[VIPER TREE] depth=9 leaves=32 nodes=63 ccp_alpha=0.00000000 fit_samples=50000 dataset=75015
Eval at step 75015, survival=12.343%, return=[-2.722312131198123, 564.809802837372, -8.937241812673165, -47.23976608187214]
[VIPER] iter=15/15 dataset=75015 fit_samples=50000 weighted_acc=0.903084 survival=12.343% best_survival=63.579%
