[F2] training env filtered to 753/1004 chronics (every 4th id held out for evaluation)
Initializing the distributed action 'mapper'... (takes a while with big action spaces)
[F2] training env filtered to 753/1004 chronics (every 4th id held out for evaluation)
[F2] training env filtered to 753/1004 chronics (every 4th id held out for evaluation)
[F2] training env filtered to 753/1004 chronics (every 4th id held out for evaluation)
[F2] training env filtered to 753/1004 chronics (every 4th id held out for evaluation)
[DTPO] gate eval on 40 training-side chronics (of 1004); overlap with the held-out pool = 0 (must be 0): ids=[0, 25, 50, 76, 102, 128, 153, 178, 205, 230, 256, 282]...
[DTPO] it=1/150 step=9999 J_new=0.4025 kept mode=full leaves=16 survival=19.33% best=19.33% std=20.0%
[DTPO] it=2/150 step=19998 J_new=0.2018 kept mode=full leaves=16 survival=7.95% best=19.33% std=5.5%
[DTPO] it=3/150 step=29997 J_new=0.2363 kept mode=full leaves=16 survival=7.48% best=19.33% std=3.3%
[DTPO] it=4/150 step=39996 J_new=0.3280 kept mode=full leaves=16 survival=4.19% best=19.33% std=3.5%
[DTPO] it=5/150 step=49995 J_new=0.1776 kept mode=full leaves=16 survival=1.02% best=19.33% std=0.6%
[DTPO] it=6/150 step=59994 J_new=0.0200 kept mode=full leaves=16 survival=7.70% best=19.33% std=3.6%
[DTPO] it=7/150 step=69993 J_new=0.3120 kept mode=full leaves=16 survival=7.97% best=19.33% std=3.5%
[DTPO] it=8/150 step=79992 J_new=0.0950 kept mode=full leaves=16 survival=8.69% best=19.33% std=3.7%
[DTPO] it=9/150 step=89991 J_new=0.2520 kept mode=full leaves=16 survival=18.85% best=19.33% std=12.2%
[DTPO] it=10/150 step=99990 J_new=0.0220 kept mode=full leaves=16 survival=8.20% best=19.33% std=4.4%
[DTPO] it=11/150 step=109989 J_new=0.8742 kept mode=full leaves=16 survival=11.62% best=19.33% std=9.1%
[DTPO] it=12/150 step=119988 J_new=0.0871 kept mode=full leaves=16 survival=10.41% best=19.33% std=10.6%
[DTPO] it=13/150 step=129987 J_new=0.7206 kept mode=full leaves=16 survival=9.40% best=19.33% std=8.9%
[DTPO] it=14/150 step=139986 J_new=0.0093 kept mode=full leaves=16 survival=13.78% best=19.33% std=8.9%
[DTPO] it=15/150 step=149985 J_new=0.0019 kept mode=full leaves=16 survival=10.51% best=19.33% std=6.5%
[DTPO] it=16/150 step=159984 J_new=0.0033 kept mode=full leaves=16 survival=15.47% best=19.33% std=11.4%
[DTPO] it=17/150 step=169983 J_new=0.0100 kept mode=full leaves=16 survival=14.81% best=19.33% std=12.6%
[DTPO] it=18/150 step=179982 J_new=0.0082 kept mode=full leaves=16 survival=7.95% best=19.33% std=6.8%
[DTPO] it=19/150 step=189981 J_new=0.0056 kept mode=full leaves=16 survival=11.08% best=19.33% std=9.2%
[DTPO] it=20/150 step=199980 J_new=0.0488 kept mode=full leaves=16 survival=5.30% best=19.33% std=4.1%
[DTPO] it=21/150 step=209979 J_new=0.0045 kept mode=full leaves=16 survival=4.77% best=19.33% std=5.5%
[DTPO] it=22/150 step=219978 J_new=0.0231 kept mode=full leaves=16 survival=15.31% best=19.33% std=15.1%
[DTPO] it=23/150 step=229977 J_new=0.0063 kept mode=full leaves=16 survival=7.39% best=19.33% std=4.3%
[DTPO] it=24/150 step=239976 J_new=0.0037 kept mode=full leaves=16 survival=7.32% best=19.33% std=4.3%
[DTPO] it=25/150 step=249975 J_new=0.5393 kept mode=full leaves=16 survival=4.70% best=19.33% std=2.7%
[DTPO] it=26/150 step=259974 J_new=0.1680 kept mode=full leaves=16 survival=7.47% best=19.33% std=9.8%
[DTPO] it=27/150 step=269973 J_new=0.0062 kept mode=full leaves=16 survival=5.90% best=19.33% std=4.9%
[DTPO] it=28/150 step=279972 J_new=0.6820 kept mode=full leaves=16 survival=5.89% best=19.33% std=5.0%
[DTPO] it=29/150 step=289971 J_new=0.5747 kept mode=full leaves=16 survival=4.96% best=19.33% std=5.6%
[DTPO] it=30/150 step=299970 J_new=0.0032 kept mode=full leaves=16 survival=4.92% best=19.33% std=3.7%
[DTPO] it=31/150 step=309969 J_new=0.0117 kept mode=full leaves=16 survival=8.38% best=19.33% std=7.6%
[DTPO] it=32/150 step=319968 J_new=0.0094 kept mode=full leaves=16 survival=9.47% best=19.33% std=9.2%
[DTPO] it=33/150 step=329967 J_new=0.0622 kept mode=full leaves=16 survival=6.40% best=19.33% std=4.2%
[DTPO] it=34/150 step=339966 J_new=0.0024 kept mode=full leaves=16 survival=0.81% best=19.33% std=1.1%
[DTPO] it=35/150 step=349965 J_new=0.0032 kept mode=full leaves=16 survival=0.87% best=19.33% std=1.9%
[DTPO] it=36/150 step=359964 J_new=0.0027 kept mode=full leaves=16 survival=0.72% best=19.33% std=1.6%
[DTPO] it=37/150 step=369963 J_new=0.0021 kept mode=full leaves=16 survival=9.44% best=19.33% std=9.0%
[DTPO] it=38/150 step=379962 J_new=0.8080 kept mode=full leaves=16 survival=15.03% best=19.33% std=16.8%
[DTPO] it=39/150 step=389961 J_new=0.0022 kept mode=full leaves=16 survival=17.17% best=19.33% std=17.6%
[DTPO] it=40/150 step=399960 J_new=-0.0019 revert mode=full leaves=16 survival=17.17% best=19.33% std=17.6%
[DTPO] it=41/150 step=409959 J_new=0.0668 kept mode=full leaves=16 survival=3.32% best=19.33% std=4.3%
[DTPO] it=42/150 step=419958 J_new=1.1789 kept mode=full leaves=16 survival=2.92% best=19.33% std=1.9%
[DTPO] it=43/150 step=429957 J_new=0.0286 kept mode=full leaves=16 survival=8.54% best=19.33% std=11.4%
[DTPO] it=44/150 step=439956 J_new=0.2522 kept mode=full leaves=16 survival=12.93% best=19.33% std=15.3%
[DTPO] it=45/150 step=449955 J_new=0.1759 kept mode=full leaves=16 survival=0.40% best=19.33% std=0.7%
[DTPO] it=46/150 step=459954 J_new=0.0197 kept mode=full leaves=16 survival=2.65% best=19.33% std=1.9%
[DTPO] it=47/150 step=469953 J_new=0.0321 kept mode=full leaves=16 survival=2.64% best=19.33% std=2.1%
[DTPO] it=48/150 step=479952 J_new=0.0145 kept mode=full leaves=16 survival=2.62% best=19.33% std=2.3%
[DTPO] it=49/150 step=489951 J_new=0.0089 kept mode=full leaves=16 survival=2.86% best=19.33% std=2.5%
[DTPO] it=50/150 step=499950 J_new=0.0050 kept mode=full leaves=16 survival=2.02% best=19.33% std=1.8%
[DTPO] it=51/150 step=509949 J_new=0.0052 kept mode=full leaves=16 survival=2.80% best=19.33% std=1.8%
[DTPO] it=52/150 step=519948 J_new=0.0049 kept mode=full leaves=16 survival=2.77% best=19.33% std=1.7%
[DTPO] it=53/150 step=529947 J_new=0.0119 kept mode=full leaves=16 survival=2.82% best=19.33% std=1.7%
[DTPO] it=54/150 step=539946 J_new=0.0092 kept mode=full leaves=16 survival=2.81% best=19.33% std=2.1%
[DTPO] it=55/150 step=549945 J_new=-0.0039 revert mode=full leaves=16 survival=2.81% best=19.33% std=2.1%
[DTPO] it=56/150 step=559944 J_new=0.0169 kept mode=full leaves=16 survival=2.65% best=19.33% std=1.9%
[DTPO] it=57/150 step=569943 J_new=0.0080 kept mode=full leaves=16 survival=6.88% best=19.33% std=8.4%
[DTPO] it=58/150 step=579942 J_new=-0.0002 revert mode=full leaves=16 survival=6.88% best=19.33% std=8.4%
[DTPO] it=59/150 step=589941 J_new=-0.0205 revert mode=full leaves=16 survival=6.88% best=19.33% std=8.4%
[DTPO] it=60/150 step=599940 J_new=0.0049 kept mode=full leaves=16 survival=5.24% best=19.33% std=6.1%
[DTPO] it=61/150 step=609939 J_new=0.0070 kept mode=full leaves=16 survival=14.74% best=19.33% std=18.5%
[DTPO] it=62/150 step=619938 J_new=0.0023 kept mode=full leaves=16 survival=7.95% best=19.33% std=5.9%
[DTPO] it=63/150 step=629937 J_new=0.0020 kept mode=full leaves=16 survival=3.49% best=19.33% std=1.8%
[DTPO] it=64/150 step=639936 J_new=0.0026 kept mode=full leaves=16 survival=18.19% best=19.33% std=17.6%
[DTPO] it=65/150 step=649935 J_new=0.0087 kept mode=full leaves=16 survival=12.15% best=19.33% std=16.9%
[DTPO] it=66/150 step=659934 J_new=0.0036 kept mode=full leaves=16 survival=4.10% best=19.33% std=2.9%
[DTPO] it=67/150 step=669933 J_new=0.0032 kept mode=full leaves=16 survival=7.52% best=19.33% std=5.0%
[DTPO] it=68/150 step=679932 J_new=0.0088 kept mode=full leaves=16 survival=5.78% best=19.33% std=7.8%
[DTPO] it=69/150 step=689931 J_new=0.0072 kept mode=full leaves=16 survival=3.34% best=19.33% std=1.9%
[DTPO] it=70/150 step=699930 J_new=0.0078 kept mode=full leaves=16 survival=10.40% best=19.33% std=9.6%
[DTPO] it=71/150 step=709929 J_new=0.0055 kept mode=full leaves=16 survival=10.40% best=19.33% std=8.5%
[DTPO] it=72/150 step=719928 J_new=0.0052 kept mode=full leaves=16 survival=12.58% best=19.33% std=13.7%
[DTPO] it=73/150 step=729927 J_new=0.0097 kept mode=full leaves=16 survival=11.76% best=19.33% std=15.4%
[DTPO] it=74/150 step=739926 J_new=0.0068 kept mode=full leaves=16 survival=11.19% best=19.33% std=10.2%
[DTPO] it=75/150 step=749925 J_new=0.0035 kept mode=full leaves=16 survival=14.17% best=19.33% std=16.6%
[DTPO] it=76/150 step=759924 J_new=0.0095 kept mode=full leaves=16 survival=15.78% best=19.33% std=16.5%
[DTPO] it=77/150 step=769923 J_new=0.0071 kept mode=full leaves=16 survival=13.94% best=19.33% std=15.4%
[DTPO] it=78/150 step=779922 J_new=0.0141 kept mode=full leaves=16 survival=8.24% best=19.33% std=8.8%
[DTPO] it=79/150 step=789921 J_new=0.0101 kept mode=full leaves=16 survival=9.01% best=19.33% std=13.0%
[DTPO] it=80/150 step=799920 J_new=0.0074 kept mode=full leaves=16 survival=8.97% best=19.33% std=9.2%
[DTPO] it=81/150 step=809919 J_new=0.0082 kept mode=full leaves=16 survival=26.62% best=26.62% std=22.9%
[DTPO] it=82/150 step=819918 J_new=0.0037 kept mode=full leaves=16 survival=24.54% best=26.62% std=21.7%
[DTPO] it=83/150 step=829917 J_new=0.0150 kept mode=full leaves=16 survival=27.35% best=27.35% std=25.7%
[DTPO] it=84/150 step=839916 J_new=0.0173 kept mode=full leaves=16 survival=15.71% best=27.35% std=17.1%
[DTPO] it=85/150 step=849915 J_new=0.0153 kept mode=full leaves=16 survival=20.44% best=27.35% std=22.1%
[DTPO] it=86/150 step=859914 J_new=0.0175 kept mode=full leaves=16 survival=30.82% best=30.82% std=26.3%
[DTPO] it=87/150 step=869913 J_new=0.0096 kept mode=full leaves=16 survival=21.33% best=30.82% std=20.9%
[DTPO] it=88/150 step=879912 J_new=0.0148 kept mode=full leaves=16 survival=32.78% best=32.78% std=30.5%
[DTPO] it=89/150 step=889911 J_new=0.0225 kept mode=full leaves=16 survival=18.18% best=32.78% std=17.6%
[DTPO] it=90/150 step=899910 J_new=0.0215 kept mode=full leaves=16 survival=11.42% best=32.78% std=7.0%
[DTPO] it=91/150 step=909909 J_new=0.0130 kept mode=full leaves=16 survival=21.90% best=32.78% std=19.9%
[DTPO] it=92/150 step=919908 J_new=0.0210 kept mode=full leaves=16 survival=17.54% best=32.78% std=17.5%
[DTPO] it=93/150 step=929907 J_new=0.0210 kept mode=full leaves=16 survival=17.54% best=32.78% std=17.5%
[DTPO] it=94/150 step=939906 J_new=0.0136 kept mode=full leaves=16 survival=17.54% best=32.78% std=17.5%
[DTPO] it=95/150 step=949905 J_new=0.0117 kept mode=full leaves=16 survival=17.54% best=32.78% std=17.5%
[DTPO] it=96/150 step=959904 J_new=0.0136 kept mode=full leaves=16 survival=17.54% best=32.78% std=17.5%
[DTPO] it=97/150 step=969903 J_new=0.0018 kept mode=full leaves=16 survival=18.15% best=32.78% std=17.6%
[DTPO] it=98/150 step=979902 J_new=0.0074 kept mode=full leaves=16 survival=18.15% best=32.78% std=17.6%
[DTPO] it=99/150 step=989901 J_new=0.0083 kept mode=full leaves=16 survival=18.15% best=32.78% std=17.6%
[DTPO] it=100/150 step=999900 J_new=0.0104 kept mode=full leaves=16 survival=18.15% best=32.78% std=17.6%
[DTPO] it=101/150 step=1009899 J_new=0.0054 kept mode=full leaves=16 survival=18.15% best=32.78% std=17.6%
[DTPO] it=102/150 step=1019898 J_new=0.0160 kept mode=full leaves=16 survival=18.15% best=32.78% std=17.6%
[DTPO] it=103/150 step=1029897 J_new=0.0155 kept mode=full leaves=16 survival=18.15% best=32.78% std=17.6%
[DTPO] it=104/150 step=1039896 J_new=0.0029 kept mode=full leaves=16 survival=25.91% best=32.78% std=24.4%
[DTPO] it=105/150 step=1049895 J_new=0.0382 kept mode=full leaves=16 survival=27.12% best=32.78% std=24.4%
[DTPO] it=106/150 step=1059894 J_new=0.0045 kept mode=full leaves=16 survival=31.39% best=32.78% std=27.8%
[DTPO] it=107/150 step=1069893 J_new=0.0057 kept mode=full leaves=16 survival=31.39% best=32.78% std=27.8%
[DTPO] it=108/150 step=1079892 J_new=0.0049 kept mode=full leaves=16 survival=31.39% best=32.78% std=27.8%
[DTPO] it=109/150 step=1089891 J_new=0.0080 kept mode=full leaves=16 survival=31.39% best=32.78% std=27.8%
[DTPO] it=110/150 step=1099890 J_new=0.0079 kept mode=full leaves=16 survival=31.39% best=32.78% std=27.8%
[DTPO] it=111/150 step=1109889 J_new=0.0055 kept mode=full leaves=16 survival=31.39% best=32.78% std=27.8%
[DTPO] it=112/150 step=1119888 J_new=0.0078 kept mode=full leaves=16 survival=31.39% best=32.78% std=27.8%
[DTPO] it=113/150 step=1129887 J_new=0.0069 kept mode=full leaves=16 survival=31.39% best=32.78% std=27.8%
[DTPO] it=114/150 step=1139886 J_new=0.0045 kept mode=full leaves=16 survival=31.39% best=32.78% std=27.8%
[DTPO] it=115/150 step=1149885 J_new=0.0055 kept mode=full leaves=16 survival=31.39% best=32.78% std=27.8%
[DTPO] it=116/150 step=1159884 J_new=0.0041 kept mode=full leaves=16 survival=31.39% best=32.78% std=27.8%
[DTPO] it=117/150 step=1169883 J_new=0.0044 kept mode=full leaves=16 survival=31.39% best=32.78% std=27.8%
[DTPO] it=118/150 step=1179882 J_new=0.0009 kept mode=full leaves=16 survival=31.39% best=32.78% std=27.8%
[DTPO] it=119/150 step=1189881 J_new=0.0265 kept mode=full leaves=16 survival=31.39% best=32.78% std=27.8%
[DTPO] it=120/150 step=1199880 J_new=0.0085 kept mode=full leaves=16 survival=31.39% best=32.78% std=27.8%
[DTPO] it=121/150 step=1209879 J_new=0.0088 kept mode=full leaves=16 survival=31.39% best=32.78% std=27.8%
[DTPO] it=122/150 step=1219878 J_new=0.0046 kept mode=full leaves=16 survival=31.39% best=32.78% std=27.8%
[DTPO] it=123/150 step=1229877 J_new=0.0229 kept mode=full leaves=16 survival=31.39% best=32.78% std=27.8%
[DTPO] it=124/150 step=1239876 J_new=0.0049 kept mode=full leaves=16 survival=31.39% best=32.78% std=27.8%
[DTPO] it=125/150 step=1249875 J_new=0.0078 kept mode=full leaves=16 survival=31.39% best=32.78% std=27.8%
[DTPO] it=126/150 step=1259874 J_new=0.0009 kept mode=full leaves=16 survival=31.39% best=32.78% std=27.8%
[DTPO] it=127/150 step=1269873 J_new=0.0090 kept mode=full leaves=16 survival=31.39% best=32.78% std=27.8%
[DTPO] it=128/150 step=1279872 J_new=0.0144 kept mode=full leaves=16 survival=31.39% best=32.78% std=27.8%
[DTPO] it=129/150 step=1289871 J_new=0.0196 kept mode=full leaves=16 survival=31.39% best=32.78% std=27.8%
[DTPO] it=130/150 step=1299870 J_new=0.0114 kept mode=full leaves=16 survival=31.39% best=32.78% std=27.8%
[DTPO] stored 5 candidate trees for final selection (cheap survivals: ['32.8%', '31.4%', '31.4%', '31.4%', '31.4%']). Run dtpo_select.py --ckpt <ckpt> --episodes 100 to pick the honest best.
