/vol/bitbucket/ssl125/miniconda/envs/rl2grid/lib/python3.12/site-packages/grid2op/MakeEnv/Make.py:13: UserWarning: pkg_resources is deprecated as an API. See https://setuptools.pypa.io/en/latest/pkg_resources.html. The pkg_resources package is slated for removal as early as 2025-11-30. Refrain from using this package or pin to Setuptools<81.
  import pkg_resources
Initializing the distributed action 'mapper'... (takes a while with big action spaces)
Eval at step 6050000, survival=3.493%, return=[-1.4296098022411268, 165.6439680894215, -5.258177243483563, -22.00584795321645]
SPS=55319
Eval at step 6060000, survival=7.428%, return=[-1.9016888033559856, 357.58666305065134, -5.515192622939746, -38.286549707602646]
SPS=29157
Eval at step 6070000, survival=2.257%, return=[-1.2714811632758938, 105.82758081118266, -7.27918728782485, -15.637426900584808]
SPS=17401
Eval at step 6080000, survival=4.646%, return=[-1.5599011698892962, 222.1220079867046, -10.983044007172188, -28.263157894736867]
SPS=13674
Eval at step 6090000, survival=5.432%, return=[-1.686318011469363, 256.36343248049366, -7.319447886548005, -33.8830409356728]
SPS=10331
Eval at step 6100000, survival=3.704%, return=[-1.4434383503588226, 176.60082349936167, -7.372861413915719, -24.12280701754398]
SPS=8909
Eval at step 6110000, survival=14.534%, return=[-2.8840627218984687, 673.3602226909001, -7.573970113308557, -88.92982456140523]
SPS=7261
Eval at step 6120000, survival=1.339%, return=[-1.1510469731292687, 64.50235364278159, -5.6368880942463875, -8.538011695906434]
SPS=6568
Eval at step 6130000, survival=3.257%, return=[-1.4225319425264995, 149.36215806325293, -5.447175409644842, -23.70175438596506]
SPS=5731
Eval at step 6140000, survival=12.145%, return=[-2.6532774688676, 563.5604431056972, -5.880739229241347, -70.25730994152163]
SPS=5231
Eval at step 6150000, survival=14.443%, return=[-2.9333209451287985, 673.9570150232315, -5.876829027052736, -85.90058479532321]
SPS=4634
Eval at step 6160000, survival=0.992%, return=[-1.1050297737432022, 47.88324773152669, -5.496295504892866, -6.859649122807016]
SPS=4347
Eval at step 6170000, survival=9.346%, return=[-2.2682277126781023, 431.7875995890299, -6.519313876400702, -56.315789473684724]
SPS=3949
Eval at step 6180000, survival=8.557%, return=[-2.165446479494373, 391.9032672468815, -6.265758405051504, -56.18713450292481]
SPS=3715
Eval at step 6190000, survival=5.985%, return=[-1.724574861912212, 288.0839910984037, -5.434658464121942, -34.01169590643304]
SPS=3431
Eval at step 6200000, survival=13.178%, return=[-2.7404690844899355, 616.4145277055095, -5.466349815328916, -76.82456140351026]
SPS=3249
Eval at step 6210000, survival=15.059%, return=[-3.0357658617625325, 698.5644718170173, -5.983833643704808, -87.01754385965098]
SPS=3014
Eval at step 6220000, survival=20.048%, return=[-3.8132613383349963, 917.2113040129362, -7.4277434979740065, -130.69005847953477]
SPS=2863
Eval at step 6230000, survival=13.806%, return=[-2.9160291861044243, 635.2706929429386, -6.33585758258899, -83.36842105263325]
SPS=2680
Eval at step 6240000, survival=5.494%, return=[-1.6947431672791329, 260.1505901463826, -6.0442841180871865, -32.081871345029434]
SPS=2578
Eval at step 6250000, survival=10.454%, return=[-2.4232202326335632, 483.5839563560487, -5.446574938076083, -57.473684210527104]
SPS=2437
Eval at step 6260000, survival=6.663%, return=[-1.9068703868542798, 306.9604323259991, -5.395793525734916, -42.06432748538043]
SPS=2350
Eval at step 6270000, survival=30.783%, return=[-5.316810298633452, 1409.89537727038, -7.009017851797883, -182.69005847953466]
SPS=2212
Eval at step 6280000, survival=25.670%, return=[-4.527908620443971, 1186.1463454596194, -6.7114358231532, -144.1637426900614]
SPS=2126
Eval at step 6290000, survival=2.951%, return=[-1.3307344429388952, 141.09742059707648, -5.045472627098206, -18.684210526315827]
SPS=2036
Eval at step 6300000, survival=4.187%, return=[-1.4968151518066104, 203.34924518267317, -5.16419378016144, -24.678362573099534]
SPS=1978
Eval at step 6310000, survival=19.597%, return=[-3.7314063749314905, 898.4376489830001, -6.006958856829442, -120.30994152046638]
SPS=1889
Eval at step 6320000, survival=21.887%, return=[-3.9397064409762, 1014.656883497238, -6.400922814810959, -128.45029239766177]
SPS=1829
Eval at step 6330000, survival=15.427%, return=[-3.1058191011737413, 707.8954000425332, -6.185008295685596, -101.13450292397833]
SPS=1755
Eval at step 6340000, survival=7.288%, return=[-1.9523704255892274, 340.2739571571351, -5.385165195116618, -39.97660818713516]
SPS=1710
Eval at step 6350000, survival=3.927%, return=[-1.520913922499555, 184.70250320434593, -5.065853939158842, -21.736842105263324]
SPS=1653
Eval at step 6360000, survival=13.128%, return=[-2.719665093793689, 615.6538346115743, -5.719604048722734, -74.57309941520596]
SPS=1611
Eval at step 6370000, survival=7.387%, return=[-1.987202232684164, 341.75549375216184, -5.16802161373198, -45.040935672515076]
SPS=1558
Eval at step 6380000, survival=23.934%, return=[-4.117601677484345, 1121.7656333192208, -6.474591788748512, -146.90643274853858]
SPS=1516
Eval at step 6390000, survival=12.087%, return=[-2.6202177646919154, 560.0663123242066, -6.110662063855368, -73.25730994152157]
SPS=1467
Eval at step 6400000, survival=4.369%, return=[-1.5096942026284523, 208.7602222204209, -5.274530013867964, -26.09356725146216]
SPS=1438
Eval at step 6410000, survival=19.271%, return=[-3.4621327250691443, 905.2383745861057, -5.802891062589576, -116.18713450292607]
SPS=1391
Eval at step 6420000, survival=16.576%, return=[-3.22785206802655, 773.2918605645491, -5.809406906114115, -93.26900584795506]
SPS=1361
Eval at step 6430000, survival=10.107%, return=[-2.337742600706406, 468.2641176048919, -5.947780807114516, -62.85964912280799]
SPS=1322
Eval at step 6440000, survival=16.811%, return=[-3.2279988131291852, 785.0635230779658, -5.834324300352212, -102.01754385965114]
SPS=1295
Eval at step 6450000, survival=39.968%, return=[-6.486310742465624, 1847.605790878931, -7.172016792717234, -229.57309941519853]
SPS=1251
Eval at step 6460000, survival=36.847%, return=[-6.1069475367548876, 1695.3166714445754, -7.288352629429331, -213.79532163742627]
SPS=1221
Eval at step 6470000, survival=17.774%, return=[-3.505640311030826, 815.1569215043387, -6.000240419506251, -103.34502923976788]
SPS=1188
Eval at step 6480000, survival=16.439%, return=[-3.2357221717829816, 759.33207455794, -5.902553288343673, -99.39181286549884]
SPS=1167
Eval at step 6490000, survival=16.642%, return=[-3.306281226706536, 767.817631756464, -5.523625851127993, -90.0000000000014]
SPS=1138
Eval at step 6500000, survival=5.634%, return=[-1.6679849468831283, 270.54018289248154, -5.457350942577857, -35.19298245614056]
SPS=1121
Eval at step 6510000, survival=13.860%, return=[-2.78588131145807, 652.6367639064788, -5.578212152332223, -78.4327485380129]
SPS=1094
Eval at step 6520000, survival=13.628%, return=[-2.769850274780765, 634.8041926956178, -6.523674944774636, -80.2748538011708]
SPS=1077
Eval at step 6530000, survival=20.809%, return=[-3.7941934055027864, 965.9787834231064, -5.925870905746706, -117.39181286549922]
SPS=1052
Eval at step 6540000, survival=18.535%, return=[-3.6081393981003202, 849.2818273099265, -5.987295905631375, -110.46783625731182]
SPS=1035
Eval at step 6550000, survival=13.070%, return=[-2.806019905159095, 604.5584111913045, -6.011149291904076, -76.73099415204804]
SPS=1013
Eval at step 6560000, survival=12.517%, return=[-2.684645472889921, 582.00553634723, -6.904047904439115, -75.80116959064425]
SPS=998
Eval at step 6570000, survival=15.174%, return=[-3.0071206116311564, 707.4591761334735, -5.981811121018836, -87.27485380117089]
SPS=977
Eval at step 6580000, survival=9.400%, return=[-2.3038913414929993, 428.9922921927769, -5.5582540897691315, -56.89473684210605]
SPS=964
Eval at step 6590000, survival=5.196%, return=[-1.6754409194691107, 242.70487014452647, -5.050401910829048, -32.017543859649464]
SPS=946
Eval at step 6600000, survival=13.397%, return=[-2.8425807648066743, 617.9334294509885, -5.57608862601531, -76.71929824561546]
SPS=933
Eval at step 6610000, survival=8.201%, return=[-2.0818124370804676, 381.42301376660663, -5.3372493889958905, -51.56140350877224]
SPS=916
Eval at step 6620000, survival=1.265%, return=[-1.1335935220316362, 62.12135500907899, -5.00776169449091, -8.32748538011696]
SPS=906
Eval at step 6630000, survival=12.616%, return=[-2.711229436798021, 583.1673589420324, -5.818988345214166, -72.26315789473792]
SPS=889
Eval at step 6640000, survival=13.872%, return=[-2.853754299983848, 647.4414593410485, -7.060831335023977, -77.80116959064459]
SPS=878
Eval at step 6650000, survival=37.628%, return=[-5.986531865103946, 1717.5161976512302, -5.304195221192155, -225.596491228055]
SPS=859
Eval at step 6660000, survival=25.955%, return=[-4.527018178428989, 1207.54967672666, -6.126254889658109, -147.46198830409688]
SPS=847
Eval at step 6670000, survival=22.826%, return=[-4.115888741876309, 1058.1830311441427, -6.144001616611301, -131.736842105266]
SPS=832
Eval at step 6680000, survival=7.412%, return=[-1.952107207966037, 349.2588462464012, -5.5086903032691525, -43.51461988304129]
SPS=823
Eval at step 6690000, survival=10.396%, return=[-2.3909072625101544, 483.85185636202505, -5.496794925071299, -60.0467836257317]
SPS=809
Eval at step 6700000, survival=33.304%, return=[-5.570612080511637, 1539.166448750496, -6.736415433930233, -185.71929824561258]
SPS=798
Eval at step 6710000, survival=29.361%, return=[-4.885323094611522, 1373.1426908826845, -6.319464243616342, -154.07602339181219]
SPS=783
Eval at step 6720000, survival=43.820%, return=[-7.444055939287257, 2016.6059320608792, -10.147273347038814, -245.21052631578655]
SPS=771
Eval at step 6730000, survival=25.856%, return=[-4.393588720452196, 1210.9929381116237, -6.243463791767984, -146.98245614035156]
SPS=758
Eval at step 6740000, survival=41.807%, return=[-6.9070792064497555, 1910.1648383951187, -9.680110235720045, -237.63157894736295]
SPS=747
Eval at step 6750000, survival=51.997%, return=[-8.220596382025784, 2388.4278889671964, -7.750819394806361, -289.22807017542857]
SPS=733
Eval at step 6760000, survival=10.627%, return=[-2.342479904550904, 499.0374053351081, -5.62168016754246, -60.16374269005928]
SPS=725
Eval at step 6770000, survival=12.252%, return=[-2.584414057433605, 575.2632394901902, -6.041207786261414, -69.40935672514746]
SPS=715
Eval at step 6780000, survival=26.678%, return=[-4.630194608005695, 1233.6029664055495, -7.778030989614005, -146.54385964912584]
SPS=707
Eval at step 6790000, survival=30.221%, return=[-5.405830952086641, 1368.4538010581336, -6.249790604662849, -175.94736842104848]
SPS=696
Eval at step 6800000, survival=13.777%, return=[-3.269227342136825, 630.3409927447634, -9.704683949449342, -81.45614035087846]
SPS=689
Eval at step 6810000, survival=10.429%, return=[-2.462291965067076, 474.38153624852515, -5.792267240486884, -64.42105263157993]
SPS=680
Eval at step 6820000, survival=6.750%, return=[-1.8162038213340566, 320.0412380059561, -5.369671512783195, -39.04678362573157]
SPS=675
Eval at step 6830000, survival=20.457%, return=[-4.043174175196327, 952.4200407727558, -7.7127591991751006, -120.4152046783613]
SPS=665
Eval at step 6840000, survival=14.447%, return=[-2.796951931765458, 684.8754494142537, -5.734194003317195, -85.05263157894875]
SPS=660
Eval at step 6850000, survival=35.954%, return=[-6.106628024426755, 1641.9281531016043, -6.6627414951641795, -206.5380116959041]
SPS=650
Eval at step 6860000, survival=12.087%, return=[-2.5754650526796468, 569.2506261698401, -5.343712301005628, -69.67251461988427]
SPS=644
Eval at step 6870000, survival=36.905%, return=[-6.1278319962245105, 1693.3385092353826, -6.733675019437214, -209.8654970760199]
SPS=634
Eval at step 6880000, survival=14.517%, return=[-3.0409065619848357, 664.4038449112572, -6.00883583650769, -86.39181286549876]
SPS=629
Eval at step 6890000, survival=12.496%, return=[-2.6773965249497755, 582.0623347123466, -5.124510039575398, -70.56140350877313]
SPS=622
Eval at step 6900000, survival=20.304%, return=[-3.6870243891025893, 941.0157276980077, -5.608633967776162, -122.1228070175461]
SPS=616
Eval at step 6910000, survival=5.870%, return=[-1.7449466072333355, 276.1425708007808, -5.226720370856735, -34.42105263157942]
SPS=609
Eval at step 6920000, survival=3.910%, return=[-1.4625309705928278, 188.95591750144968, -5.185274488758296, -21.53801169590651]
SPS=605
Eval at step 6930000, survival=19.308%, return=[-3.6285876989519843, 893.027326173783, -5.564691643735084, -109.30994152046992]
SPS=598
Eval at step 6940000, survival=14.662%, return=[-2.9975596175839505, 680.8776142311093, -34.149834953287304, -84.42690058479637]
SPS=593
Eval at step 6950000, survival=3.861%, return=[-1.4311682060360909, 189.1183503309886, -5.116449094610289, -24.175438596491244]
SPS=587
Eval at step 6960000, survival=19.316%, return=[-3.5548355858384943, 896.438988558452, -6.158436470373999, -113.2046783625754]
SPS=583
Eval at step 6970000, survival=25.269%, return=[-4.4207281823231215, 1166.4573710346206, -7.07520585086786, -152.058479532167]
SPS=575
Eval at step 6980000, survival=41.890%, return=[-6.366560238782161, 1966.8707470019633, -7.81467021717314, -247.14619883039927]
SPS=570
Eval at step 6990000, survival=17.808%, return=[-3.5024554695895254, 816.2906157493602, -6.035841552282515, -102.64912280701974]
SPS=563
Eval at step 7000000, survival=36.901%, return=[-6.694407229214751, 1707.4764217599225, -11.881331342709018, -216.12865497075995]
SPS=558
Eval at step 7010000, survival=10.656%, return=[-2.4276020818894417, 491.1422574424741, -6.850787430730027, -60.2982456140359]
SPS=552
Eval at step 7020000, survival=9.921%, return=[-2.1824543550028466, 466.90883622487416, -5.489380435746473, -65.05263157894866]
SPS=549
Eval at step 7030000, survival=18.457%, return=[-3.4291880920063704, 861.9602996428812, -5.60723302065647, -105.71929824561592]
SPS=543
Eval at step 7040000, survival=30.564%, return=[-5.188085265690461, 1409.004917596181, -6.629694638026801, -181.5906432748578]
SPS=538
Eval at step 7050000, survival=19.362%, return=[-3.476448340942928, 906.4685920079551, -5.504884011563263, -116.49707602339396]
SPS=533
Eval at step 7060000, survival=5.895%, return=[-1.7608525964509074, 275.68273191452016, -5.614776922855526, -34.87134502924015]
SPS=530
Eval at step 7070000, survival=10.475%, return=[-2.28003914594107, 497.7251098632814, -5.217414711136371, -63.29824561403577]
SPS=525
Eval at step 7080000, survival=12.421%, return=[-2.5746441752417013, 586.8240843375521, -5.207024726395805, -72.76023391812966]
SPS=521
Eval at step 7090000, survival=39.009%, return=[-6.276761824808394, 1801.600212403936, -6.727122108088224, -229.3040935672494]
SPS=515
Eval at step 7100000, survival=45.337%, return=[-6.989826284096732, 2108.224421216648, -6.987294820932827, -263.37426900585183]
SPS=511
Eval at step 7110000, survival=31.800%, return=[-5.279438297535914, 1472.843330410321, -7.375093171023764, -190.34502923976467]
SPS=505
Eval at step 7120000, survival=15.571%, return=[-3.102400477975607, 721.8982188304266, -5.834404795758019, -89.54385964912422]
SPS=502
Eval at step 7130000, survival=35.375%, return=[-5.815352399367839, 1628.29127562205, -6.879581745136723, -213.85964912280824]
SPS=496
Eval at step 7140000, survival=46.317%, return=[-7.2113068009687895, 2152.2780371061967, -9.008146507431908, -273.75438596491375]
SPS=492
Eval at step 7150000, survival=8.259%, return=[-2.121672816302938, 383.0282056681314, -5.455373482856278, -48.61988304093635]
SPS=488
Eval at step 7160000, survival=45.155%, return=[-7.272036077435284, 2067.840880970955, -6.6783103553655865, -272.78362573098065]
SPS=484
Eval at step 7170000, survival=43.469%, return=[-6.937632509371421, 2002.226349467437, -8.492858022257375, -261.70175438596414]
SPS=479
Eval at step 7180000, survival=16.601%, return=[-3.207773724629078, 774.5893322483685, -6.301273220296328, -97.46783625731196]
SPS=476
Eval at step 7190000, survival=29.101%, return=[-4.738243198041649, 1362.5791703319546, -6.176569299570019, -175.0818713450309]
SPS=471
Eval at step 7200000, survival=21.396%, return=[-3.9271129705011845, 984.2518100690841, -6.608726743377019, -129.43274853801452]
SPS=468
Eval at step 7210000, survival=15.290%, return=[-2.9286900699177445, 719.723553012211, -5.673563020211684, -92.86549707602524]
SPS=464
Eval at step 7220000, survival=17.390%, return=[-3.5135347255078764, 785.050734583538, -5.801704703029827, -107.3040935672537]
SPS=462
Eval at step 7230000, survival=17.047%, return=[-3.3299999297596514, 785.5391440979633, -5.702792918097354, -99.88304093567422]
SPS=458
Eval at step 7240000, survival=52.646%, return=[-8.12888147654788, 2434.301153459552, -7.2910879587507225, -310.47953216373526]
SPS=454
Eval at step 7250000, survival=8.118%, return=[-2.094542186280402, 377.5208734067283, -5.406496852699395, -46.9064327485387]
SPS=451
Eval at step 7260000, survival=7.945%, return=[-1.9156600651913323, 379.66672633489003, -5.351660562446341, -53.38011695906482]
SPS=448
Eval at step 7270000, survival=18.113%, return=[-3.4130872336099856, 843.1607344293594, -9.268108164639367, -106.78362573099606]
SPS=445
Eval at step 7280000, survival=29.663%, return=[-5.040812769458474, 1370.2717856057477, -8.007940224947864, -177.37426900585183]
SPS=442
Eval at step 7290000, survival=21.271%, return=[-4.007019904985403, 969.3740162928898, -5.823572279322737, -127.74269005848191]
SPS=438
Eval at step 7300000, survival=16.142%, return=[-3.1750236499356106, 743.7389489523571, -5.862417717988137, -100.9649122807035]
SPS=436
Eval at step 7310000, survival=12.120%, return=[-2.592404386222673, 567.2378611405688, -5.157631491233285, -72.204678362574]
SPS=433
Eval at step 7320000, survival=24.161%, return=[-4.215951025369577, 1124.2269584369653, -6.138105498704438, -143.61403508772221]
SPS=430
Eval at step 7330000, survival=41.332%, return=[-6.6946596532555604, 1897.196031570434, -7.1194038058553515, -248.26315789474106]
SPS=426
Eval at step 7340000, survival=10.586%, return=[-2.4642035855989284, 487.19796992302037, -5.959784894638385, -66.36257309941634]
SPS=424
Eval at step 7350000, survival=3.815%, return=[-1.4879662349509697, 178.36459248860663, -5.139439892062607, -23.274853801169755]
SPS=422
Eval at step 7360000, survival=7.796%, return=[-1.9811434085131623, 367.4835395240784, -5.436098318333582, -43.90643274853846]
SPS=420
Eval at step 7370000, survival=22.425%, return=[-4.120825451255466, 1025.0594469737994, -5.83524050980365, -141.2865497075998]
SPS=417
Eval at step 7380000, survival=23.661%, return=[-4.35633788164705, 1074.901095202764, -6.220473200276804, -149.35672514619503]
SPS=414
Eval at step 7390000, survival=24.624%, return=[-4.310079533121704, 1136.1497123591112, -6.7451302010425325, -151.36842105263312]
SPS=411
Eval at step 7400000, survival=39.174%, return=[-6.599614087162384, 1815.477742347712, -10.723677156695581, -233.9473684210394]
SPS=409
Eval at step 7410000, survival=31.101%, return=[-5.185255097031283, 1437.5937210988977, -6.438073661265662, -185.86549707602754]
SPS=405
Eval at step 7420000, survival=8.792%, return=[-2.178089352014164, 407.67296973864296, -5.512596529015961, -52.426900584796236]
SPS=404
Eval at step 7430000, survival=16.042%, return=[-3.1328563957940787, 745.0499644279486, -6.040917588036005, -93.54970760234073]
SPS=401
Eval at step 7440000, survival=24.479%, return=[-4.106116780176914, 1147.9972074254363, -6.792153265249605, -153.35087719298576]
SPS=399
Eval at step 7450000, survival=9.921%, return=[-2.2886702016112395, 461.58746325969673, -5.378795415861532, -63.32163742690178]
SPS=396
Eval at step 7460000, survival=8.519%, return=[-2.151334716977241, 392.46894304275526, -5.277936986531131, -50.192982456141266]
SPS=395
Eval at step 7470000, survival=28.679%, return=[-4.7847097890335135, 1328.0674291054402, -5.52120152333373, -187.23391812865358]
SPS=392
Eval at step 7480000, survival=14.869%, return=[-2.911430322584541, 695.5961872307461, -7.295528483693488, -91.40350877193121]
SPS=390
Eval at step 7490000, survival=2.914%, return=[-1.312507040721054, 142.82903601328533, -5.0965804023047285, -18.064327485380115]
SPS=388
Eval at step 7500000, survival=19.907%, return=[-3.6349833449348807, 926.4816381772374, -5.615627418019964, -119.8596491228053]
SPS=386
Eval at step 7510000, survival=15.220%, return=[-2.943128983102118, 713.2375838756558, -5.17621563244514, -92.69005847953383]
SPS=384
Eval at step 7520000, survival=16.373%, return=[-3.1593912272364832, 758.44371266365, -6.218505644326797, -103.25146198830608]
SPS=382
Eval at step 7530000, survival=14.311%, return=[-3.0104476692310222, 651.230785315034, -7.053932512301799, -91.41520467836445]
SPS=380
Eval at step 7540000, survival=25.145%, return=[-4.2468818842122955, 1182.1412262948377, -6.472469076591854, -157.13450292397832]
SPS=378
Eval at step 7550000, survival=28.158%, return=[-4.74642376320359, 1308.0752861849467, -6.723232964441801, -170.71929824561775]
SPS=375
Eval at step 7560000, survival=28.766%, return=[-5.323288082164557, 1311.7926496903121, -11.045160270671962, -182.66666666666083]
SPS=373
Eval at step 7570000, survival=11.467%, return=[-2.4820570338245793, 530.8186299705502, -5.712510878491837, -73.95906432748656]
SPS=371
Eval at step 7580000, survival=22.776%, return=[-3.994672071557337, 1062.6409385363268, -7.539658016011042, -134.7192982456165]
SPS=369
Eval at step 7590000, survival=10.094%, return=[-2.2873508115493073, 473.2387451442082, -5.708363368719195, -63.25730994152144]
SPS=367
Eval at step 7600000, survival=20.226%, return=[-3.7733537467817464, 928.3907564036035, -6.2981744094371, -121.23976608187354]
SPS=366
Eval at step 7610000, survival=32.982%, return=[-5.593928367209931, 1506.5548413308452, -6.341019992910636, -205.61988304093632]
SPS=363
Eval at step 7620000, survival=22.660%, return=[-4.052246581588406, 1049.7941300900773, -6.128388378709133, -139.47953216374563]
SPS=362
Eval at step 7630000, survival=51.108%, return=[-7.6471388170612045, 2350.2852004655256, -5.953333783263285, -313.91812865495814]
SPS=359
Eval at step 7640000, survival=44.854%, return=[-7.107485030641935, 2074.060626688002, -7.263048616473195, -265.74269005847236]
SPS=357
Eval at step 7650000, survival=30.171%, return=[-5.231400923978072, 1371.8162226279567, -5.6074537320212885, -184.05263157894134]
SPS=355
Eval at step 7660000, survival=42.117%, return=[-6.646526257798541, 1945.1706340233477, -6.804022832926421, -255.1754385964857]
SPS=353
Eval at step 7670000, survival=18.328%, return=[-3.5868115282501094, 835.2344970067343, -6.330369818931406, -108.40350877193207]
SPS=351
Eval at step 7680000, survival=20.329%, return=[-3.744327371745991, 938.7813634713467, -5.9486318296815925, -125.53801169590524]
SPS=349
Eval at step 7690000, survival=20.990%, return=[-3.6299177578572803, 987.1090156237287, -5.746539905512084, -132.89473684210782]
SPS=347
Eval at step 7700000, survival=17.663%, return=[-3.4159826155325086, 810.4795355796814, -7.290714445994429, -110.38596491228263]
SPS=346
Eval at step 7710000, survival=26.629%, return=[-4.516371570217113, 1229.4549007876694, -7.011960357349987, -174.10526315789846]
SPS=344
Eval at step 7720000, survival=24.372%, return=[-4.169183720407697, 1135.8945249748224, -5.8898006588763865, -145.64912280702]
SPS=343
Eval at step 7730000, survival=12.219%, return=[-2.7097377311050272, 556.0283121569947, -6.512722262826476, -75.31578947368553]
SPS=341
Eval at step 7740000, survival=36.578%, return=[-6.067179476376623, 1668.5253247102075, -6.9276936409549235, -233.98830409356472]
SPS=339
Eval at step 7750000, survival=27.629%, return=[-4.709526540284666, 1272.6843241484974, -5.899497839190796, -172.00584795321257]
SPS=337
Eval at step 7760000, survival=22.636%, return=[-4.027914386087407, 1047.706445738473, -6.803671999718063, -137.15789473684188]
SPS=336
Eval at step 7770000, survival=21.908%, return=[-3.914487080396308, 1016.6603943586364, -5.687424776047313, -137.58479532164048]
SPS=334
Eval at step 7780000, survival=25.306%, return=[-4.360093764359287, 1176.91074203968, -6.053623546199863, -156.11111111111447]
SPS=333
Eval at step 7790000, survival=19.300%, return=[-3.645857659362567, 883.4156453800211, -6.089264782349346, -125.29824561403746]
SPS=331
Eval at step 7800000, survival=16.084%, return=[-3.0790697327271723, 755.012673540116, -5.873890774091706, -96.36257309941702]
SPS=330
Eval at step 7810000, survival=10.276%, return=[-2.3443891656352207, 475.000472226143, -6.144349723705091, -66.98830409356825]
SPS=328
Eval at step 7820000, survival=22.140%, return=[-3.8558845198519216, 1039.3355255126955, -5.772056707831022, -131.72514619882904]
SPS=327
Eval at step 7830000, survival=11.872%, return=[-2.5949820842555105, 544.2242951663338, -5.993668266300422, -76.78362573099544]
SPS=325
Eval at step 7840000, survival=28.551%, return=[-4.714018662343733, 1332.7142774867991, -6.970683971715819, -175.8830409356733]
SPS=324
Eval at step 7850000, survival=8.958%, return=[-2.2796136488129073, 403.1084071636203, -5.206019606266636, -57.994152046784485]
SPS=323
Eval at step 7860000, survival=29.605%, return=[-4.869667810349104, 1376.2369155534109, -6.713895623756495, -183.1111111111135]
SPS=321
Eval at step 7870000, survival=23.876%, return=[-4.156429874361493, 1105.67256231626, -7.062217799645926, -146.00584795321555]
SPS=320
Eval at step 7880000, survival=19.147%, return=[-3.6372211168830595, 876.0198256254192, -5.291844816912392, -118.1403508771953]
SPS=319
Eval at step 7890000, survival=35.198%, return=[-5.765991007424115, 1620.1166476329174, -6.172195201584448, -212.33918128654986]
SPS=317
Eval at step 7900000, survival=41.873%, return=[-6.639093208980436, 1945.1513493251744, -7.6966473619443905, -246.25146198829862]
SPS=315
Eval at step 7910000, survival=21.023%, return=[-3.7614666166482493, 981.4606674989059, -6.522873475751112, -125.368421052634]
SPS=314
Eval at step 7920000, survival=22.177%, return=[-4.310716755241931, 1029.754887739817, -8.249936780606125, -133.18713450292697]
SPS=313
Eval at step 7930000, survival=2.352%, return=[-1.2622519699313368, 114.49796442985534, -5.097595690982416, -14.783625730994151]
SPS=311
Eval at step 7940000, survival=26.352%, return=[-4.442646733523968, 1232.4075812800743, -6.641168041276008, -161.0000000000006]
SPS=310
Eval at step 7950000, survival=41.625%, return=[-6.78362694165359, 1912.3885321124417, -7.665793829825513, -244.30409356725067]
SPS=308
Eval at step 7960000, survival=16.964%, return=[-3.2133009308211817, 788.0088060696926, -5.779259883997535, -107.82456140351091]
SPS=308
Eval at step 7970000, survival=31.407%, return=[-5.29197825557397, 1440.5980165847132, -7.506437263044063, -191.28070175438515]
SPS=306
Eval at step 7980000, survival=30.932%, return=[-5.194498632549464, 1424.1291303507453, -7.001878240980052, -185.09356725145662]
SPS=305
Eval at step 7990000, survival=15.840%, return=[-3.2120789732822836, 718.9430067364374, -6.9988917193453135, -100.70175438596665]
SPS=303
Eval at step 8000000, survival=60.078%, return=[-12.079481044861799, 2734.5457115157405, -23.767715412315738, -364.3801169590516]
SPS=302
Eval at step 8010000, survival=37.492%, return=[-6.129008747734285, 1717.5419383668923, -7.938867017275091, -232.81286549707184]
SPS=300
Eval at step 8020000, survival=24.702%, return=[-4.180952671003372, 1156.224064885776, -5.805082038205001, -150.74853801169908]
SPS=299
Eval at step 8030000, survival=20.040%, return=[-3.7055344133016965, 927.9127567450192, -6.884367801310873, -121.28654970760152]
SPS=298
Eval at step 8040000, survival=11.719%, return=[-2.581458369269967, 540.2527226368586, -5.385651705764758, -70.78362573099533]
SPS=297
Eval at step 8050000, survival=33.842%, return=[-5.736516065720934, 1546.036901814139, -7.327948181758984, -207.46198830408915]
SPS=296
Eval at step 8060000, survival=14.125%, return=[-2.833529042681524, 662.5899663591393, -5.892450571011675, -83.57894736842267]
SPS=295
Eval at step 8070000, survival=17.179%, return=[-3.282872983002259, 794.8637340466186, -5.889708527291684, -106.1695906432767]
SPS=293
Eval at step 8080000, survival=20.639%, return=[-3.8972791601748518, 962.0999935102458, -10.590880139308865, -138.2690058479559]
SPS=293
Eval at step 8090000, survival=19.196%, return=[-3.384679424673474, 905.1224235089616, -5.770217104388091, -120.42105263158145]
SPS=291
Eval at step 8100000, survival=14.769%, return=[-2.83439182980995, 693.1292490434656, -5.499849523427353, -93.35087719298421]
SPS=291
Eval at step 8110000, survival=45.238%, return=[-7.281717369216494, 2071.717000835737, -7.058072317870028, -275.19883040935565]
SPS=289
Eval at step 8120000, survival=14.430%, return=[-2.97096947504906, 663.8911934614179, -5.728067747259047, -91.62573099415378]
SPS=288
Eval at step 8130000, survival=1.430%, return=[-1.1358175632970717, 70.11396924972534, -5.787818726152182, -11.0233918128655]
SPS=287
Eval at step 8140000, survival=20.577%, return=[-3.761549353657756, 951.4042402108508, -6.76393561042399, -120.73099415204938]
SPS=286
Eval at step 8150000, survival=11.405%, return=[-2.478833760076668, 535.9802289549519, -5.620832531751755, -67.07602339181423]
SPS=285
Eval at step 8160000, survival=27.753%, return=[-4.755200102362626, 1281.022846700352, -7.707081132699386, -170.60818713450655]
SPS=284
Eval at step 8170000, survival=31.535%, return=[-5.503979705603949, 1427.6547076718016, -7.09763915118189, -195.0877192982407]
SPS=283
Eval at step 8180000, survival=25.484%, return=[-4.378506702953018, 1181.736882264613, -6.398039178487427, -153.2397660818746]
SPS=282
Eval at step 8190000, survival=31.808%, return=[-5.517383492939795, 1438.701701768239, -8.536913259592742, -201.6432748537978]
SPS=281
Eval at step 8200000, survival=5.791%, return=[-1.6689334869734012, 279.7448695691425, -5.381598765030503, -36.21052631578964]
SPS=280
Eval at step 8210000, survival=7.044%, return=[-1.859318211732898, 334.56012166659036, -5.408512188732857, -40.71345029239828]
SPS=279
Eval at step 8220000, survival=16.138%, return=[-3.2860775269412748, 731.3535138066608, -6.814384967554058, -103.86549707602508]
SPS=279
Eval at step 8230000, survival=26.591%, return=[-4.2816851066115005, 1257.236737848918, -6.458859792988126, -163.88888888888854]
SPS=277
Eval at step 8240000, survival=38.087%, return=[-6.4975505545347305, 1755.9294180965455, -11.704087716915334, -237.29239766081264]
SPS=276
Eval at step 8250000, survival=13.418%, return=[-2.742083335198307, 626.5240690231326, -5.626689842940929, -82.30994152046911]
SPS=275
Eval at step 8260000, survival=17.336%, return=[-3.2897439804316186, 805.9309037844336, -5.799011979152662, -104.80116959064544]
SPS=275
Eval at step 8270000, survival=5.547%, return=[-1.6593885613256134, 267.45285216172533, -5.443018327777584, -32.345029239766404]
SPS=274
Eval at step 8280000, survival=19.701%, return=[-3.6372702383669093, 909.8376550674449, -5.909385664888153, -127.35672514620154]
SPS=273
Eval at step 8290000, survival=8.280%, return=[-2.0519127707617977, 390.07526153723416, -5.2682648518045125, -49.14035087719369]
SPS=272
Eval at step 8300000, survival=47.020%, return=[-7.244591489647671, 2150.3236875963185, -5.653545622655656, -287.25146198828986]
SPS=271
Eval at step 8310000, survival=41.282%, return=[-6.601150748125899, 1894.6671243524554, -7.9160447265700595, -265.30409356724425]
SPS=270
Eval at step 8320000, survival=26.881%, return=[-4.710662997909822, 1238.350101532935, -7.722529894924567, -166.19298245614394]
SPS=269
Eval at step 8330000, survival=13.112%, return=[-2.6629037314560264, 613.029056684176, -6.8188103260763455, -84.03508771929951]
SPS=268
Eval at step 8340000, survival=1.211%, return=[-1.1287009432756652, 58.10697619120279, -5.376702154288068, -8.321637426900587]
SPS=268
Eval at step 8350000, survival=38.765%, return=[-6.245139484895238, 1792.1964607302425, -7.309879183429682, -238.55555555555122]
SPS=266
Eval at step 8360000, survival=34.792%, return=[-5.8517503153222306, 1587.3294592444126, -6.465938956850247, -218.74853801169616]
SPS=266
Eval at step 8370000, survival=25.604%, return=[-4.359027129190508, 1194.023935567537, -6.0974747335039865, -158.89473684209895]
SPS=265
Eval at step 8380000, survival=32.903%, return=[-5.496965320994302, 1514.0377844142922, -7.174514326228139, -204.94152046784095]
SPS=264
Eval at step 8390000, survival=15.203%, return=[-2.9433819308954603, 709.5373603026072, -5.482173468422843, -93.40350877193134]
SPS=263
Eval at step 8400000, survival=17.791%, return=[-3.263341892627068, 831.5018811543788, -5.369397417486955, -111.84210526315655]
SPS=262
Eval at step 8410000, survival=17.531%, return=[-3.350402240990661, 812.0488725185392, -5.455965977174249, -108.16959064327676]
SPS=261
Eval at step 8420000, survival=15.600%, return=[-3.3707626564622237, 731.6330522314702, -10.35360117862001, -94.59064327485538]
SPS=261
Eval at step 8430000, survival=11.095%, return=[-2.478447111304073, 515.7003810564678, -5.931021754125443, -66.53801169590723]
SPS=260
Eval at step 8440000, survival=22.710%, return=[-3.9980851504951715, 1052.2785096995044, -6.121999385886132, -143.7543859649152]
SPS=259
Eval at step 8450000, survival=6.936%, return=[-1.8358763859141618, 331.21256494522066, -5.057485252153128, -42.88304093567285]
SPS=258
Eval at step 8460000, survival=23.723%, return=[-4.0924414071681285, 1106.197441438039, -5.9015926692645735, -144.53216374269311]
SPS=258
Eval at step 8470000, survival=9.908%, return=[-2.3023075035307556, 461.2341393057507, -6.530767142578649, -59.54385964912361]
SPS=257
Eval at step 8480000, survival=18.378%, return=[-3.376722946142157, 862.1854027334848, -5.9117881366595, -106.99415204678569]
SPS=256
Eval at step 8490000, survival=19.167%, return=[-3.467342479484311, 898.3011250885329, -7.074590486542244, -117.04678362573311]
SPS=255
Eval at step 8500000, survival=7.478%, return=[-2.0059165271619954, 344.6025468667347, -5.338964024655676, -47.71929824561454]
SPS=255
Eval at step 8510000, survival=9.706%, return=[-2.392240166120852, 434.8554377396902, -5.790513988070113, -68.16959064327591]
SPS=254
Eval at step 8520000, survival=25.893%, return=[-4.520510224916507, 1197.8511877091719, -5.606939830468036, -156.11695906433073]
SPS=254
Eval at step 8530000, survival=9.999%, return=[-2.2720916269463487, 468.27264282703374, -6.054939295398071, -62.000000000000654]
SPS=253
Eval at step 8540000, survival=10.512%, return=[-2.3911480450381837, 491.2176318804424, -5.299165590346092, -64.6900584795329]
SPS=252
Eval at step 8550000, survival=5.200%, return=[-2.0269596812625728, 242.85307243347185, -9.216740159492474, -31.853801169591005]
SPS=251
Eval at step 8560000, survival=15.092%, return=[-3.038026518324235, 692.1342053604118, -6.071408565505408, -96.27485380117143]
SPS=251
Eval at step 8570000, survival=12.694%, return=[-2.588629595004022, 596.2956261412295, -6.471140215445, -77.29239766081979]
SPS=250
Eval at step 8580000, survival=7.515%, return=[-1.9550658088604298, 355.9355961481733, -5.171485825014922, -44.2456140350882]
SPS=250
Eval at step 8590000, survival=27.575%, return=[-4.5946820465421, 1281.869711844127, -5.817486172146043, -173.4736842105301]
SPS=249
Eval at step 8600000, survival=43.357%, return=[-7.010922987091665, 1978.8562088569015, -6.741697155792887, -272.43859649121464]
SPS=248
Eval at step 8610000, survival=17.427%, return=[-3.338839403411839, 807.6740239143373, -5.65226677278406, -105.08187134503142]
SPS=247
Eval at step 8620000, survival=26.963%, return=[-4.596930993740291, 1249.4612956285448, -6.294473513662524, -167.8713450292363]
SPS=247
Eval at step 8630000, survival=27.418%, return=[-4.808298772763616, 1256.5252386490474, -6.996407195794745, -163.50292397660226]
SPS=246
Eval at step 8640000, survival=5.105%, return=[-1.5746007598354481, 248.81867376963297, -5.375086525455117, -32.461988304093744]
SPS=245
Eval at step 8650000, survival=21.569%, return=[-3.949209826377531, 990.1921964995066, -6.685689037219466, -133.07602339181452]
SPS=245
Eval at step 8660000, survival=3.241%, return=[-1.3422849774554682, 156.69013182322183, -5.047039873665199, -21.807017543859775]
SPS=244
Eval at step 8670000, survival=6.978%, return=[-1.86058292943441, 330.2464381694792, -5.180556411406239, -43.43859649122849]
SPS=244
Eval at step 8680000, survival=8.730%, return=[-2.1170877200590135, 407.8751294612883, -5.4317579801815254, -50.953216374269665]
SPS=243
Eval at step 8690000, survival=21.243%, return=[-3.734758444634887, 994.2545881509786, -5.67983023795144, -132.42105263158155]
SPS=242
Eval at step 8700000, survival=10.578%, return=[-2.4288112431143722, 488.45106918334983, -5.656096498666254, -66.53801169590723]
SPS=242
Eval at step 8710000, survival=24.103%, return=[-4.3140926763881, 1101.9561942895252, -5.745080430070327, -149.19298245613575]
SPS=241
Eval at step 8720000, survival=23.177%, return=[-4.0228590102051385, 1079.8949455817544, -5.432788732946695, -139.5789473684239]
SPS=241
Eval at step 8730000, survival=38.004%, return=[-6.1160345592458425, 1755.7956100813572, -5.977133620045303, -229.5146198830386]
SPS=240
Eval at step 8740000, survival=29.745%, return=[-5.055261052970309, 1368.091234099069, -6.301685117995173, -184.50877192982867]
SPS=239
Eval at step 8750000, survival=16.167%, return=[-3.0152062563380846, 766.4282342656447, -6.1983542601204435, -97.21637426900776]
SPS=238
Eval at step 8760000, survival=24.384%, return=[-4.287092844878013, 1128.5580155467962, -6.896934862500832, -145.6315789473636]
SPS=238
Eval at step 8770000, survival=18.729%, return=[-3.527864263334777, 866.0344560464227, -6.036205437078024, -116.46783625731206]
SPS=237
Eval at step 8780000, survival=18.845%, return=[-3.4524550173276416, 882.3533857186634, -5.453787093788075, -111.26900584795528]
SPS=237
Eval at step 8790000, survival=20.222%, return=[-3.662215591427715, 943.0236004670465, -5.232425252865748, -120.49707602339448]
SPS=236
Eval at step 8800000, survival=16.534%, return=[-3.202740839740727, 764.4628204043712, -6.496207183459774, -107.20467836257501]
SPS=235
Eval at step 8810000, survival=13.269%, return=[-2.813663241240041, 608.6156212711331, -5.758480022428557, -83.55555555555685]
SPS=235
Eval at step 8820000, survival=4.832%, return=[-1.5659937142627314, 231.87282028198248, -5.070109409629367, -30.257309941520703]
SPS=234
Eval at step 8830000, survival=13.566%, return=[-2.6304163634194992, 644.925175094605, -5.235702493092201, -86.0000000000016]
SPS=234
Eval at step 8840000, survival=28.997%, return=[-5.069359415463016, 1324.1051833709087, -7.0609481195666985, -175.62573099414746]
SPS=233
Eval at step 8850000, survival=14.786%, return=[-2.874596958029239, 698.0344642639164, -5.055210802122019, -88.0643274853815]
SPS=233
Eval at step 8860000, survival=11.144%, return=[-2.4350417292832085, 518.8311717351277, -5.5695225859526545, -70.67251461988394]
SPS=232
Eval at step 8870000, survival=44.535%, return=[-7.190605129367516, 2044.1417450269098, -6.481921953412287, -273.71345029238563]
SPS=231
Eval at step 8880000, survival=24.359%, return=[-4.221985945245251, 1132.608545401891, -6.12985630089194, -146.3918128655001]
SPS=231
Eval at step 8890000, survival=61.190%, return=[-9.140903121112691, 2802.013109076819, -8.304989174668057, -378.9707602339002]
SPS=230
Eval at step 8900000, survival=1.596%, return=[-1.1553197157918476, 79.97011698881784, -5.238215532774727, -10.239766081871343]
SPS=230
Eval at step 8910000, survival=12.252%, return=[-2.5880429580962905, 572.369129581451, -6.051796781675269, -75.3274853801179]
SPS=229
Eval at step 8920000, survival=17.481%, return=[-3.425368929184818, 806.7513433615368, -5.4030494468752295, -106.5321637426922]
SPS=229
Eval at step 8930000, survival=32.118%, return=[-5.344449102199481, 1487.400481847127, -6.722648670576746, -196.30409356725218]
SPS=228
Eval at step 8940000, survival=25.744%, return=[-4.505977519923666, 1184.19345644474, -6.97675000581027, -163.62573099415434]
SPS=227
Eval at step 8950000, survival=17.919%, return=[-3.4232475349951224, 822.2352383756644, -6.415695184366389, -116.18128654970981]
SPS=227
Eval at step 8960000, survival=18.502%, return=[-3.4416775546075464, 866.3406273555753, -5.677227939091002, -113.22222222222433]
SPS=226
Eval at step 8970000, survival=6.515%, return=[-1.830122143883879, 305.0122921148937, -5.435806987205676, -39.73684210526346]
SPS=226
Eval at step 8980000, survival=28.886%, return=[-5.000994465255644, 1326.200110478401, -6.378043321950827, -175.3508771929829]
SPS=225
Eval at step 8990000, survival=16.704%, return=[-3.2756078833481297, 772.2336461321512, -7.460679770524924, -96.23976608187327]
SPS=225
Eval at step 9000000, survival=19.949%, return=[-3.6883530042056614, 923.9211542797076, -5.579456403308238, -122.34502923976868]
SPS=224
Eval at step 9010000, survival=10.508%, return=[-2.396702273923438, 489.9805069923405, -5.43011440896953, -63.257309941521214]
SPS=224
Eval at step 9020000, survival=39.447%, return=[-6.209915037499741, 1840.769550212226, -5.978113221921376, -236.82456140350993]
SPS=223
Eval at step 9030000, survival=24.264%, return=[-4.357136911576769, 1112.298140128454, -6.235883803761681, -148.5906432748514]
SPS=223
Eval at step 9040000, survival=12.008%, return=[-2.5367781154927798, 568.2349585771559, -5.57672200720602, -70.06432748538107]
SPS=222
Eval at step 9050000, survival=12.773%, return=[-2.682220346895823, 598.8430533440908, -5.41817936891069, -78.01169590643423]
SPS=222
Eval at step 9060000, survival=11.661%, return=[-2.5362505186155127, 540.7255025418597, -6.063049302475217, -76.45614035087858]
SPS=221
Eval at step 9070000, survival=9.693%, return=[-2.319185223119954, 448.7034904702496, -5.854895560672351, -60.90058479532285]
SPS=221
Eval at step 9080000, survival=22.776%, return=[-4.035152488349316, 1057.994619285266, -6.013898690386365, -137.08771929824835]
SPS=220
Eval at step 9090000, survival=21.710%, return=[-3.8615850116087436, 1015.6396884139382, -6.7867076003361335, -132.34502923976888]
SPS=220
Eval at step 9100000, survival=30.051%, return=[-5.070853342360351, 1385.3742126385396, -6.050354688314353, -181.11111111110475]
SPS=219
Eval at step 9110000, survival=11.921%, return=[-2.5791308229672723, 555.6193269968031, -6.088758172323044, -72.48538011696009]
SPS=219
Eval at step 9120000, survival=10.272%, return=[-2.3133185826785243, 482.7232404104875, -5.456577044523631, -62.07017543859763]
SPS=219
Eval at step 9130000, survival=17.675%, return=[-3.41402794996975, 813.2364965915667, -5.449892618693411, -111.45029239766221]
SPS=218
Eval at step 9140000, survival=11.975%, return=[-2.5055491492385045, 562.8109299484887, -6.278041166719049, -74.38596491228206]
SPS=218
Eval at step 9150000, survival=17.349%, return=[-3.4081751368551827, 794.6116938193645, -5.633320402237587, -107.02923976608355]
SPS=217
Eval at step 9160000, survival=5.729%, return=[-1.7289750133253012, 269.71015043258666, -5.1451060258162515, -35.67251461988323]
SPS=217
Eval at step 9170000, survival=38.364%, return=[-6.0426780268899165, 1754.5063813575096, -5.5090561380420695, -244.06432748536324]
SPS=216
Eval at step 9180000, survival=21.854%, return=[-3.8848181301533864, 1020.8525307973227, -6.00783605655306, -132.36842105263423]
SPS=216
Eval at step 9190000, survival=31.072%, return=[-5.324191809127417, 1422.242434393562, -6.522674891205194, -197.2456140350814]
SPS=215
Eval at step 9200000, survival=5.729%, return=[-1.8105237885999184, 257.3687471866605, -5.260554202987502, -36.19883040935728]
SPS=215
Eval at step 9210000, survival=8.606%, return=[-2.1890270265478953, 391.11501075744644, -5.494018682899575, -57.982456140351815]
SPS=214
Eval at step 9220000, survival=4.514%, return=[-1.5472306290951867, 211.13796901226036, -5.932998652259509, -30.690058479532297]
SPS=214
Eval at step 9230000, survival=13.306%, return=[-2.703800418647006, 628.0190802812579, -5.32789121796668, -79.00584795321787]
SPS=214
Eval at step 9240000, survival=33.350%, return=[-5.545663937111385, 1541.0309879922859, -7.280936210224657, -201.7660818713421]
SPS=213
Eval at step 9250000, survival=32.403%, return=[-5.280357754071399, 1503.668703653019, -6.5726948229566915, -199.1228070175471]
SPS=213
Eval at step 9260000, survival=6.246%, return=[-1.7800225880928338, 295.57599716186525, -5.270491938805208, -37.46198830409395]
SPS=212
Eval at step 9270000, survival=41.489%, return=[-6.518034114211332, 1927.2574269994104, -6.156402867999229, -254.08771929824334]
SPS=212
Eval at step 9280000, survival=38.008%, return=[-6.100695501372684, 1761.1215330362286, -8.445103187278923, -234.46198830407968]
SPS=211
Eval at step 9290000, survival=12.827%, return=[-2.640651936720436, 600.859858050346, -6.322363616200164, -78.41520467836386]
SPS=211
Eval at step 9300000, survival=41.638%, return=[-6.495972310192883, 1928.7552810668974, -6.745462447802311, -266.02923976607605]
SPS=210
Eval at step 9310000, survival=37.727%, return=[-6.058191401263078, 1751.5097949266383, -6.103025953168981, -235.84210526315496]
SPS=210
Eval at step 9320000, survival=18.072%, return=[-3.3729162074741907, 844.5515992482497, -5.640373763395473, -113.3625730994147]
SPS=209
Eval at step 9330000, survival=4.964%, return=[-1.5522684935519162, 239.74128362337765, -5.034456282727963, -34.97076023391852]
SPS=209
Eval at step 9340000, survival=20.618%, return=[-3.8545087316694358, 943.4903078873954, -6.717548668083812, -132.70175438596775]
SPS=209
Eval at step 9350000, survival=15.476%, return=[-3.1814779939401583, 703.2913644631708, -6.618096642807359, -96.83040935672706]
SPS=208
Eval at step 9360000, survival=20.866%, return=[-3.773340323668284, 969.0960388580969, -6.413096359344006, -137.80116959064506]
SPS=208
Eval at step 9370000, survival=19.482%, return=[-3.474593320667433, 912.4858464479452, -6.139142108731903, -125.42105263158153]
SPS=207
Eval at step 9380000, survival=36.921%, return=[-5.89747710248533, 1675.6730176130975, -5.6818069464158425, -234.77777777776126]
SPS=207
Eval at step 9390000, survival=22.896%, return=[-4.197722735717737, 1037.8794418811792, -5.707232553903547, -153.45029239766026]
SPS=206
Eval at step 9400000, survival=25.628%, return=[-4.3212155720490655, 1195.380334687234, -6.083435390867332, -156.78362573099747]
SPS=206
Eval at step 9410000, survival=8.263%, return=[-2.0389685360132717, 391.2206538518269, -5.124743978366799, -48.69005847953269]
SPS=206
Eval at step 9420000, survival=31.903%, return=[-5.192523983831052, 1490.6547242864, -6.456639587976194, -191.04093567251198]
SPS=205
Eval at step 9430000, survival=18.469%, return=[-3.468344909682249, 851.9620217355091, -5.7282223471387015, -121.37426900585037]
SPS=205
Eval at step 9440000, survival=19.209%, return=[-3.603863971986963, 890.4851282382007, -6.907745307437533, -114.74853801169813]
SPS=205
Eval at step 9450000, survival=5.659%, return=[-1.6160685813908156, 277.96089020570133, -5.366966706545402, -36.95321637426908]
SPS=204
Eval at step 9460000, survival=29.109%, return=[-4.8765792732786695, 1350.373259110451, -6.3211444404817785, -185.03508771930237]
SPS=204
Eval at step 9470000, survival=31.333%, return=[-5.203479959901112, 1444.6467199484487, -5.682678336961544, -190.69590643275285]
SPS=203
Eval at step 9480000, survival=18.506%, return=[-3.4943875961665376, 855.7004810889554, -5.756794360398392, -118.67251461988558]
SPS=203
Eval at step 9490000, survival=42.101%, return=[-6.684523331699893, 1947.514545550348, -7.139266610329893, -257.8888888888816]
SPS=202
Eval at step 9500000, survival=24.049%, return=[-4.1200124841416255, 1131.87115803957, -7.1044028667477805, -143.8245614035114]
SPS=202
Eval at step 9510000, survival=34.974%, return=[-5.8137089993494255, 1614.0550228277843, -7.3284076083946275, -211.90058479532647]
SPS=202
Eval at step 9520000, survival=17.965%, return=[-3.23737983298876, 841.4055322806029, -5.6081363112607505, -114.97076023392049]
SPS=201
Eval at step 9530000, survival=20.143%, return=[-3.5818561018871455, 938.7929010820362, -5.875512399201398, -128.6783625731005]
SPS=201
Eval at step 9540000, survival=20.486%, return=[-3.6602655972819775, 962.1934919436759, -6.430191802578823, -121.64327485380359]
SPS=201
Eval at step 9550000, survival=11.248%, return=[-2.453493530706813, 528.5518045266472, -5.4667147511984995, -71.39181286549794]
SPS=200
Eval at step 9560000, survival=18.589%, return=[-3.4710906575007052, 861.7110879341775, -5.603829745619653, -115.53216374269232]
SPS=200
Eval at step 9570000, survival=13.885%, return=[-2.8190998916009753, 652.4166369199745, -6.7482033629203215, -83.50292397660975]
SPS=199
Eval at step 9580000, survival=21.102%, return=[-3.831358971229444, 978.0347362041466, -5.751556916045956, -130.0409356725172]
SPS=199
Eval at step 9590000, survival=17.411%, return=[-3.4440299891478694, 791.4391270319624, -5.783388005807258, -116.58479532163473]
SPS=199
Eval at step 9600000, survival=14.563%, return=[-2.7997311935178004, 688.7689913622544, -5.541442978486884, -94.80116959064486]
SPS=199
Eval at step 9610000, survival=11.132%, return=[-2.4401003417054503, 523.5301976362863, -5.160220897116233, -70.83040935672642]
SPS=198
Eval at step 9620000, survival=29.270%, return=[-5.03640359818625, 1348.5635137859992, -6.879869993785785, -185.09941520467638]
SPS=198
Eval at step 9630000, survival=10.516%, return=[-2.3611419457398974, 491.0674734481172, -7.035318046885853, -66.38596491228158]
SPS=197
Eval at step 9640000, survival=8.714%, return=[-2.1025516762165353, 413.7124844630557, -5.705331128110022, -53.3274853801175]
SPS=197
Eval at step 9650000, survival=10.470%, return=[-2.337361141204989, 494.65180704832056, -6.380725455664408, -65.67251461988431]
SPS=197
Eval at step 9660000, survival=13.674%, return=[-2.7422771808342077, 646.3828491846726, -5.525137331220321, -83.83040935672675]
SPS=197
Eval at step 9670000, survival=22.921%, return=[-4.007741991663352, 1072.7951506455745, -5.6494847543071955, -137.1754385964925]
SPS=196
Eval at step 9680000, survival=34.408%, return=[-5.752913068572525, 1591.7509263738004, -6.217661908113466, -210.6315789473641]
SPS=196
Eval at step 9690000, survival=4.324%, return=[-1.5895367498742417, 197.31125270207704, -6.628771110922874, -29.830409356725454]
SPS=195
Eval at step 9700000, survival=14.778%, return=[-2.972047264377276, 687.9526937484753, -5.968351516208107, -88.1812865497093]
SPS=195
Eval at step 9710000, survival=33.189%, return=[-5.281432780320756, 1565.189338447258, -6.89137278407846, -201.181286549697]
SPS=195
Eval at step 9720000, survival=10.623%, return=[-2.3311352168287462, 502.8615990479787, -6.015882312358978, -62.175438596491915]
SPS=195
Eval at step 9730000, survival=36.628%, return=[-6.028722765545051, 1692.7323525587715, -7.041781668964783, -223.30994152045787]
SPS=194
Eval at step 9740000, survival=25.327%, return=[-4.505117595059953, 1163.0710537433642, -6.268583318887977, -160.7134502923889]
SPS=194
Eval at step 9750000, survival=10.346%, return=[-2.34255418231866, 483.85033683379487, -5.6740390582902664, -66.64912280701881]
SPS=193
Eval at step 9760000, survival=12.240%, return=[-2.6500719178390377, 565.196039028168, -5.513966708824834, -75.30994152046877]
SPS=193
Eval at step 9770000, survival=21.404%, return=[-3.8862853889586404, 989.5860129356415, -5.844428184946689, -130.52631578946986]
SPS=193
Eval at step 9780000, survival=7.395%, return=[-1.8925345514241296, 353.1327413558959, -5.148545265537298, -46.707602339181754]
SPS=193
Eval at step 9790000, survival=23.495%, return=[-4.139797965995967, 1090.3869459374757, -7.3583073253106095, -142.97076023392103]
SPS=192
Eval at step 9800000, survival=38.806%, return=[-6.270286286967651, 1788.4392938391384, -8.06532174612615, -248.6491228070096]
SPS=192
Eval at step 9810000, survival=12.368%, return=[-2.5692990966296443, 587.0406388759619, -5.151993648304294, -75.46783625731113]
SPS=192
Eval at step 9820000, survival=58.515%, return=[-8.940470061284335, 2704.94783893426, -8.355089163614744, -376.03508771928574]
SPS=191
Eval at step 9830000, survival=21.090%, return=[-3.7831343489621454, 983.5311506096517, -6.628674736634518, -126.52631578947619]
SPS=191
Eval at step 9840000, survival=9.313%, return=[-2.173860155084791, 435.9442525657016, -6.2440519787954445, -60.6315789473693]
SPS=191
Eval at step 9850000, survival=3.547%, return=[-1.3486373564228415, 174.36031076113383, -5.026906828085582, -24.105263157894754]
SPS=190
Eval at step 9860000, survival=33.800%, return=[-5.868007514392957, 1565.7920164918905, -10.293115926731844, -212.2163742689936]
SPS=190
Eval at step 9870000, survival=5.427%, return=[-1.6949594000858876, 254.84128005663527, -6.0983846734743565, -31.292397660819137]
SPS=190
Eval at step 9880000, survival=38.091%, return=[-6.205730927060358, 1762.995226076444, -6.581136761801948, -239.59649122805953]
SPS=189
Eval at step 9890000, survival=14.215%, return=[-2.860847304788573, 663.6553515307114, -5.842272825364489, -88.62573099415373]
SPS=189
Eval at step 9900000, survival=19.796%, return=[-3.6972823065201132, 900.8693341255188, -6.009142745589391, -146.77777777777933]
SPS=189
Eval at step 9910000, survival=7.494%, return=[-1.9540423654252663, 349.66929893016817, -6.046330485056387, -53.22807017543909]
SPS=188
Eval at step 9920000, survival=46.887%, return=[-7.283217696259574, 2168.1802980740913, -7.120567823197537, -293.16374269005183]
SPS=188
Eval at step 9930000, survival=23.624%, return=[-4.132810485219427, 1103.0662599627187, -6.6604119395876, -142.1111111111143]
SPS=188
Eval at step 9940000, survival=34.073%, return=[-5.698066338334077, 1555.3395619169878, -8.010983974520059, -217.52046783624644]
SPS=187
Eval at step 9950000, survival=32.734%, return=[-5.416300910699647, 1517.1479496067266, -9.630655379568148, -203.98830409356617]
SPS=187
Eval at step 9960000, survival=23.338%, return=[-4.053821411158424, 1087.4498760779707, -5.741637528422871, -143.11695906433042]
SPS=187
Eval at step 9970000, survival=16.055%, return=[-3.0822925635729916, 750.3352143208182, -5.52743269438118, -101.39181286549865]
SPS=186
Eval at step 9980000, survival=26.509%, return=[-4.446315351175144, 1237.8833644231152, -5.968594362755539, -166.45029239766313]
SPS=186
Eval at step 9990000, survival=12.661%, return=[-2.5271601898712106, 605.475295241674, -5.1717569757408155, -79.07017543859766]
SPS=186
Eval at step 10000000, survival=26.133%, return=[-4.49457744161676, 1212.6452312628433, -5.958562341877648, -162.3391812865531]
SPS=186
Eval at step 10010000, survival=22.689%, return=[-4.019709783839062, 1055.0964885870628, -5.638240206210564, -141.57309941520285]
SPS=185
Eval at step 10020000, survival=12.364%, return=[-2.5726324286079034, 586.8341972827907, -5.293367500057987, -73.385964912282]
SPS=185
Eval at step 10030000, survival=30.849%, return=[-5.176634201721754, 1425.534294045766, -7.418621940066562, -194.06432748537506]
SPS=185
Eval at step 10040000, survival=13.728%, return=[-2.7873390361783095, 641.1900454791386, -5.682976276303331, -82.61403508772081]
SPS=185
Eval at step 10050000, survival=34.338%, return=[-5.806871438204932, 1570.8061153682083, -6.675033658364555, -221.46783625730322]
SPS=184
Eval at step 10060000, survival=23.260%, return=[-3.9064490860522105, 1091.6038474114741, -6.008303313195938, -149.67836257309474]
SPS=184
Eval at step 10070000, survival=24.839%, return=[-4.403761835574794, 1138.8891271702453, -6.353660444186971, -162.98830409357058]
SPS=184
Eval at step 10080000, survival=2.149%, return=[-1.2070135944522917, 106.02948650519056, -5.317374100287755, -14.25730994152047]
SPS=183
Eval at step 10090000, survival=20.312%, return=[-3.7598267088178545, 932.1263657728829, -5.832437143403998, -137.16959064327668]
SPS=183
Eval at step 10100000, survival=17.551%, return=[-3.16625707243414, 824.2975130160639, -5.340832555940627, -120.76023391813102]
SPS=183
Eval at step 10110000, survival=6.271%, return=[-1.7362500381035109, 300.19207871913926, -6.011751477917035, -41.04093567251487]
SPS=183
Eval at step 10120000, survival=25.037%, return=[-4.48970069179389, 1152.2564507230109, -6.898646883539641, -160.9298245614068]
SPS=182
Eval at step 10130000, survival=13.831%, return=[-2.8135028312681243, 646.0821546554563, -5.148486383317504, -87.15789473684383]
SPS=182
Eval at step 10140000, survival=41.146%, return=[-6.552239781730653, 1909.7114269574529, -7.927219854442228, -262.26900584795465]
SPS=182
Eval at step 10150000, survival=30.518%, return=[-4.959492546448018, 1429.0121966346105, -6.27834072078925, -192.16374269006215]
SPS=181
Eval at step 10160000, survival=30.051%, return=[-5.079403760299708, 1385.2422326326362, -5.882494272271288, -197.391812865501]
SPS=181
Eval at step 10170000, survival=29.716%, return=[-4.91625610938839, 1383.932397452986, -5.804886170430109, -188.2865497075969]
SPS=181
Eval at step 10180000, survival=19.556%, return=[-3.441706162508732, 908.4684401512148, -5.67932436549745, -130.41520467836503]
SPS=181
Eval at step 10190000, survival=23.500%, return=[-4.087353389593773, 1097.9915813922887, -5.553050102689061, -149.73099415204993]
SPS=180
Eval at step 10200000, survival=27.563%, return=[-4.619772027828731, 1289.5956897258748, -6.091489516610939, -176.23976608187095]
SPS=180
Eval at step 10210000, survival=6.978%, return=[-1.9566022029806238, 322.9795029242834, -5.422610873138183, -44.61988304093624]
SPS=180
Eval at step 10220000, survival=8.189%, return=[-2.017293988125554, 391.19831523577386, -6.7550279284478165, -49.80116959064364]
SPS=180
Eval at step 10230000, survival=43.155%, return=[-6.754301030382824, 2000.801813670793, -10.128230225748363, -274.3157894736729]
SPS=179
Eval at step 10240000, survival=3.468%, return=[-1.4006440231654171, 167.2524127642314, -5.3131823599493755, -22.888888888888953]
SPS=179
Eval at step 10250000, survival=34.553%, return=[-5.376869423664175, 1595.4436913919408, -4.461360938167975, -218.23976608185524]
SPS=179
Eval at step 10260000, survival=9.995%, return=[-2.2251931344120144, 470.86106310685483, -5.956314980615086, -65.87134502924064]
SPS=179
Eval at step 10270000, survival=25.463%, return=[-4.255433699601174, 1201.9966246827441, -6.079788546014849, -149.89473684210841]
SPS=178
Eval at step 10280000, survival=22.094%, return=[-4.013846828233606, 1019.9185500939675, -6.318826905024859, -141.4912280701759]
SPS=178
Eval at step 10290000, survival=26.414%, return=[-4.608750935702119, 1214.050087847709, -6.4677383327361895, -170.16374269006204]
SPS=178
Eval at step 10300000, survival=13.476%, return=[-2.9092815285548568, 611.8092700751622, -6.484044193518154, -89.42690058479701]
SPS=178
Eval at step 10310000, survival=28.183%, return=[-4.893544162332546, 1290.0097313404067, -6.032440657155045, -184.75438596490574]
SPS=177
Eval at step 10320000, survival=20.437%, return=[-3.794843489517613, 941.698325080872, -5.799566576739987, -132.94152046783884]
SPS=177
Eval at step 10330000, survival=30.936%, return=[-5.265157434992337, 1423.9857244714103, -7.123215400381014, -195.4970760233961]
SPS=177
Eval at step 10340000, survival=23.260%, return=[-3.9485076434599855, 1100.9026289653787, -5.584917051737041, -140.4619883040964]
SPS=176
Eval at step 10350000, survival=20.465%, return=[-3.6880151492659934, 955.5521008809407, -5.580388402343185, -128.72514619883307]
SPS=176
Eval at step 10360000, survival=21.677%, return=[-3.9148526550852694, 1000.6227856270475, -6.012241890343527, -141.78362573099471]
SPS=176
Eval at step 10370000, survival=8.457%, return=[-2.1140736078765863, 391.78775838216137, -5.333425602438183, -56.70175438596568]
SPS=176
Eval at step 10380000, survival=4.547%, return=[-1.5285505139424156, 219.04576196829487, -6.231342413074647, -29.000000000000043]
SPS=176
Eval at step 10390000, survival=35.317%, return=[-5.822826868349996, 1630.9633013153052, -6.355504620291565, -226.71345029239103]
SPS=175
Eval at step 10400000, survival=17.696%, return=[-3.325801919136817, 822.0095288817083, -6.12470866489457, -117.71929824561614]
SPS=175
Eval at step 10410000, survival=14.352%, return=[-2.910682460448394, 666.0618464787798, -5.395574042321338, -92.70760233918298]
SPS=175
Eval at step 10420000, survival=14.306%, return=[-2.8870281028794125, 673.3534452517817, -5.589260458451463, -87.07017543859797]
SPS=175
Eval at step 10430000, survival=8.652%, return=[-2.0699030696220384, 411.3778667291006, -5.3937257527917, -53.8128654970767]
SPS=174
Eval at step 10440000, survival=19.453%, return=[-3.5586257827235386, 908.8173911889398, -5.67607450067347, -123.94736842105492]
SPS=174
Eval at step 10450000, survival=29.315%, return=[-4.940282337716781, 1359.4098541291544, -6.467775326964329, -177.38596491227653]
SPS=174
Eval at step 10460000, survival=9.644%, return=[-2.274569130017577, 450.1009595108034, -5.47972209136545, -63.08771929824659]
SPS=174
Eval at step 10470000, survival=27.373%, return=[-4.761881104360024, 1262.3909208774573, -5.567968020778305, -176.5204678362583]
SPS=173
Eval at step 10480000, survival=17.605%, return=[-3.3738334702987536, 810.0874272330606, -5.95260059904346, -115.26315789473927]
SPS=173
Eval at step 10490000, survival=15.555%, return=[-3.1733425184696293, 704.6883623790744, -5.5845149394396385, -108.3216374269008]
SPS=173
Eval at step 10500000, survival=15.079%, return=[-2.8399130885178843, 715.2528013626734, -5.521394385965929, -92.99415204678517]
SPS=173
Eval at step 10510000, survival=35.061%, return=[-5.7044038265012205, 1625.1351606368999, -5.730192472188112, -224.22222222221842]
SPS=173
Eval at step 10520000, survival=17.039%, return=[-3.179784218101607, 804.1648009554534, -6.284645206600544, -102.43859649123003]
SPS=172
Eval at step 10530000, survival=19.308%, return=[-3.4692441191679486, 905.3649106661493, -5.520827926889372, -120.8128654970746]
SPS=172
Eval at step 10540000, survival=17.092%, return=[-3.123769431200344, 810.729851404826, -6.216726462172422, -103.87134502924164]
SPS=172
Eval at step 10550000, survival=38.335%, return=[-5.927591543334226, 1762.6927340809452, -5.2964236743500805, -244.60233918127025]
SPS=172
Eval at step 10560000, survival=22.524%, return=[-4.016753597107406, 1046.3878481229137, -5.697239668632392, -141.17543859649402]
SPS=171
Eval at step 10570000, survival=9.710%, return=[-2.2947871462480784, 448.8850978374483, -5.3295922603962635, -61.54970760233982]
SPS=171
Eval at step 10580000, survival=9.933%, return=[-2.2598037005518563, 468.2954777717591, -5.107261601602659, -56.64912280701839]
SPS=171
Eval at step 10590000, survival=29.650%, return=[-4.914532211492769, 1375.2253426965065, -6.74801952657693, -181.35087719298326]
SPS=171
Eval at step 10600000, survival=22.698%, return=[-4.258022347853209, 1020.5465196927395, -6.6940847071550325, -155.07017543859203]
SPS=171
Eval at step 10610000, survival=15.555%, return=[-3.014709184450718, 730.5843986829123, -5.31273637333167, -98.09941520468028]
SPS=170
Eval at step 10620000, survival=9.144%, return=[-2.2261492849405236, 424.6138079325356, -5.073254156139835, -56.34502923976684]
SPS=170
Eval at step 10630000, survival=25.062%, return=[-4.212920518339767, 1180.0648783842732, -6.169680492030845, -158.90058479532405]
SPS=170
Eval at step 10640000, survival=10.636%, return=[-2.3970827921681725, 498.78067285219845, -5.474044557796636, -62.2222222222232]
SPS=170
Eval at step 10650000, survival=10.078%, return=[-2.266010291137112, 475.88512873967437, -5.610499497580652, -61.81871345029327]
SPS=170
Eval at step 10660000, survival=23.533%, return=[-4.178183230978902, 1086.506307776768, -6.173328787668045, -154.37426900584788]
SPS=169
Eval at step 10670000, survival=16.262%, return=[-3.124532230120773, 757.4847408692035, -6.129203582861616, -98.83625730994326]
SPS=169
Eval at step 10680000, survival=6.378%, return=[-1.7091666519797097, 309.8078954378766, -5.125904926409324, -36.309941520468016]
SPS=169
Eval at step 10690000, survival=5.870%, return=[-1.7375167213807192, 276.31041070143385, -6.968347011085522, -36.076023391813344]
SPS=169
Eval at step 10700000, survival=17.307%, return=[-3.322604589688126, 800.9353615792584, -5.839699683730335, -112.16374269006049]
SPS=169
Eval at step 10710000, survival=8.478%, return=[-2.1141550545968735, 396.13944447835337, -5.146795240188415, -53.61403508772015]
SPS=169
Eval at step 10720000, survival=7.130%, return=[-1.9125555054245826, 333.2415612220761, -5.243036064823779, -49.88304093567306]
SPS=168
Eval at step 10730000, survival=18.419%, return=[-3.3543218459623554, 860.9581807327272, -5.549767580310193, -121.81871345029474]
SPS=168
Eval at step 10740000, survival=18.151%, return=[-3.4185907551824735, 847.8634341239936, -5.354672532528639, -105.58479532163959]
SPS=168
Eval at step 10750000, survival=23.661%, return=[-4.133532053325325, 1097.106126809119, -6.075900282347599, -147.8654970760245]
SPS=168
Eval at step 10760000, survival=16.233%, return=[-3.1032131310979216, 766.7301894028996, -5.377644707654933, -96.18713450292559]
SPS=168
Eval at step 10770000, survival=34.106%, return=[-5.425455352388478, 1592.489955536528, -6.203440974645976, -222.6842105263141]
SPS=167
Eval at step 10780000, survival=11.359%, return=[-2.4389143628650345, 530.6511938730875, -5.7889086636520615, -74.6842105263171]
SPS=167
Eval at step 10790000, survival=19.399%, return=[-3.6127061378598833, 900.0852351188672, -6.095714595775159, -122.91812865497327]
SPS=167
Eval at step 10800000, survival=3.741%, return=[-1.4133255140817103, 182.69477202097573, -5.019268928095698, -22.66666666666679]
SPS=167
Eval at step 10810000, survival=11.442%, return=[-2.4971356208940656, 537.3404375267031, -5.984075902223897, -67.19298245614131]
SPS=167
Eval at step 10820000, survival=25.984%, return=[-4.573626813866819, 1189.0881009197276, -6.228811686635406, -173.63742690058075]
SPS=166
Eval at step 10830000, survival=18.295%, return=[-3.5030919781226353, 838.4447371133175, -7.378668670018669, -120.95906432748768]
SPS=166
Eval at step 10840000, survival=50.632%, return=[-7.794631154839105, 2350.552037674583, -7.279797280828158, -316.9707602339111]
SPS=166
Eval at step 10850000, survival=14.827%, return=[-2.96857995489457, 686.8641046953198, -5.887353603999752, -98.80701754386116]
SPS=166
Eval at step 10860000, survival=2.497%, return=[-1.2410313242774766, 124.18346882661184, -5.382046596457561, -16.239766081871327]
SPS=166
Eval at step 10870000, survival=24.529%, return=[-4.187882559335169, 1152.5064496994019, -5.816182461666965, -153.52046783626042]
SPS=165
Eval at step 10880000, survival=3.480%, return=[-1.3770082399326686, 170.1566589037577, -5.118007739384969, -24.128654970760206]
SPS=165
Eval at step 10890000, survival=29.704%, return=[-4.723251624886568, 1404.9820469888048, -5.771161045927632, -193.3742690058522]
SPS=165
Eval at step 10900000, survival=24.611%, return=[-4.266748303469892, 1143.809579192796, -6.799008506874088, -158.81871345029575]
SPS=165
Eval at step 10910000, survival=49.537%, return=[-7.591479695499099, 2299.635526374182, -6.609094739134889, -322.87719298244326]
SPS=165
Eval at step 10920000, survival=22.545%, return=[-4.012555678239248, 1041.2570149215069, -6.185156294552144, -149.70760233918426]
SPS=164
Eval at step 10930000, survival=16.204%, return=[-3.0848301951773465, 755.411172409058, -5.769985524724082, -103.90058479532335]
SPS=164
Eval at step 10940000, survival=5.874%, return=[-1.6608424044097774, 285.5726419925689, -5.033957957290113, -35.61988304093577]
SPS=164
Eval at step 10950000, survival=12.603%, return=[-2.6080969672184438, 590.396625569662, -5.485390853020363, -83.61988304093701]
SPS=164
Eval at step 10960000, survival=51.269%, return=[-7.873192191317988, 2366.4170299402886, -6.213941335226991, -335.5555555555441]
SPS=164
Eval at step 10970000, survival=26.926%, return=[-4.614828592340928, 1249.3041736237217, -6.0763886229785085, -169.52046783625735]
SPS=163
Eval at step 10980000, survival=2.431%, return=[-1.259501566819381, 119.33462856610606, -5.900568085470392, -15.964912280701746]
SPS=163
Eval at step 10990000, survival=7.763%, return=[-2.0643230034426474, 355.31670197169024, -5.308247365891778, -52.3567251461997]
SPS=163
Eval at step 11000000, survival=19.630%, return=[-3.677007631107699, 900.8788981946303, -5.638803168364878, -131.33918128655196]
SPS=163
Eval at step 11010000, survival=19.217%, return=[-3.6521507776148305, 881.400851337115, -5.656677704886533, -131.43859649122902]
SPS=163
Eval at step 11020000, survival=11.640%, return=[-2.4576804661968104, 549.595673807462, -5.259069335937966, -76.35672514619982]
SPS=163
Eval at step 11030000, survival=45.395%, return=[-6.940118483927411, 2120.2586301406204, -5.8928869013228296, -285.5614035087668]
SPS=162
Eval at step 11040000, survival=17.047%, return=[-3.1485522839745195, 798.9625941912368, -5.321471461754602, -107.70760233918095]
SPS=162
Eval at step 11050000, survival=40.608%, return=[-6.424516857310664, 1884.7973276805894, -6.073503596865824, -254.53801169589806]
SPS=162
Eval at step 11060000, survival=30.390%, return=[-5.0416695432116585, 1416.543870857554, -6.3867787232835935, -192.83625730993563]
SPS=162
Eval at step 11070000, survival=28.323%, return=[-4.599619653949048, 1329.3375602722151, -5.992407722049393, -182.9356725146238]
SPS=162
Eval at step 11080000, survival=14.881%, return=[-2.9859496215552404, 688.2078868865959, -5.418652169484024, -97.43859649122969]
SPS=161
Eval at step 11090000, survival=53.088%, return=[-8.015558637329377, 2438.1923052501734, -5.01870128971738, -338.65497076022115]
SPS=161
Eval at step 11100000, survival=18.800%, return=[-3.4314200171114257, 880.8181447728481, -6.0648976184505345, -118.1988304093589]
SPS=161
Eval at step 11110000, survival=5.837%, return=[-1.6868958207584608, 279.3241203308107, -5.1298680691979825, -38.701754385965266]
SPS=161
Eval at step 11120000, survival=26.554%, return=[-4.4229914357226034, 1245.842027433713, -5.966531693789875, -167.5321637426907]
SPS=161
Eval at step 11130000, survival=21.023%, return=[-3.896497468522284, 962.2484433205915, -6.002734523829152, -141.05263157894765]
SPS=160
Eval at step 11140000, survival=38.938%, return=[-6.1157355108686415, 1813.018809326495, -5.848036687534962, -252.6315789473534]
SPS=160
Eval at step 11150000, survival=34.759%, return=[-5.650422117595251, 1608.488698120118, -6.543474628085581, -229.12280701754767]
SPS=160
Eval at step 11160000, survival=24.107%, return=[-4.165135959958813, 1128.5042417685188, -6.09958083993115, -152.0994152046815]
SPS=160
Eval at step 11170000, survival=4.088%, return=[-1.4411723190763344, 200.23832976023368, -5.117777447526653, -27.32163742690071]
SPS=160
Eval at step 11180000, survival=28.410%, return=[-4.85633111357068, 1310.6732188781077, -5.785502135501399, -178.67251461987553]
SPS=160
Eval at step 11190000, survival=16.712%, return=[-3.0703496436084, 781.3207333246861, -5.536298402100026, -109.09941520467784]
SPS=159
Eval at step 11200000, survival=8.201%, return=[-2.0981057400737577, 374.97247384389203, -5.5233319899998605, -58.485380116959725]
SPS=159
Eval at step 11210000, survival=2.691%, return=[-1.3130778828053735, 130.6693557898204, -5.224304368874679, -16.964912280701753]
SPS=159
Eval at step 11220000, survival=19.606%, return=[-3.459659278043546, 920.7829767560961, -6.755515158254032, -126.70760233918362]
SPS=159
Eval at step 11230000, survival=17.270%, return=[-3.1520785525984443, 813.1648215134932, -5.394598247269944, -113.52046783625933]
SPS=159
Eval at step 11240000, survival=8.197%, return=[-2.026889282744378, 384.48933655738807, -5.3436838657454855, -53.54385964912357]
SPS=159
Eval at step 11250000, survival=14.315%, return=[-2.8862995891443766, 664.8628471374508, -5.562585665087681, -96.19883040935859]
SPS=159
Eval at step 11260000, survival=16.270%, return=[-3.160831995308399, 753.5493220011384, -5.845468657838258, -105.99415204678535]
SPS=158
Eval at step 11270000, survival=47.276%, return=[-7.219022964748244, 2196.790078500113, -6.482431386861815, -308.64912280700827]
SPS=158
Eval at step 11280000, survival=32.693%, return=[-5.394720429903828, 1506.0609763224875, -6.236262055025311, -213.32163742688502]
SPS=158
Eval at step 11290000, survival=43.667%, return=[-6.890429666304651, 2011.6868494828507, -6.517595380617422, -296.5438596491116]
SPS=158
Eval at step 11300000, survival=35.938%, return=[-5.874657407888056, 1649.4737663030664, -7.666831305063776, -242.71345029239274]
SPS=158
Eval at step 11310000, survival=26.410%, return=[-4.269775096036028, 1250.9132347265863, -5.4467199567394955, -167.98830409357083]
SPS=157
Eval at step 11320000, survival=11.963%, return=[-2.5975862669486864, 550.2836564938221, -5.742397425735059, -84.2865497076034]
SPS=157
Eval at step 11330000, survival=10.710%, return=[-2.440984250511974, 490.16563655535356, -5.383280153257753, -73.95906432748642]
SPS=157
Eval at step 11340000, survival=23.297%, return=[-3.9292743342618146, 1093.6249387661614, -5.451072480548949, -149.90643274854116]
SPS=157
Eval at step 11350000, survival=32.445%, return=[-5.428454781513817, 1491.5248289696383, -6.280010720598511, -222.08771929824616]
SPS=157
Eval at step 11360000, survival=11.243%, return=[-2.7170578413060866, 531.9058410612743, -9.580775184226999, -74.38596491228161]
SPS=157
Eval at step 11370000, survival=24.934%, return=[-4.291658231697511, 1155.8721702019366, -5.675755725930988, -158.450292397664]
SPS=156
Eval at step 11380000, survival=34.247%, return=[-5.525798255344853, 1585.9886661926885, -6.131756021117326, -225.28654970759774]
SPS=156
Eval at step 11390000, survival=26.521%, return=[-4.419672739983071, 1240.7423537333823, -6.818349039298482, -170.6257309941557]
SPS=156
Eval at step 11400000, survival=28.910%, return=[-4.721944224011774, 1353.6396805318182, -6.294089802542658, -188.54385964911333]
SPS=156
Eval at step 11410000, survival=4.650%, return=[-1.5543904639780521, 218.8984798669816, -5.752918931112315, -33.409356725146495]
SPS=156
Eval at step 11420000, survival=16.576%, return=[-3.2124043572306014, 763.4156032880147, -6.011172641354885, -114.99415204678405]
SPS=156
Eval at step 11430000, survival=9.437%, return=[-2.2117277384580425, 438.3789325873058, -5.568119487395355, -66.06432748538087]
SPS=156
Eval at step 11440000, survival=25.066%, return=[-4.289867485446545, 1166.7500118811931, -6.739830645305726, -168.21637426900924]
SPS=155
Eval at step 11450000, survival=13.083%, return=[-2.7075673047220334, 599.3369020700458, -5.375751604364875, -94.24561403508947]
SPS=155
Eval at step 11460000, survival=18.986%, return=[-3.4479496278994097, 882.813794247308, -5.479936884114674, -133.37426900585044]
SPS=155
Eval at step 11470000, survival=7.891%, return=[-2.0385110322774076, 364.36974169413276, -5.430860980957125, -56.5438596491236]
SPS=155
Eval at step 11480000, survival=26.856%, return=[-4.644138561581106, 1229.392840743065, -6.18505572497088, -173.53216374268382]
SPS=155
Eval at step 11490000, survival=20.759%, return=[-3.6894372068927623, 971.1283723990119, -5.756460635583305, -130.32163742689877]
SPS=155
Eval at step 11500000, survival=23.413%, return=[-4.101989204044609, 1080.051181848844, -5.536399959266419, -155.32748538011677]
SPS=155
Eval at step 11510000, survival=14.947%, return=[-2.9390350870477655, 695.9387064488719, -6.37746200163383, -97.31578947368598]
SPS=154
Eval at step 11520000, survival=28.253%, return=[-4.667459685782281, 1309.335794041158, -7.276564912055619, -180.71345029238793]
SPS=154
Eval at step 11530000, survival=24.913%, return=[-4.330780420568772, 1147.0117935895926, -5.772323100934348, -173.9356725146196]
SPS=154
Eval at step 11540000, survival=40.083%, return=[-6.5117809229025925, 1824.7410733779273, -7.109949031679814, -275.64327485379636]
SPS=154
Eval at step 11550000, survival=22.772%, return=[-3.8722921497149705, 1073.3308385547014, -6.721809772619356, -150.12865497076328]
SPS=154
Eval at step 11560000, survival=43.051%, return=[-6.76187691121595, 1980.7920217434596, -7.207134526518833, -297.5029239765959]
SPS=154
Eval at step 11570000, survival=28.687%, return=[-4.74538307885329, 1335.7573647896427, -7.909413754344617, -190.72514619883455]
SPS=153
Eval at step 11580000, survival=15.257%, return=[-2.899535219941754, 718.2116630601887, -6.826090732461428, -99.38596491228247]
SPS=153
Eval at step 11590000, survival=14.083%, return=[-2.7168300639411123, 665.9884181181595, -5.448303082647423, -91.35672514620052]
SPS=153
Eval at step 11600000, survival=75.289%, return=[-11.137168764932236, 3421.749829716687, -6.443389593492611, -519.8654970759948]
SPS=153
Eval at step 11610000, survival=31.572%, return=[-5.21472233341774, 1455.6915865103394, -5.475892584542938, -211.87134502923323]
SPS=153
Eval at step 11620000, survival=14.199%, return=[-2.8162742008183463, 663.1465436172494, -5.68569668494456, -94.60233918128809]
SPS=153
Eval at step 11630000, survival=49.950%, return=[-7.368592039429738, 2306.4578361749714, -4.707897973702832, -336.22807017542635]
SPS=152
Eval at step 11640000, survival=21.610%, return=[-3.6555108420822457, 1020.7153679370889, -5.3462379474270465, -145.71345029239947]
SPS=152
Eval at step 11650000, survival=45.945%, return=[-7.005957336165011, 2097.532118363379, -5.752672005416874, -319.84210526314354]
SPS=152
Eval at step 11660000, survival=49.963%, return=[-7.873643537420624, 2280.0039058113125, -7.430450321103005, -355.122807017533]
SPS=152
Eval at step 11670000, survival=8.346%, return=[-1.976210537191946, 397.4575380007428, -5.656479233798261, -56.473684210526926]
SPS=152
Eval at step 11680000, survival=20.122%, return=[-3.52332623374726, 938.5010281594597, -5.979026706132572, -138.23391812865717]
SPS=152
Eval at step 11690000, survival=11.462%, return=[-2.4309808875938566, 539.052355337143, -5.2925909716577735, -75.33918128655064]
SPS=151
Eval at step 11700000, survival=6.279%, return=[-1.721741200153095, 300.12703926563285, -5.386188731645234, -43.46198830409398]
SPS=151
Eval at step 11710000, survival=13.364%, return=[-2.758596996543929, 618.1606895128886, -5.419435514214759, -88.75438596491354]
SPS=151
Eval at step 11720000, survival=17.923%, return=[-3.36431391632262, 833.9146572430938, -5.592823229865947, -120.04678362573081]
SPS=151
Eval at step 11730000, survival=22.541%, return=[-3.949802569618138, 1048.6702048778536, -5.631043037360844, -148.6666666666645]
SPS=151
Eval at step 11740000, survival=3.840%, return=[-1.4082936613704078, 188.6113446776072, -5.981810436972107, -25.678362573099403]
SPS=151
Eval at step 11750000, survival=33.371%, return=[-5.456373130592207, 1547.1635952075349, -5.698385991340426, -216.83040935671713]
SPS=151
Eval at step 11760000, survival=16.299%, return=[-3.152710107213352, 755.9849764585497, -5.581275471430369, -107.9941520467853]
SPS=151
Eval at step 11770000, survival=25.203%, return=[-4.274964872999893, 1176.0213404893886, -5.435278863635176, -153.81871345029242]
SPS=150
Eval at step 11780000, survival=26.207%, return=[-4.394893428407765, 1221.7724996248878, -6.326423529651947, -172.93567251461738]
SPS=150
