/vol/bitbucket/ssl125/miniconda/envs/rl2grid/bin/python
Python 3.12.2
gpuvm36.doc.ic.ac.uk
/vol/bitbucket/ssl125/RL2Grid
Initializing the distributed action 'mapper'... (takes a while with big action spaces)
Eval at step 500, survival=7.589%, return=[-6.959733785673355, 2269.1082306416824, -8.73766885449489, -28.619883040935616]
SPS=3
Eval at step 1000, survival=16.526%, return=[-37.30810632207431, 13800.719677877425, -5.225188563888271, -412.1871345029294]
SPS=3
Eval at step 1500, survival=4.369%, return=[-3.880825812870171, 1545.2479423522948, -7.698383354892333, -2.134502923976608]
SPS=3
Eval at step 2000, survival=7.159%, return=[-4.1397219261659, 1474.3036435985562, -8.113469888766607, -1.5087719298245614]
SPS=3
Eval at step 2500, survival=8.329%, return=[-16.368477311062936, 5847.5371361525895, -9.936815141079327, -56.08187134502921]
SPS=3
Eval at step 3000, survival=10.243%, return=[-113.97610464992856, 41490.77352778754, -7.396387750399299, -2432.19298245615]
SPS=3
Eval at step 3500, survival=4.067%, return=[-3.9355990910359346, 1563.504738839469, -5.119568123074714, -16.561403508771935]
SPS=3
Eval at step 4000, survival=7.118%, return=[-8.823249144130386, 3661.7942880058304, -6.266974365338683, -10.181286549707616]
SPS=3
Eval at step 4500, survival=8.449%, return=[-12.340438058890868, 4791.692738183344, -5.721510388888419, -6.040935672514618]
SPS=3
Eval at step 5000, survival=10.003%, return=[-23.394549561159995, 9324.777266357736, -7.616004101873841, -34.89473684210527]
SPS=3
Eval at step 5500, survival=7.077%, return=[-4.014310799636102, 1369.9051507282263, -6.866228475545843, -1.3157894736842104]
SPS=3
Eval at step 6000, survival=6.395%, return=[-3.972192192430763, 1296.633560787837, -8.00421335051457, -1.3859649122807014]
SPS=3
Eval at step 6500, survival=7.048%, return=[-4.003788075991906, 1461.6508478053413, -7.603122904896736, -38.55555555555525]
SPS=3
Eval at step 7000, survival=9.668%, return=[-13.697117913611388, 5826.432284235952, -8.711882611115774, -255.4678362573119]
SPS=3
Eval at step 7500, survival=9.677%, return=[-12.716843562200665, 5047.305589465302, -8.639003864179054, -70.58479532163778]
SPS=3
Eval at step 8000, survival=7.238%, return=[-4.497529337493082, 1521.1516574422506, -9.03379075291256, -1.6900584795321638]
SPS=3
Eval at step 8500, survival=9.404%, return=[-5.499003676814027, 1994.0376340889925, -8.492856152355671, -1.4561403508771928]
SPS=3
Eval at step 9000, survival=7.201%, return=[-14.171596471239658, 4824.798223593238, -9.740339634784808, -377.836257309946]
SPS=3
Eval at step 9500, survival=8.143%, return=[-4.705079939992477, 1595.8825456333159, -7.928269971162081, -1.3859649122807014]
SPS=3
Eval at step 10000, survival=9.962%, return=[-5.680888561124448, 1963.365344870884, -7.088489011550943, -1.3157894736842104]
SPS=3
Eval at step 10500, survival=7.742%, return=[-3.921657948269664, 1335.0700923665368, -6.062266366556287, -1.239766081871345]
SPS=3
Eval at step 11000, survival=6.428%, return=[-3.6347328053282886, 1147.2796090730028, -7.04827066573004, -1.3157894736842104]
SPS=3
Eval at step 11500, survival=6.019%, return=[-4.4936041430337355, 1694.9294553105028, -9.024537657697996, -1.7192982456140349]
SPS=3
Eval at step 12000, survival=5.370%, return=[-3.3411272793309763, 1136.2989148696267, -8.34100886931022, -20.380116959064264]
SPS=3
Eval at step 12500, survival=9.073%, return=[-4.494886315544136, 1581.4427339776364, -6.66799960223337, -1.2339181286549707]
SPS=3
Eval at step 13000, survival=17.167%, return=[-48.99172051961068, 16114.39503797531, -21.586391150408115, -1323.2046783626035]
SPS=3
Eval at step 13500, survival=5.870%, return=[-3.856560788253167, 1420.9850514952334, -10.642727152444422, -1.6666666666666667]
SPS=3
Eval at step 14000, survival=8.358%, return=[-28.841698306515656, 12887.41157954534, -11.86641591383765, -358.86549707602467]
SPS=3
Eval at step 14500, survival=13.550%, return=[-6.87550616892986, 2554.021661225957, -7.528664226333301, -1.3859649122807018]
SPS=3
Eval at step 15000, survival=9.983%, return=[-6.07114548725076, 2184.3955304606766, -8.79982320452109, -12.777777777777802]
SPS=3
Eval at step 15500, survival=17.138%, return=[-8.53334826293091, 3348.4578289747224, -8.815686896443367, -9.707602339181305]
SPS=3
Eval at step 16000, survival=16.576%, return=[-26.21458158773991, 10578.830215295156, -6.407991109338279, -559.7368421052745]
SPS=3
Eval at step 16500, survival=7.647%, return=[-5.464537019201089, 1914.6936389764135, -7.660426291016241, -1.5438596491228072]
SPS=3
Eval at step 17000, survival=11.863%, return=[-6.386132938263472, 2301.409586556752, -6.574157036840916, -48.76023391812839]
SPS=3
Eval at step 17500, survival=18.589%, return=[-16.929405270066734, 7253.660821976661, -6.979608046511809, -84.54385964912285]
SPS=3
Eval at step 18000, survival=24.458%, return=[-12.715922984313996, 4969.623302284875, -5.269130313458542, -294.0877192982506]
SPS=3
Eval at step 18500, survival=10.036%, return=[-8.009527682850603, 3111.489851574899, -9.31130521123608, -1.526315789473684]
SPS=3
Eval at step 19000, survival=11.553%, return=[-8.270158538342608, 2636.2210326194777, -6.820898931090293, -114.38596491228215]
SPS=3
Eval at step 19500, survival=10.855%, return=[-17.197220272501, 6887.580366404852, -10.328942147859683, -1.695906432748538]
SPS=3
Eval at step 20000, survival=9.565%, return=[-5.570568692482387, 2128.8227563285836, -9.661237483844161, -2.8479532163742687]
SPS=3
Eval at step 20500, survival=19.482%, return=[-24.06327793143767, 9386.168848943713, -6.71950572108229, -400.0526315789512]
SPS=3
Eval at step 21000, survival=8.391%, return=[-52.64650860091206, 22877.98297071301, -277.4967773326789, -235.23391812865518]
SPS=3
Eval at step 21500, survival=7.023%, return=[-4.360794368859691, 1595.7611885213853, -9.619315506890416, -36.532163742689825]
SPS=3
Eval at step 22000, survival=8.875%, return=[-5.607703306130134, 2129.2689745012935, -8.36189757535855, -1.8128654970760234]
SPS=3
Eval at step 22500, survival=9.528%, return=[-11.654004148828486, 4936.700387489801, -9.266876102502769, -62.40350877192997]
SPS=3
Eval at step 23000, survival=4.208%, return=[-3.04179073049454, 980.0895221138002, -8.481560627619425, -1.5555555555555554]
SPS=3
Eval at step 23500, survival=5.283%, return=[-3.5826285630076504, 1214.4517245737716, -9.254925107272962, -1.526315789473684]
SPS=3
Eval at step 24000, survival=7.602%, return=[-4.163026243293037, 1363.5902306159335, -7.694200313960512, -1.3859649122807018]
SPS=3
Eval at step 24500, survival=9.582%, return=[-5.24066481506452, 1923.092555284502, -7.692532176772754, -2.4210526315789473]
SPS=3
Eval at step 25000, survival=10.673%, return=[-17.86440717642351, 7614.550762635863, -6.689475049963221, -30.292397660818683]
SPS=3
Eval at step 25500, survival=7.626%, return=[-3.996701539843343, 1436.5419924640662, -7.225082511082292, -20.333333333333183]
SPS=3
Eval at step 26000, survival=15.794%, return=[-10.387898056049986, 3924.8169300063455, -8.435695941870412, -1.760233918128655]
SPS=3
Eval at step 26500, survival=7.126%, return=[-4.777321182540618, 1783.3909789331756, -13.383004721874991, -2.2339181286549707]
SPS=3
Eval at step 27000, survival=5.895%, return=[-3.3692524649280435, 1142.115502683321, -7.5253812440981465, -1.5906432748538013]
SPS=3
Eval at step 27500, survival=16.299%, return=[-23.01873369695386, 9140.977524622276, -8.257945000194013, -242.63742690058658]
SPS=3
Eval at step 28000, survival=37.016%, return=[-14.844411030450525, 6117.701503655109, -5.382907997040699, -396.4795321637194]
SPS=3
Eval at step 28500, survival=7.829%, return=[-36.64318297553109, 14180.020357456202, -107.48491987436621, -571.9122807017519]
SPS=3
Eval at step 29000, survival=16.187%, return=[-26.013783806876745, 11460.20452036699, -7.215496771037579, -176.76023391813192]
SPS=3
Eval at step 29500, survival=10.698%, return=[-11.330704875853067, 4782.253058867454, -7.5733092445880175, -1.8128654970760234]
SPS=3
Eval at step 30000, survival=22.565%, return=[-18.827182258983765, 7801.236968046832, -8.003138833058378, -360.5497076023477]
SPS=3
Eval at step 30500, survival=8.602%, return=[-4.7184517487961175, 1613.576464045842, -7.072617382432024, -1.4093567251461987]
SPS=3
Eval at step 31000, survival=5.729%, return=[-3.6124423054085733, 1287.4699943510689, -9.26384199472765, -1.7953216374269008]
SPS=3
Eval at step 31500, survival=9.623%, return=[-15.291750211268663, 6110.611657997771, -7.025086289271712, -1.3216374269005848]
SPS=3
Eval at step 32000, survival=15.923%, return=[-31.043250294072397, 13418.4220577081, -5.48860605507313, -2.3391812865497075]
SPS=3
Eval at step 32500, survival=5.266%, return=[-3.3794708066852763, 1101.5163827292122, -7.784037532905738, -1.473684210526316]
SPS=3
Eval at step 33000, survival=7.717%, return=[-5.787788397807162, 2220.197173697154, -6.088637622694175, -1.5029239766081872]
SPS=3
Eval at step 33500, survival=6.370%, return=[-3.7925889407245754, 1319.9738145860022, -7.865758037815492, -1.5906432748538013]
SPS=3
Eval at step 34000, survival=8.242%, return=[-22.01247292836585, 10288.988542458215, -7.08215915163358, -2.222222222222223]
SPS=3
Eval at step 34500, survival=10.024%, return=[-13.15573028389675, 5658.4807685852, -5.177976833035548, -1.2514619883040936]
SPS=3
Eval at step 35000, survival=7.618%, return=[-28.004625466962654, 13205.316019080477, -6.036238363943994, -1.3508771929824561]
SPS=3
Eval at step 35500, survival=20.891%, return=[-231.42925517709227, 101215.99089132785, -8.736046859089887, -7.801169590643263]
SPS=3
Eval at step 36000, survival=11.967%, return=[-34.99818453693297, 14452.988965915034, -6.112158766326805, -1.3742690058479532]
SPS=3
Eval at step 36500, survival=10.388%, return=[-33.730278016941156, 15730.914528195062, -5.03517088391042, -1.0701754385964914]
SPS=3
Eval at step 37000, survival=11.450%, return=[-53.01951842258374, 24062.96192619641, -9.169951653108, -14.175438596491247]
SPS=3
Eval at step 37500, survival=11.177%, return=[-9.468150886144334, 3791.987917318342, -6.069527450017631, -1.2807017543859647]
SPS=3
Eval at step 38000, survival=17.894%, return=[-87.1985205807335, 35916.50934167547, -5.996978013441549, -1.6666666666666667]
SPS=3
Eval at step 38500, survival=17.828%, return=[-65.65732114692219, 26797.143962796512, -5.133427743282179, -13.894736842105246]
SPS=3
Eval at step 39000, survival=9.404%, return=[-38.971700039013136, 16655.438612381615, -5.183672827823709, -44.88304093567249]
SPS=3
Eval at step 39500, survival=17.026%, return=[-44.77609600369275, 18589.66945341429, -5.055720992007991, -1.3508771929824561]
SPS=3
Eval at step 40000, survival=22.615%, return=[-219.22062736332495, 86742.27150238366, -5.0357933233026415, -3.0]
SPS=3
Eval at step 40500, survival=18.349%, return=[-100.5673049990631, 40838.110878404004, -5.028719533972132, -1.0935672514619883]
SPS=3
Eval at step 41000, survival=29.158%, return=[-151.3979044535275, 61652.68121616038, -5.542689616791904, -675.3040935672585]
SPS=3
Eval at step 41500, survival=28.563%, return=[-148.74940476357006, 61334.330389722134, -5.0618928941742825, -1.1637426900584795]
SPS=3
Eval at step 42000, survival=30.229%, return=[-201.25009242701344, 79520.34216632845, -5.038151518519347, -1.0818713450292397]
SPS=3
Eval at step 42500, survival=10.677%, return=[-35.3672448747869, 15238.008499256764, -5.169132587422307, -58.105263157894456]
SPS=3
Eval at step 43000, survival=15.546%, return=[-21.36484003404621, 8175.857536598841, -8.962467932763198, -202.29824561403916]
SPS=3
Eval at step 43500, survival=8.796%, return=[-7.51953527405082, 3013.9123966375987, -5.026801352402496, -1.1403508771929824]
SPS=3
Eval at step 44000, survival=13.190%, return=[-65.03838976992604, 29259.723190609588, -5.762423062794066, -592.4327485380206]
SPS=3
Eval at step 44500, survival=16.580%, return=[-91.9848467723156, 41190.23019474984, -6.029591009622284, -1.362573099415205]
SPS=3
Eval at step 45000, survival=20.515%, return=[-130.4487866491351, 55577.78289631205, -7.698487033330214, -465.71929824560993]
SPS=3
Eval at step 45500, survival=8.829%, return=[-14.348426680119397, 5674.2156350612595, -5.080536399735138, -1.1988304093567252]
SPS=3
Eval at step 46000, survival=12.347%, return=[-91.80262079051074, 40345.047595914235, -5.028696490218863, -1.0584795321637428]
SPS=3
Eval at step 46500, survival=24.566%, return=[-264.6774784856437, 111129.11979458171, -7.170917702183942, -2475.6959064327993]
SPS=3
Eval at step 47000, survival=19.097%, return=[-104.7947760776345, 42097.98488162359, -5.070809220623535, -1.0584795321637428]
SPS=3
Eval at step 47500, survival=12.297%, return=[-35.23350118964057, 14316.278201770785, -5.019255085673649, -1.023391812865497]
SPS=3
Eval at step 48000, survival=20.908%, return=[-126.5172316438014, 54763.214700905526, -5.082343347739273, -1.0818713450292399]
SPS=3
Eval at step 48500, survival=36.450%, return=[-334.8186643298056, 138976.08738651284, -5.0617532158115255, -1.152046783625731]
SPS=3
Eval at step 49000, survival=20.701%, return=[-59.728576608855896, 23822.855794572843, -5.092523710879807, -1.1637426900584795]
SPS=3
Eval at step 49500, survival=36.161%, return=[-502.9480628790722, 203317.9989565376, -5.073470642479758, -1.0935672514619883]
SPS=3
Eval at step 50000, survival=17.105%, return=[-65.70698271618069, 26171.333189471577, -5.0709804193854024, -1.0935672514619883]
SPS=3
Eval at step 50500, survival=23.210%, return=[-173.24942044805115, 73595.98263327275, -5.049613953975495, -2.3216374269005846]
SPS=3
Eval at step 51000, survival=14.224%, return=[-87.72261339224254, 38757.816132752116, -6.2702341040130705, -92.4385964912279]
SPS=3
Eval at step 51500, survival=17.820%, return=[-55.848073191513926, 22486.19006032943, -6.047837009032567, -2.0877192982456143]
SPS=3
Eval at step 52000, survival=8.929%, return=[-12.587162117978247, 5404.113672780991, -5.0216633788465215, -1.7251461988304093]
SPS=3
Eval at step 52500, survival=47.243%, return=[-924.2127011441238, 376041.57832198153, -7.4584032142690075, -1307.0000000000116]
SPS=3
Eval at step 53000, survival=18.208%, return=[-182.92359795758966, 77303.10623127622, -5.099202030867066, -355.94152046783506]
SPS=3
Eval at step 53500, survival=36.355%, return=[-511.1137030173947, 206852.24447223326, -6.087751849360454, -1751.807017543879]
SPS=3
Eval at step 54000, survival=19.659%, return=[-48.177116812342625, 20575.355172618223, -6.1460821811536634, -33.23391812865491]
SPS=3
Eval at step 54500, survival=7.445%, return=[-14.792840193083975, 5873.613676659267, -5.017686257842191, -71.21052631578927]
SPS=3
Eval at step 55000, survival=6.419%, return=[-7.630626599032742, 3024.1748370170612, -5.027337100492635, -24.578947368421016]
SPS=3
Eval at step 55500, survival=22.747%, return=[-97.68011948615701, 39270.682221380855, -5.098803039688694, -886.6842105263336]
SPS=3
Eval at step 56000, survival=18.337%, return=[-139.3594102388597, 60143.09913139348, -5.034409762825817, -2.157894736842105]
SPS=3
Eval at step 56500, survival=14.720%, return=[-59.96865544786366, 25464.052306683865, -5.038661452786376, -165.15789473684293]
SPS=3
Eval at step 57000, survival=22.553%, return=[-98.09732932484864, 39546.606057968114, -5.357794761075638, -769.0233918128737]
SPS=3
Eval at step 57500, survival=27.311%, return=[-368.8477958576016, 147038.53479638742, -624.4104953132164, -4191.8070175439325]
SPS=3
Eval at step 58000, survival=14.786%, return=[-11.368030511812927, 4599.118831189473, -5.1354843515582616, -1.6900584795321638]
SPS=3
Eval at step 58500, survival=42.861%, return=[-223.88800537904413, 92006.4470567131, -9.813133682279537, -1599.2573099414892]
SPS=3
Eval at step 59000, survival=59.983%, return=[-239.90835041391742, 97348.43890060579, -78.61884613985119, -3664.280701754342]
SPS=3
Eval at step 59500, survival=54.898%, return=[-396.7045380643879, 163699.00386422462, -16.054685013679165, -7083.467836256895]
SPS=3
Eval at step 60000, survival=28.526%, return=[-477.39259540563216, 203963.96973385828, -5.866901360762616, -61.093567251462424]
SPS=3
Eval at step 60500, survival=30.258%, return=[-213.13132333947578, 89466.93382292431, -6.613912328961305, -123.76023391812829]
SPS=3
Eval at step 61000, survival=18.324%, return=[-41.438129171884306, 17922.94117583434, -6.00481694911529, -268.3918128655004]
SPS=3
Eval at step 61500, survival=25.132%, return=[-151.47005173135162, 62417.02641879723, -5.015124639491357, -2.8304093567251454]
SPS=3
Eval at step 62000, survival=33.767%, return=[-386.127034683576, 150078.22532253238, -5.19920967410629, -4745.105263157989]
SPS=3
Eval at step 62500, survival=27.803%, return=[-181.44351779593853, 70773.60770611763, -8.998926238583712, -1305.0643274853971]
SPS=3
Eval at step 63000, survival=12.322%, return=[-53.51119073210672, 23526.104782994586, -10.50292866040642, -254.04678362573017]
SPS=3
Eval at step 63500, survival=18.965%, return=[-65.26532748283353, 26416.912800928767, -187.19598554379385, -464.1111111111131]
SPS=3
Eval at step 64000, survival=23.305%, return=[-65.18788865057286, 26534.83870444933, -16.035346862704802, -402.6257309941578]
SPS=3
Eval at step 64500, survival=22.499%, return=[-140.2499860173557, 55878.61841897964, -8.843119495936358, -2152.701754386011]
SPS=3
Eval at step 65000, survival=12.302%, return=[-41.59300157132869, 16797.33925061225, -5.036521044608283, -351.15789473684254]
SPS=3
Eval at step 65500, survival=21.011%, return=[-346.62847819487797, 135385.89042968748, -148.68233280505714, -2579.538011695938]
SPS=3
Eval at step 66000, survival=40.637%, return=[-60.68764981016284, 26224.386315425258, -3.3980361385038123, -269.08771929821575]
SPS=3
Eval at step 66500, survival=39.852%, return=[-408.63200312664657, 166825.1743414083, -5.019594326607148, -1.239766081871345]
SPS=3
Eval at step 67000, survival=27.373%, return=[-148.8905623854565, 62559.23238651598, -6.056460391342019, -281.0233918128705]
SPS=3
Eval at step 67500, survival=12.562%, return=[-72.78822168773816, 27793.06305759437, -7.68735552400661, -16.824561403508735]
SPS=3
Eval at step 68000, survival=18.345%, return=[-157.49188710937355, 68668.45479722021, -7.539487423879716, -149.57309941520438]
SPS=3
Eval at step 68500, survival=42.353%, return=[-69.82470464791793, 27751.65335513752, -3.3721249764591144, -196.95906432745596]
SPS=3
Eval at step 69000, survival=10.012%, return=[-16.45854743993065, 7312.667084328332, -5.036531558260322, -1.1228070175438596]
SPS=3
Eval at step 69500, survival=23.107%, return=[-69.92735230008839, 30365.882797330214, -963.2291510954577, -176.04093567251508]
SPS=3
Eval at step 70000, survival=47.115%, return=[-108.09413088241126, 47743.604454634995, -823.1581361776529, -370.60233918126784]
SPS=3
Eval at step 70500, survival=14.745%, return=[-25.09139975391251, 10059.01855998039, -5.224835081142373, -16.169590643274883]
SPS=3
Eval at step 71000, survival=11.186%, return=[-26.425232253134407, 11597.645588242216, -1060.3389367992058, -350.35087719298707]
SPS=3
Eval at step 71500, survival=18.333%, return=[-64.59847196546616, 28352.462276490533, -243.57584887858442, -257.72514619883503]
SPS=3
Eval at step 72000, survival=32.097%, return=[-127.8061646389154, 52817.823059698625, -6914.956720715233, -1535.0350877193102]
SPS=3
Eval at step 72500, survival=12.335%, return=[-125.19863627001178, 50744.56288433712, -1799.3944862907908, -261.3742690058478]
SPS=3
Eval at step 73000, survival=26.273%, return=[-152.67510494424883, 63093.81150087513, -392.15308294063044, -423.4853801169631]
SPS=3
Eval at step 73500, survival=18.357%, return=[-94.65932905328616, 39955.756547385856, -66.68911940976977, -393.614035087726]
SPS=3
Eval at step 74000, survival=26.153%, return=[-269.28984843295376, 106254.92084049858, -55.691181572144465, -6.625730994152046]
SPS=3
Eval at step 74500, survival=17.894%, return=[-139.4416422023205, 57388.981835648134, -6.667717640909056, -1006.4795321637494]
SPS=3
Eval at step 75000, survival=17.626%, return=[-57.234074959201585, 20239.684675443856, -8987.195339836204, -2254.087719298268]
SPS=3
Eval at step 75500, survival=26.976%, return=[-204.66739751101704, 85421.95900341673, -9.84693297605069, -495.0584795321709]
SPS=3
Eval at step 76000, survival=12.388%, return=[-14.01409924934463, 5548.205172689755, -6.4128907780783875, -151.5204678362585]
SPS=3
Eval at step 76500, survival=15.939%, return=[-47.686967961063296, 18385.04850166639, -5.030032691856225, -946.3684210526513]
SPS=3
Eval at step 77000, survival=26.211%, return=[-120.02826889866265, 51126.910003534926, -6.109240969943737, -739.8947368421178]
SPS=3
Eval at step 77500, survival=17.080%, return=[-80.78309223688363, 31799.13270057041, -5.038942532846704, -650.2982456140434]
SPS=3
Eval at step 78000, survival=26.645%, return=[-119.34918505624712, 48668.55776864694, -383.389995894356, -55.210526315789345]
SPS=3
Eval at step 78500, survival=15.480%, return=[-130.7769466302901, 54818.87789037398, -30.065263684450958, -1628.6432748538207]
SPS=3
Eval at step 79000, survival=27.827%, return=[-181.0392399322785, 73050.16541473244, -316.83152171086596, -223.33918128655333]
SPS=3
Eval at step 79500, survival=46.743%, return=[-153.44886366281813, 63235.579584509505, -5551.709492101722, -5418.187134503043]
SPS=3
Eval at step 80000, survival=33.342%, return=[-117.29248817362047, 49005.66863443056, -16.728209657284122, -4894.005847953294]
SPS=3
Eval at step 80500, survival=39.633%, return=[-30.42176689201733, 13294.543377211892, -274.6883750427223, -395.30994152047737]
SPS=3
Eval at step 81000, survival=18.328%, return=[-61.58203737484291, 26726.180596383416, -5.023909527711415, -1.087719298245614]
SPS=3
Eval at step 81500, survival=17.117%, return=[-40.73430693582244, 16904.554043896987, -5.040543895583444, -254.74269005848373]
SPS=3
Eval at step 82000, survival=29.617%, return=[-614.2291498839622, 231654.81823874812, -386.3546353711815, -2254.783625730983]
SPS=3
Eval at step 82500, survival=10.875%, return=[-30.865061518833198, 14220.921385256452, -14.220644967009624, -72.5029239766083]
SPS=3
Eval at step 83000, survival=13.719%, return=[-135.67127776605776, 58057.82834641135, -1319.7313075186685, -857.4970760233919]
SPS=3
Eval at step 83500, survival=45.751%, return=[-522.1678703931005, 192226.74495321923, -217.0590636759298, -6028.111111111178]
SPS=3
Eval at step 84000, survival=20.226%, return=[-218.67483995783064, 90203.51849735553, -18329.373354110012, -5292.60233918135]
SPS=3
Eval at step 84500, survival=26.703%, return=[-72.40053736053717, 30976.630986266155, -362.9725675125471, -732.8187134502997]
SPS=3
Eval at step 85000, survival=7.358%, return=[-29.392689599733178, 12818.763903757732, -205.78439740336034, -133.88304093567228]
SPS=3
Eval at step 85500, survival=16.572%, return=[-54.77702425620131, 23081.544571118375, -68.57936051371507, -62.53216374268996]
SPS=3
Eval at step 86000, survival=20.767%, return=[-68.76846344148119, 25124.894511903138, -10.461447059332082, -667.3450292397805]
SPS=3
Eval at step 86500, survival=13.595%, return=[-55.469593773557186, 23916.177208704936, -15.59948504033188, -136.67251461988266]
SPS=3
Eval at step 87000, survival=21.007%, return=[-246.5144095099337, 99857.53801574396, -42.3781816517876, -175.66666666666572]
SPS=3
Eval at step 87500, survival=24.219%, return=[-209.7436845122526, 57434.00342824936, -2110.715854514623, -4812.959064327596]
SPS=3
Eval at step 88000, survival=9.594%, return=[-25.434928455681074, 10763.417132908497, -357.56546603981405, -73.81286549707615]
SPS=3
Eval at step 88500, survival=14.881%, return=[-68.48982332838932, 29077.692238871256, -5.016683247561256, -1.2631578947368423]
SPS=3
Eval at step 89000, survival=73.727%, return=[-1793.6013477500335, 729162.4745849756, -29.025373520416906, -61.099415204678394]
SPS=3
Eval at step 89500, survival=12.426%, return=[-27.45545986655634, 10912.845239648812, -201.41476808398147, -57.368421052631525]
SPS=3
Eval at step 90000, survival=41.179%, return=[-613.307729929705, 247124.04402064587, -112207.95849260525, -16217.058479532267]
SPS=3
Eval at step 90500, survival=18.208%, return=[-294.3238255681742, 114031.85155061122, -13.51000957483969, -940.7251461988341]
SPS=3
Eval at step 91000, survival=30.746%, return=[-212.0403186279194, 73149.59014650986, -18.779567138000857, -1810.4678362573425]
SPS=3
Eval at step 91500, survival=12.000%, return=[-28.162238398954894, 11874.227051957458, -5.703006676766866, -7.421052631578946]
SPS=3
Eval at step 92000, survival=8.449%, return=[-38.92898176348535, 15910.272136036569, -9.412355235253926, -658.2105263157936]
SPS=3
Eval at step 92500, survival=52.141%, return=[-727.4431816407983, 275838.14762798016, -54203.05833377811, -24208.29239766103]
SPS=3
Eval at step 93000, survival=17.121%, return=[-30.250312282063533, 12837.158026568095, -35.90222969913157, -22.807017543859644]
SPS=3
Eval at step 93500, survival=25.430%, return=[-284.7435995124979, 120466.25381574313, -468.4058198647496, -6755.479532163853]
SPS=3
Eval at step 94000, survival=18.667%, return=[-203.0357498777254, 81949.31776631686, -59.208875711337896, -3794.0760233918913]
SPS=3
Eval at step 94500, survival=14.306%, return=[-77.37885157368146, 32764.393398323034, -103.41202647546258, -604.6374269005896]
SPS=3
Eval at step 95000, survival=23.148%, return=[-171.34056598202247, 65551.01734108925, -44.43646056052239, -2845.7309941520875]
SPS=3
Eval at step 95500, survival=23.049%, return=[-718.2203265299322, 264752.8787890698, -155762.4636706452, -43863.56140350947]
SPS=3
Eval at step 96000, survival=47.135%, return=[-44.366702524828725, 18808.34743100803, -267.34748796677195, -315.5847953216012]
SPS=3
Eval at step 96500, survival=27.377%, return=[-375.9895894353588, 133304.56150651627, -231.48242800389804, -16653.222222222597]
SPS=3
Eval at step 97000, survival=7.560%, return=[-7.6255251923576, 3012.7888279438016, -196.7994128978656, -80.75438596491232]
SPS=3
Eval at step 97500, survival=21.883%, return=[-145.97353075438878, 59190.89503202739, -8.329106959621035, -1775.6549707602724]
SPS=3
Eval at step 98000, survival=8.197%, return=[-40.573961063132934, 16868.67753006617, -5.903516381164081, -666.3216374269041]
SPS=3
Eval at step 98500, survival=7.593%, return=[-28.658415532127645, 12315.8005313619, -25.117751093620125, -106.6140350877194]
SPS=3
Eval at step 99000, survival=9.921%, return=[-29.33287685853429, 12255.345578422546, -37.50761094708772, -305.1812865497089]
SPS=3
Eval at step 99500, survival=29.043%, return=[-404.1452534783166, 154963.358834521, -28.487772441051977, -2034.8187134503169]
SPS=3
Eval at step 100000, survival=16.667%, return=[-31.64488950998445, 12916.300410874685, -10.650185024249367, -264.8888888888928]
SPS=3
Eval at step 100500, survival=14.736%, return=[-31.404685125142958, 12704.73010587691, -5.150700274234016, -184.46783625731368]
SPS=3
Eval at step 101000, survival=10.809%, return=[-71.71885858301539, 28620.11486616767, -6.2068526172855245, -21.877192982456148]
SPS=3
Eval at step 101500, survival=23.070%, return=[-91.01622183692719, 34809.996854106554, -104.63776535407912, -2363.08187134504]
SPS=3
Eval at step 102000, survival=17.361%, return=[-123.67477979045361, 50129.5885979239, -5.778177518242349, -1276.5029239766297]
SPS=3
Eval at step 102500, survival=8.912%, return=[-25.531752117016975, 11125.489167165748, -658.9762167364825, -100.40935672514637]
SPS=3
Eval at step 103000, survival=22.090%, return=[-86.5853330414199, 35018.48296206793, -45.28612629083606, -794.3976608187214]
SPS=3
Eval at step 103500, survival=67.994%, return=[-431.9691088881421, 175122.0764101429, -105.1081163600126, -7124.046783625855]
SPS=3
Eval at step 104000, survival=8.234%, return=[-18.84530873656816, 7990.823903064726, -303.8069531574535, -41.1754385964913]
SPS=3
Eval at step 104500, survival=81.895%, return=[-774.9622600662793, 311947.38405099587, -127153.4129160553, -21404.888888889294]
SPS=3
Eval at step 105000, survival=78.241%, return=[-797.4549876778814, 300901.12847741, -107673.74632874799, -36226.77777777875]
SPS=3
Eval at step 105500, survival=17.117%, return=[-36.07602249435149, 14522.24236452421, -634.8136055948368, -155.15789473684188]
SPS=3
Eval at step 106000, survival=38.013%, return=[-155.08659598213853, 60240.59140225092, -83.17249973950675, -2303.3684210525576]
SPS=3
Eval at step 106500, survival=51.335%, return=[-235.14309429559702, 96152.16423867567, -3637.338213600325, -1368.2339181285863]
SPS=3
Eval at step 107000, survival=21.424%, return=[-111.34382130857557, 45005.2841310183, -36.97331413122205, -389.315789473686]
SPS=3
Eval at step 107500, survival=23.384%, return=[-83.93902170774527, 38303.85591760315, -7.616382769813451, -111.2514619883056]
SPS=3
Eval at step 108000, survival=14.711%, return=[-35.11096022016136, 13050.812302904129, -28.9941178317337, -765.5263157894884]
SPS=3
Eval at step 108500, survival=18.353%, return=[-93.7896017456466, 36280.64910060565, -19.82209096942097, -1649.789473684239]
SPS=3
Eval at step 109000, survival=21.933%, return=[-74.62844260764541, 29672.154661544108, -6.712852427406081, -1078.6140350877442]
SPS=3
Eval at step 109500, survival=35.594%, return=[-184.5128388502053, 78893.83067944214, -278.63673793378257, -2617.3040935673002]
SPS=3
Eval at step 110000, survival=26.926%, return=[-249.75348620357303, 98738.32930922188, -59.936344831893315, -6600.894736842224]
SPS=3
Eval at step 110500, survival=44.056%, return=[-247.5466917924738, 101459.51919708886, -203.43560509042194, -1449.754385964941]
SPS=3
Eval at step 111000, survival=8.809%, return=[-25.516641224889707, 10884.021834971114, -71.45847859070152, -93.7602339181284]
SPS=3
Eval at step 111500, survival=14.600%, return=[-91.77908150384125, 39366.04842293742, -146.66402661484426, -32.76023391812865]
SPS=3
Eval at step 112000, survival=29.423%, return=[-191.29290833075842, 77103.41756139754, -557.9761513032767, -3357.520467836313]
SPS=3
Eval at step 112500, survival=31.589%, return=[-422.86526674986817, 176769.12961377762, -185.32332071681353, -2167.239766081899]
SPS=3
Eval at step 113000, survival=17.125%, return=[-132.90937326132553, 56498.92759120308, -345.0943927613941, -551.7836257309931]
SPS=3
Eval at step 113500, survival=54.249%, return=[-120.82047082751524, 52148.25015259746, -4.6960224301243825, -545.345029239777]
SPS=3
Eval at step 114000, survival=30.171%, return=[-75.09885807187918, 30100.552663796745, -64.1575178859445, -739.7719298245771]
SPS=3
Eval at step 114500, survival=8.073%, return=[-31.609783146472182, 14377.38296153069, -44.33111396668634, -483.82456140350456]
SPS=3
Eval at step 115000, survival=5.820%, return=[-6.774130932928529, 2672.2819613107054, -120.71312669639399, -9.187134502923994]
SPS=3
Eval at step 115500, survival=50.062%, return=[-621.1953592170806, 245287.48020879106, -20875.196747727823, -2412.543859649132]
SPS=3
Eval at step 116000, survival=10.731%, return=[-62.319280437834095, 28485.292595815667, -69.99047050741501, -47.415204678362535]
SPS=3
Eval at step 116500, survival=14.149%, return=[-26.572468292297952, 11513.117755893074, -79.40735669046019, -194.561403508776]
SPS=3
Eval at step 117000, survival=40.906%, return=[-166.1011262530228, 70314.59064465515, -48.02645091491286, -764.2046783625829]
SPS=3
Eval at step 117500, survival=8.986%, return=[-35.645932753997236, 14819.42866669018, -49.6266685271039, -376.76608187134934]
SPS=3
Eval at step 118000, survival=9.970%, return=[-18.183877675813466, 7369.837100098927, -803.6005539665736, -107.29824561403483]
SPS=3
Eval at step 118500, survival=7.610%, return=[-28.318000418056425, 12747.068146155676, -172.97730842621363, -90.38011695906441]
SPS=3
Eval at step 119000, survival=38.852%, return=[-1617.0378417112515, 624079.6122415288, -308872.88877939555, -101350.6608187158]
SPS=3
Eval at step 119500, survival=18.328%, return=[-242.27418584704478, 101018.36019522662, -371.6495194649906, -536.2339181286528]
SPS=3
Eval at step 120000, survival=17.183%, return=[-17.276669976398505, 7688.925684086481, -8.074884901735155, -441.076023391816]
SPS=3
Eval at step 120500, survival=16.725%, return=[-111.05242984788492, 43430.57599739708, -7268.034737458569, -1969.111111111136]
SPS=3
Eval at step 121000, survival=52.451%, return=[-117.72773449959156, 51521.08191772141, -20.117741174433224, -1282.0818713450572]
SPS=3
Eval at step 121500, survival=19.246%, return=[-75.13387627571744, 30367.9429336405, -176.26177746901644, -264.6257309941523]
SPS=3
Eval at step 122000, survival=22.582%, return=[-182.1266924891194, 67653.63751745858, -10.393011152589073, -2148.473684210568]
SPS=3
Eval at step 122500, survival=35.607%, return=[-198.36291133932536, 87692.8414443175, -72.38383801754874, -946.1520467836427]
SPS=3
Eval at step 123000, survival=28.993%, return=[-293.175060600702, 118422.38603442507, -51.57303451097687, -835.789473684214]
SPS=3
Eval at step 123500, survival=10.185%, return=[-27.61831091728527, 11898.637233848573, -7.11951525695622, -8.824561403508772]
SPS=3
Eval at step 124000, survival=43.287%, return=[-540.5306140006093, 218893.00188337997, -52.79456925735576, -11600.292397661024]
SPS=3
Eval at step 124500, survival=29.043%, return=[-184.78670012884928, 76162.15318644041, -2019.5297954813213, -3099.812865497126]
SPS=3
Eval at step 125000, survival=10.627%, return=[-48.18976879044203, 20708.49768107731, -225.9386968066295, -343.1228070175437]
SPS=3
Eval at step 125500, survival=12.364%, return=[-37.2462992912624, 15995.735047655098, -67.37849456584081, -83.09941520467855]
SPS=3
Eval at step 126000, survival=14.220%, return=[-58.77765922519999, 24068.317893715703, -240.3113691015557, -347.9064327485428]
SPS=3
Eval at step 126500, survival=26.720%, return=[-146.96547992989267, 51768.89701694484, -1885.9350408374448, -4731.807017543913]
SPS=3
Eval at step 127000, survival=19.015%, return=[-56.295688490771376, 22666.8366377783, -58.464987974225856, -486.64327485381096]
SPS=3
Eval at step 127500, survival=34.615%, return=[-446.7610332510667, 152939.69026582417, -6028.660500849597, -11458.263157893887]
SPS=3
Eval at step 128000, survival=13.013%, return=[-30.43106948394173, 12401.602739191054, -12.889841804106254, -72.72514619882979]
SPS=3
Eval at step 128500, survival=20.573%, return=[-54.35869492019992, 21546.72222975095, -16.382371792317524, -630.5204678362622]
SPS=3
Eval at step 129000, survival=9.945%, return=[-16.103980185910284, 6523.111519629161, -32.349319816935655, -17.631578947368446]
SPS=3
Eval at step 129500, survival=26.641%, return=[-56.29083000156485, 24354.395170911142, -6.360753030778142, -217.22807017544278]
SPS=3
Eval at step 130000, survival=9.598%, return=[-31.42665229605821, 14161.499220148728, -10.809253273665187, -110.59649122807036]
SPS=3
Eval at step 130500, survival=7.610%, return=[-23.347575280388508, 10205.56352269173, -217.27165967278415, -122.25146198830396]
SPS=3
Eval at step 131000, survival=43.572%, return=[-289.38774126539164, 114963.10813626298, -11579.019367135692, -6738.467836257075]
SPS=3
Eval at step 131500, survival=55.985%, return=[-1457.9241572255075, 614829.4318168752, -14091.232891106367, -87564.21637426158]
SPS=3
Eval at step 132000, survival=7.626%, return=[-18.592278063219663, 7910.400515638986, -93.04968533728, -46.78947368421058]
SPS=3
Eval at step 132500, survival=14.773%, return=[-98.50699372513918, 43311.569583272976, -7204.819828962373, -1534.7251461988271]
SPS=3
Eval at step 133000, survival=10.264%, return=[-37.19241510849679, 15034.443246491772, -529.8847663235998, -364.8245614035111]
SPS=3
Eval at step 133500, survival=18.746%, return=[-34.38683922030032, 15030.460655498508, -7.795596613703917, -215.63742690058902]
SPS=3
Eval at step 134000, survival=55.721%, return=[-394.2801087727615, 151047.3848483022, -5129.537029173264, -13362.69590643295]
SPS=3
Eval at step 134500, survival=30.241%, return=[-144.04887163782647, 56655.75424505871, -109.51223034225404, -1745.5438596491592]
SPS=3
Eval at step 135000, survival=10.557%, return=[-37.39695938222576, 16651.851752958286, -9.763843824097421, -8.654970760233914]
SPS=3
Eval at step 135500, survival=15.377%, return=[-69.49038553395076, 28355.004281320576, -63.62687067563335, -164.5087719298243]
SPS=3
Eval at step 136000, survival=31.353%, return=[-177.1528144002465, 75483.38302037244, -1846.6245485537802, -5537.3801169590015]
SPS=3
Eval at step 136500, survival=37.376%, return=[-235.4453775216049, 92302.79957291926, -1567.8690540065388, -2716.5263157895342]
SPS=3
Eval at step 137000, survival=11.872%, return=[-34.08945369466286, 13231.166263596213, -20.8825575474184, -352.01169590643696]
SPS=3
Eval at step 137500, survival=46.404%, return=[-3360.319931098939, 1363289.6531953414, -253007.44930836218, -121964.07017544164]
SPS=3
Eval at step 138000, survival=26.215%, return=[-308.674366831178, 113085.61268898014, -1141.6480840729976, -6189.70175438611]
SPS=3
Eval at step 138500, survival=14.426%, return=[-52.88654759856096, 21417.08596083638, -1620.8654861215812, -844.6140350877172]
SPS=3
Eval at step 139000, survival=7.544%, return=[-14.331172860673783, 5936.411061846422, -1180.357402682382, -215.8538011695905]
SPS=3
Eval at step 139500, survival=39.757%, return=[-85.90115850775813, 35648.02675889011, -151.4385986914664, -1142.6549707602574]
SPS=3
Eval at step 140000, survival=18.754%, return=[-122.57839982411436, 48905.84863161887, -677.7527931537721, -753.456140350882]
SPS=3
Eval at step 140500, survival=9.561%, return=[-21.649654184409883, 8502.845451364514, -115.5611477502777, -112.859649122807]
SPS=3
Eval at step 141000, survival=17.287%, return=[-75.36764184670756, 32508.704481252018, -338.60462385218125, -315.0760233918127]
SPS=3
Eval at step 141500, survival=10.718%, return=[-38.69456940815629, 18014.67773809433, -168.87807920322908, -110.7719298245619]
SPS=3
Eval at step 142000, survival=14.265%, return=[-36.44796028050283, 14772.527147102353, -40.25958043305824, -43.929824561403564]
SPS=3
Eval at step 142500, survival=42.382%, return=[-102.91796129586874, 44936.35242374738, -538.6970459305061, -496.64912280702765]
SPS=3
Eval at step 143000, survival=15.840%, return=[-95.28609968483215, 38384.03453446707, -393.4305145787657, -23.19298245614036]
SPS=3
Eval at step 143500, survival=33.800%, return=[-179.55747438187245, 72247.28976057375, -494.96094672667095, -305.4678362573139]
SPS=3
Eval at step 144000, survival=48.305%, return=[-77.57555691498176, 32168.099235947957, -241.22690847473373, -206.46783625728722]
SPS=3
Eval at step 144500, survival=8.792%, return=[-8.789310854898455, 3529.1432090759276, -11.310094473859257, -1.5380116959064327]
SPS=3
Eval at step 145000, survival=12.314%, return=[-50.20318370822739, 21463.275984716445, -208.68431370028216, -28.818713450292233]
SPS=3
Eval at step 145500, survival=17.117%, return=[-25.521445065465134, 10378.311337423345, -33.27693880070001, -2.2222222222222228]
SPS=3
Eval at step 146000, survival=13.587%, return=[-13.967005756450817, 5819.051972103119, -24.138902600602403, -42.6900584795325]
SPS=3
Eval at step 146500, survival=26.674%, return=[-109.34425224652902, 46697.07199096683, -414.94657489540987, -465.33333333333843]
SPS=3
Eval at step 147000, survival=41.687%, return=[-272.0336407830473, 104493.26577917725, -1165.2101412325671, -903.6900584795494]
SPS=3
Eval at step 147500, survival=42.923%, return=[-374.9034214064789, 153305.24163272243, -1230.1560212267796, -3350.625730994074]
SPS=3
Eval at step 148000, survival=32.660%, return=[-91.99215425758545, 39544.59396584036, -147.9602685159965, -1289.1169590643578]
SPS=3
Eval at step 148500, survival=15.914%, return=[-22.61324235253657, 9708.405535685228, -248.00112504096856, -369.03508771930393]
SPS=3
Eval at step 149000, survival=12.380%, return=[-50.72652569587808, 21173.455297171276, -147.96273059640467, -26.350877192982455]
SPS=3
Eval at step 149500, survival=13.591%, return=[-29.38456108326015, 12202.024652681355, -11.916317378403619, -360.84795321637984]
SPS=3
Eval at step 150000, survival=42.489%, return=[-796.8916329534841, 293260.0878002832, -25002.919998436642, -15029.134502924333]
SPS=3
Eval at step 150500, survival=14.377%, return=[-70.81862159604982, 29347.197306159316, -1204.0932651886833, -90.9064327485382]
SPS=3
Eval at step 151000, survival=20.151%, return=[-83.50405047496315, 34262.92513718922, -195.02435083464175, -361.7309941520532]
SPS=3
Eval at step 151500, survival=42.340%, return=[-78.9577873532932, 32836.163133090326, -56.99197732789131, -433.8479532163767]
SPS=3
Eval at step 152000, survival=7.556%, return=[-25.287499444093555, 10594.996845366166, -881.8083007953634, -62.76608187134516]
SPS=3
Eval at step 152500, survival=42.369%, return=[-89.67498935351614, 37684.27040160502, -31.28819376703662, -2545.0116959064912]
SPS=3
Eval at step 153000, survival=18.911%, return=[-34.94443106591158, 14190.19856305122, -44.45887495041825, -375.2923976608262]
SPS=3
Eval at step 153500, survival=20.697%, return=[-156.60007183032576, 66721.77255638437, -883.8145814676149, -1324.7076023391842]
SPS=3
Eval at step 154000, survival=29.022%, return=[-112.14731403874855, 44943.0845275465, -306.9828134507795, -2862.497076023458]
SPS=3
Eval at step 154500, survival=67.146%, return=[-179.34437003250545, 75453.32242011707, -597.9503890117048, -1260.2514619883348]
SPS=3
Eval at step 155000, survival=20.292%, return=[-103.38953945677106, 44949.04464806241, -219.12315250341393, -108.45614035087696]
SPS=3
Eval at step 155500, survival=15.898%, return=[-90.02258407821257, 33958.36837771574, -3177.408269868931, -2578.2046783626283]
SPS=3
Eval at step 156000, survival=19.242%, return=[-168.7502217599152, 64451.1321762244, -879.6313308798271, -4973.766081871435]
SPS=3
Eval at step 156500, survival=59.069%, return=[-148.14412011937625, 65402.90878969827, -206.79908462176294, -834.3333333333226]
SPS=3
Eval at step 157000, survival=9.503%, return=[-19.999997501048103, 8867.625741291047, -137.20236430099854, -12.409356725146218]
SPS=3
Eval at step 157500, survival=11.901%, return=[-62.33895209423887, 28352.48610486508, -45.385535205399115, -153.78362573099386]
SPS=3
Eval at step 158000, survival=27.860%, return=[-128.56386343131695, 50436.03448775766, -76.58998095537875, -2681.1111111110977]
SPS=3
Eval at step 158500, survival=28.063%, return=[-185.37412824423518, 76871.58615495365, -573.0701503884023, -161.19298245614223]
SPS=3
Eval at step 159000, survival=23.900%, return=[-141.85009552132883, 54640.425142256434, -473.58740845808643, -1990.8304093567522]
SPS=3
Eval at step 159500, survival=46.883%, return=[-323.91257169493474, 136596.7153933874, -242.9642369550032, -108.50292397660986]
SPS=3
Eval at step 160000, survival=42.874%, return=[-594.0423591479388, 217674.45772037806, -624.4078389857132, -8518.210526315937]
SPS=3
Eval at step 160500, survival=27.782%, return=[-273.7421476252105, 97792.4055033397, -272.3754789950326, -4349.046783625826]
SPS=3
Eval at step 161000, survival=26.616%, return=[-317.0489142485506, 121403.9258187355, -7440.9582708206335, -938.0175438596516]
SPS=3
Eval at step 161500, survival=9.474%, return=[-43.308096421339236, 19575.093176310864, -45.81870744078575, -183.75438596491213]
SPS=3
Eval at step 162000, survival=56.680%, return=[-101.79155690676998, 40754.76799168588, -105.96400926054532, -2269.87134502919]
SPS=3
Eval at step 162500, survival=47.135%, return=[-118.55565969335537, 53002.07758310639, -352.2861517815036, -664.643274853821]
SPS=3
Eval at step 163000, survival=26.930%, return=[-166.0750414573704, 67187.48715653417, -501.91311929165386, -2468.970760233962]
SPS=3
Eval at step 163500, survival=31.436%, return=[-58.2346599411685, 25974.49757082298, -61.04487731398937, -1123.883040935699]
SPS=3
Eval at step 164000, survival=65.732%, return=[-167.70635916362517, 69442.12811098096, -280.41683746566315, -1922.9999999999964]
SPS=3
Eval at step 164500, survival=64.993%, return=[-207.95951359459045, 83501.39505838387, -601.4750409717672, -2838.228070175491]
SPS=3
Eval at step 165000, survival=15.914%, return=[-23.34874410975802, 9505.272962350864, -37.90312568734711, -2.608187134502924]
SPS=3
Eval at step 165500, survival=15.952%, return=[-243.50766209724438, 89735.90156403545, -1190.8159006238566, -2157.9707602339545]
SPS=3
Eval at step 166000, survival=52.220%, return=[-560.6221416860353, 227104.5774799094, -1594.2117751706392, -10115.941520467813]
SPS=3
Eval at step 166500, survival=33.784%, return=[-136.8613617802233, 58377.40472344393, -573.4429443658446, -48.87719298245614]
SPS=3
Eval at step 167000, survival=27.844%, return=[-177.8544098122123, 70890.5524087715, -1294.2076500092905, -581.2222222222332]
SPS=3
Eval at step 167500, survival=21.850%, return=[-68.27918342167202, 27192.271878945015, -80.84017112536822, -4.6081871345029235]
SPS=3
Eval at step 168000, survival=64.559%, return=[-332.15030504825216, 128983.94142656653, -1173.6183269011478, -6208.70760233931]
SPS=3
Eval at step 168500, survival=19.482%, return=[-67.18776006998571, 27177.978608678197, -1616.0335143297368, -111.86549707602354]
SPS=3
Eval at step 169000, survival=48.351%, return=[-124.96969400914774, 55209.420738611196, -87.53625265722319, -1734.8830409356779]
SPS=3
Eval at step 169500, survival=13.083%, return=[-45.586081637380026, 17822.96023961227, -1930.3243126418286, -533.900584795323]
SPS=3
Eval at step 170000, survival=22.086%, return=[-201.55391985967677, 80556.30102029182, -358.20855503364146, -1386.7953216374244]
SPS=3
Eval at step 170500, survival=23.094%, return=[-266.18987852695864, 108137.79793655075, -321.66184500029095, -4810.403508772003]
SPS=3
Eval at step 171000, survival=24.244%, return=[-159.48629257833818, 66182.27077296273, -2168.9576185988262, -1228.2514619883184]
SPS=3
Eval at step 171500, survival=29.142%, return=[-33.90822405036306, 14088.65159681639, -28.441232419611577, -589.9941520467332]
SPS=3
Eval at step 172000, survival=7.569%, return=[-13.271603637801794, 5640.907699419656, -62.53256688887874, -5.444444444444444]
SPS=3
Eval at step 172500, survival=30.291%, return=[-122.79763966011039, 44436.4521563752, -20.20708434295375, -3736.9883040933382]
SPS=3
Eval at step 173000, survival=19.097%, return=[-84.55855017345554, 34057.96213822841, -110.33569149605744, -1396.304093567276]
SPS=3
Eval at step 173500, survival=34.950%, return=[-298.52813439501915, 106971.11891377608, -1624.9772914937155, -8547.970760234104]
SPS=3
Eval at step 174000, survival=92.402%, return=[-779.3714019925295, 263561.1165037249, -9485.720074449375, -15972.520467836077]
SPS=3
Eval at step 174500, survival=52.377%, return=[-412.3182562434231, 172906.93350542392, -73.38113796105608, -9337.298245614198]
SPS=3
Eval at step 175000, survival=12.512%, return=[-137.12591105144625, 56733.92070976893, -3218.9320287529845, -3010.643274853801]
SPS=3
Eval at step 175500, survival=9.983%, return=[-16.279309970967006, 6535.533743553168, -298.2137947580583, -58.771929824561774]
SPS=3
Eval at step 176000, survival=19.060%, return=[-144.89223846738847, 61102.570030352246, -120.53399791809109, -2835.6959064327934]
SPS=3
Eval at step 176500, survival=10.065%, return=[-11.394491128759304, 4450.7296844291695, -6.84618109811466, -3.391812865497076]
SPS=3
Eval at step 177000, survival=11.471%, return=[-28.076346757123247, 11645.01058460553, -108.02406156514189, -261.6432748538021]
SPS=3
Eval at step 177500, survival=20.160%, return=[-170.73683897896748, 70724.54224288552, -122.64684713429597, -2155.076023391847]
SPS=3
Eval at step 178000, survival=12.628%, return=[-69.59354362867695, 28995.811549412403, -56.74676430425219, -173.47953216374242]
SPS=3
Eval at step 178500, survival=37.967%, return=[-917.8884496379566, 339635.98884982656, -9055.208950744738, -59115.00000000088]
SPS=3
Eval at step 179000, survival=16.658%, return=[-96.9984830133423, 39422.08987966537, -880.5146532800669, -1274.6549707602508]
SPS=3
Eval at step 179500, survival=8.776%, return=[-7.248049062870753, 2721.394618781409, -10.859689310891554, -1.4795321637426901]
SPS=3
Eval at step 180000, survival=37.603%, return=[-29.27978795322512, 11716.70127505302, -288.40537066361867, -289.22807017540663]
SPS=3
Eval at step 180500, survival=20.751%, return=[-55.30770131088017, 21818.912915078792, -34.490946534555405, -813.374269005862]
SPS=3
Eval at step 181000, survival=7.139%, return=[-20.72122182120802, 9767.174064292916, -34.09174854917607, -71.64912280701743]
SPS=3
Eval at step 181500, survival=14.844%, return=[-88.76725946944983, 34157.881045312846, -1290.226864580841, -1097.9707602339317]
SPS=3
Eval at step 182000, survival=47.627%, return=[-723.4779476546295, 271587.08310456236, -3087.8945802069306, -12679.7192982459]
SPS=3
Eval at step 182500, survival=34.974%, return=[-315.1731501436055, 113871.51050870882, -8311.318521256306, -10712.461988304107]
SPS=3
Eval at step 183000, survival=17.944%, return=[-57.22447566078821, 23727.333993241005, -325.603389114093, -702.2573099415296]
SPS=3
Eval at step 183500, survival=30.948%, return=[-207.08176214216897, 82795.58808500606, -652.2511396438967, -2921.128654970827]
SPS=3
Eval at step 184000, survival=17.179%, return=[-131.16695625979142, 36930.25892831482, -972.0563166827136, -324.22222222222314]
SPS=3
Eval at step 184500, survival=31.386%, return=[-197.50241654218794, 74566.8193719896, -635.7756630951384, -3631.5087719298886]
SPS=3
Eval at step 185000, survival=26.017%, return=[-76.91552251800506, 30300.47875613846, -172.47100368778533, -819.3508771929934]
SPS=3
Eval at step 185500, survival=8.788%, return=[-35.66064179184226, 15068.414638195032, -205.70309137979834, -871.6315789473747]
SPS=3
Eval at step 186000, survival=40.017%, return=[-458.48172353145975, 161752.4331794262, -3573.6795288808644, -6170.567251462075]
SPS=3
Eval at step 186500, survival=31.411%, return=[-215.42888677190058, 84061.58778074579, -1247.9007870668622, -3591.2280701755008]
SPS=3
Eval at step 187000, survival=26.711%, return=[-182.4611589339329, 73949.1346459039, -907.3858242176066, -1913.2105263158217]
SPS=3
Eval at step 187500, survival=27.364%, return=[-51.88410054104558, 22193.554224230447, -57.10803880239837, -673.0409356725214]
SPS=3
Eval at step 188000, survival=36.950%, return=[-324.3613931109042, 123536.82927821176, -5496.954684144856, -9584.982456140579]
SPS=3
Eval at step 188500, survival=47.636%, return=[-243.0815173908292, 90795.19232949881, -329.50345739450614, -4110.777777777854]
SPS=3
Eval at step 189000, survival=23.772%, return=[-219.49866875618076, 87748.81698366495, -1434.9553784776556, -5104.801169590762]
SPS=3
Eval at step 189500, survival=36.099%, return=[-173.8883018262956, 72429.6108265018, -983.1162042829795, -3222.4444444444985]
SPS=3
Eval at step 190000, survival=29.055%, return=[-216.07880708654798, 79551.08463707769, -1668.1853350590682, -2852.6491228070336]
SPS=3
Eval at step 190500, survival=25.087%, return=[-582.9499087861817, 219510.61211548522, -1795.953939291634, -20149.22222222265]
SPS=3
Eval at step 191000, survival=8.656%, return=[-23.418429864648107, 9687.570599053706, -1459.6797730414353, -135.43274853801142]
SPS=3
Eval at step 191500, survival=50.285%, return=[-279.7939779697529, 116179.19427368802, -842.7437290983604, -6780.017543859743]
SPS=3
Eval at step 192000, survival=26.219%, return=[-126.56619134157275, 50931.676109711385, -592.8372906285707, -3359.122807017613]
SPS=3
Eval at step 192500, survival=29.382%, return=[-291.789287306737, 128790.13986877755, -1873.6831935621824, -2465.701754385996]
SPS=3
Eval at step 193000, survival=19.085%, return=[-185.07965820286577, 74692.34378074633, -7128.136202830811, -3549.7368421053166]
SPS=3
Eval at step 193500, survival=26.699%, return=[-227.68845419286905, 81042.90809368447, -237.93822617195352, -5467.38011695919]
SPS=3
Eval at step 194000, survival=35.723%, return=[-344.9502223189532, 131974.6047695193, -987.7017624045935, -8443.561403508707]
SPS=3
Eval at step 194500, survival=35.049%, return=[-305.37452663834364, 115884.48067051564, -592.0818384657808, -7279.192982456286]
SPS=3
Eval at step 195000, survival=45.949%, return=[-90.11419218646672, 36325.47299300195, -286.96889515777974, -2034.1695906432778]
SPS=3
Eval at step 195500, survival=34.524%, return=[-101.78704488746978, 36476.86935821533, -19.25829682352681, -3036.6081871344636]
SPS=3
Eval at step 196000, survival=35.826%, return=[-259.48517353830783, 102359.74237125549, -364.2019741605036, -4698.333333333405]
SPS=3
Eval at step 196500, survival=39.906%, return=[-216.46725422976306, 88264.64135899556, -261.6343321367555, -5757.736842105352]
SPS=3
Eval at step 197000, survival=10.632%, return=[-38.80995922983857, 15762.742204224263, -138.47087317495607, -110.83040935672493]
SPS=3
Eval at step 197500, survival=31.453%, return=[-190.29744165410133, 71323.04767887754, -489.10579570366343, -5163.023391812837]
SPS=3
Eval at step 198000, survival=6.329%, return=[-15.604805802771201, 6684.530901619594, -116.72166280854253, -9.4093567251462]
SPS=3
Eval at step 198500, survival=8.503%, return=[-24.963577109621838, 10573.486334756213, -20.963238243566593, -25.70760233918128]
SPS=3
Eval at step 199000, survival=35.710%, return=[-1019.3992013755293, 390365.94407344796, -3460.3474446628047, -20723.099415205183]
SPS=3
Eval at step 199500, survival=33.515%, return=[-740.2086152424841, 274367.54874465795, -3246.310487794069, -17073.04093567289]
SPS=3
Eval at step 200000, survival=27.381%, return=[-1265.2117019546179, 456685.49000352697, -6537.3735791258705, -29306.34502924049]
SPS=3
Eval at step 200500, survival=32.746%, return=[-465.2934678087283, 170598.7240551125, -5188.234149061257, -17636.42690058349]
SPS=3
Eval at step 201000, survival=39.315%, return=[-234.44628090359038, 90893.30473008163, -711.0728338923849, -4357.7017543860575]
SPS=3
Eval at step 201500, survival=39.765%, return=[-292.2572849987191, 103215.26015584945, -453.96649870866287, -6046.789473684312]
SPS=3
Eval at step 202000, survival=22.673%, return=[-289.94358738641796, 117025.10004027508, -1347.4582928712819, -2079.017543859667]
SPS=3
Eval at step 202500, survival=11.942%, return=[-89.38199905548633, 33648.78154664834, -325.8490060903132, -776.7836257309937]
SPS=3
Eval at step 203000, survival=23.070%, return=[-235.68701834214153, 90012.56749554939, -2529.213878230968, -3298.4912280702442]
SPS=3
Eval at step 203500, survival=9.966%, return=[-35.738090349109065, 14346.310528853739, -2470.0571299008493, -287.69590643274915]
SPS=3
Eval at step 204000, survival=33.995%, return=[-217.20253057184163, 85635.86981773374, -939.2789869848444, -3183.210526315816]
SPS=3
Eval at step 204500, survival=50.707%, return=[-482.52706815544906, 165966.04222531748, -36575.44986681473, -14182.573099415336]
SPS=3
Eval at step 205000, survival=8.833%, return=[-16.5873161253791, 6935.874107478458, -14.13432951987003, -97.52631578947303]
SPS=3
Eval at step 205500, survival=44.564%, return=[-128.39016295476662, 41599.47265765504, -387.0618039389471, -2988.6491228070813]
SPS=3
Eval at step 206000, survival=9.445%, return=[-28.022771943050127, 12448.917429825473, -32.45690583707377, -268.6315789473679]
SPS=3
Eval at step 206500, survival=27.340%, return=[-220.76766577467788, 77435.4187036259, -542.7252143952743, -3734.233918128733]
SPS=3
Eval at step 207000, survival=9.478%, return=[-25.289519981558744, 10641.748187853505, -72.74634541311146, -105.78947368421024]
SPS=3
Eval at step 207500, survival=19.035%, return=[-109.20580680004787, 45095.87634494461, -401.34263137929764, -3215.736842105303]
SPS=3
Eval at step 208000, survival=9.028%, return=[-12.564210534522621, 5211.987788445157, -49.4004664136252, -7.187134502923976]
SPS=3
Eval at step 208500, survival=30.196%, return=[-71.03585250495235, 29461.090569683674, -173.984742307337, -747.5672514620073]
SPS=3
Eval at step 209000, survival=18.308%, return=[-155.17244113677103, 53466.45733567872, -422.21059206749004, -1646.0116959064608]
SPS=3
Eval at step 209500, survival=55.212%, return=[-151.78444569039857, 61908.97230453493, -252.85144992293013, -2298.4795321635897]
SPS=3
Eval at step 210000, survival=7.015%, return=[-7.613770688204871, 3053.61912264824, -18.440923098144896, -2.0058479532163744]
SPS=3
Eval at step 210500, survival=18.361%, return=[-354.5759994065932, 141587.20115500133, -3538.8122413354117, -5777.245614035215]
SPS=3
Eval at step 211000, survival=48.727%, return=[-966.6840935419119, 368006.1708152722, -3752.0665039231258, -15617.128654971113]
SPS=3
Eval at step 211500, survival=49.053%, return=[-671.2497862213058, 252991.6184146751, -3022.5525170575615, -21087.42690058448]
SPS=3
Eval at step 212000, survival=26.608%, return=[-198.49785435463613, 79992.13466386155, -3183.9262207537736, -5138.906432748615]
SPS=3
Eval at step 212500, survival=17.630%, return=[-140.44580824236618, 53765.005951261555, -3695.9073791121723, -3733.2339181287357]
SPS=3
Eval at step 213000, survival=14.728%, return=[-56.654280923112914, 21367.84037191707, -106.30029373185243, -1123.5672514620005]
SPS=3
Eval at step 213500, survival=42.783%, return=[-479.68085965935217, 183061.0056924978, -1835.2369296184236, -14122.257309941831]
SPS=3
Eval at step 214000, survival=33.776%, return=[-85.17010096716695, 33430.90360675494, -134.05207997739004, -1812.538011695943]
SPS=3
Eval at step 214500, survival=39.711%, return=[-224.07105266326107, 90657.96537776, -432.7876874487459, -5257.286549707607]
SPS=3
Eval at step 215000, survival=18.614%, return=[-106.44167919664567, 41420.23095725383, -237.67382723730407, -1998.7777777778172]
SPS=3
Eval at step 215500, survival=29.051%, return=[-128.02521729114233, 48859.923295033754, -716.1666832256014, -2611.3450292398056]
SPS=3
Eval at step 216000, survival=16.547%, return=[-37.30694649653742, 14624.858710473382, -27.86333346440612, -362.54970760234215]
SPS=3
Eval at step 216500, survival=42.374%, return=[-254.91457229359852, 78057.0986802101, -258.6381909841439, -4750.374269005929]
SPS=3
Eval at step 217000, survival=17.803%, return=[-79.751401784888, 29443.70218895908, -159.23423470090407, -2359.3976608187672]
SPS=3
Eval at step 217500, survival=33.805%, return=[-161.73942480725236, 64342.30172723455, -890.2018295127006, -1843.4327485380156]
SPS=3
Eval at step 218000, survival=8.771%, return=[-17.315668328335352, 7232.505782562891, -49.77782564214431, -3.8479532163742687]
SPS=3
Eval at step 218500, survival=45.379%, return=[-556.2345856594038, 196666.97218459423, -1424.5451006498188, -9194.36842105285]
SPS=3
Eval at step 219000, survival=15.071%, return=[-36.428639028803445, 16069.98581558864, -332.7006902858654, -280.456140350878]
SPS=3
Eval at step 219500, survival=48.925%, return=[-111.74203817583232, 44773.98921571092, -847.4884087729284, -1845.4678362573304]
SPS=3
Eval at step 220000, survival=49.562%, return=[-593.0393022818025, 213459.0793018814, -1231.0878356325363, -16196.789473683277]
SPS=3
Eval at step 220500, survival=67.394%, return=[-446.3950494177989, 168422.94215127637, -1792.3190865836223, -13705.637426900832]
SPS=3
Eval at step 221000, survival=68.833%, return=[-939.9628079890778, 329016.83310493093, -1790.2162001874142, -33499.14619882711]
SPS=3
Eval at step 221500, survival=25.529%, return=[-461.81514745644137, 159938.88039099658, -1045.772133117367, -17130.81871345052]
SPS=3
Eval at step 222000, survival=20.197%, return=[-141.10514329971434, 52003.89994321185, -130.91256415245394, -3979.152046783711]
SPS=3
Eval at step 222500, survival=25.128%, return=[-22.080841721695226, 8568.881410818087, -14.106657929369248, -714.9532163742133]
SPS=3
Eval at step 223000, survival=41.559%, return=[-245.14105100840484, 107248.65985471086, -478.9915570342564, -4649.9473684211025]
SPS=3
Eval at step 223500, survival=13.591%, return=[-59.03648356507377, 24178.24530319689, -691.8793375395084, -252.31578947368402]
SPS=3
Eval at step 224000, survival=86.673%, return=[-352.3119843090535, 130235.73833952897, -602.3635842340494, -9143.356725145955]
SPS=3
Eval at step 224500, survival=47.615%, return=[-137.92062897927826, 55218.11412103975, -139.65226921033658, -4113.192982455918]
SPS=3
Eval at step 225000, survival=26.604%, return=[-101.0162249969241, 38798.739760204975, -1540.8828676931323, -2531.9473684209947]
SPS=3
Eval at step 225500, survival=38.000%, return=[-146.37777016123678, 55578.94682539295, -317.8053844380823, -5119.280701754516]
SPS=3
Eval at step 226000, survival=32.788%, return=[-120.82504423795035, 43341.09738785109, -550.9997091360079, -2907.0526315789866]
SPS=3
Eval at step 226500, survival=27.811%, return=[-164.1806337694094, 64269.58936333174, -2215.3622962958566, -2151.081871345062]
SPS=3
Eval at step 227000, survival=22.495%, return=[-72.76066726636297, 28130.347218990286, -257.21859453606885, -1295.7368421052852]
SPS=3
Eval at step 227500, survival=9.999%, return=[-12.587268611765467, 4877.1258326403295, -21.990899558838766, -13.204678362573127]
SPS=3
Eval at step 228000, survival=68.043%, return=[-409.81502912560245, 146964.0542214265, -605.6440705830997, -14042.10526315665]
SPS=3
Eval at step 228500, survival=22.516%, return=[-146.8314695043373, 60508.27593968715, -277.388305722697, -3245.5672514620364]
SPS=3
Eval at step 229000, survival=36.165%, return=[-71.9967923713072, 32233.123333333333, -788.0583222741212, -986.7894736841486]
SPS=3
Eval at step 229500, survival=41.191%, return=[-94.43782532283028, 37470.24866694767, -202.4290200257674, -2163.8538011695982]
SPS=3
Eval at step 230000, survival=59.011%, return=[-427.34532703798806, 163457.78354936908, -225.13106121544843, -9333.83625730988]
SPS=3
Eval at step 230500, survival=63.058%, return=[-342.7173191970408, 130938.44554963788, -1728.5480587290367, -5715.239766081876]
SPS=3
Eval at step 231000, survival=55.911%, return=[-576.3626957276332, 227095.22896526987, -4183.09914356052, -10027.520467836428]
SPS=3
Eval at step 231500, survival=36.640%, return=[-268.16003132854047, 105819.91680132541, -747.8435654898398, -3204.6959064327116]
SPS=3
Eval at step 232000, survival=20.680%, return=[-177.18561633014664, 66455.2124922131, -12658.285764266175, -1810.5497076023669]
SPS=3
Eval at step 232500, survival=9.482%, return=[-9.9796097841075, 4047.947075808843, -11.794269498612266, -13.192982456140328]
SPS=3
Eval at step 233000, survival=10.776%, return=[-52.46593527660783, 23292.692997112285, -164.82633521839549, -342.40350877192867]
SPS=3
Eval at step 233500, survival=32.924%, return=[-219.4634693916305, 88368.54368067597, -6175.567520945838, -2814.081871345064]
SPS=3
Eval at step 234000, survival=15.741%, return=[-194.82993853340545, 82119.15780866313, -677.8466639931721, -588.7836257309986]
SPS=3
Eval at step 234500, survival=43.333%, return=[-435.0770803531632, 154633.06986583504, -43293.73333027452, -7854.935672514805]
SPS=3
Eval at step 235000, survival=29.671%, return=[-128.93848868150963, 50441.323976354586, -516.2591573147607, -2437.1929824561416]
SPS=3
Eval at step 235500, survival=30.279%, return=[-271.6536598072853, 107378.98706278492, -759.056485999749, -6150.649122807154]
SPS=3
Eval at step 236000, survival=5.828%, return=[-8.730767651034208, 3658.4337367184976, -285.9166290615297, -20.90643274853805]
SPS=3
Eval at step 236500, survival=16.526%, return=[-147.0574640336757, 54110.11700991939, -7317.266958758526, -3596.2046783626315]
SPS=3
Eval at step 237000, survival=33.213%, return=[-509.51356978861924, 179213.3930430034, -1560.4322169897434, -11957.181286549923]
SPS=3
Eval at step 237500, survival=87.855%, return=[-817.7055484870798, 310382.86533993675, -16319.805293391051, -16176.865497075982]
SPS=3
Eval at step 238000, survival=43.742%, return=[-852.6700853964625, 281075.26701373834, -2529.9405672902117, -12727.982456140584]
SPS=3
Eval at step 238500, survival=29.216%, return=[-127.60281531731987, 47542.90551046998, -4908.64246875817, -3559.216374268892]
SPS=3
Eval at step 239000, survival=9.474%, return=[-21.76398248662008, 8838.178379487987, -103.6644300656626, -119.63742690058565]
SPS=3
Eval at step 239500, survival=38.571%, return=[-321.1046489015377, 113344.6256871447, -511.00716056016245, -7434.65497075996]
SPS=3
Eval at step 240000, survival=33.891%, return=[-418.20768122316804, 128124.01775357862, -383.29762457871885, -13355.052631578177]
SPS=3
Eval at step 240500, survival=39.786%, return=[-58.710043411003426, 19480.870032164265, -123.52516621609296, -815.3157894737025]
SPS=3
Eval at step 241000, survival=45.544%, return=[-627.9103491948141, 217480.48226052942, -1260.7865021796995, -23123.07602338934]
SPS=3
Eval at step 241500, survival=17.245%, return=[-88.18936515512178, 36847.42990175246, -562.0219841686994, -623.0526315789452]
SPS=3
Eval at step 242000, survival=21.317%, return=[-41.55137569752211, 18717.277111560514, -226.77879159187432, -890.1871345029349]
SPS=3
Eval at step 242500, survival=15.617%, return=[-78.12295403770015, 30202.42588300387, -82.23576655522145, -1371.3801169590722]
SPS=3
Eval at step 243000, survival=49.058%, return=[-477.9021316580086, 183893.73811753895, -422.33754845407867, -11881.187134503134]
SPS=3
Eval at step 243500, survival=46.978%, return=[-511.6182975696477, 202761.21608993548, -3631.33395527862, -5485.274853801268]
SPS=3
Eval at step 244000, survival=28.526%, return=[-85.17108838797624, 33003.70306027725, -125.55035050834219, -727.175438596505]
SPS=3
Eval at step 244500, survival=60.243%, return=[-281.3479529384834, 100853.59141437859, -4182.123160485547, -11346.198830408948]
SPS=3
Eval at step 245000, survival=24.281%, return=[-172.90813911376367, 73070.24914724511, -791.9372006264748, -4349.859649122848]
SPS=3
Eval at step 245500, survival=35.003%, return=[-55.743934404298976, 22045.156787306467, -2281.1320022128252, -766.2982456140485]
SPS=3
Eval at step 246000, survival=26.674%, return=[-152.75940636494974, 56908.60216222125, -404.9266619204136, -4016.649122807088]
SPS=3
Eval at step 246500, survival=50.223%, return=[-252.78837757212264, 108958.9943135516, -2248.4602648924724, -2054.046783625727]
SPS=3
Eval at step 247000, survival=25.475%, return=[-60.328207287510544, 20756.53663756688, -91.57394650469844, -1151.1286549707843]
SPS=3
Eval at step 247500, survival=17.737%, return=[-166.2309089003053, 69615.56670130735, -1653.3165627220296, -960.8947368421191]
SPS=3
Eval at step 248000, survival=7.618%, return=[-9.88729012068749, 3969.4399478340147, -38.0851918553235, -3.374269005847953]
SPS=3
Eval at step 248500, survival=12.988%, return=[-52.51596605213126, 23157.47687877972, -776.8368840141533, -154.18713450292478]
SPS=3
Eval at step 249000, survival=80.713%, return=[-227.71108385908883, 89240.81403351779, -281.37072169051197, -3212.590643274876]
SPS=3
Eval at step 249500, survival=9.181%, return=[-23.18202380577956, 9675.122818581265, -44.6315542726079, -370.2923976608236]
SPS=3
Eval at step 250000, survival=20.705%, return=[-57.8185316513991, 21393.482732330976, -261.93234618060524, -965.3625730994326]
SPS=3
Eval at step 250500, survival=15.332%, return=[-23.600520201493055, 9661.970342264181, -518.917036315904, -338.14619883041627]
SPS=3
Eval at step 251000, survival=48.342%, return=[-63.15124500754367, 26471.747976287257, -613.8561725674663, -1323.7368421052608]
SPS=3
Eval at step 251500, survival=37.550%, return=[-46.32925090120019, 21375.12792920112, -843.3038324204487, -709.3625730993786]
SPS=3
Eval at step 252000, survival=26.004%, return=[-56.62314288649941, 21919.39148008668, -259.8537688962242, -703.6959064327662]
SPS=3
Eval at step 252500, survival=39.385%, return=[-12.77340942264224, 4983.32759510676, -6.958117170472785, -214.1345029239411]
SPS=3
Eval at step 253000, survival=17.270%, return=[-77.21954387434137, 30020.731146093985, -307.6743642759975, -1589.0233918129015]
SPS=3
Eval at step 253500, survival=10.607%, return=[-13.984735111046271, 5953.08821427663, -21.94616630564754, -206.77192982456208]
SPS=3
Eval at step 254000, survival=61.822%, return=[-509.34909035876626, 189133.56653128445, -3583.5530766483666, -15758.81871344975]
SPS=3
Eval at step 254500, survival=48.946%, return=[-298.4947414979106, 122943.37083586225, -936.7511134042676, -7986.2456140352]
SPS=3
Eval at step 255000, survival=62.430%, return=[-472.4707196082648, 184442.5094852067, -2025.0459694435037, -13101.929824561426]
SPS=3
Eval at step 255500, survival=11.954%, return=[-104.25157371679477, 43808.99621452653, -644.9153246592081, -716.6140350877158]
SPS=3
Eval at step 256000, survival=43.304%, return=[-379.3854776660252, 126031.66461690738, -232.890131387229, -9649.450292397794]
SPS=3
Eval at step 256500, survival=17.088%, return=[-16.168286311032716, 6517.6082878621455, -29.567015268684674, -96.53801169590828]
SPS=3
Eval at step 257000, survival=9.933%, return=[-38.88160557973121, 16495.344535169606, -69.79834625204482, -94.56140350877213]
SPS=3
Eval at step 257500, survival=49.504%, return=[-241.92090837758346, 85100.83487239826, -432.9493021685436, -11391.192982456052]
SPS=3
Eval at step 258000, survival=14.166%, return=[-78.813691175698, 33190.73918902715, -411.857726964013, -506.47953216374253]
SPS=3
Eval at step 258500, survival=39.463%, return=[-27.097302872454748, 11368.898708184563, -57.238322789780796, -204.4736842105094]
SPS=3
Eval at step 259000, survival=30.820%, return=[-202.33503937827967, 72253.1105329451, -191.0720647185808, -4789.169590643377]
SPS=3
Eval at step 259500, survival=75.360%, return=[-527.0055874645477, 188530.54707804997, -3659.4345429674045, -13519.333333332817]
SPS=3
Eval at step 260000, survival=17.125%, return=[-55.9439420553584, 23191.200577179607, -58.4836311514761, -787.3859649122948]
SPS=3
Eval at step 260500, survival=39.976%, return=[-68.3560298604231, 27298.631380637507, -19.874508542048716, -735.9883040935666]
SPS=3
