/vol/bitbucket/ssl125/miniconda/envs/rl2grid/bin/python
Python 3.12.2
gpuvm35.doc.ic.ac.uk
/vol/bitbucket/ssl125/RL2Grid
Initializing the distributed action 'mapper'... (takes a while with big action spaces)
Eval at step 10000, survival=0.066%, return=[-1.0094075105929126, 1.3841528924306232, -5.48351863026619, -1.4152046783625731]
SPS=25
Eval at step 20000, survival=0.079%, return=[-1.0104167561900492, 1.722100528081258, -7.271596886683255, -1.4678362573099415]
SPS=32
Eval at step 30000, survival=0.087%, return=[-1.0144145904729764, 2.174419627189636, -6.414201476921638, -1.6023391812865497]
SPS=36
Eval at step 40000, survival=0.091%, return=[-1.0103892676609878, 2.388763173421224, -5.761384258667628, -1.4795321637426901]
SPS=40
Eval at step 50000, survival=0.095%, return=[-1.0168253583445523, 2.1890968879063926, -7.51092399066935, -1.5380116959064327]
SPS=42
Eval at step 60000, survival=0.045%, return=[-1.0056693815859035, 0.32840014298756914, -5.396154721577962, -1.2046783625730995]
SPS=45
Eval at step 70000, survival=0.087%, return=[-1.0117143387518202, 2.118169504801432, -7.0276791378855705, -1.783625730994152]
SPS=47
Eval at step 80000, survival=0.120%, return=[-1.0187834278137113, 3.571261048316955, -7.316494860996802, -1.7076023391812865]
SPS=49
Eval at step 90000, survival=0.087%, return=[-1.014560217736289, 2.1667320092519122, -5.222878387818734, -1.4970760233918128]
SPS=51
Eval at step 100000, survival=0.215%, return=[-1.032621810018706, 7.882540977795917, -7.639404937004049, -2.6315789473684212]
SPS=53
Eval at step 110000, survival=0.194%, return=[-1.030399512227935, 6.946041259765624, -8.916725387175878, -2.222222222222222]
SPS=54
Eval at step 120000, survival=0.178%, return=[-1.0300488045516734, 6.26686927954356, -6.302594484140475, -2.222222222222222]
SPS=56
Eval at step 130000, survival=0.165%, return=[-1.0282681106667344, 5.1274229005972565, -8.573966854639972, -2.3859649122807016]
SPS=58
Eval at step 140000, survival=0.198%, return=[-1.0298602697827544, 7.0491250642140715, -5.858438228567441, -2.6023391812865495]
SPS=59
Eval at step 150000, survival=0.124%, return=[-1.0153183654571574, 4.194603665669759, -5.923252175251643, -1.871345029239766]
SPS=61
Eval at step 160000, survival=0.215%, return=[-1.0317099664825946, 8.152796373367307, -5.804959220501284, -2.5146198830409356]
SPS=63
Eval at step 170000, survival=0.298%, return=[-1.0377887778837855, 12.72411089897156, -6.729977993915479, -3.228070175438596]
SPS=64
Eval at step 180000, survival=0.397%, return=[-1.0538453668123111, 17.350916670163468, -8.459043020072082, -3.865497076023391]
SPS=66
Eval at step 190000, survival=0.252%, return=[-1.0334675286818917, 9.940211105346679, -5.152593716979027, -2.824561403508772]
SPS=67
Eval at step 200000, survival=0.347%, return=[-1.0463498912286013, 14.31168642203013, -6.38319153090318, -3.070175438596491]
SPS=69
Eval at step 210000, survival=0.533%, return=[-1.0727525688707829, 23.713319393793743, -9.250386570580304, -4.543859649122807]
SPS=70
Eval at step 220000, survival=0.285%, return=[-1.0400293614560117, 11.726198094685872, -7.413888366272052, -2.9239766081871337]
SPS=72
Eval at step 230000, survival=0.389%, return=[-1.0584089008237545, 16.333783909479777, -7.1555570136018405, -3.467836257309941]
SPS=74
Eval at step 240000, survival=0.322%, return=[-1.0424091174888115, 13.497788759867353, -6.719492423367531, -3.3450292397660824]
SPS=75
Eval at step 250000, survival=0.302%, return=[-1.037407013704069, 12.930877812703452, -5.239265200526764, -2.748538011695906]
SPS=77
Eval at step 260000, survival=0.463%, return=[-1.0552616505883634, 20.799057792027792, -7.094700382168715, -4.6842105263157885]
SPS=78
Eval at step 270000, survival=0.732%, return=[-1.093928789331888, 33.56439741134643, -8.101619472106298, -6.058479532163742]
SPS=80
Eval at step 280000, survival=0.434%, return=[-1.0522830368912157, 19.82392606417338, -5.902497532467048, -3.4385964912280707]
SPS=81
Eval at step 290000, survival=0.430%, return=[-1.0577563574770465, 19.07644492785137, -5.637246144314607, -3.4736842105263164]
SPS=83
Eval at step 300000, survival=0.417%, return=[-1.0478630477834183, 18.51238842010498, -5.978774324059486, -3.3684210526315788]
SPS=84
Eval at step 310000, survival=0.963%, return=[-1.1258906831111137, 45.152360032399486, -7.335767614499976, -6.742690058479535]
SPS=86
Eval at step 320000, survival=0.533%, return=[-1.0650933692619826, 24.430591637293492, -7.786473719092707, -3.8128654970760247]
SPS=87
Eval at step 330000, survival=0.670%, return=[-1.0785415788219932, 30.508463408152263, -7.308990522365396, -5.461988304093567]
SPS=88
Eval at step 340000, survival=0.798%, return=[-1.0898154720004338, 37.49130942662557, -5.578270876741347, -4.976608187134502]
SPS=90
Eval at step 350000, survival=1.509%, return=[-1.1730431973507318, 72.70694405555723, -6.974217669650291, -9.380116959064326]
SPS=91
Eval at step 360000, survival=1.149%, return=[-1.1261270842320907, 55.0957003736496, -10.290557301913699, -8.40350877192982]
SPS=92
Eval at step 370000, survival=1.521%, return=[-1.1660889801375258, 74.95950092951456, -7.494504163429762, -10.41520467836257]
SPS=93
Eval at step 380000, survival=1.042%, return=[-1.1178052874747664, 50.24137370745343, -5.969992605658869, -6.280701754385963]
SPS=95
Eval at step 390000, survival=1.339%, return=[-1.1535200527093064, 65.0159339205424, -6.17743679137493, -9.350877192982455]
SPS=96
Eval at step 400000, survival=1.149%, return=[-1.1243437789574575, 56.74286410133044, -7.310676511066656, -7.204678362573099]
SPS=97
Eval at step 410000, survival=1.033%, return=[-1.117990104209942, 51.1433248615265, -5.969268142958754, -7.198830409356727]
SPS=98
Eval at step 420000, survival=1.120%, return=[-1.1202036669128574, 55.01130537509916, -5.695961492757003, -7.093567251461988]
SPS=100
Eval at step 430000, survival=1.447%, return=[-1.1696136620012112, 70.21097992261252, -6.441181284220268, -7.730994152046783]
SPS=100
Eval at step 440000, survival=2.984%, return=[-1.3943172215949744, 139.12462203661605, -7.621253150204818, -14.46783625730995]
SPS=102
Eval at step 450000, survival=2.951%, return=[-1.349649307570265, 143.8587978760401, -6.857936863142338, -15.140350877192986]
SPS=102
Eval at step 460000, survival=2.918%, return=[-1.323111966601573, 145.43168640772504, -7.160499019703518, -16.01169590643273]
SPS=104
Eval at step 470000, survival=3.600%, return=[-1.4418470161229682, 176.95709234714514, -11.542769109822984, -19.20467836257311]
SPS=104
Eval at step 480000, survival=0.909%, return=[-1.0875578637933359, 44.672869930267346, -5.739485673470578, -5.5087719298245625]
SPS=106
Eval at step 490000, survival=2.691%, return=[-1.3494570625868316, 126.97102100531261, -6.693080767523497, -12.257309941520473]
SPS=106
Eval at step 500000, survival=2.406%, return=[-1.3155948573645826, 113.70821952501937, -7.005465993851733, -11.912280701754375]
SPS=108
Eval at step 510000, survival=2.695%, return=[-1.3193421505469207, 132.3432847531637, -7.385309269574161, -14.239766081871347]
SPS=108
Eval at step 520000, survival=5.605%, return=[-1.7050548268986556, 271.88435414393757, -11.975717938117063, -28.900584795321638]
SPS=110
Eval at step 530000, survival=2.302%, return=[-1.2673867805860937, 112.42751082420348, -5.908311514959981, -11.385964912280718]
SPS=110
Eval at step 540000, survival=4.923%, return=[-1.61365625912246, 240.14341088771835, -8.911971749524431, -24.79532163742689]
SPS=111
Eval at step 550000, survival=5.051%, return=[-1.598349019497012, 245.06253900686897, -7.96195619328743, -20.368421052631593]
SPS=112
Eval at step 560000, survival=2.050%, return=[-1.2519218722591177, 96.90413325627641, -6.471190039223681, -9.853801169590644]
SPS=113
Eval at step 570000, survival=2.431%, return=[-1.2981244582915679, 117.63598175207778, -12.806029526439184, -11.345029239766077]
SPS=114
Eval at step 580000, survival=3.191%, return=[-1.3508350456637952, 155.37727534214662, -26.140372623708874, -11.935672514619881]
SPS=115
Eval at step 590000, survival=4.704%, return=[-1.5855137230828404, 225.71268602530162, -15.892154521265184, -20.058479532163755]
SPS=116
Eval at step 600000, survival=3.497%, return=[-1.4373856094122555, 166.55911030610415, -13.677576893707737, -16.187134502924035]
SPS=117
Eval at step 610000, survival=7.085%, return=[-1.9245237782985594, 343.2443397728601, -14.108491455832942, -35.5380116959067]
SPS=117
Eval at step 620000, survival=2.464%, return=[-1.2897431448024388, 121.18418833255765, -9.510788372523772, -13.824561403508804]
SPS=118
Eval at step 630000, survival=2.695%, return=[-1.3254580528397735, 127.44152103900899, -10.385570445262905, -11.38596491228072]
SPS=119
Eval at step 640000, survival=3.468%, return=[-1.4337972523644567, 165.61740096727996, -11.073385181822232, -17.491228070175442]
SPS=120
Eval at step 650000, survival=2.703%, return=[-1.333354531341077, 129.0538897101085, -9.711398011771962, -12.573099415204673]
SPS=120
Eval at step 660000, survival=1.749%, return=[-1.1866507466378, 85.92547772089641, -6.948496453153591, -9.122807017543861]
SPS=121
Eval at step 670000, survival=3.650%, return=[-1.4522375449887477, 175.05087193648038, -18.856550946841406, -17.25730994152052]
SPS=122
Eval at step 680000, survival=6.572%, return=[-1.8204147885165487, 315.12256186246873, -32.46860238816104, -28.10526315789473]
SPS=123
Eval at step 690000, survival=3.303%, return=[-1.4031526905406888, 156.4466069332759, -21.545306240499485, -16.847953216374272]
SPS=123
Eval at step 700000, survival=4.543%, return=[-1.6105403644032776, 219.78352639516189, -11.80390239005404, -23.47368421052631]
SPS=124
Eval at step 710000, survival=3.418%, return=[-1.4171970351405132, 166.4632360537847, -12.442838598042727, -17.0]
SPS=125
Eval at step 720000, survival=3.600%, return=[-1.4077269435122919, 173.3263033946354, -10.298681914226714, -16.479532163742718]
SPS=126
Eval at step 730000, survival=0.360%, return=[-1.0569788645176839, 14.21152043660482, -5.862595040661593, -2.3216374269005846]
SPS=124
Eval at step 740000, survival=0.198%, return=[-1.0267077005119063, 7.443990284601848, -5.929749172491332, -1.4619883040935673]
SPS=123
Eval at step 750000, survival=0.604%, return=[-1.080137826463518, 26.323166977564494, -7.165701629128307, -3.871345029239766]
SPS=123
Eval at step 760000, survival=0.711%, return=[-1.080935375590343, 32.90486714045206, -6.62696419392402, -4.345029239766082]
SPS=123
Eval at step 770000, survival=1.765%, return=[-1.212227556311215, 84.51008912881217, -8.293338881417489, -9.555555555555552]
SPS=124
Eval at step 780000, survival=1.881%, return=[-1.190237750202262, 92.45749551932016, -9.193378800921588, -10.643274853801168]
SPS=125
Eval at step 790000, survival=2.654%, return=[-1.2967060902155936, 126.49101523558299, -8.779578624448428, -15.426900584795364]
SPS=125
Eval at step 800000, survival=5.518%, return=[-1.7139371950179338, 265.7052532609306, -12.33439280158685, -28.47953216374277]
SPS=126
Eval at step 810000, survival=6.581%, return=[-1.8827713486971334, 313.70205390135453, -11.0653785149334, -37.15789473684246]
SPS=126
Eval at step 820000, survival=6.316%, return=[-2.809598956257105, 302.52068701267234, -19.72184644707401, -32.76023391812886]
SPS=127
Eval at step 830000, survival=2.253%, return=[-1.267001082810263, 109.3530803871155, -8.706488110493714, -13.19298245614034]
SPS=127
Eval at step 840000, survival=11.049%, return=[-2.5507858293907097, 513.3466507768632, -19.847114900141605, -56.27485380117023]
SPS=128
Eval at step 850000, survival=4.258%, return=[-1.5443384789978154, 206.6217811997732, -9.208061664598063, -23.6432748538012]
SPS=128
Eval at step 860000, survival=3.534%, return=[-1.4425443603734796, 168.6782416836421, -8.494177769947177, -20.72514619883039]
SPS=129
Eval at step 870000, survival=3.241%, return=[-1.338045673231439, 167.3032192262015, -8.152969195817908, -18.087719298245595]
SPS=130
Eval at step 880000, survival=3.832%, return=[-1.4605295471070956, 188.07196375528963, -8.607006075772611, -21.596491228070168]
SPS=130
Eval at step 890000, survival=5.990%, return=[-1.7920249390687484, 281.8934044233959, -13.405182197709413, -29.17543859649139]
SPS=131
Eval at step 900000, survival=6.457%, return=[-1.8790662664493236, 307.16719075044006, -10.752621042226869, -33.92982456140377]
SPS=131
Eval at step 910000, survival=0.260%, return=[-1.0332757348466355, 10.90475665728251, -5.237468420217435, -2.2514619883040936]
SPS=132
Eval at step 920000, survival=3.414%, return=[-1.455943295926166, 163.27565328439076, -9.133170412232479, -19.286549707602344]
SPS=133
Eval at step 930000, survival=4.233%, return=[-1.5342429878073744, 204.6703846009572, -11.02532920994175, -22.514619883040936]
SPS=133
Eval at step 940000, survival=7.515%, return=[-2.0213374094455503, 357.2936394516628, -11.858368938982798, -38.56140350877231]
SPS=134
Eval at step 950000, survival=2.286%, return=[-1.2677749968521919, 113.22827717145286, -6.735137534909882, -12.707602339181273]
SPS=134
Eval at step 960000, survival=3.266%, return=[-1.4054035243267815, 156.79531890869137, -8.274449168510424, -17.526315789473696]
SPS=135
Eval at step 970000, survival=2.815%, return=[-1.3711097339983098, 132.6948183790843, -8.120461954036728, -13.637426900584812]
SPS=135
Eval at step 980000, survival=1.434%, return=[-1.1712735226222624, 69.49515531222026, -6.96491760139664, -7.66666666666666]
SPS=136
Eval at step 990000, survival=4.597%, return=[-1.6414374002682355, 219.51130963643334, -8.360044304698627, -25.812865497076327]
SPS=136
Eval at step 1000000, survival=5.237%, return=[-1.6794865960643317, 252.6408065160115, -8.72393336410581, -27.6140350877193]
SPS=137
Eval at step 1010000, survival=3.741%, return=[-1.4036139081581496, 188.13962662696824, -6.408847668208182, -24.397660818713536]
SPS=137
Eval at step 1020000, survival=1.794%, return=[-1.228508827004892, 87.67626631736759, -6.810530436516274, -10.906432748538004]
SPS=138
Eval at step 1030000, survival=2.931%, return=[-1.3473542809563999, 144.6208323351542, -7.512676115128367, -18.543859649122798]
SPS=138
Eval at step 1040000, survival=8.606%, return=[-2.129015333678884, 412.6463672478994, -8.907451038774525, -49.18713450292447]
SPS=138
Eval at step 1050000, survival=5.618%, return=[-1.6809449420349363, 273.91569106260926, -8.45618049199887, -33.304093567251606]
SPS=139
Eval at step 1060000, survival=1.323%, return=[-1.125855027406942, 66.33961941083273, -5.706316243857145, -7.146198830409356]
SPS=139
Eval at step 1070000, survival=14.389%, return=[-2.93178540027778, 686.0244065189369, -14.852388433327482, -83.74853801169733]
SPS=140
Eval at step 1080000, survival=2.683%, return=[-1.9682311180513352, 131.22292123635614, -14.235735819044445, -17.660818713450293]
SPS=140
Eval at step 1090000, survival=0.926%, return=[-1.1038713336068515, 44.85787427902222, -5.919247896720965, -6.064327485380116]
SPS=140
Eval at step 1100000, survival=3.443%, return=[-1.404658521913613, 168.440085331599, -6.298620455393878, -20.83040935672521]
SPS=141
Eval at step 1110000, survival=12.438%, return=[-2.654917054111138, 595.1210643736521, -11.468727305051289, -77.49122807017699]
SPS=141
Eval at step 1120000, survival=8.602%, return=[-2.1985590541541264, 405.36894312461226, -9.24735696988258, -50.60818713450367]
SPS=142
Eval at step 1130000, survival=4.960%, return=[-1.6004673270896699, 239.37573946634927, -6.356432367436355, -32.39766081871364]
SPS=142
Eval at step 1140000, survival=5.155%, return=[-1.6347305948729627, 248.98186581929545, -7.7600923958331505, -29.39766081871366]
SPS=143
Eval at step 1150000, survival=6.105%, return=[-1.7938710430365366, 295.34307656288155, -8.287996585403258, -39.15204678362604]
SPS=143
Eval at step 1160000, survival=0.909%, return=[-1.4480978772820283, 42.592178856531774, -9.014950546436012, -7.210526315789475]
SPS=143
Eval at step 1170000, survival=3.865%, return=[-1.4157806537890185, 190.1720710277556, -6.980811543529853, -21.228070175438614]
SPS=144
Eval at step 1180000, survival=9.826%, return=[-2.347455105841315, 467.316261514027, -9.568050911163786, -54.64327485380202]
SPS=144
Eval at step 1190000, survival=7.424%, return=[-2.0396961713558994, 351.55043016433706, -7.731595823017415, -42.514619883041334]
SPS=144
Eval at step 1200000, survival=16.993%, return=[-3.3238308033711896, 809.2669353040063, -12.608062907325802, -95.52046783625894]
SPS=145
Eval at step 1210000, survival=5.250%, return=[-1.7050347909680568, 248.2569373671213, -6.478959681505027, -27.906432748538254]
SPS=145
Eval at step 1220000, survival=5.341%, return=[-1.6216173314023763, 262.3406188837687, -7.308227407513186, -33.526315789473806]
SPS=145
Eval at step 1230000, survival=1.740%, return=[-1.1908493344478, 87.7655525684357, -5.145575819537044, -11.064327485380103]
SPS=146
Eval at step 1240000, survival=8.916%, return=[-2.202937956297925, 424.22864054362, -9.033096789707391, -51.467836257310694]
SPS=146
Eval at step 1250000, survival=12.045%, return=[-2.652401633483047, 574.8899742952985, -11.64462768525967, -71.64327485380231]
SPS=146
Eval at step 1260000, survival=8.693%, return=[-3.1987242374064713, 411.7704162597657, -15.305395779306613, -55.34502923976682]
SPS=147
Eval at step 1270000, survival=7.970%, return=[-2.0033499862183817, 388.6316781139374, -8.77823033627889, -48.08187134502964]
SPS=147
Eval at step 1280000, survival=6.378%, return=[-1.8110342138679698, 308.513743797938, -7.076620793125282, -38.263157894737155]
SPS=147
Eval at step 1290000, survival=6.287%, return=[-1.817343254010969, 303.63383371988954, -7.158033834062128, -39.204678362573496]
SPS=148
Eval at step 1300000, survival=18.820%, return=[-4.611479470176467, 893.0172849075016, -18.19190405437742, -116.32748538011917]
SPS=148
Eval at step 1310000, survival=9.309%, return=[-2.301071664512468, 439.420049537023, -7.696425699774409, -56.06432748538098]
SPS=148
Eval at step 1320000, survival=4.762%, return=[-1.9523889916599728, 229.35849088033038, -9.125264091911959, -28.801169590643394]
SPS=149
Eval at step 1330000, survival=4.439%, return=[-1.5746406405620899, 214.3416221332549, -7.244160167252024, -24.608187134503115]
SPS=149
Eval at step 1340000, survival=11.462%, return=[-2.609464160127876, 540.3002161868407, -8.23206574319435, -61.38596491228156]
SPS=149
Eval at step 1350000, survival=1.864%, return=[-1.2204774850785423, 91.73727379322047, -6.6632672996153515, -12.672514619883046]
SPS=149
Eval at step 1360000, survival=4.076%, return=[-1.8433472484854672, 198.50534155845637, -8.934914044337347, -25.988304093567496]
SPS=150
Eval at step 1370000, survival=19.519%, return=[-4.069479369636004, 926.684739720028, -12.72715867171064, -118.21052631579198]
SPS=150
Eval at step 1380000, survival=6.692%, return=[-1.8187835871164377, 329.8607562637332, -6.0621126944412635, -39.78947368421072]
SPS=150
Eval at step 1390000, survival=5.237%, return=[-1.6701124991329077, 253.10850757122043, -7.785670668090461, -31.05263157894755]
SPS=150
Eval at step 1400000, survival=4.278%, return=[-1.5382212609789956, 207.45021537780755, -6.365659564636492, -26.362573099415357]
SPS=151
Eval at step 1410000, survival=10.334%, return=[-2.467758101275346, 489.77495568593343, -8.277306091076147, -56.88304093567327]
SPS=151
Eval at step 1420000, survival=9.185%, return=[-2.626619687459121, 431.4990574471158, -9.311485934295584, -56.66666666666742]
SPS=151
Eval at step 1430000, survival=7.366%, return=[-1.9225078926732142, 360.0110759059585, -9.063429323966071, -46.4912280701758]
SPS=151
Eval at step 1440000, survival=3.704%, return=[-2.155868185470657, 175.96304002920792, -11.061407894284153, -21.40350877192995]
SPS=152
Eval at step 1450000, survival=7.308%, return=[-1.9940498514915816, 346.1065888500216, -7.35669831452348, -43.08187134502993]
SPS=152
Eval at step 1460000, survival=12.777%, return=[-3.3890827698633075, 610.1827674992891, -12.524608444296367, -72.92982456140477]
SPS=152
Eval at step 1470000, survival=5.105%, return=[-1.6299894338784118, 250.49388742129005, -6.325082802252534, -29.71345029239774]
SPS=152
Eval at step 1480000, survival=5.167%, return=[-4.361091567358623, 243.28512229919417, -19.755570097108528, -32.8654970760238]
SPS=153
Eval at step 1490000, survival=4.324%, return=[-1.5326198368954163, 211.9956078958513, -5.79132075747475, -26.017543859649304]
SPS=153
Eval at step 1500000, survival=4.072%, return=[-4.5322691538798, 193.09454265912382, -21.33988836147667, -27.08187134502951]
SPS=153
Eval at step 1510000, survival=3.551%, return=[-1.4743483320926316, 169.36072669029252, -5.426634650308794, -19.736842105263307]
SPS=154
Eval at step 1520000, survival=3.770%, return=[-1.430640992805517, 190.34343808809913, -5.509067202957037, -24.163742690058456]
SPS=154
Eval at step 1530000, survival=8.499%, return=[-2.1047937010298483, 412.9491794649757, -6.268688713611482, -48.66666666666705]
SPS=154
Eval at step 1540000, survival=11.607%, return=[-2.556771970780877, 564.3351078033438, -8.302409056011433, -69.39766081871437]
SPS=154
Eval at step 1550000, survival=7.106%, return=[-2.2622479129737862, 345.08414159774793, -7.949871846393459, -45.29239766081923]
SPS=155
Eval at step 1560000, survival=4.981%, return=[-2.3636744485314316, 232.98264911651657, -10.261182559615312, -29.345029239766404]
SPS=155
Eval at step 1570000, survival=11.921%, return=[-2.659031222826646, 566.6260999917987, -9.47792409043177, -66.59649122807106]
SPS=155
Eval at step 1580000, survival=2.207%, return=[-1.9071780040782567, 110.12924345970156, -9.279914633758986, -14.578947368421046]
SPS=155
Eval at step 1590000, survival=5.460%, return=[-1.663680672024687, 270.50727595011375, -5.781983061441376, -30.000000000000117]
SPS=156
Eval at step 1600000, survival=7.077%, return=[-1.9955807555622112, 337.6917170826594, -6.798075976063653, -40.95321637426957]
SPS=156
Eval at step 1610000, survival=5.708%, return=[-1.759539922408294, 272.33025820573147, -6.691689955453815, -30.44444444444458]
SPS=156
Eval at step 1620000, survival=9.487%, return=[-2.2834646508757337, 454.27905171076463, -7.171293453895487, -53.19298245614103]
SPS=156
Eval at step 1630000, survival=19.122%, return=[-3.743756063748151, 905.373317041398, -10.10287638878799, -103.98245614035278]
SPS=156
Eval at step 1640000, survival=8.800%, return=[-2.1650239995409115, 428.2410307979581, -6.98945579782594, -49.60818713450333]
SPS=157
Eval at step 1650000, survival=8.329%, return=[-2.0890355563994185, 403.5559303188317, -5.949811437972433, -49.16374269005905]
SPS=157
Eval at step 1660000, survival=0.475%, return=[-1.050226481553788, 22.255123567581176, -5.019626157047848, -3.7660818713450293]
SPS=157
Eval at step 1670000, survival=2.335%, return=[-1.2866876997286454, 113.48660637855532, -5.3916862752909465, -14.812865497076013]
SPS=157
Eval at step 1680000, survival=3.662%, return=[-1.43542184655477, 179.41435945828763, -5.779362937343346, -21.90058479532171]
SPS=158
Eval at step 1690000, survival=7.982%, return=[-2.0857665044022724, 381.1293394374848, -6.639672878130416, -45.192982456140726]
SPS=158
Eval at step 1700000, survival=0.728%, return=[-1.0751722796703689, 35.658014284769685, -5.353613865406563, -5.163742690058478]
SPS=158
Eval at step 1710000, survival=4.514%, return=[-1.6250640454430443, 212.58452282269764, -5.932945084115393, -27.23976608187165]
SPS=158
Eval at step 1720000, survival=0.827%, return=[-1.1064220370414357, 39.052916749318435, -5.240258099899317, -5.777777777777779]
SPS=159
Eval at step 1730000, survival=4.960%, return=[-1.5655022480447467, 249.90421778678885, -6.226242417954684, -30.812865497076075]
SPS=159
Eval at step 1740000, survival=5.758%, return=[-1.7554631129605696, 278.7245983632405, -5.911055303962105, -32.1754385964914]
SPS=159
Eval at step 1750000, survival=3.716%, return=[-1.459718229152107, 184.28535799026486, -5.701735909678973, -22.836257309941498]
SPS=159
Eval at step 1760000, survival=6.316%, return=[-1.7836927047464997, 306.430475463867, -6.4738977735396475, -37.85380116959093]
SPS=160
Eval at step 1770000, survival=1.670%, return=[-1.184887878538575, 81.34587159792581, -5.603792258674123, -9.660818713450293]
SPS=160
Eval at step 1780000, survival=8.908%, return=[-2.1288011807676717, 435.692263021469, -6.680528154402661, -52.16374269005892]
SPS=160
Eval at step 1790000, survival=12.248%, return=[-2.6776996690702313, 585.4875104395545, -7.957141152876527, -73.19298245614156]
SPS=160
Eval at step 1800000, survival=6.329%, return=[-1.8864012426541497, 303.94292673746764, -6.155191233677518, -37.63742690058512]
SPS=160
Eval at step 1810000, survival=4.646%, return=[-1.6488373447597648, 218.8748705021543, -6.438620213458004, -29.33333333333373]
SPS=160
Eval at step 1820000, survival=3.100%, return=[-1.381438168619449, 153.0240301640829, -5.909517123907183, -18.842105263157876]
SPS=161
Eval at step 1830000, survival=21.139%, return=[-4.087489374544627, 997.8234650818509, -10.09374955493331, -121.48538011696134]
SPS=161
Eval at step 1840000, survival=1.997%, return=[-1.2514177230574812, 97.0839055760702, -6.540326551844676, -12.888888888888886]
SPS=161
Eval at step 1850000, survival=9.854%, return=[-2.345732904485582, 472.82823580741837, -6.9631782456999645, -59.40350877193049]
SPS=161
Eval at step 1860000, survival=12.843%, return=[-2.7501293156722872, 619.3843196296692, -8.315697909302495, -77.32163742690192]
SPS=161
Eval at step 1870000, survival=5.837%, return=[-1.767004726648641, 282.9250259431203, -6.589340577231876, -34.01169590643284]
SPS=161
Eval at step 1880000, survival=11.367%, return=[-2.533500592573546, 547.5209788783396, -8.275124715579295, -69.78362573099558]
SPS=162
Eval at step 1890000, survival=5.642%, return=[-1.72981717538399, 273.77577178001405, -5.703776585942251, -32.485380116959256]
SPS=162
Eval at step 1900000, survival=8.387%, return=[-2.1846528343545892, 398.5826864989602, -6.549119949386902, -50.43274853801258]
SPS=162
Eval at step 1910000, survival=11.066%, return=[-2.6278049189131707, 519.3612028082209, -8.759626489928147, -66.84210526315901]
SPS=162
Eval at step 1920000, survival=6.010%, return=[-1.718057458657616, 296.3153494866686, -5.935726008283382, -37.61403508771935]
SPS=162
Eval at step 1930000, survival=9.152%, return=[-2.2649517417303286, 434.5725811274843, -8.135862824383366, -52.6257309941527]
SPS=162
Eval at step 1940000, survival=6.630%, return=[-1.933927543888179, 313.7150976324077, -7.5603429553642245, -34.976608187134836]
SPS=163
Eval at step 1950000, survival=4.324%, return=[-1.55256119905971, 209.33166883309664, -7.075382128068061, -26.058479532163787]
SPS=163
Eval at step 1960000, survival=3.456%, return=[-1.4417109667168309, 168.62793276627858, -6.040665951984313, -22.450292397660974]
SPS=163
Eval at step 1970000, survival=6.213%, return=[-1.8343627074500546, 297.91532705307003, -6.792839563878563, -37.92982456140373]
SPS=163
Eval at step 1980000, survival=0.620%, return=[-1.0668839444988407, 29.15963246027629, -5.005963483825326, -4.8128654970760225]
SPS=163
Eval at step 1990000, survival=9.611%, return=[-2.3061907133281543, 458.2357359313967, -7.9187220232876525, -53.380116959064814]
SPS=163
Eval at step 2000000, survival=9.272%, return=[-2.211714466160629, 445.28859897772503, -8.219844275794458, -54.894736842105736]
SPS=164
