/vol/bitbucket/ssl125/miniconda/envs/rl2grid/bin/python
Python 3.12.2
gpuvm36.doc.ic.ac.uk
/vol/bitbucket/ssl125/RL2Grid
Initializing the distributed action 'mapper'... (takes a while with big action spaces)
Eval at step 10000, survival=7.598%, return=[-4.8086065100894, 1617.8213965972257, -8.541886943237236, -28.526315789473628]
SPS=3
Eval at step 20000, survival=10.115%, return=[-7.231279479650159, 2907.7232725524914, -5.584531743079424, -2.497076023391813]
SPS=3
Eval at step 30000, survival=33.420%, return=[-29.290094866262127, 8408.15291229886, -6.3752211692432565, -1093.2748538010035]
SPS=3
Eval at step 40000, survival=8.342%, return=[-5.426306817214936, 1890.7407871246335, -6.009026053051154, -18.368421052631543]
SPS=3
Eval at step 50000, survival=19.172%, return=[-15.355090806648755, 5477.626506385772, -2470.5335149920234, -341.339181286557]
SPS=3
Eval at step 60000, survival=7.755%, return=[-5.100076542662767, 1872.8489691384646, -110.26906797538201, -16.450292397660856]
SPS=3
Eval at step 70000, survival=6.465%, return=[-4.820567689661402, 1723.3626862494157, -8.413265208403269, -126.61403508771936]
SPS=3
Eval at step 80000, survival=35.739%, return=[-23.57725907526522, 9424.9115830167, -15.408130578696728, -1023.9064327483969]
SPS=3
Eval at step 90000, survival=9.991%, return=[-8.558395977888722, 3183.2860715357488, -7.306691979678969, -23.222222222222285]
SPS=3
Eval at step 100000, survival=26.715%, return=[-18.430241351268098, 6962.220630203905, -2085.6851999854357, -513.4093567251012]
SPS=3
Eval at step 110000, survival=15.443%, return=[-12.491496824057927, 4520.153032096227, -7.197181660681963, -292.1812865497099]
SPS=3
Eval at step 120000, survival=9.983%, return=[-13.860878572061969, 4390.841324176778, -1664.4687243917335, -427.19298245614846]
SPS=3
Eval at step 130000, survival=25.116%, return=[-54.856184895189166, 15745.931190182398, -13.711656759803494, -1493.339181286585]
SPS=3
Eval at step 140000, survival=16.336%, return=[-15.99475960910786, 6182.3958030859585, -9.131208524573594, -517.0175438596572]
SPS=3
Eval at step 150000, survival=42.452%, return=[-17.0969154878015, 6211.457500457764, -4.093532243835701, -300.1403508771749]
SPS=3
Eval at step 160000, survival=7.288%, return=[-9.094738271494862, 3421.566568374632, -11.449056356505025, -4.175438596491228]
SPS=3
Eval at step 170000, survival=11.880%, return=[-17.65919264303132, 6658.895925536151, -15.837899648972476, -178.24561403508815]
SPS=3
Eval at step 180000, survival=7.143%, return=[-10.653172783767028, 4090.790141534806, -5.584648096662325, -173.02923976608193]
SPS=3
Eval at step 190000, survival=8.242%, return=[-10.628529884231588, 4132.68898448944, -5.830875090168168, -6.0292397660818695]
SPS=4
Eval at step 200000, survival=10.057%, return=[-12.952796537584314, 5033.235354781148, -6.736516603307488, -7.567251461988303]
SPS=4
Eval at step 210000, survival=18.056%, return=[-34.602951809725106, 14356.144461771648, -9.276806814285615, -727.8421052631737]
SPS=4
Eval at step 220000, survival=24.355%, return=[-56.50012688693823, 19245.26222218674, -26.08100647048559, -1876.5029239766307]
SPS=4
Eval at step 230000, survival=30.684%, return=[-197.26974048579964, 67880.89853517995, -22.057025253772736, -8446.157894736154]
SPS=4
Eval at step 240000, survival=39.459%, return=[-26.6963070613953, 10317.868233676008, -911.3080136269951, -878.7894736841899]
SPS=4
Eval at step 250000, survival=38.265%, return=[-66.35421627697845, 24504.079890098536, -24.645419552340172, -1821.5497076023787]
SPS=4
Eval at step 260000, survival=36.793%, return=[-32.27829406026285, 13080.407730857545, -9.019098514070114, -907.8128654969523]
SPS=4
Eval at step 270000, survival=11.198%, return=[-42.083673607305776, 15453.8219259357, -3525.968239910823, -1132.5555555555686]
SPS=4
Eval at step 280000, survival=15.480%, return=[-22.08316430740524, 7835.154038365684, -11.99678070722924, -585.0409356725227]
SPS=4
Eval at step 290000, survival=39.273%, return=[-46.51022913650377, 18656.09489719711, -11.856159078034883, -1138.4970760233198]
SPS=4
Eval at step 300000, survival=12.062%, return=[-38.36438302092332, 15559.271934900287, -19.09900366968941, -207.92397660818563]
SPS=4
Eval at step 310000, survival=61.409%, return=[-89.84782780347935, 36324.66229842819, -7.992978172920023, -2331.1578947366784]
SPS=4
Eval at step 320000, survival=40.939%, return=[-214.60135727284555, 79915.5793563557, -124.5927053270231, -6627.68421052641]
SPS=5
Eval at step 330000, survival=14.236%, return=[-40.721399363149736, 15770.327917480461, -6.840743062862505, -698.1578947368416]
SPS=5
Eval at step 340000, survival=21.358%, return=[-69.55647439818131, 27789.14721156597, -26.59232120340069, -706.5204678362662]
SPS=5
Eval at step 350000, survival=29.692%, return=[-146.61132286069915, 63248.65070494969, -13.718972691490004, -1189.0116959064442]
SPS=5
Eval at step 360000, survival=53.166%, return=[-161.88983598467894, 69579.31698045731, -36.67850032545781, -3282.567251462054]
SPS=5
Eval at step 370000, survival=18.791%, return=[-18.746117111644708, 6750.901501690546, -27.699024600403693, -289.6900584795374]
SPS=5
Eval at step 380000, survival=37.397%, return=[-42.654372448353875, 17870.829917190862, -7.607810762633259, -712.5730994152176]
SPS=5
Eval at step 390000, survival=15.389%, return=[-54.74329505069181, 24009.03281572659, -14.774814173656827, -345.6725146198826]
SPS=5
Eval at step 400000, survival=11.859%, return=[-27.113738393294625, 11744.013398839641, -11.110349959616238, -45.67836257309932]
SPS=5
Eval at step 410000, survival=11.434%, return=[-27.57580045519474, 11290.080142043438, -13.526268732151948, -180.33333333333346]
SPS=5
Eval at step 420000, survival=45.230%, return=[-73.1165242777206, 30272.916884800637, -1283.5956205852951, -2845.812865496924]
SPS=5
Eval at step 430000, survival=7.606%, return=[-13.252424117255336, 5631.994665652911, -14.18404966748009, -125.88888888888842]
SPS=6
Eval at step 440000, survival=50.690%, return=[-79.4433275111951, 31385.045164545398, -14.403849094504645, -1021.239766081845]
SPS=6
Eval at step 450000, survival=66.200%, return=[-99.46079971897416, 39890.937366933824, -14.596662833635492, -2635.573099415255]
SPS=6
Eval at step 460000, survival=23.090%, return=[-30.101336997176986, 14115.26490150454, -32.29555751918815, -1478.0584795321881]
SPS=6
Eval at step 470000, survival=36.487%, return=[-7.93865527449331, 2964.6913930161827, -8.039396212428983, -309.88304093569144]
SPS=6
Eval at step 480000, survival=15.997%, return=[-63.36487751665603, 22082.115885245013, -49.50390895630699, -2794.6374269006124]
SPS=6
Eval at step 490000, survival=17.791%, return=[-54.641361611235574, 22578.098814582834, -12.831821860270187, -336.18713450292574]
SPS=6
Eval at step 500000, survival=28.518%, return=[-41.221336043303985, 14458.32640032768, -6.716182498416553, -1073.9298245614061]
SPS=6
Eval at step 510000, survival=39.993%, return=[-81.84476186100316, 27868.756595455798, -575.4839050195878, -1845.6023391813208]
SPS=6
Eval at step 520000, survival=19.593%, return=[-53.44497472880175, 20233.755449792534, -749.3097902487692, -553.18128654971]
SPS=6
Eval at step 530000, survival=21.582%, return=[-63.59211112298848, 23772.058968722038, -17.319685351797187, -2330.9005847953413]
SPS=6
Eval at step 540000, survival=26.071%, return=[-143.66033985698596, 54724.793398283284, -22.892785496133, -3043.5380116959764]
SPS=6
