/vol/bitbucket/ssl125/miniconda/envs/rl2grid/lib/python3.12/site-packages/grid2op/MakeEnv/Make.py:13: UserWarning: pkg_resources is deprecated as an API. See https://setuptools.pypa.io/en/latest/pkg_resources.html. The pkg_resources package is slated for removal as early as 2025-11-30. Refrain from using this package or pin to Setuptools<81.
  import pkg_resources
Initializing the distributed action 'mapper'... (takes a while with big action spaces)
Eval at step 10000, survival=0.066%, return=[-1.0094075105929126, 1.3841528924306232, -5.48351863026619, -1.4152046783625731]
SPS=32
Eval at step 20000, survival=0.079%, return=[-1.0104167561900492, 1.722100528081258, -7.271596886683255, -1.4678362573099415]
SPS=33
Eval at step 30000, survival=0.087%, return=[-1.0144145904729764, 2.174419627189636, -6.414201476921638, -1.6023391812865497]
SPS=32
Eval at step 40000, survival=0.091%, return=[-1.0103892676609878, 2.388763173421224, -5.761384258667628, -1.4795321637426901]
SPS=34
Eval at step 50000, survival=0.095%, return=[-1.0168253583445523, 2.1890968879063926, -7.51092399066935, -1.5380116959064327]
SPS=34
Eval at step 60000, survival=0.062%, return=[-1.008884013669255, 1.1849955987930298, -5.5748516991734505, -1.409356725146199]
SPS=35
Eval at step 70000, survival=0.087%, return=[-1.0156407920488466, 2.048353139559428, -6.161370351910591, -1.5847953216374269]
SPS=35
Eval at step 80000, survival=0.087%, return=[-1.0150211258636166, 2.2793630361557007, -6.36387175321579, -1.4502923976608184]
SPS=36
Eval at step 90000, survival=0.132%, return=[-1.0207098996421944, 4.03231041908264, -8.34996633666257, -1.964912280701754]
SPS=37
Eval at step 100000, survival=0.087%, return=[-1.0118557954750333, 2.0910981082916265, -5.337520898630221, -1.6257309941520468]
SPS=38
Eval at step 110000, survival=0.165%, return=[-1.0268119603861123, 5.486554517745972, -7.932656166298936, -2.2163742690058483]
SPS=38
Eval at step 120000, survival=0.128%, return=[-1.015888556993256, 4.459655483563741, -5.3437124621123075, -1.7368421052631577]
SPS=39
Eval at step 130000, survival=0.207%, return=[-1.029362716556837, 7.6045306030909225, -7.985526962205768, -2.5087719298245617]
SPS=39
Eval at step 140000, survival=0.157%, return=[-1.0302333402990673, 5.084476120471955, -7.027973571792245, -1.9941520467836258]
SPS=40
Eval at step 150000, survival=0.132%, return=[-1.017529931346265, 4.535941251118978, -5.03015470256408, -1.8011695906432748]
SPS=41
Eval at step 160000, survival=0.153%, return=[-1.0218250948237255, 5.108950239817301, -7.219709678242604, -1.824561403508772]
SPS=42
Eval at step 170000, survival=0.223%, return=[-1.0377518670866266, 8.38795257369677, -6.77054260391742, -3.0058479532163744]
SPS=42
Eval at step 180000, survival=0.265%, return=[-1.0329806255564715, 10.502874692281086, -6.350144920870662, -2.7485380116959064]
SPS=43
Eval at step 190000, survival=0.591%, return=[-1.0778459435290035, 25.919702172279358, -7.721895074471831, -5.345029239766082]
SPS=44
Eval at step 200000, survival=0.310%, return=[-1.043395233146536, 12.777550525665282, -5.496115460370977, -2.8947368421052624]
SPS=45
Eval at step 210000, survival=0.467%, return=[-1.063108402537182, 20.39022507190704, -7.226869123677413, -4.982456140350877]
SPS=45
Eval at step 220000, survival=0.310%, return=[-1.0390536515818287, 13.014039761225382, -5.340224523718159, -2.7660818713450293]
SPS=46
Eval at step 230000, survival=0.562%, return=[-1.0753994684588786, 24.50136374314626, -6.043091719504446, -3.8304093567251454]
SPS=47
Eval at step 240000, survival=0.178%, return=[-1.019950449777146, 6.638445250193278, -5.449869180719058, -1.9707602339181285]
SPS=48
Eval at step 250000, survival=0.368%, return=[-1.0459432347755258, 15.922704830169678, -6.540533126176645, -2.7836257309941517]
SPS=48
Eval at step 260000, survival=0.504%, return=[-1.0609229860516887, 22.614244654973348, -6.179613579743697, -4.608187134502924]
SPS=49
Eval at step 270000, survival=0.632%, return=[-1.0692666062968783, 29.190000912348424, -5.919490036865075, -5.216374269005848]
SPS=49
Eval at step 280000, survival=0.604%, return=[-1.0772043359465897, 27.39924842516582, -7.393486450232255, -4.561403508771929]
SPS=50
Eval at step 290000, survival=1.013%, return=[-1.121377325966023, 46.38770775000254, -6.141027668646227, -6.912280701754386]
SPS=51
Eval at step 300000, survival=0.905%, return=[-1.097364505326065, 43.40938271204629, -7.38103164670368, -6.421052631578948]
SPS=51
Eval at step 310000, survival=1.190%, return=[-1.1366552584222518, 55.993803195953376, -6.609102403977886, -8.116959064327483]
SPS=52
Eval at step 320000, survival=1.120%, return=[-1.1213714299180235, 54.08265823046366, -5.650287494684259, -8.245614035087717]
SPS=53
Eval at step 330000, survival=1.306%, return=[-1.1442030956192564, 63.226084505716955, -5.880661220910649, -8.5906432748538]
SPS=53
Eval at step 340000, survival=1.286%, return=[-1.1377843383233994, 62.213185707728066, -6.8905660844175145, -7.812865497076021]
SPS=54
Eval at step 350000, survival=1.174%, return=[-1.1391974184274052, 56.10222221692404, -6.146934456424788, -7.385964912280703]
SPS=54
Eval at step 360000, survival=0.889%, return=[-1.0941802956125077, 42.31578995704652, -5.599635051563382, -5.695906432748539]
SPS=55
Eval at step 370000, survival=2.216%, return=[-1.259514652697059, 105.87667440255484, -7.520964836934581, -12.67251461988304]
SPS=55
Eval at step 380000, survival=2.786%, return=[-1.327901912406863, 134.6583565139771, -9.514401566392431, -18.79532163742691]
SPS=56
Eval at step 390000, survival=2.480%, return=[-1.2940692538007472, 119.57395128250126, -7.40385633148253, -13.520467836257303]
SPS=56
Eval at step 400000, survival=1.575%, return=[-1.163419914858726, 77.99371976375576, -6.635927435010672, -9.853801169590644]
SPS=56
Eval at step 410000, survival=2.815%, return=[-1.327494350223181, 136.95557707786557, -7.812857856974006, -13.59064327485379]
SPS=57
Eval at step 420000, survival=1.707%, return=[-1.175858282445309, 85.11776964187624, -7.105990080162883, -10.005847953216373]
SPS=57
Eval at step 430000, survival=2.501%, return=[-1.2809098355355673, 121.61522422154742, -8.29230383830145, -15.409356725146187]
SPS=58
Eval at step 440000, survival=3.340%, return=[-1.4315838905555818, 157.67186708291362, -7.981085921792935, -18.777777777777782]
SPS=58
Eval at step 450000, survival=3.038%, return=[-1.3651407821065125, 147.93554745038355, -8.276901396767547, -16.12280701754386]
SPS=58
Eval at step 460000, survival=4.481%, return=[-1.5392920381273143, 217.10881031513213, -11.899906960335406, -26.263157894736977]
SPS=59
Eval at step 470000, survival=3.220%, return=[-1.355718257293726, 156.05360309282932, -6.440644700371195, -17.754385964912263]
SPS=59
Eval at step 480000, survival=4.287%, return=[-1.5881607260671444, 197.02284272988655, -7.504658622880622, -23.40935672514649]
SPS=60
Eval at step 490000, survival=6.238%, return=[-1.8118164863359805, 291.18045684973396, -11.083638091139923, -30.269005847953327]
SPS=60
Eval at step 500000, survival=2.956%, return=[-1.32188104618884, 142.3425268236796, -7.9744671069105, -14.68421052631578]
SPS=60
Eval at step 510000, survival=4.295%, return=[-1.492925115104299, 206.48166402180996, -16.81865286505975, -24.678362573099424]
SPS=61
Eval at step 520000, survival=6.320%, return=[-1.7662096904629532, 301.9617790706954, -24.737268103441846, -35.918128654970864]
SPS=61
Eval at step 530000, survival=3.778%, return=[-1.4330581828447368, 180.12657906532283, -15.200195776337447, -16.473684210526326]
SPS=61
Eval at step 540000, survival=3.762%, return=[-1.4619451663650882, 174.50341443061816, -13.68283318716567, -15.491228070175454]
SPS=62
Eval at step 550000, survival=5.303%, return=[-1.6457212848084357, 251.37345664978042, -22.565007483809797, -26.654970760233965]
SPS=62
Eval at step 560000, survival=4.998%, return=[-1.607103503542021, 235.47265597502414, -24.49105538497679, -25.98245614035095]
SPS=62
Eval at step 570000, survival=3.985%, return=[-1.492993047926575, 185.68796929041545, -35.15500583239676, -16.497076023391788]
SPS=62
Eval at step 580000, survival=1.348%, return=[-1.1514210812941503, 64.26617673556011, -15.974946529294053, -6.994152046783625]
SPS=63
Eval at step 590000, survival=1.860%, return=[-1.2284107872013312, 87.1191215292613, -16.61113767847807, -9.619883040935667]
SPS=63
Eval at step 600000, survival=2.559%, return=[-1.2641213741735555, 123.49392127037049, -9.101183703867719, -14.046783625730987]
SPS=63
Eval at step 610000, survival=4.154%, return=[-1.4752793454293471, 201.35229587078106, -14.621706974537423, -24.888888888888857]
SPS=63
Eval at step 620000, survival=3.675%, return=[-1.4480470650596544, 172.83608147303264, -9.577240615695095, -19.614035087719436]
SPS=64
Eval at step 630000, survival=1.100%, return=[-1.1179951193237987, 52.52734786351522, -5.990561005416869, -5.245614035087719]
SPS=64
Eval at step 640000, survival=2.745%, return=[-1.3170599744577582, 132.21897303740187, -12.662507383230453, -15.017543859649109]
SPS=64
Eval at step 650000, survival=1.029%, return=[-1.109572696654747, 48.757254476547246, -7.98914561366352, -6.789473684210521]
SPS=65
Eval at step 660000, survival=2.505%, return=[-1.2741983075005312, 121.51773744901027, -11.83611086125408, -12.672514619883025]
SPS=65
Eval at step 670000, survival=2.273%, return=[-1.266794355333938, 109.66271874904623, -12.965215969888959, -12.093567251461993]
SPS=65
Eval at step 680000, survival=1.678%, return=[-1.1825416420664017, 84.12260782877608, -10.043246921772758, -9.578947368421053]
SPS=65
Eval at step 690000, survival=5.088%, return=[-1.5740200562674243, 243.84680966695137, -11.637803605156174, -29.28654970760238]
SPS=65
Eval at step 700000, survival=3.026%, return=[-1.342616446626683, 145.08188924471537, -12.30503475752145, -17.42690058479531]
SPS=66
Eval at step 710000, survival=2.096%, return=[-1.2369936493923888, 100.22745631535848, -11.603864443061562, -12.538011695906425]
SPS=66
Eval at step 720000, survival=7.870%, return=[-1.96205028196952, 370.39383526961007, -13.810465232255714, -47.31578947368471]
SPS=66
Eval at step 730000, survival=0.616%, return=[-1.080688181236231, 27.570168666839603, -6.14822005884101, -3.801169590643274]
SPS=66
Eval at step 740000, survival=1.389%, return=[-1.1594089617331822, 68.02164907932278, -7.9805643511548015, -7.8654970760233915]
SPS=67
Eval at step 750000, survival=3.538%, return=[-1.4211715654625248, 170.5703318389258, -10.091500157737755, -21.964912280701736]
SPS=67
Eval at step 760000, survival=4.175%, return=[-1.5403710600415554, 196.0781262779236, -13.132522041647462, -26.502923976608315]
SPS=67
Eval at step 770000, survival=7.709%, return=[-2.0115290512524857, 358.59911433696743, -15.099332972507304, -44.105263157895195]
SPS=67
Eval at step 780000, survival=4.216%, return=[-1.4664373562748854, 204.22930894851697, -8.080784081859747, -24.076023391813006]
SPS=67
Eval at step 790000, survival=3.216%, return=[-1.3337592343450524, 158.50364647865297, -7.843063708161935, -18.994152046783615]
SPS=67
Eval at step 800000, survival=9.544%, return=[-2.21274927976386, 444.58988731225355, -13.188197500504126, -49.64912280701842]
SPS=68
Eval at step 810000, survival=8.929%, return=[-2.209533285058569, 409.1894795290627, -13.826507081607511, -57.28654970760326]
SPS=68
Eval at step 820000, survival=3.427%, return=[-1.3695971491979435, 169.4600384744008, -9.414603588016083, -19.368421052631554]
SPS=68
Eval at step 830000, survival=0.810%, return=[-1.0872753644556117, 37.441980829238894, -7.60056235724672, -4.982456140350878]
SPS=68
Eval at step 840000, survival=7.337%, return=[-1.9656176086864434, 346.40148800849914, -15.33913946536874, -42.76608187134543]
SPS=68
Eval at step 850000, survival=1.939%, return=[-1.2172531110894245, 94.33178896903992, -6.786476890692332, -12.719298245614032]
SPS=68
Eval at step 860000, survival=4.427%, return=[-1.5350620370785084, 213.3585389518739, -10.35243044551074, -26.959064327485525]
SPS=69
Eval at step 870000, survival=3.493%, return=[-1.3899255366607879, 169.9575289948782, -6.940959285517844, -18.555555555555568]
SPS=69
Eval at step 880000, survival=3.162%, return=[-1.3861707723117433, 150.1987169758479, -8.801890719759589, -18.146198830409393]
SPS=69
Eval at step 890000, survival=5.039%, return=[-1.6378852463676594, 238.63092155138656, -11.186747520187055, -31.175438596491322]
SPS=69
Eval at step 900000, survival=3.117%, return=[-1.3808572973551538, 149.4173926019669, -8.94697686858126, -17.16374269005849]
SPS=69
Eval at step 910000, survival=2.604%, return=[-1.2985721146299813, 128.12354046821596, -7.407831012426565, -16.801169590643273]
SPS=69
Eval at step 920000, survival=1.600%, return=[-1.17740647791652, 77.19586454232534, -6.8265823830539984, -8.912280701754382]
SPS=69
Eval at step 930000, survival=5.064%, return=[-1.6211721768292289, 245.94639539877585, -10.938783785090587, -29.239766081871352]
SPS=69
Eval at step 940000, survival=6.882%, return=[-1.9052365261595696, 321.98034398555757, -11.454582262934613, -44.192982456140804]
SPS=70
Eval at step 950000, survival=0.661%, return=[-1.0759560529259034, 30.401380467414857, -6.9980186262788875, -4.2631578947368425]
SPS=70
Eval at step 960000, survival=4.282%, return=[-1.487826084291252, 210.8153886890412, -7.772929204550262, -24.292397660818676]
SPS=70
Eval at step 970000, survival=6.374%, return=[-1.8312930461252108, 297.80156719207736, -8.894867825127827, -41.52631578947397]
SPS=70
Eval at step 980000, survival=1.587%, return=[-1.1840017849657063, 76.2212579727173, -5.739806643221527, -8.883040935672513]
SPS=70
Eval at step 990000, survival=7.056%, return=[-1.8803855120398414, 336.3925894737243, -8.548992341714134, -45.45029239766141]
SPS=70
Eval at step 1000000, survival=3.328%, return=[-1.4127737228409387, 159.51014364560442, -6.972430766860877, -20.543859649122876]
SPS=70
Eval at step 1010000, survival=1.219%, return=[-1.1250249877533254, 59.89543417612714, -5.243968958093319, -7.304093567251461]
SPS=70
Eval at step 1020000, survival=7.040%, return=[-1.873243661519761, 339.41777642885876, -8.416689204110298, -43.10526315789497]
SPS=71
Eval at step 1030000, survival=4.907%, return=[-1.5797276135417633, 240.1879483922322, -7.189535401443815, -28.906432748538013]
SPS=71
Eval at step 1040000, survival=1.562%, return=[-1.162078952785426, 79.04513907432556, -5.245860434835777, -9.385964912280702]
SPS=71
Eval at step 1050000, survival=7.854%, return=[-2.0194776981370524, 370.0776628224051, -7.217318378143925, -51.46783625731077]
SPS=71
Eval at step 1060000, survival=4.435%, return=[-1.541577510884963, 216.7540213362375, -6.4557963653593715, -27.38011695906441]
SPS=71
Eval at step 1070000, survival=5.837%, return=[-1.6892595182677421, 282.5966125424702, -7.055334911022025, -36.795321637427]
SPS=71
Eval at step 1080000, survival=2.249%, return=[-1.57225466905705, 111.08529304186503, -9.959194265150776, -12.561403508771926]
SPS=71
Eval at step 1090000, survival=6.705%, return=[-1.8425841969631922, 316.70581899166103, -9.08265891399545, -41.543859649122965]
SPS=71
Eval at step 1100000, survival=6.589%, return=[-1.8480762405864273, 313.8143776082995, -7.04593590516015, -41.304093567251975]
SPS=71
Eval at step 1110000, survival=4.204%, return=[-1.5369315583181258, 198.55196659406036, -6.631598555669673, -26.321637426900754]
SPS=71
Eval at step 1120000, survival=7.445%, return=[-2.042489293962717, 343.90867618560816, -8.42901189365269, -46.947368421053135]
SPS=72
Eval at step 1130000, survival=7.494%, return=[-1.947871624181668, 356.49519793510444, -6.844017262158256, -53.444444444444976]
SPS=72
Eval at step 1140000, survival=19.577%, return=[-4.047063318508056, 902.8471697616568, -18.660518047686008, -114.35087719298481]
SPS=72
Eval at step 1150000, survival=5.291%, return=[-1.6618399533326738, 253.28191858053208, -6.786433651252689, -30.15789473684215]
SPS=72
Eval at step 1160000, survival=7.647%, return=[-2.6647132334959074, 362.6772046804426, -14.859663177242814, -44.52631578947396]
SPS=72
Eval at step 1170000, survival=2.691%, return=[-1.2697891025454737, 134.1107738812765, -6.579991069311897, -15.473684210526317]
SPS=72
Eval at step 1180000, survival=8.428%, return=[-2.127261530045265, 390.7804942878088, -6.507743759197183, -49.34502923976692]
SPS=72
Eval at step 1190000, survival=11.388%, return=[-2.5351571271312423, 533.5483732604984, -9.182194232295538, -64.51461988304162]
SPS=72
Eval at step 1200000, survival=11.777%, return=[-2.573235005722381, 554.537332421939, -8.717254087581145, -70.8070175438606]
SPS=72
Eval at step 1210000, survival=6.924%, return=[-1.9396065935531321, 321.7898942788443, -8.335379833246407, -42.28070175438633]
SPS=72
Eval at step 1220000, survival=8.379%, return=[-2.002154043778622, 406.6222815370559, -7.974769759447857, -51.68421052631626]
SPS=72
Eval at step 1230000, survival=4.423%, return=[-1.5134533838330146, 216.83118094762187, -6.60374818755857, -25.83040935672517]
SPS=72
Eval at step 1240000, survival=3.001%, return=[-1.317394314489017, 149.04370078722636, -5.954227780399378, -17.163742690058466]
SPS=72
Eval at step 1250000, survival=8.457%, return=[-2.486627411465937, 390.5722004588443, -11.00514471719604, -48.32748538011757]
SPS=72
Eval at step 1260000, survival=10.818%, return=[-2.4168088551959954, 510.0400759569807, -7.5663247284828685, -60.34502923976682]
SPS=73
Eval at step 1270000, survival=1.281%, return=[-1.1326608557913762, 63.817830880482994, -5.109493768463532, -7.888888888888889]
SPS=73
Eval at step 1280000, survival=11.434%, return=[-2.4510466012288816, 537.4105605753266, -9.525703428696337, -69.03508771929899]
SPS=73
Eval at step 1290000, survival=4.745%, return=[-1.6011267853512738, 224.0409063752488, -6.693817449656005, -29.941520467836614]
SPS=73
Eval at step 1300000, survival=2.761%, return=[-1.3278891393565573, 133.0909768279394, -6.69944848663484, -15.49122807017543]
SPS=73
Eval at step 1310000, survival=18.279%, return=[-3.458305347885471, 850.2119370921454, -9.414557010110002, -103.91812865497262]
SPS=73
Eval at step 1320000, survival=2.063%, return=[-1.242307062066781, 99.62876800219219, -5.356190820146973, -11.631578947368423]
SPS=73
Eval at step 1330000, survival=23.838%, return=[-4.27843680389924, 1108.935803257624, -11.372099358932852, -142.03508771930123]
SPS=73
Eval at step 1340000, survival=4.940%, return=[-1.5693365684710443, 241.7347888024648, -5.456787394514929, -32.05263157894755]
SPS=73
Eval at step 1350000, survival=2.079%, return=[-1.2114907685124006, 104.63927557309465, -5.792128149051375, -11.116959064327482]
SPS=73
Eval at step 1360000, survival=12.000%, return=[-2.5489046304137446, 567.6432375605907, -7.759194314179088, -73.74269005848073]
SPS=73
Eval at step 1370000, survival=6.949%, return=[-1.8984172089452234, 327.7432027117409, -6.053414978319779, -39.11695906432799]
SPS=73
Eval at step 1380000, survival=6.209%, return=[-1.751858068164438, 299.69850403944645, -6.9035476147740455, -37.070175438596614]
SPS=73
Eval at step 1390000, survival=7.879%, return=[-2.1016970700002275, 363.6013215287528, -7.3330985774603805, -46.12865497076108]
SPS=73
Eval at step 1400000, survival=7.618%, return=[-1.925204767321702, 365.53844024658224, -6.20790906669572, -46.122807017544375]
SPS=73
Eval at step 1410000, survival=3.807%, return=[-1.465872836629084, 185.94398506482443, -5.255568680275853, -21.345029239766106]
SPS=73
Eval at step 1420000, survival=8.350%, return=[-2.07965786223455, 393.4768343003593, -7.250858190969059, -51.50292397660857]
SPS=74
Eval at step 1430000, survival=2.658%, return=[-1.2882220320170745, 130.89713767687473, -6.321110281957469, -17.643274853801202]
SPS=74
Eval at step 1440000, survival=6.440%, return=[-1.8351167749497108, 304.4852504730228, -6.7681618623513105, -40.58479532163776]
SPS=74
Eval at step 1450000, survival=9.730%, return=[-2.2194673963434375, 461.70873937606797, -6.976178849989083, -58.771929824562015]
SPS=74
Eval at step 1460000, survival=15.443%, return=[-3.096735664914983, 716.3616379054387, -7.36523819345166, -84.25730994152185]
SPS=74
Eval at step 1470000, survival=8.032%, return=[-2.096340859793903, 370.7708776108421, -6.227501193847274, -47.087719298246355]
SPS=74
Eval at step 1480000, survival=5.142%, return=[-1.633291727960265, 241.93051036039984, -7.035974059360645, -33.543859649123185]
SPS=74
Eval at step 1490000, survival=8.114%, return=[-1.9864927188997779, 389.591556603114, -6.535169589767368, -49.46783625731033]
SPS=74
Eval at step 1500000, survival=9.871%, return=[-2.281281888077501, 461.8266671371457, -6.6022139288027875, -62.777777777778766]
SPS=74
Eval at step 1510000, survival=3.997%, return=[-1.4808722878030192, 192.52589882055926, -5.868565627063314, -23.198830409356834]
SPS=74
Eval at step 1520000, survival=6.692%, return=[-1.8316307357745245, 318.30535225868243, -7.022467729523366, -39.81871345029274]
SPS=74
Eval at step 1530000, survival=5.857%, return=[-1.7744651410224226, 275.35924506187416, -5.793972070780001, -31.95321637426918]
SPS=74
Eval at step 1540000, survival=13.083%, return=[-2.7398729836568236, 608.5333729362486, -8.815369871738463, -78.9649122807029]
SPS=74
Eval at step 1550000, survival=11.107%, return=[-2.4089294329169206, 523.3471542867028, -5.610206593836968, -73.4327485380126]
SPS=74
Eval at step 1560000, survival=12.917%, return=[-2.686269282499173, 606.9227271652227, -6.65897046669852, -74.74269005848073]
SPS=74
Eval at step 1570000, survival=15.534%, return=[-3.1531969017426795, 714.68625940005, -7.434036977569728, -87.13450292397827]
SPS=74
Eval at step 1580000, survival=4.138%, return=[-1.498584520246368, 202.8279408200583, -6.32971102896651, -22.333333333333343]
SPS=74
Eval at step 1590000, survival=4.886%, return=[-1.6201115621564288, 230.66794283707927, -5.811427193853888, -29.076023391813195]
SPS=74
Eval at step 1600000, survival=1.004%, return=[-1.0937932673065613, 50.77281584739685, -5.172475000222524, -6.602339181286549]
SPS=74
Eval at step 1610000, survival=8.259%, return=[-2.088463368709199, 387.40968303203584, -6.061385586159304, -43.69005847953259]
SPS=74
Eval at step 1620000, survival=5.911%, return=[-1.6929877426591702, 287.78107651710496, -5.897387475745442, -35.11695906432753]
SPS=75
Eval at step 1630000, survival=13.298%, return=[-3.166689745247519, 612.0474835316332, -11.943726818678746, -73.49707602339305]
SPS=74
Eval at step 1640000, survival=13.070%, return=[-2.667694314402373, 616.3439256811138, -7.221732022811921, -76.14035087719411]
SPS=75
Eval at step 1650000, survival=4.981%, return=[-1.609763296476255, 236.72652327219643, -6.233876061004897, -29.374269005848095]
SPS=75
Eval at step 1660000, survival=9.379%, return=[-2.2292483384371735, 434.82792626380893, -6.814970599240041, -50.97076023391858]
SPS=75
Eval at step 1670000, survival=0.500%, return=[-1.0595768159255385, 22.747772884368903, -5.0, -3.1637426900584793]
SPS=75
Eval at step 1680000, survival=5.750%, return=[-1.7053381269603658, 274.64643650690743, -5.560865766533728, -37.02923976608229]
SPS=75
Eval at step 1690000, survival=11.549%, return=[-2.5600291700684465, 537.6925552018484, -7.139910968369804, -63.532163742690926]
SPS=75
Eval at step 1700000, survival=3.869%, return=[-1.4635632391630982, 184.61009211540215, -5.183844847410607, -23.345029239766223]
SPS=75
Eval at step 1710000, survival=2.951%, return=[-1.3199316276974666, 143.62797524770102, -5.48444998722213, -18.79532163742687]
SPS=75
Eval at step 1720000, survival=1.219%, return=[-1.1458061662269756, 57.035496975580834, -6.463841758978863, -7.666666666666663]
SPS=75
Eval at step 1730000, survival=8.912%, return=[-2.1624392944698534, 422.3015320968625, -5.824011562586141, -49.22807017543918]
SPS=75
Eval at step 1740000, survival=8.156%, return=[-2.0472668650133223, 387.6833434613547, -7.535625917138532, -47.7953216374274]
SPS=75
Eval at step 1750000, survival=9.396%, return=[-2.2299634111113846, 442.6814349985125, -6.25554016463381, -53.06432748538058]
SPS=75
Eval at step 1760000, survival=14.364%, return=[-2.8345395362897157, 675.5518958663931, -6.38829333949252, -83.12280701754533]
SPS=75
Eval at step 1770000, survival=6.994%, return=[-1.9546214523725212, 323.0877639198303, -6.103889094066592, -37.783625730994615]
SPS=75
Eval at step 1780000, survival=7.275%, return=[-1.8370085995799552, 351.4651102781295, -5.896621298762814, -45.11111111111139]
SPS=75
Eval at step 1790000, survival=15.199%, return=[-3.0484182713359282, 708.0313305441535, -7.510848576118103, -84.36842105263288]
SPS=75
Eval at step 1800000, survival=16.981%, return=[-3.288278261839878, 788.3750591230386, -8.293409421283286, -96.77192982456297]
SPS=75
Eval at step 1810000, survival=10.896%, return=[-2.4801115098331743, 504.83196512063324, -7.443196178219902, -61.32163742690147]
SPS=75
Eval at step 1820000, survival=18.614%, return=[-3.558112001977861, 858.6432575639093, -7.161609689121178, -110.52631578947604]
SPS=75
Eval at step 1830000, survival=28.968%, return=[-4.926396309669751, 1349.2252822844193, -8.443368447881767, -155.0526315789507]
SPS=75
Eval at step 1840000, survival=5.274%, return=[-1.7340571737537782, 244.18611008961975, -8.495307919142457, -30.89473684210566]
SPS=75
Eval at step 1850000, survival=1.042%, return=[-1.1048183031962253, 50.86164698600768, -5.012163056681554, -7.163742690058476]
SPS=75
Eval at step 1860000, survival=18.341%, return=[-3.4081355688589006, 860.3555919408794, -7.290350365423365, -102.47368421052835]
SPS=75
Eval at step 1870000, survival=7.288%, return=[-1.933263131203906, 343.76580958684264, -5.43713658058429, -38.09356725146224]
SPS=75
Eval at step 1880000, survival=4.923%, return=[-1.5833949436200783, 237.64278628826125, -6.104519052314572, -27.590643274853903]
SPS=75
Eval at step 1890000, survival=15.183%, return=[-3.0533214770645523, 704.3904151678081, -6.138298242993187, -79.7777777777796]
SPS=75
Eval at step 1900000, survival=2.575%, return=[-1.317724722767404, 122.51377207756026, -5.96239353173102, -14.099415204678387]
SPS=75
Eval at step 1910000, survival=7.841%, return=[-2.125817369980117, 358.9711839501069, -6.043062166907475, -40.77777777777846]
SPS=75
Eval at step 1920000, survival=19.949%, return=[-3.720337068332204, 921.6258155155183, -7.1718985128342565, -112.15789473684418]
SPS=75
Eval at step 1930000, survival=4.295%, return=[-1.5261487241562766, 204.1996143245697, -7.6957397722095875, -23.567251461988374]
SPS=75
Eval at step 1940000, survival=15.675%, return=[-3.148021799628623, 728.9768429660797, -6.928975663826956, -83.92982456140486]
SPS=75
Eval at step 1950000, survival=4.551%, return=[-1.5537481615125823, 214.8706363836924, -5.824187410102847, -25.783625730994345]
SPS=75
Eval at step 1960000, survival=12.136%, return=[-2.668726206679518, 562.4161017926534, -7.25358538791382, -64.47368421052708]
SPS=76
Eval at step 1970000, survival=2.749%, return=[-1.3064294230037679, 135.1926423072815, -5.132851727394154, -17.327485380116944]
SPS=76
Eval at step 1980000, survival=7.312%, return=[-1.8914949769192997, 348.3179770628611, -5.2900670060577495, -40.74853801169625]
SPS=76
Eval at step 1990000, survival=3.927%, return=[-1.5036215177193906, 186.13750824928283, -5.273581484399831, -24.631578947368496]
SPS=76
Eval at step 2000000, survival=11.896%, return=[-2.645652255800087, 547.36051416556, -6.348931910494305, -65.94152046783726]
SPS=76
Eval at step 2010000, survival=9.549%, return=[-2.223812503138712, 449.61451119581807, -6.062251906259917, -55.69005847953276]
SPS=76
Eval at step 2020000, survival=7.221%, return=[-1.919650701514911, 342.80800117174755, -8.129483502038056, -40.520467836257616]
SPS=76
Eval at step 2030000, survival=11.417%, return=[-2.516494958467471, 531.0462965265908, -6.227879794763187, -61.87134502924065]
SPS=76
Eval at step 2040000, survival=7.226%, return=[-1.8764919628350374, 339.81498689651477, -5.4928946987978025, -39.327485380117686]
SPS=76
Eval at step 2050000, survival=13.604%, return=[-2.7217889474122785, 638.6755557266878, -6.388346329603034, -76.56725146199]
SPS=76
Eval at step 2060000, survival=10.148%, return=[-2.351703657710459, 470.61371638298016, -5.814771324725977, -59.017543859649926]
SPS=76
Eval at step 2070000, survival=5.254%, return=[-1.696413616805027, 246.76496138890573, -5.6445964741966845, -30.33918128654986]
SPS=76
Eval at step 2080000, survival=16.691%, return=[-3.1959816983823353, 779.5600967995329, -7.014001485981377, -95.50877192982621]
SPS=76
Eval at step 2090000, survival=4.291%, return=[-1.4443517068284564, 211.1158339818319, -5.264924820939389, -25.54970760233918]
SPS=76
Eval at step 2100000, survival=5.026%, return=[-1.6216392836455877, 238.56439427057902, -5.413401694425072, -28.60233918128685]
SPS=76
Eval at step 2110000, survival=13.496%, return=[-2.7477474562086477, 630.9508039410902, -6.365202166164333, -73.666666666668]
SPS=76
Eval at step 2120000, survival=4.927%, return=[-1.5941411678795703, 237.78375335057578, -5.678770587934802, -30.01754385964919]
SPS=76
Eval at step 2130000, survival=9.057%, return=[-2.17939056805335, 423.19313637733404, -5.595554873512204, -49.631578947369285]
SPS=76
Eval at step 2140000, survival=5.919%, return=[-1.72705296073885, 283.29868628342956, -7.9754016379495924, -31.789473684210694]
SPS=76
Eval at step 2150000, survival=7.044%, return=[-1.8487007194198668, 335.2268492619199, -5.832635814731475, -40.14619883040957]
SPS=76
Eval at step 2160000, survival=10.078%, return=[-2.2640286467891806, 473.15408041636147, -6.600471237984796, -56.98245614035173]
SPS=76
Eval at step 2170000, survival=16.964%, return=[-3.27333608729532, 790.819942461651, -7.244055286224466, -90.46198830409524]
SPS=76
Eval at step 2180000, survival=5.762%, return=[-1.7336713787323486, 272.4936887677511, -6.0299793652957305, -33.46783625731001]
SPS=76
Eval at step 2190000, survival=16.340%, return=[-2.952812146570068, 771.6820410156243, -6.399728268074493, -98.69005847953416]
SPS=76
Eval at step 2200000, survival=5.717%, return=[-1.70890949088304, 273.01504026571916, -5.662402446643682, -31.35087719298262]
SPS=76
Eval at step 2210000, survival=11.363%, return=[-2.494710585956151, 532.2984315776821, -7.268432866471509, -61.362573099416146]
SPS=76
Eval at step 2220000, survival=4.212%, return=[-1.4761435463636492, 203.5454207134245, -5.605131528107449, -25.730994152046947]
SPS=76
Eval at step 2230000, survival=4.836%, return=[-1.5493111958882462, 235.20688476880377, -5.530787129731228, -27.859649122807156]
SPS=76
Eval at step 2240000, survival=7.552%, return=[-1.9563663774752058, 358.8783557891841, -5.357598222166416, -42.526315789473934]
SPS=76
Eval at step 2250000, survival=13.190%, return=[-2.705446634461017, 616.5096710411707, -7.085364742272456, -69.0701754385977]
SPS=76
Eval at step 2260000, survival=9.371%, return=[-2.2114289212816707, 439.79084188461337, -5.381741322567298, -52.08771929824629]
SPS=76
Eval at step 2270000, survival=2.042%, return=[-1.2223650524586749, 99.5714623483022, -5.441410486033419, -12.52631578947368]
SPS=76
Eval at step 2280000, survival=14.583%, return=[-3.0089582699583843, 673.5948445765174, -6.803213489086677, -76.19298245614152]
SPS=76
Eval at step 2290000, survival=17.068%, return=[-3.1207074969812916, 803.4691963799786, -6.365549934639906, -101.6842105263176]
SPS=76
Eval at step 2300000, survival=4.592%, return=[-1.5424857960703473, 214.87874771277072, -8.315148152799035, -29.532163742690443]
SPS=76
Eval at step 2310000, survival=14.451%, return=[-3.033552470539386, 666.0657533311845, -6.695160362471749, -73.63157894736956]
SPS=76
Eval at step 2320000, survival=6.829%, return=[-1.8578043133408453, 325.52298465172447, -6.49965845484985, -40.269005847953444]
SPS=76
Eval at step 2330000, survival=5.494%, return=[-1.7008716187556274, 259.35611237208053, -5.521353881321072, -28.02923976608223]
SPS=76
Eval at step 2340000, survival=10.346%, return=[-2.3530639531090856, 483.29192499478705, -5.795989316810544, -53.49122807017594]
SPS=77
Eval at step 2350000, survival=12.260%, return=[-2.549927907025752, 573.8540354808171, -6.42641716550376, -73.53216374269114]
SPS=76
Eval at step 2360000, survival=3.547%, return=[-1.4161325278497923, 169.38687595049535, -5.353003438174103, -20.783625730994284]
SPS=77
Eval at step 2370000, survival=5.708%, return=[-1.6861927203523617, 274.4562824201585, -5.652745877322256, -34.40935672514636]
SPS=77
Eval at step 2380000, survival=13.810%, return=[-2.7898462659989796, 642.57247982502, -7.6471374969284325, -80.33333333333452]
SPS=77
Eval at step 2390000, survival=4.613%, return=[-1.5655818470598508, 221.62705602963763, -5.749869909942693, -25.345029239766063]
SPS=77
Eval at step 2400000, survival=7.895%, return=[-1.9725627460284159, 370.89679248571383, -6.048539138166234, -46.444444444444976]
SPS=77
Eval at step 2410000, survival=7.684%, return=[-2.004321157156179, 359.65243531227094, -5.798512055721706, -43.04678362573127]
SPS=77
Eval at step 2420000, survival=9.565%, return=[-2.184053026683008, 450.623800614675, -5.468435204161021, -62.40350877193065]
SPS=77
Eval at step 2430000, survival=10.495%, return=[-2.306453544627099, 495.2278751150764, -5.722678123115959, -63.61988304093637]
SPS=77
Eval at step 2440000, survival=8.151%, return=[-2.0448836210222603, 383.42199038505527, -5.607790296586852, -45.497076023392395]
SPS=77
Eval at step 2450000, survival=4.010%, return=[-1.4627679012094934, 193.90964498519898, -5.239992983969084, -24.74269005847957]
SPS=77
Eval at step 2460000, survival=5.287%, return=[-1.7041847785779585, 245.96453188419363, -5.9834989093748545, -30.152046783626087]
SPS=77
Eval at step 2470000, survival=8.590%, return=[-2.148665821684214, 401.63302892526, -6.7728003403948, -46.152046783626076]
SPS=77
Eval at step 2480000, survival=11.239%, return=[-2.516622461824833, 527.0912048323947, -6.063808408662832, -61.625730994153116]
SPS=77
Eval at step 2490000, survival=7.416%, return=[-1.9586530498345383, 345.27591400782234, -5.902837001427542, -43.818713450292954]
SPS=77
Eval at step 2500000, survival=15.799%, return=[-3.239119564551705, 726.1049173688883, -6.98173723606548, -84.54970760234052]
SPS=77
Eval at step 2510000, survival=10.751%, return=[-2.522764526385193, 496.06461810270906, -8.945172001112951, -61.906432748538975]
SPS=77
Eval at step 2520000, survival=15.253%, return=[-3.196588636667002, 697.9571444702145, -7.4202617156940205, -88.73099415204824]
SPS=77
Eval at step 2530000, survival=3.464%, return=[-1.3792939451135073, 165.1691321055093, -5.562615170104739, -21.035087719298414]
SPS=77
Eval at step 2540000, survival=7.577%, return=[-2.0008263717172667, 357.63460105895973, -5.830760538073567, -41.292397660819034]
SPS=77
Eval at step 2550000, survival=1.608%, return=[-1.1507313970165949, 79.30374913533527, -5.418648479506373, -10.298245614035089]
SPS=77
Eval at step 2560000, survival=3.493%, return=[-1.4034334805134374, 166.9374280484518, -5.3234042778300745, -23.56725146198851]
SPS=77
Eval at step 2570000, survival=18.605%, return=[-3.458125799700307, 871.4407503938679, -6.404237748817347, -104.07017543859843]
SPS=77
Eval at step 2580000, survival=7.994%, return=[-1.9635081282855633, 379.84602136294046, -6.111240458674729, -48.35087719298301]
SPS=77
Eval at step 2590000, survival=5.981%, return=[-1.7588313619489782, 283.6890536785125, -5.193965375898794, -31.257309941520678]
SPS=77
Eval at step 2600000, survival=19.635%, return=[-3.5399309700199715, 921.9271872870122, -5.912614383036271, -111.72514619883255]
SPS=77
Eval at step 2610000, survival=4.993%, return=[-1.5530673997903552, 239.86321956634515, -5.508217638048033, -35.44444444444463]
SPS=77
Eval at step 2620000, survival=15.096%, return=[-2.9464913981889063, 706.7735180791224, -6.472030640822292, -88.1520467836274]
SPS=77
Eval at step 2630000, survival=13.806%, return=[-2.9465497329171435, 636.740568339029, -7.000330525642009, -76.47368421052765]
SPS=77
Eval at step 2640000, survival=21.119%, return=[-3.820519501595603, 983.6680198705199, -7.6055028715054505, -121.16374269006114]
SPS=77
Eval at step 2650000, survival=13.641%, return=[-2.7453495919859656, 639.0246121120452, -6.65696762985317, -81.08187134503058]
SPS=77
Eval at step 2660000, survival=10.181%, return=[-2.4320794479960264, 469.6114535776778, -6.850582030994701, -56.66081871345096]
SPS=77
Eval at step 2670000, survival=15.381%, return=[-3.067230139412762, 720.301976664861, -7.557534959857851, -84.69005847953356]
SPS=77
Eval at step 2680000, survival=18.713%, return=[-3.46560642447245, 876.1234955120086, -7.106198068669376, -103.23391812865687]
SPS=77
Eval at step 2690000, survival=21.710%, return=[-4.002014051385534, 1005.1506963125848, -6.090450414281804, -120.32163742689806]
SPS=77
Eval at step 2700000, survival=7.023%, return=[-1.8986565643766273, 335.82833053271, -5.551607607087742, -38.04093567251481]
SPS=77
Eval at step 2710000, survival=19.829%, return=[-3.6748555066878907, 922.1473476616537, -6.718443517883618, -111.97076023392025]
SPS=77
Eval at step 2720000, survival=7.903%, return=[-1.9483690895722248, 369.0915939553582, -6.789569232069577, -46.57309941520517]
SPS=77
Eval at step 2730000, survival=9.371%, return=[-2.2255336193290227, 441.74408372243334, -5.306911586638307, -53.72514619883092]
SPS=77
Eval at step 2740000, survival=13.823%, return=[-2.8386234549689107, 646.9390621534968, -5.851387630682439, -73.59649122807157]
SPS=77
Eval at step 2750000, survival=34.656%, return=[-5.668475934032661, 1607.9403088363008, -7.6261849174003755, -195.55555555555293]
SPS=77
Eval at step 2760000, survival=8.263%, return=[-2.0918222986510955, 385.8379716889063, -6.6801179535783985, -45.368421052632186]
SPS=77
Eval at step 2770000, survival=6.816%, return=[-1.9457691532443278, 316.03511514186874, -5.727146352898369, -37.216374269006195]
SPS=77
Eval at step 2780000, survival=15.352%, return=[-3.0242921065267487, 718.8319884729394, -5.890031186495132, -86.08187134503089]
SPS=77
Eval at step 2790000, survival=3.204%, return=[-1.345949095247003, 154.10342666625974, -5.754995231206219, -20.660818713450382]
SPS=77
Eval at step 2800000, survival=4.568%, return=[-1.6029415609858308, 218.1037206013998, -5.298578880242228, -26.96491228070181]
SPS=77
Eval at step 2810000, survival=18.440%, return=[-3.383663068312065, 863.5256421438866, -7.600895243939401, -103.15789473684418]
SPS=77
Eval at step 2820000, survival=6.374%, return=[-1.7711544829459551, 303.2549070183438, -6.152906678633978, -34.97076023391842]
SPS=77
Eval at step 2830000, survival=9.152%, return=[-2.198762919016493, 428.47313220818774, -6.361419681847717, -49.08187134502992]
SPS=77
Eval at step 2840000, survival=4.774%, return=[-1.5694371950230561, 227.84879329363503, -6.297998879531709, -28.450292397661016]
SPS=77
Eval at step 2850000, survival=4.117%, return=[-1.4878111830330454, 195.86993930657718, -9.359753774207396, -24.26315789473686]
SPS=77
Eval at step 2860000, survival=5.436%, return=[-1.6793071329787683, 255.73288486162815, -6.48323736974271, -30.964912280702112]
SPS=77
Eval at step 2870000, survival=6.246%, return=[-1.7705635579186492, 295.7482191721599, -5.391610102728009, -38.66081871345069]
SPS=77
Eval at step 2880000, survival=26.918%, return=[-4.641091345460154, 1250.8978346856422, -7.179478868667502, -157.1754385964946]
SPS=77
Eval at step 2890000, survival=8.065%, return=[-2.1102680174905495, 373.33871769189903, -7.184707003250272, -45.57894736842161]
SPS=77
Eval at step 2900000, survival=17.316%, return=[-3.187648845196236, 814.6932539606092, -6.380626223295015, -102.1228070175457]
SPS=77
Eval at step 2910000, survival=8.929%, return=[-2.152760617105135, 419.5946315097806, -5.937964608621162, -49.57894736842155]
SPS=77
Eval at step 2920000, survival=9.697%, return=[-2.6043425871175714, 455.2527557341256, -9.731713284583142, -54.22807017543914]
SPS=77
Eval at step 2930000, survival=8.135%, return=[-2.087626921265231, 378.5102491251625, -5.775820568705967, -46.32748538011764]
SPS=77
Eval at step 2940000, survival=26.575%, return=[-4.568210862363533, 1237.1937964693743, -6.857800834443576, -149.12280701754256]
SPS=77
Eval at step 2950000, survival=10.603%, return=[-2.4420000860700384, 493.2101879978184, -5.80395318781181, -59.58479532163839]
SPS=77
Eval at step 2960000, survival=10.020%, return=[-2.2270834554801695, 475.01058286349013, -5.826938077923842, -59.45029239766145]
SPS=77
Eval at step 2970000, survival=9.015%, return=[-2.182479638470492, 423.30984408696514, -6.3627205166655285, -49.73684210526354]
SPS=77
Eval at step 2980000, survival=6.845%, return=[-1.7861177791686107, 329.7688466326395, -5.997906551109433, -41.29824561403536]
SPS=77
Eval at step 2990000, survival=9.730%, return=[-2.278527005633805, 457.49181469758315, -7.05000353914996, -56.61988304093623]
SPS=77
Eval at step 3000000, survival=17.712%, return=[-3.4229152072997144, 821.3912727387755, -6.83161724608605, -95.62573099415368]
SPS=77
Eval at step 3010000, survival=21.474%, return=[-4.246081879925138, 994.3048963181178, -12.303745320590679, -118.30994152047037]
SPS=77
Eval at step 3020000, survival=15.691%, return=[-3.0920972461851, 731.0138449954998, -6.358490756145329, -91.98245614035243]
SPS=77
Eval at step 3030000, survival=6.639%, return=[-1.91937700517398, 305.1147259775798, -6.125893384261872, -39.181286549707956]
SPS=77
Eval at step 3040000, survival=10.400%, return=[-2.3125520622124895, 487.4892493247989, -5.679016020517641, -62.713450292398285]
SPS=77
Eval at step 3050000, survival=2.121%, return=[-1.2242261928040534, 104.8438930368423, -6.392290977295488, -12.900584795321635]
SPS=77
Eval at step 3060000, survival=8.544%, return=[-2.1249150397488847, 397.19408363183373, -7.630596127962538, -50.450292397661364]
SPS=77
Eval at step 3070000, survival=15.381%, return=[-3.124154953926336, 713.0188042354592, -7.428679773137749, -84.53216374269162]
SPS=77
Eval at step 3080000, survival=8.271%, return=[-2.0732268011391475, 387.30611095746326, -5.745573691102133, -46.058479532164476]
SPS=77
Eval at step 3090000, survival=7.155%, return=[-1.9021378031272131, 338.9176637840271, -5.449579228181392, -39.0584795321641]
SPS=77
Eval at step 3100000, survival=3.328%, return=[-1.3766687583411112, 160.54258138656613, -5.526664275132741, -20.53216374269005]
SPS=77
Eval at step 3110000, survival=5.328%, return=[-1.6893026652202632, 252.490576384862, -5.952839164218555, -31.421052631578984]
SPS=77
Eval at step 3120000, survival=10.297%, return=[-2.6330295927473344, 489.03278063456213, -9.432831230097994, -57.479532163743436]
SPS=77
Eval at step 3130000, survival=12.153%, return=[-2.654187613283284, 562.3019106419889, -6.117755568625095, -66.35672514619964]
SPS=77
Eval at step 3140000, survival=16.539%, return=[-3.1544500861976608, 779.3701885636651, -6.250894265603468, -88.9649122807033]
SPS=77
Eval at step 3150000, survival=15.414%, return=[-3.193421318389786, 710.2755146360402, -7.004911098706846, -85.40350877193141]
SPS=77
Eval at step 3160000, survival=4.733%, return=[-1.5482495692752611, 228.015118745168, -5.542088755522855, -29.514619883041068]
SPS=77
Eval at step 3170000, survival=9.817%, return=[-2.2543195277491272, 461.7828244113923, -6.17807519158426, -52.57894736842152]
SPS=77
Eval at step 3180000, survival=19.767%, return=[-3.6920606630349844, 917.8731956497832, -6.659033626773938, -105.38011695906623]
SPS=77
Eval at step 3190000, survival=9.788%, return=[-2.2525994714039066, 460.984464216232, -5.563687777631761, -51.134502923977244]
SPS=77
Eval at step 3200000, survival=9.987%, return=[-2.3875107816032446, 462.0306035868329, -6.188390945705275, -55.39766081871414]
SPS=77
Eval at step 3210000, survival=7.755%, return=[-1.983932129049208, 369.1472508621214, -5.551400661235675, -44.8070175438601]
SPS=77
Eval at step 3220000, survival=12.025%, return=[-2.5514090478148623, 568.4676809215542, -6.031749001490728, -65.11695906432833]
SPS=77
Eval at step 3230000, survival=28.658%, return=[-4.68878361012321, 1344.5333038727435, -7.285147237504134, -158.60233918129003]
SPS=77
Eval at step 3240000, survival=7.081%, return=[-1.8699370288910966, 334.39993609428393, -5.534739940640672, -39.5964912280707]
SPS=77
Eval at step 3250000, survival=31.411%, return=[-5.295981747990784, 1461.6642990223556, -8.879047504994864, -172.2339181286569]
SPS=77
Eval at step 3260000, survival=19.713%, return=[-3.609549325231152, 924.3460635860753, -8.298211551402346, -106.81286549707802]
SPS=77
Eval at step 3270000, survival=39.207%, return=[-6.388913125032559, 1818.9632381582244, -9.118004848550905, -211.4970760233899]
SPS=77
Eval at step 3280000, survival=31.614%, return=[-5.258256995681829, 1480.3244291114777, -7.322317525110975, -168.5964912280685]
SPS=77
Eval at step 3290000, survival=5.886%, return=[-1.6871266402110148, 283.4738274033862, -5.86355502162769, -34.625730994152406]
SPS=77
Eval at step 3300000, survival=16.142%, return=[-3.319564178469591, 738.2854881381987, -6.717605475090143, -89.37426900584934]
SPS=77
Eval at step 3310000, survival=15.075%, return=[-3.1255143361437754, 692.0692721684777, -7.584827932929329, -83.88304093567388]
SPS=77
Eval at step 3320000, survival=10.313%, return=[-2.3502676947003542, 483.0769632879892, -6.042474546033191, -57.55555555555626]
SPS=77
Eval at step 3330000, survival=4.303%, return=[-1.5182746280139934, 204.0175035985311, -5.362482545742144, -26.280701754386143]
SPS=77
Eval at step 3340000, survival=9.466%, return=[-2.2702221698709764, 438.4352586968733, -7.309839567965052, -56.40935672514707]
SPS=77
Eval at step 3350000, survival=17.014%, return=[-3.3484791001537815, 786.8619066365558, -6.728465764036325, -96.09356725146368]
SPS=77
Eval at step 3360000, survival=8.185%, return=[-2.053633881849237, 384.1750956805543, -6.019881562096998, -47.42690058479588]
SPS=77
Eval at step 3370000, survival=14.062%, return=[-2.836977184032245, 660.3495557689672, -5.869664865701149, -80.058479532165]
SPS=77
Eval at step 3380000, survival=15.290%, return=[-3.1412665634027994, 708.2960761404041, -8.091351215378381, -84.69590643275018]
SPS=77
Eval at step 3390000, survival=24.306%, return=[-4.212324274878483, 1135.205999786059, -7.543101205938001, -138.15204678362826]
SPS=77
Eval at step 3400000, survival=8.887%, return=[-2.188381706170427, 414.80403349717443, -5.519841788331784, -50.65497076023464]
SPS=77
Eval at step 3410000, survival=2.261%, return=[-1.2320051017450169, 112.00900367418933, -5.419236388833572, -13.239766081871347]
SPS=77
Eval at step 3420000, survival=23.524%, return=[-4.207924240792636, 1094.760530722936, -7.118663399952008, -133.6315789473712]
SPS=77
Eval at step 3430000, survival=20.631%, return=[-4.7836530501760235, 959.829538424808, -12.681167360433998, -117.24561403509006]
SPS=77
Eval at step 3440000, survival=6.924%, return=[-1.8824310688263115, 328.69406879584005, -6.1532100950716995, -41.15204678362594]
SPS=77
Eval at step 3450000, survival=27.158%, return=[-4.703057073270126, 1259.0933399502458, -6.906375006772578, -151.74269005848058]
SPS=77
Eval at step 3460000, survival=32.031%, return=[-5.255936970352195, 1495.7597893174488, -7.970093348257554, -179.894736842106]
SPS=77
Eval at step 3470000, survival=11.363%, return=[-2.5815941898617893, 526.4801372162502, -6.447762782452628, -62.49122807017622]
SPS=77
Eval at step 3480000, survival=7.647%, return=[-1.9799424459924921, 357.71645999908424, -5.96700763325983, -44.61403508771991]
SPS=77
Eval at step 3490000, survival=23.053%, return=[-4.07687180537808, 1072.8917101526256, -6.7177422133869795, -128.55555555555813]
SPS=77
Eval at step 3500000, survival=19.949%, return=[-3.643226468974414, 931.0437138509756, -7.424542238374367, -112.73684210526524]
SPS=77
Eval at step 3510000, survival=5.750%, return=[-1.7436429145357881, 269.53414033253966, -5.442397853670021, -34.046783625731216]
SPS=77
Eval at step 3520000, survival=5.126%, return=[-1.6037758519329752, 247.8102650213241, -6.853161576214916, -29.257309941520514]
SPS=77
Eval at step 3530000, survival=32.767%, return=[-5.4105649837680785, 1528.6352434078842, -7.4180963987698005, -185.1228070175456]
SPS=77
Eval at step 3540000, survival=14.703%, return=[-2.964044348181536, 686.8680737654372, -6.554193398003311, -83.2923976608202]
SPS=77
Eval at step 3550000, survival=2.997%, return=[-1.370323838472056, 141.98904309272763, -5.304472810967127, -17.58479532163744]
SPS=77
Eval at step 3560000, survival=41.919%, return=[-6.30228249761664, 1946.3602272224416, -7.9022676571233506, -238.81871345027866]
SPS=77
Eval at step 3570000, survival=13.500%, return=[-2.8232283792846524, 624.6878310807547, -6.46533835628846, -76.4327485380129]
SPS=77
Eval at step 3580000, survival=12.802%, return=[-2.6797357750862525, 598.8703907807666, -7.3121289516954375, -74.91228070175546]
SPS=77
Eval at step 3590000, survival=5.700%, return=[-1.7687065048182073, 264.29584961255387, -5.536895140340978, -31.97076023391826]
SPS=77
Eval at step 3600000, survival=19.374%, return=[-3.6449638324556872, 893.732852063179, -6.859105886542238, -111.15789473684451]
SPS=77
Eval at step 3610000, survival=13.984%, return=[-2.7979571305331774, 658.5778690687818, -7.332246389094507, -82.37426900584929]
SPS=77
Eval at step 3620000, survival=25.331%, return=[-4.312648812619348, 1186.5657865683236, -7.347179622804106, -145.4327485380149]
SPS=77
Eval at step 3630000, survival=7.366%, return=[-1.9303444015871112, 348.46281319936116, -6.152416733277884, -42.30409356725166]
SPS=77
Eval at step 3640000, survival=19.292%, return=[-3.4280963925217898, 906.6026828193666, -6.042966309352778, -112.87134502924192]
SPS=77
Eval at step 3650000, survival=8.292%, return=[-2.178734811663162, 377.7782803789774, -6.19850889944549, -46.50292397660874]
SPS=77
Eval at step 3660000, survival=8.263%, return=[-2.115791110380087, 383.5936494652431, -6.135520999164631, -47.94152046783676]
SPS=77
Eval at step 3670000, survival=26.591%, return=[-4.444595123156129, 1248.8099017397565, -6.612772775193055, -153.36842105263491]
SPS=77
Eval at step 3680000, survival=6.101%, return=[-1.7544372826620627, 289.63903037707024, -5.089221827317185, -37.25730994152084]
SPS=77
Eval at step 3690000, survival=9.168%, return=[-2.196824501384981, 429.71275444666543, -5.704951249053313, -50.85380116959109]
SPS=77
Eval at step 3700000, survival=12.372%, return=[-2.6934615548622483, 576.1848499679562, -6.813606412132988, -69.48538011696024]
SPS=77
Eval at step 3710000, survival=12.455%, return=[-2.509169726205679, 587.6521260786063, -7.6414513563698465, -71.77777777777924]
SPS=77
Eval at step 3720000, survival=21.945%, return=[-4.100781391413572, 1003.1821222289412, -8.265174454078078, -123.26900584795567]
SPS=77
Eval at step 3730000, survival=13.244%, return=[-2.8003532675405345, 613.571278366249, -7.987133942272824, -73.25730994152197]
SPS=77
Eval at step 3740000, survival=16.609%, return=[-3.131235648858516, 779.4224256666499, -8.10550938359423, -94.46783625731179]
SPS=77
Eval at step 3750000, survival=33.602%, return=[-5.593836339481641, 1552.1259082825973, -7.921771331277948, -187.20467836256864]
SPS=77
Eval at step 3760000, survival=23.772%, return=[-4.20140485157026, 1106.354552793506, -7.058259851910407, -140.8771929824533]
SPS=77
Eval at step 3770000, survival=32.862%, return=[-5.29138496677236, 1537.4423437976868, -8.38407954685681, -190.6608187134509]
SPS=77
Eval at step 3780000, survival=9.966%, return=[-2.3353439144363315, 466.81275802294414, -5.749401910269323, -56.28070175438656]
SPS=77
Eval at step 3790000, survival=12.533%, return=[-2.719019591827722, 579.2452463626864, -7.074670089272938, -70.812865497077]
SPS=77
Eval at step 3800000, survival=10.524%, return=[-2.2956776918921, 498.046671535174, -6.410469370156837, -63.05847953216459]
SPS=77
Eval at step 3810000, survival=37.016%, return=[-5.926681002330345, 1721.712172171273, -8.58560085479985, -208.5380116959061]
SPS=77
Eval at step 3820000, survival=12.504%, return=[-2.7176123141349913, 577.7690719556816, -6.988918628019746, -71.95906432748637]
SPS=77
Eval at step 3830000, survival=12.740%, return=[-2.691437113312228, 597.2401700735091, -7.200026346021332, -72.26900584795447]
SPS=77
Eval at step 3840000, survival=20.238%, return=[-3.591792502149474, 952.7124564488726, -7.422072000449892, -119.07017543859884]
SPS=77
Eval at step 3850000, survival=17.746%, return=[-3.4021201868502735, 825.6787517754245, -6.760215797408212, -102.32748538011897]
SPS=77
Eval at step 3860000, survival=6.556%, return=[-1.9161657462827861, 302.29924885749796, -5.904314743578046, -37.309941520468264]
SPS=77
Eval at step 3870000, survival=6.357%, return=[-1.7924566425111454, 300.970107547442, -5.487754856352694, -38.54385964912303]
SPS=77
Eval at step 3880000, survival=4.328%, return=[-1.5112393726594746, 206.9072343985239, -5.084227950312197, -26.67251461988324]
SPS=77
Eval at step 3890000, survival=19.035%, return=[-3.6339309165875116, 877.1086132860165, -7.754841591677784, -110.00584795321863]
SPS=77
Eval at step 3900000, survival=11.735%, return=[-2.6859466179739684, 534.7466086483018, -6.450498028900863, -65.76023391813]
SPS=77
Eval at step 3910000, survival=27.298%, return=[-4.772267594972315, 1260.3222376378355, -7.601269577615919, -153.03508771929708]
SPS=77
Eval at step 3920000, survival=10.867%, return=[-2.4468658628563085, 503.3858751503628, -7.03241368069818, -63.26315789473788]
SPS=77
Eval at step 3930000, survival=17.514%, return=[-3.184084354531175, 824.019427905082, -6.598107733608534, -107.3625730994172]
SPS=77
Eval at step 3940000, survival=5.742%, return=[-1.6930828210121642, 274.53896775881407, -5.761267318079869, -35.36257309941565]
SPS=77
Eval at step 3950000, survival=15.708%, return=[-2.9363454573516115, 742.600597205162, -5.979542639494563, -94.58479532163938]
SPS=77
Eval at step 3960000, survival=23.545%, return=[-4.08079877718895, 1100.0334563891063, -6.737102556294606, -140.5906432748521]
SPS=77
Eval at step 3970000, survival=8.991%, return=[-2.195912829154016, 417.65290073553734, -7.16184771580932, -53.09356725146256]
SPS=77
Eval at step 3980000, survival=21.491%, return=[-3.8437465687359995, 1000.974711478552, -6.656982261949452, -123.3333333333358]
SPS=77
Eval at step 3990000, survival=12.264%, return=[-2.661685731708227, 567.952977828979, -6.929568288828402, -71.2631578947378]
SPS=77
Eval at step 4000000, survival=15.067%, return=[-2.9190605087787844, 706.7093943866092, -6.305406330851838, -88.19883040935815]
SPS=77
Eval at step 4010000, survival=14.459%, return=[-2.9449479089234956, 670.7771760670338, -6.772267808613833, -85.7485380116975]
SPS=77
Eval at step 4020000, survival=22.706%, return=[-4.061747227058125, 1052.293306806883, -7.437353274377529, -128.60233918128907]
SPS=77
Eval at step 4030000, survival=9.788%, return=[-2.2901861089630984, 455.70007227261846, -6.408671073848382, -57.54970760233997]
SPS=77
Eval at step 4040000, survival=11.958%, return=[-2.3901312780605317, 566.547651313146, -5.784113636531401, -73.50292397660938]
SPS=77
Eval at step 4050000, survival=7.188%, return=[-1.9518043564942975, 332.9350863091151, -6.037179863681861, -41.22222222222262]
SPS=77
Eval at step 4060000, survival=16.803%, return=[-3.233030188304838, 779.8386995967229, -8.206889068057839, -95.333333333335]
SPS=77
Eval at step 4070000, survival=13.976%, return=[-2.7700403022463433, 655.2931525421143, -5.701022868568543, -82.35672514620013]
SPS=77
Eval at step 4080000, survival=8.251%, return=[-2.11041900042134, 383.58657015800486, -6.047949091779931, -46.36257309941576]
SPS=77
Eval at step 4090000, survival=47.011%, return=[-7.34601765172556, 2180.0125864219685, -7.921430003717735, -266.5614035087637]
SPS=77
Eval at step 4100000, survival=22.797%, return=[-4.088358663526985, 1059.8393254947657, -6.41780095522942, -129.81871345029506]
SPS=77
Eval at step 4110000, survival=19.998%, return=[-3.703669116133824, 924.283985980352, -7.58341523631437, -111.16374269006057]
SPS=77
Eval at step 4120000, survival=34.247%, return=[-5.524929056254526, 1596.746481695177, -8.03932374609091, -195.69005847952448]
SPS=77
Eval at step 4130000, survival=13.996%, return=[-2.8328705701278523, 650.9175688648226, -6.389467657039252, -85.6491228070189]
SPS=77
Eval at step 4140000, survival=2.406%, return=[-1.290678593950967, 111.58103978633874, -5.078978097313666, -16.5321637426901]
SPS=77
Eval at step 4150000, survival=22.598%, return=[-4.13572965086981, 1041.8435897747693, -7.655512997783565, -127.28070175438218]
SPS=77
Eval at step 4160000, survival=5.737%, return=[-1.6553183442835386, 277.176460313797, -5.276064680578808, -34.573099415204865]
SPS=77
Eval at step 4170000, survival=14.964%, return=[-3.029791232334295, 697.7862702043858, -7.302054542006469, -84.85964912280843]
SPS=77
Eval at step 4180000, survival=33.788%, return=[-5.4381614810942365, 1572.9362927961356, -7.45302410190925, -197.86549707601947]
SPS=77
Eval at step 4190000, survival=15.596%, return=[-2.9931676830747165, 730.5072772375738, -5.907605959165569, -92.04678362573253]
SPS=77
Eval at step 4200000, survival=8.408%, return=[-2.1076196331802444, 390.9751888910934, -7.328214934697219, -49.13450292397713]
SPS=77
Eval at step 4210000, survival=17.803%, return=[-3.4679134463658556, 823.3431036663054, -7.395932233290902, -97.75438596491398]
SPS=77
Eval at step 4220000, survival=7.507%, return=[-1.8827927764505148, 355.55602355798084, -6.717936049409521, -44.51461988304134]
SPS=77
Eval at step 4230000, survival=17.638%, return=[-3.2270966192008927, 828.2662695503249, -6.403303522335288, -104.56725146199024]
SPS=77
Eval at step 4240000, survival=36.363%, return=[-6.139741963338262, 1657.9457822322809, -8.611400576355663, -209.6023391812822]
SPS=77
Eval at step 4250000, survival=16.960%, return=[-3.214483083128774, 787.9367359733582, -5.935198492661584, -101.49707602339375]
SPS=77
Eval at step 4260000, survival=10.388%, return=[-2.3622609246716215, 482.7468329620354, -5.448401998767319, -59.4093567251472]
SPS=77
Eval at step 4270000, survival=16.629%, return=[-3.248790449501636, 769.663769842783, -6.532976349745392, -102.14035087719475]
SPS=77
Eval at step 4280000, survival=2.335%, return=[-1.2585961874380398, 115.54573789596556, -5.567300051994001, -14.122807017543844]
SPS=77
Eval at step 4290000, survival=8.118%, return=[-2.119737359442903, 373.5302297321957, -6.851745193921185, -47.44444444444506]
SPS=77
Eval at step 4300000, survival=9.962%, return=[-2.2388578203390352, 470.8029668664931, -6.231308539242794, -60.60818713450376]
SPS=77
Eval at step 4310000, survival=26.141%, return=[-4.568737048093074, 1204.5839597447723, -6.640848565371319, -148.90643274854116]
SPS=77
Eval at step 4320000, survival=18.142%, return=[-3.3817585510939048, 847.4450781488434, -6.7196394537265105, -103.04678362573287]
SPS=77
Eval at step 4330000, survival=6.577%, return=[-1.8828647032690544, 304.35760172208103, -6.209470849930464, -39.90643274853853]
SPS=77
Eval at step 4340000, survival=12.368%, return=[-2.5770003920964277, 575.5724787251162, -6.760333881936579, -75.60818713450406]
SPS=77
Eval at step 4350000, survival=11.235%, return=[-2.4981287149130367, 520.6282647053398, -7.199481477709924, -64.754385964913]
SPS=77
Eval at step 4360000, survival=11.706%, return=[-2.503143954653448, 552.0181155045826, -5.664105485387457, -66.57309941520552]
SPS=77
Eval at step 4370000, survival=18.771%, return=[-3.4616662991660028, 873.9313370609281, -6.8730350268548746, -113.50292397661046]
SPS=77
Eval at step 4380000, survival=10.607%, return=[-2.3834246743354015, 496.3497460699082, -6.463182365687923, -61.69590643274932]
SPS=77
Eval at step 4390000, survival=21.321%, return=[-3.7639055207643346, 998.4994869263983, -7.060772448998857, -121.49122807017784]
SPS=77
Eval at step 4400000, survival=22.979%, return=[-4.165029224105335, 1058.3675743643441, -7.089783740113489, -131.63742690058746]
SPS=77
Eval at step 4410000, survival=22.483%, return=[-4.014697101782076, 1044.2141751194001, -6.64669785501125, -128.912280701757]
SPS=77
Eval at step 4420000, survival=11.686%, return=[-2.554535791530119, 545.4158044083912, -5.696555821530637, -68.11695906432853]
SPS=77
Eval at step 4430000, survival=4.369%, return=[-1.5134631122152011, 210.63829535961136, -5.643145881438007, -26.608187134502955]
SPS=77
Eval at step 4440000, survival=9.458%, return=[-2.2025710053858347, 441.38705372810426, -5.388378341934488, -54.93567251462076]
SPS=77
Eval at step 4450000, survival=13.509%, return=[-2.652974582160823, 642.3776387914032, -5.851111044331144, -77.6900584795334]
SPS=77
Eval at step 4460000, survival=17.642%, return=[-3.189962131650342, 831.0166821924835, -6.398668102066343, -109.29239766082084]
SPS=77
Eval at step 4470000, survival=20.581%, return=[-3.7066131694203555, 952.4474913056696, -6.283348306225283, -121.01754385965147]
SPS=77
Eval at step 4480000, survival=22.532%, return=[-3.829109381108234, 1063.5970649242424, -6.900075446174014, -129.19883040935954]
SPS=77
Eval at step 4490000, survival=4.907%, return=[-1.6170592278358527, 231.38985145250945, -6.5355009899358265, -30.01754385964922]
SPS=77
Eval at step 4500000, survival=27.559%, return=[-4.509763530242101, 1286.4902645222353, -7.535383775320952, -166.2456140350911]
SPS=77
Eval at step 4510000, survival=28.563%, return=[-4.951459261452935, 1315.2576586707403, -6.984961954925287, -163.6315789473675]
SPS=77
Eval at step 4520000, survival=6.998%, return=[-1.8823852524510585, 329.2664945062007, -6.788115477887914, -41.07602339181329]
SPS=77
Eval at step 4530000, survival=8.676%, return=[-2.1678067698764303, 399.9088366381332, -8.37847588409204, -48.842105263158544]
SPS=77
Eval at step 4540000, survival=13.583%, return=[-2.81634350658472, 632.9115976969405, -5.607698332789975, -77.15204678362711]
SPS=77
Eval at step 4550000, survival=10.177%, return=[-2.2821190642231763, 480.9946149126688, -6.568361731789385, -60.14619883041004]
SPS=77
Eval at step 4560000, survival=17.791%, return=[-3.4312386491607563, 822.2615677801768, -7.218134044330024, -103.34502923976798]
SPS=77
Eval at step 4570000, survival=13.228%, return=[-2.701897772960365, 621.1537200450904, -7.299126645394911, -77.58479532163877]
SPS=77
Eval at step 4580000, survival=5.899%, return=[-1.7398288092420746, 279.8076067876817, -6.136142100479144, -33.795321637427044]
SPS=77
Eval at step 4590000, survival=8.796%, return=[-2.1201563218492083, 416.39131841659514, -6.379948765505105, -51.20467836257351]
SPS=77
Eval at step 4600000, survival=5.936%, return=[-1.7368099990999326, 279.94408476193746, -5.460989078002361, -35.83625730994203]
SPS=77
Eval at step 4610000, survival=6.060%, return=[-1.7333139687931787, 286.1301956558229, -5.573220450741549, -36.57894736842142]
SPS=77
Eval at step 4620000, survival=7.378%, return=[-1.924505374704798, 347.59559979279857, -6.37892680077736, -44.029239766082064]
SPS=77
Eval at step 4630000, survival=28.642%, return=[-4.929159708398704, 1318.4310247834512, -6.951796776712096, -164.29824561403868]
SPS=77
Eval at step 4640000, survival=16.993%, return=[-3.2520130469541377, 790.8923859151191, -5.893943155087375, -102.7076023391834]
SPS=77
Eval at step 4650000, survival=9.520%, return=[-2.231931052946796, 444.7169773991907, -6.980266977043357, -56.39766081871405]
SPS=77
Eval at step 4660000, survival=16.431%, return=[-3.1565716519835405, 764.6700535392755, -6.102176407560667, -97.35672514620076]
SPS=77
Eval at step 4670000, survival=29.993%, return=[-5.006174378329888, 1393.0389692958233, -8.046687195922763, -178.093567251456]
SPS=77
Eval at step 4680000, survival=19.511%, return=[-3.663148457863523, 898.4657571379345, -6.7956657738250215, -118.16959064327746]
SPS=77
Eval at step 4690000, survival=11.248%, return=[-2.357701840073181, 532.2254327487956, -5.697775505347333, -69.15204678362682]
SPS=77
Eval at step 4700000, survival=7.717%, return=[-1.9675558807794005, 365.5531253274277, -5.91987946528631, -45.748538011696326]
SPS=77
Eval at step 4710000, survival=12.512%, return=[-2.5688896399418204, 588.2940265687303, -6.630236581976836, -76.89473684210651]
SPS=77
Eval at step 4720000, survival=12.120%, return=[-2.537147597875446, 570.1629214318588, -5.580116090714, -74.54970760234025]
SPS=77
Eval at step 4730000, survival=14.662%, return=[-3.0108822032343596, 678.433538722992, -6.236454839612027, -87.67836257310084]
SPS=77
Eval at step 4740000, survival=11.624%, return=[-2.5100147430008897, 540.3925223414104, -5.916580663149944, -66.02339181286658]
SPS=77
Eval at step 4750000, survival=53.051%, return=[-8.264556719358856, 2448.7928983783727, -11.936281330044343, -305.49122807015783]
SPS=77
Eval at step 4760000, survival=13.856%, return=[-2.802908868121449, 648.0354736836754, -6.243665757273145, -83.25730994152178]
SPS=77
Eval at step 4770000, survival=1.232%, return=[-1.131321863271296, 58.862826569875075, -5.007203441649229, -8.783625730994151]
SPS=77
Eval at step 4780000, survival=16.543%, return=[-3.1515256398318647, 774.8597991689047, -6.186301795049076, -97.29239766082041]
SPS=77
Eval at step 4790000, survival=38.488%, return=[-6.223098546732217, 1775.0482574891992, -9.89918656638838, -227.92982456138748]
SPS=77
Eval at step 4800000, survival=4.411%, return=[-1.494419824021558, 217.45889637470245, -6.064568920060992, -27.198830409356713]
SPS=77
Eval at step 4810000, survival=13.219%, return=[-4.720771069289185, 619.0630741310126, -16.687345888853695, -75.5789473684224]
SPS=77
Eval at step 4820000, survival=17.109%, return=[-3.133719321767179, 804.5704718923566, -6.774351836807909, -108.97076023392007]
SPS=77
Eval at step 4830000, survival=19.622%, return=[-3.6433875142635466, 913.1558618990579, -6.435035566669285, -111.65497076023597]
SPS=77
Eval at step 4840000, survival=19.105%, return=[-3.5119599086271287, 895.8500359725955, -5.551514079977703, -113.72514619883206]
SPS=77
Eval at step 4850000, survival=8.127%, return=[-1.931127214532656, 392.7035576025641, -5.0848467609030195, -53.88304093567307]
SPS=77
Eval at step 4860000, survival=29.022%, return=[-5.022480194068824, 1341.2238508701337, -7.337364105391316, -160.43274853801518]
SPS=77
Eval at step 4870000, survival=11.115%, return=[-2.4086752443690784, 524.4813356240589, -5.413039231440052, -67.25730994152133]
SPS=77
Eval at step 4880000, survival=12.926%, return=[-2.731513152267629, 603.1918502108255, -6.186493370061119, -75.87719298245754]
SPS=77
Eval at step 4890000, survival=9.073%, return=[-2.1115292852434018, 426.9923449516296, -6.52976831306781, -56.14035087719375]
SPS=77
Eval at step 4900000, survival=11.111%, return=[-2.434016319399234, 523.0053751182559, -5.52735746318164, -64.48538011696006]
SPS=77
Eval at step 4910000, survival=9.718%, return=[-2.3108057036685445, 449.4623151477179, -6.49849446490407, -56.005847953217256]
SPS=77
Eval at step 4920000, survival=12.558%, return=[-2.7431761514550694, 577.1652126892407, -8.090926462279944, -79.34502923976716]
SPS=77
Eval at step 4930000, survival=25.909%, return=[-4.954008113786888, 1189.3365871413555, -11.025083853310207, -153.88304093567393]
SPS=77
Eval at step 4940000, survival=12.430%, return=[-2.4699824088602327, 594.1268747917808, -6.078880950565993, -72.85380116959205]
SPS=77
Eval at step 4950000, survival=10.983%, return=[-2.5450633605166026, 501.9438423792517, -5.890835733143224, -62.73684210526414]
SPS=77
Eval at step 4960000, survival=9.119%, return=[-2.232597342149044, 421.34348706722267, -6.814964790149436, -56.4385964912285]
SPS=77
Eval at step 4970000, survival=10.627%, return=[-2.4625965420079106, 487.76006656487743, -5.635393305376056, -62.91812865497144]
SPS=77
Eval at step 4980000, survival=24.963%, return=[-4.281481650463927, 1168.7333131345129, -7.161617951394874, -146.4795321637457]
SPS=77
Eval at step 4990000, survival=7.469%, return=[-1.9086623992188834, 358.82537620067586, -5.86529644834809, -45.432748538012156]
SPS=77
Eval at step 5000000, survival=19.238%, return=[-3.4358041050921506, 903.391743224461, -6.35813891578194, -112.33918128655061]
SPS=77
Eval at step 5010000, survival=11.727%, return=[-2.56128522742074, 547.1135195207602, -6.481571609028227, -67.4561403508781]
SPS=77
Eval at step 5020000, survival=7.577%, return=[-2.061608893544568, 347.821393283208, -5.51580178081834, -50.72514619883085]
SPS=77
Eval at step 5030000, survival=13.248%, return=[-2.6076371875048303, 630.1006879369417, -7.01475928320239, -78.25146198830527]
SPS=77
Eval at step 5040000, survival=13.290%, return=[-2.804260967163524, 616.6258856248852, -7.332490695950885, -79.49707602339295]
SPS=77
Eval at step 5050000, survival=28.311%, return=[-4.8352031550408965, 1309.421959644952, -6.066763101611286, -161.29239766081693]
SPS=77
Eval at step 5060000, survival=19.684%, return=[-3.4978640598904653, 924.5964090569814, -7.467664041381795, -117.28070175438818]
SPS=77
Eval at step 5070000, survival=43.192%, return=[-6.812433164818988, 2009.5375739447265, -9.484727265526695, -247.21637426899906]
SPS=77
Eval at step 5080000, survival=40.191%, return=[-6.537993571332966, 1849.8944860792196, -9.090522924622443, -233.95321637425727]
SPS=77
Eval at step 5090000, survival=15.617%, return=[-3.0165347712269672, 737.3390877532952, -6.230089143112612, -90.67836257310118]
SPS=77
Eval at step 5100000, survival=14.071%, return=[-2.784839223662857, 659.2835656452185, -6.21892334757528, -82.52631578947518]
SPS=77
Eval at step 5110000, survival=16.435%, return=[-3.249479422054719, 762.9270909388862, -9.530508826215131, -94.0175438596509]
SPS=77
Eval at step 5120000, survival=29.295%, return=[-4.826909089247541, 1368.112932732898, -8.455981521338495, -169.32748538011177]
SPS=77
Eval at step 5130000, survival=13.298%, return=[-2.664325520823089, 628.6460261980691, -6.228509419655893, -79.28654970760361]
SPS=77
Eval at step 5140000, survival=5.436%, return=[-1.6771810251132895, 257.0275103648502, -6.514778412296437, -32.216374269006224]
SPS=77
Eval at step 5150000, survival=16.865%, return=[-3.22710456099594, 781.7415656725574, -6.44989859929774, -104.70175438596713]
SPS=77
Eval at step 5160000, survival=20.040%, return=[-3.6727899676770903, 929.3555421797437, -6.560801641404396, -131.69590643274788]
SPS=77
Eval at step 5170000, survival=17.460%, return=[-3.4220632974562855, 798.8409626992551, -6.327901791189409, -107.56725146199012]
SPS=77
Eval at step 5180000, survival=4.849%, return=[-1.6393292671612774, 226.94583638509107, -5.323452230472564, -30.35672514619922]
SPS=77
Eval at step 5190000, survival=17.845%, return=[-3.3570921123803905, 826.2560664844514, -7.020868721432635, -105.45614035087898]
SPS=77
Eval at step 5200000, survival=28.522%, return=[-4.826618232570278, 1325.815882883071, -6.875340376621655, -169.11695906432973]
SPS=77
Eval at step 5210000, survival=10.276%, return=[-2.389664315424549, 478.6448418060934, -6.781990327765622, -62.39181286549769]
SPS=77
Eval at step 5220000, survival=22.706%, return=[-4.048274443426635, 1053.065043629009, -7.056187437934568, -138.98245614035343]
SPS=77
Eval at step 5230000, survival=36.161%, return=[-6.067192567085537, 1690.0862544584268, -11.670816095869062, -215.9181286549693]
SPS=77
Eval at step 5240000, survival=9.499%, return=[-2.1637535933987238, 448.9545169528323, -5.71653190238673, -56.836257309942084]
SPS=77
Eval at step 5250000, survival=20.015%, return=[-3.7775581348881437, 921.8212022908532, -7.2026025264106766, -119.97660818713705]
SPS=77
Eval at step 5260000, survival=13.918%, return=[-2.766585077974014, 656.7352167956034, -5.864568250564237, -82.77192982456268]
SPS=77
Eval at step 5270000, survival=20.403%, return=[-3.6113627132338784, 959.2124174054458, -6.412153576190273, -128.9005847953244]
SPS=77
Eval at step 5280000, survival=7.391%, return=[-2.024517957761418, 338.9424160925544, -6.660423379837691, -46.49122807017577]
SPS=77
Eval at step 5290000, survival=10.561%, return=[-2.4109937675336064, 491.0545986429852, -6.36607208228573, -64.43274853801242]
SPS=77
Eval at step 5300000, survival=8.180%, return=[-2.047467686391125, 385.58905545870476, -6.053035134527211, -53.853801169591016]
SPS=77
Eval at step 5310000, survival=26.339%, return=[-4.701842574286275, 1210.6907587877913, -6.272605193310786, -158.8538011695887]
SPS=77
Eval at step 5320000, survival=35.313%, return=[-5.929167572544732, 1622.3381103006998, -6.805298484784241, -216.67836257309366]
SPS=77
Eval at step 5330000, survival=13.418%, return=[-2.741611301782541, 629.4834022792178, -5.793180262417688, -82.15789473684335]
SPS=77
Eval at step 5340000, survival=14.025%, return=[-2.9073167931831754, 646.5414287726093, -7.105755447388219, -88.71929824561575]
SPS=77
Eval at step 5350000, survival=18.597%, return=[-3.429990356477598, 867.9297272713983, -6.141731574937391, -113.16374269006087]
SPS=77
Eval at step 5360000, survival=2.050%, return=[-1.2277277975614804, 99.56794767697647, -5.357670502426724, -14.116959064327489]
SPS=77
Eval at step 5370000, survival=22.408%, return=[-3.8586043822579086, 1046.7475032536177, -6.793392792266483, -137.1169590643277]
SPS=77
Eval at step 5380000, survival=8.081%, return=[-2.128189323023738, 371.2621098995205, -5.276182045073559, -50.39766081871422]
SPS=77
Eval at step 5390000, survival=10.429%, return=[-2.4072939519925662, 482.0472715520862, -5.7663101718062535, -64.16959064327548]
SPS=77
Eval at step 5400000, survival=18.444%, return=[-3.6206810698689273, 841.7140412791578, -8.163242137263296, -121.1111111111136]
SPS=77
Eval at step 5410000, survival=36.070%, return=[-6.01235058242067, 1656.8197647317238, -8.528722073328026, -214.0877192982493]
SPS=77
Eval at step 5420000, survival=18.795%, return=[-3.5784374823754965, 868.0413607470196, -5.816302452275219, -111.34502923976807]
SPS=77
Eval at step 5430000, survival=2.844%, return=[-1.3061611541197635, 139.07364176114402, -5.188096992807307, -18.578947368421044]
SPS=77
Eval at step 5440000, survival=15.108%, return=[-2.911917206035772, 713.8170074605933, -6.524042259358491, -96.29239766082041]
SPS=77
Eval at step 5450000, survival=32.288%, return=[-5.3478487727309885, 1499.8250690571458, -6.436118148227858, -193.67836257310213]
SPS=77
Eval at step 5460000, survival=29.084%, return=[-4.907928523995603, 1348.9961850198113, -6.375034986587707, -179.82456140351266]
SPS=77
Eval at step 5470000, survival=4.944%, return=[-1.5881780338046763, 236.62763357480367, -5.548861963868451, -30.32163742690075]
SPS=77
Eval at step 5480000, survival=12.847%, return=[-2.762582802970428, 591.4640476449331, -6.3020622218415765, -79.77777777777915]
SPS=77
Eval at step 5490000, survival=5.535%, return=[-1.6646392203013722, 266.37871672948205, -5.698370099028883, -34.22222222222243]
SPS=77
Eval at step 5500000, survival=18.659%, return=[-3.470153547124937, 869.5620150820441, -6.261939952450727, -110.0643274853821]
SPS=77
Eval at step 5510000, survival=11.405%, return=[-2.5030832216531658, 532.0843408616379, -5.438472594677781, -68.78947368421156]
SPS=77
Eval at step 5520000, survival=3.716%, return=[-1.3824217900983058, 180.14540136655174, -5.164159132322918, -24.85964912280703]
SPS=77
Eval at step 5530000, survival=20.887%, return=[-3.7628638022191203, 977.5239855225882, -6.740238089104726, -125.73684210526558]
SPS=77
Eval at step 5540000, survival=16.427%, return=[-3.1792352377863913, 760.9730889193216, -6.053912154243638, -100.41520467836465]
SPS=77
Eval at step 5550000, survival=20.875%, return=[-3.760779413957304, 973.5269126764942, -6.086916689780385, -125.52046783625973]
SPS=77
Eval at step 5560000, survival=11.524%, return=[-2.5082276556058787, 534.8459860340755, -5.904217180951188, -70.6900584795331]
SPS=77
Eval at step 5570000, survival=21.677%, return=[-3.863281223088658, 1008.2565398200344, -6.494684634849061, -128.85964912280937]
SPS=77
Eval at step 5580000, survival=14.120%, return=[-3.181667346798349, 656.9018879667913, -8.441547727386933, -87.05263157894892]
SPS=77
Eval at step 5590000, survival=16.047%, return=[-3.1885157783981413, 741.6326655435563, -6.422327838023193, -91.85964912280849]
SPS=77
Eval at step 5600000, survival=37.000%, return=[-5.753855214667662, 1727.987724831898, -6.924662854115013, -220.84210526314757]
SPS=77
Eval at step 5610000, survival=14.546%, return=[-2.973686592381758, 672.5257339477538, -5.8224567897656625, -88.7543859649136]
SPS=77
Eval at step 5620000, survival=13.910%, return=[-2.90520613452342, 640.3610308265685, -6.710548191738781, -86.38011695906567]
SPS=77
Eval at step 5630000, survival=3.873%, return=[-1.4100240216163609, 189.39309803644815, -5.183213867926194, -26.216374269006025]
SPS=77
Eval at step 5640000, survival=28.948%, return=[-4.965632310699827, 1332.022436664898, -7.566397571160148, -176.8245614035112]
SPS=77
Eval at step 5650000, survival=12.322%, return=[-2.5576541631792984, 578.4019717295968, -6.984044007956982, -76.88888888889004]
SPS=77
Eval at step 5660000, survival=62.136%, return=[-9.159294284162266, 2884.775013914114, -8.568485628481236, -380.7719298245426]
SPS=77
Eval at step 5670000, survival=6.399%, return=[-1.8888126140809618, 292.36571313540185, -6.232104576774873, -37.14035087719353]
SPS=77
Eval at step 5680000, survival=7.312%, return=[-1.9581281339245227, 341.4457493178047, -5.5608857642704, -45.39181286549746]
SPS=77
Eval at step 5690000, survival=7.126%, return=[-2.0000740728961923, 325.20017026106547, -6.42906581783124, -41.92397660818784]
SPS=77
Eval at step 5700000, survival=31.180%, return=[-5.15240227584339, 1444.4441417757698, -10.064794833251957, -191.01169590643084]
SPS=77
Eval at step 5710000, survival=28.195%, return=[-4.828523037605919, 1306.4859401098859, -7.70687527811242, -172.83625730993802]
SPS=77
Eval at step 5720000, survival=20.660%, return=[-3.8828207862679847, 946.1942194509502, -6.622812981615425, -124.81286549707222]
SPS=77
Eval at step 5730000, survival=11.037%, return=[-2.9086194620467722, 502.92989700476295, -10.847330762674877, -73.35087719298359]
SPS=77
Eval at step 5740000, survival=26.550%, return=[-4.66201608942356, 1224.5945845158901, -6.72677833941998, -160.69005847953198]
SPS=77
Eval at step 5750000, survival=6.858%, return=[-1.9222137123385135, 317.8123571618397, -6.173716358549427, -45.116959064327794]
SPS=77
Eval at step 5760000, survival=26.013%, return=[-4.657393267843872, 1192.1197197786962, -6.35765273328919, -150.56725146198156]
SPS=77
Eval at step 5770000, survival=14.075%, return=[-2.8725820014757724, 656.7675191561387, -5.934431767925465, -84.040935672516]
SPS=77
Eval at step 5780000, survival=6.841%, return=[-1.8944813707688202, 320.5347016175591, -5.448240984968531, -42.146198830409624]
SPS=77
Eval at step 5790000, survival=11.033%, return=[-2.396262362056101, 520.5616183916728, -5.21923070109915, -65.93567251462078]
SPS=77
Eval at step 5800000, survival=9.879%, return=[-2.3257919184979983, 458.48965812842016, -6.962087121171256, -61.140350877193505]
SPS=77
Eval at step 5810000, survival=6.469%, return=[-1.8400122406116377, 303.87518095493306, -5.885229796015968, -38.59649122807043]
SPS=77
Eval at step 5820000, survival=14.525%, return=[-2.877962564234622, 679.9264204978944, -5.437679007222566, -91.97076023391979]
SPS=77
Eval at step 5830000, survival=27.220%, return=[-4.673557278913601, 1260.9643666235618, -10.183480918305577, -164.54385964911944]
SPS=77
Eval at step 5840000, survival=17.502%, return=[-3.272121754455535, 819.0251582606628, -6.365842578534891, -106.14035087719509]
SPS=77
Eval at step 5850000, survival=9.937%, return=[-2.251639378160083, 466.0813825956979, -5.6320813195876935, -61.50877192982539]
SPS=77
Eval at step 5860000, survival=4.191%, return=[-1.4866996530327015, 200.53795867760974, -6.0055417029652745, -28.6842105263158]
SPS=77
Eval at step 5870000, survival=10.061%, return=[-2.1950535488043292, 477.83232275009226, -5.757045951322652, -60.56725146198957]
SPS=77
Eval at step 5880000, survival=32.498%, return=[-5.320998813568925, 1515.8142005523048, -7.304812430281345, -196.2573099415164]
SPS=77
Eval at step 5890000, survival=25.451%, return=[-4.5157325907881996, 1168.9397914862623, -8.596183761474094, -154.80701754385882]
SPS=77
Eval at step 5900000, survival=33.767%, return=[-5.416662588269294, 1576.4960850811046, -7.743696517237065, -203.95321637426375]
SPS=77
Eval at step 5910000, survival=11.930%, return=[-2.5960955626602904, 553.6757080030442, -5.822586014978394, -69.16374269005946]
SPS=77
Eval at step 5920000, survival=5.386%, return=[-1.6401893601287156, 259.76724063873286, -6.493617857573554, -32.116959064327624]
SPS=77
Eval at step 5930000, survival=2.827%, return=[-1.299513907074773, 136.36322215716046, -5.19045855353276, -19.43274853801171]
SPS=77
Eval at step 5940000, survival=9.640%, return=[-2.247772166369638, 453.21330979982986, -5.471525402351593, -55.309941520468676]
SPS=77
Eval at step 5950000, survival=8.652%, return=[-2.042976208613254, 415.3405437898635, -7.339353014171745, -53.67251461988355]
SPS=77
Eval at step 5960000, survival=30.646%, return=[-5.109648702627358, 1419.349649276731, -6.944915118193118, -191.573099415209]
SPS=77
Eval at step 5970000, survival=14.385%, return=[-2.917505058615158, 669.0489036607742, -6.194755072200981, -87.97076023391953]
SPS=77
Eval at step 5980000, survival=15.261%, return=[-3.0419111219040738, 707.2806592210128, -6.671399565335984, -99.21637426900737]
SPS=77
Eval at step 5990000, survival=13.290%, return=[-2.7499551735430336, 619.0362888924278, -5.724874429387758, -78.99415204678506]
SPS=77
Eval at step 6000000, survival=8.701%, return=[-2.124116578779649, 406.44003434181224, -5.781593365612935, -58.10526315789519]
SPS=77
Eval at step 6010000, survival=26.711%, return=[-4.623929432050015, 1233.890832796098, -6.529890871800792, -169.1052631578892]
SPS=77
Eval at step 6020000, survival=4.816%, return=[-1.6142300857463852, 227.35092041015628, -5.4716858243724955, -28.74853801169608]
SPS=77
Eval at step 6030000, survival=13.331%, return=[-2.7402323247709623, 626.6647064272557, -6.133497594951526, -78.05847953216517]
SPS=77
Eval at step 6040000, survival=9.363%, return=[-2.2863464286007606, 426.7201713911691, -5.421771303634159, -62.953216374269914]
SPS=77
