Initializing the distributed action 'mapper'... (takes a while with big action spaces)
[VIPER] oracle=ppo (from /rds/general/user/ssl125/home/RL2Grid_full/checkpoint/final_PPO_bus36-M_T_100_0__I__1784927195_14574.tar)
[VIPER TREE] depth=9 leaves=32 nodes=63 ccp_alpha=0.00000000 fit_samples=5001 dataset=5001
Eval at step 5001, survival=17.932%, return=[-100.45918006171512, 785.26130792577, -587.0711699635095, -109.7608286252353]
[VIPER] iter=1/15 dataset=5001 fit_samples=5001 weighted_acc=0.995020 survival=17.932% best_survival=17.932%
[VIPER TREE] depth=9 leaves=32 nodes=63 ccp_alpha=0.00000000 fit_samples=10002 dataset=10002
Eval at step 10002, survival=22.683%, return=[-195.99571227669367, 849.2079776726292, -1418.804652892106, -239.5103578154412]
[VIPER] iter=2/15 dataset=10002 fit_samples=10002 weighted_acc=0.996324 survival=22.683% best_survival=22.683%
[VIPER TREE] depth=10 leaves=32 nodes=63 ccp_alpha=0.00000000 fit_samples=15003 dataset=15003
Eval at step 15003, survival=59.034%, return=[-3.9732983596331906, 3064.505763135807, -739.9259327753439, -49.96045197740272]
[VIPER] iter=3/15 dataset=15003 fit_samples=15003 weighted_acc=0.997650 survival=59.034% best_survival=59.034%
[VIPER TREE] depth=10 leaves=32 nodes=63 ccp_alpha=0.00000000 fit_samples=20004 dataset=20004
Eval at step 20004, survival=52.919%, return=[-3.6353120428636125, 2781.8514893299866, -211.66991508882424, -19.54613935969869]
[VIPER] iter=4/15 dataset=20004 fit_samples=20004 weighted_acc=0.998203 survival=52.919% best_survival=59.034%
[VIPER TREE] depth=11 leaves=32 nodes=63 ccp_alpha=0.00000000 fit_samples=25005 dataset=25005
Eval at step 25005, survival=35.095%, return=[-2.7476840719221705, 1825.6320694029628, -274.2810181476955, -18.91713747646006]
[VIPER] iter=5/15 dataset=25005 fit_samples=25005 weighted_acc=0.998535 survival=35.095% best_survival=59.034%
[VIPER TREE] depth=11 leaves=32 nodes=63 ccp_alpha=0.00000000 fit_samples=30006 dataset=30006
Eval at step 30006, survival=60.101%, return=[-4.085409233710379, 3080.1640021661965, -1062.1414144608823, -71.4293785310744]
[VIPER] iter=6/15 dataset=30006 fit_samples=30006 weighted_acc=0.998673 survival=60.101% best_survival=60.101%
[VIPER TREE] depth=10 leaves=32 nodes=63 ccp_alpha=0.00000000 fit_samples=35007 dataset=35007
Eval at step 35007, survival=4.813%, return=[-1.2226416713820072, 251.88227359538314, -59.56754847901423, -11.423728813559313]
[VIPER] iter=7/15 dataset=35007 fit_samples=35007 weighted_acc=0.998666 survival=4.813% best_survival=60.101%
[VIPER TREE] depth=12 leaves=32 nodes=63 ccp_alpha=0.00000000 fit_samples=40008 dataset=40008
Eval at step 40008, survival=56.247%, return=[-8.546326872339705, 2892.2212500997216, -831.3186707139539, -59.87947269302853]
[VIPER] iter=8/15 dataset=40008 fit_samples=40008 weighted_acc=0.997958 survival=56.247% best_survival=60.101%
[VIPER TREE] depth=12 leaves=32 nodes=63 ccp_alpha=0.00000000 fit_samples=45009 dataset=45009
Eval at step 45009, survival=42.186%, return=[-3.1500770801115627, 2211.3595874521156, -519.2430773819118, -35.34086629002001]
[VIPER] iter=9/15 dataset=45009 fit_samples=45009 weighted_acc=0.997708 survival=42.186% best_survival=60.101%
[VIPER TREE] depth=11 leaves=32 nodes=63 ccp_alpha=0.00000000 fit_samples=50000 dataset=50010
Eval at step 50010, survival=33.784%, return=[-5.3634766189012835, 1753.520603603114, -461.13791776993367, -33.32580037664895]
[VIPER] iter=10/15 dataset=50010 fit_samples=50000 weighted_acc=0.996854 survival=33.784% best_survival=60.101%
[VIPER TREE] depth=12 leaves=32 nodes=63 ccp_alpha=0.00000000 fit_samples=50000 dataset=55011
Eval at step 55011, survival=65.141%, return=[-3.9894625377928605, 3375.9841751110175, -869.6194236700206, -58.43314500941846]
[VIPER] iter=11/15 dataset=55011 fit_samples=50000 weighted_acc=0.997330 survival=65.141% best_survival=65.141%
[VIPER TREE] depth=12 leaves=32 nodes=63 ccp_alpha=0.00000000 fit_samples=50000 dataset=60012
Eval at step 60012, survival=45.460%, return=[-4.744636389489945, 2304.0614212022956, -1032.957675215662, -73.42184557438564]
[VIPER] iter=12/15 dataset=60012 fit_samples=50000 weighted_acc=0.997876 survival=45.460% best_survival=65.141%
[VIPER TREE] depth=12 leaves=32 nodes=63 ccp_alpha=0.00000000 fit_samples=50000 dataset=65013
Eval at step 65013, survival=71.054%, return=[-10.300676612076737, 3659.693139362889, -1017.4336212414446, -83.89453860640582]
[VIPER] iter=13/15 dataset=65013 fit_samples=50000 weighted_acc=0.997052 survival=71.054% best_survival=71.054%
[VIPER TREE] depth=11 leaves=32 nodes=63 ccp_alpha=0.00000000 fit_samples=50000 dataset=70014
Eval at step 70014, survival=88.559%, return=[-4.966978764646531, 4580.1039298484, -1024.1706697876664, -68.48399246704531]
[VIPER] iter=14/15 dataset=70014 fit_samples=50000 weighted_acc=0.997409 survival=88.559% best_survival=88.559%
[VIPER TREE] depth=12 leaves=32 nodes=63 ccp_alpha=0.00000000 fit_samples=50000 dataset=75015
Eval at step 75015, survival=23.468%, return=[-3.4324101193875927, 1241.9223262158941, -167.96193895219218, -12.935969868173437]
[VIPER] iter=15/15 dataset=75015 fit_samples=50000 weighted_acc=0.996933 survival=23.468% best_survival=88.559%
