[F2] training env filtered to 10/20 chronics (every 2th id held out for evaluation)
Initializing the distributed action 'mapper'... (takes a while with big action spaces)
[F2] training env filtered to 10/20 chronics (every 2th id held out for evaluation)
[F2] training env filtered to 10/20 chronics (every 2th id held out for evaluation)
[F2] training env filtered to 10/20 chronics (every 2th id held out for evaluation)
[F2] training env filtered to 10/20 chronics (every 2th id held out for evaluation)
[DTPO] gate eval on 10 training-side chronics (of 20); overlap with the held-out pool = 0 (must be 0): ids=[0, 2, 4, 6, 8, 10, 12, 14, 16, 18]
[DTPO] it=1/150 step=9999 J_new=0.0773 kept mode=full leaves=16 survival=27.18% best=27.18% std=36.9%
[DTPO] it=2/150 step=19998 J_new=0.1374 kept mode=full leaves=16 survival=6.24% best=27.18% std=11.9%
[DTPO] it=3/150 step=29997 J_new=0.0673 kept mode=full leaves=16 survival=2.43% best=27.18% std=4.1%
[DTPO] it=4/150 step=39996 J_new=0.0868 kept mode=full leaves=16 survival=1.47% best=27.18% std=1.9%
[DTPO] it=5/150 step=49995 J_new=0.1031 kept mode=full leaves=16 survival=1.13% best=27.18% std=1.8%
[DTPO] it=6/150 step=59994 J_new=0.0329 kept mode=full leaves=16 survival=3.80% best=27.18% std=6.1%
[DTPO] it=7/150 step=69993 J_new=0.0621 kept mode=full leaves=16 survival=2.90% best=27.18% std=5.3%
[DTPO] it=8/150 step=79992 J_new=0.0248 kept mode=full leaves=16 survival=3.36% best=27.18% std=5.1%
[DTPO] it=9/150 step=89991 J_new=0.2324 kept mode=full leaves=16 survival=0.91% best=27.18% std=1.8%
[DTPO] it=10/150 step=99990 J_new=0.0314 kept mode=full leaves=16 survival=1.67% best=27.18% std=3.9%
[DTPO] it=11/150 step=109989 J_new=0.1845 kept mode=full leaves=16 survival=0.38% best=27.18% std=0.9%
[DTPO] it=12/150 step=119988 J_new=0.0831 kept mode=full leaves=16 survival=1.62% best=27.18% std=3.7%
[DTPO] it=13/150 step=129987 J_new=0.2322 kept mode=full leaves=16 survival=5.68% best=27.18% std=11.5%
[DTPO] it=14/150 step=139986 J_new=0.1594 kept mode=full leaves=16 survival=1.47% best=27.18% std=1.9%
[DTPO] it=15/150 step=149985 J_new=0.1369 kept mode=full leaves=16 survival=3.36% best=27.18% std=5.1%
[DTPO] it=16/150 step=159984 J_new=0.0175 kept mode=full leaves=16 survival=0.96% best=27.18% std=1.6%
[DTPO] it=17/150 step=169983 J_new=0.8149 kept mode=full leaves=16 survival=9.31% best=27.18% std=12.8%
[DTPO] it=18/150 step=179982 J_new=0.0530 kept mode=full leaves=16 survival=2.29% best=27.18% std=3.8%
[DTPO] it=19/150 step=189981 J_new=0.1797 kept mode=full leaves=16 survival=2.36% best=27.18% std=4.0%
[DTPO] it=20/150 step=199980 J_new=0.4443 kept mode=full leaves=16 survival=2.27% best=27.18% std=4.0%
[DTPO] it=21/150 step=209979 J_new=0.8873 kept mode=full leaves=16 survival=2.20% best=27.18% std=3.8%
[DTPO] it=22/150 step=219978 J_new=0.0835 kept mode=full leaves=16 survival=2.11% best=27.18% std=5.1%
[DTPO] it=23/150 step=229977 J_new=0.4462 kept mode=full leaves=16 survival=6.63% best=27.18% std=9.6%
[DTPO] it=24/150 step=239976 J_new=0.1276 kept mode=full leaves=16 survival=3.74% best=27.18% std=6.7%
[DTPO] it=25/150 step=249975 J_new=0.0071 kept mode=full leaves=16 survival=1.85% best=27.18% std=2.3%
[DTPO] it=26/150 step=259974 J_new=0.0118 kept mode=full leaves=16 survival=2.64% best=27.18% std=4.1%
[DTPO] it=27/150 step=269973 J_new=0.0283 kept mode=full leaves=16 survival=2.99% best=27.18% std=4.5%
[DTPO] it=28/150 step=279972 J_new=0.1274 kept mode=full leaves=16 survival=2.80% best=27.18% std=4.5%
[DTPO] it=29/150 step=289971 J_new=0.6194 kept mode=full leaves=16 survival=0.13% best=27.18% std=0.0%
[DTPO] it=30/150 step=299970 J_new=0.1902 kept mode=full leaves=16 survival=18.31% best=27.18% std=23.9%
[DTPO] it=31/150 step=309969 J_new=0.1855 kept mode=full leaves=16 survival=8.63% best=27.18% std=5.3%
[DTPO] it=32/150 step=319968 J_new=5.0474 kept mode=full leaves=16 survival=7.45% best=27.18% std=10.6%
[DTPO] it=33/150 step=329967 J_new=0.2540 kept mode=full leaves=16 survival=23.62% best=27.18% std=28.1%
[DTPO] it=34/150 step=339966 J_new=0.0593 kept mode=full leaves=16 survival=17.90% best=27.18% std=28.4%
[DTPO] it=35/150 step=349965 J_new=0.0474 kept mode=full leaves=16 survival=0.84% best=27.18% std=1.2%
[DTPO] it=36/150 step=359964 J_new=0.2100 kept mode=full leaves=16 survival=0.13% best=27.18% std=0.0%
[DTPO] it=37/150 step=369963 J_new=0.0434 kept mode=full leaves=16 survival=0.16% best=27.18% std=0.0%
[DTPO] it=38/150 step=379962 J_new=0.0602 kept mode=full leaves=16 survival=2.58% best=27.18% std=4.0%
[DTPO] it=39/150 step=389961 J_new=0.0074 kept mode=full leaves=16 survival=1.33% best=27.18% std=3.1%
[DTPO] it=40/150 step=399960 J_new=0.0511 kept mode=full leaves=16 survival=0.35% best=27.18% std=0.2%
[DTPO] it=41/150 step=409959 J_new=0.0116 kept mode=full leaves=16 survival=0.42% best=27.18% std=0.3%
[DTPO] it=42/150 step=419958 J_new=0.1113 kept mode=full leaves=16 survival=0.17% best=27.18% std=0.0%
[DTPO] it=43/150 step=429957 J_new=0.0751 kept mode=full leaves=16 survival=0.18% best=27.18% std=0.1%
[DTPO] it=44/150 step=439956 J_new=0.0569 kept mode=full leaves=16 survival=4.35% best=27.18% std=4.1%
[DTPO] it=45/150 step=449955 J_new=0.2133 kept mode=full leaves=16 survival=0.08% best=27.18% std=0.0%
[DTPO] it=46/150 step=459954 J_new=0.0065 kept mode=full leaves=16 survival=3.17% best=27.18% std=4.2%
[DTPO] it=47/150 step=469953 J_new=0.0257 kept mode=full leaves=16 survival=5.23% best=27.18% std=4.8%
[DTPO] it=48/150 step=479952 J_new=0.0189 kept mode=full leaves=16 survival=10.39% best=27.18% std=9.9%
[DTPO] it=49/150 step=489951 J_new=0.1026 kept mode=full leaves=16 survival=4.74% best=27.18% std=5.3%
[DTPO] it=50/150 step=499950 J_new=0.0520 kept mode=full leaves=16 survival=4.74% best=27.18% std=5.3%
[DTPO] it=51/150 step=509949 J_new=0.0274 kept mode=full leaves=16 survival=4.74% best=27.18% std=5.3%
[DTPO] it=52/150 step=519948 J_new=0.4847 kept mode=full leaves=16 survival=5.70% best=27.18% std=5.1%
[DTPO] it=53/150 step=529947 J_new=0.0482 kept mode=full leaves=16 survival=3.29% best=27.18% std=3.8%
[DTPO] it=54/150 step=539946 J_new=0.0769 kept mode=full leaves=16 survival=1.48% best=27.18% std=3.1%
[DTPO] it=55/150 step=549945 J_new=0.0251 kept mode=full leaves=16 survival=17.61% best=27.18% std=28.0%
[DTPO] it=56/150 step=559944 J_new=0.0386 kept mode=full leaves=16 survival=8.57% best=27.18% std=6.0%
[DTPO] it=57/150 step=569943 J_new=0.0248 kept mode=full leaves=16 survival=4.18% best=27.18% std=3.7%
[DTPO] it=58/150 step=579942 J_new=0.0199 kept mode=full leaves=16 survival=0.21% best=27.18% std=0.0%
[DTPO] it=59/150 step=589941 J_new=0.0174 kept mode=full leaves=16 survival=8.98% best=27.18% std=6.2%
[DTPO] it=60/150 step=599940 J_new=0.0221 kept mode=full leaves=16 survival=11.92% best=27.18% std=14.3%
[DTPO] it=61/150 step=609939 J_new=0.0182 kept mode=full leaves=16 survival=9.02% best=27.18% std=6.3%
[DTPO] it=62/150 step=619938 J_new=0.0215 kept mode=full leaves=16 survival=0.32% best=27.18% std=0.5%
[DTPO] it=63/150 step=629937 J_new=0.0148 kept mode=full leaves=16 survival=0.20% best=27.18% std=0.2%
[DTPO] it=64/150 step=639936 J_new=0.0219 kept mode=full leaves=16 survival=4.18% best=27.18% std=3.7%
[DTPO] it=65/150 step=649935 J_new=0.1713 kept mode=full leaves=16 survival=4.18% best=27.18% std=3.7%
[DTPO] it=66/150 step=659934 J_new=0.0167 kept mode=full leaves=16 survival=0.89% best=27.18% std=1.0%
[DTPO] it=67/150 step=669933 J_new=0.0110 kept mode=full leaves=16 survival=4.18% best=27.18% std=3.7%
[DTPO] it=68/150 step=679932 J_new=0.0171 kept mode=full leaves=16 survival=4.34% best=27.18% std=4.1%
[DTPO] it=69/150 step=689931 J_new=0.0216 kept mode=full leaves=16 survival=0.54% best=27.18% std=0.5%
[DTPO] it=70/150 step=699930 J_new=0.0231 kept mode=full leaves=16 survival=0.10% best=27.18% std=0.0%
[DTPO] it=71/150 step=709929 J_new=0.0133 kept mode=full leaves=16 survival=0.10% best=27.18% std=0.0%
[DTPO] it=72/150 step=719928 J_new=0.0150 kept mode=full leaves=16 survival=0.17% best=27.18% std=0.2%
[DTPO] it=73/150 step=729927 J_new=0.0085 kept mode=full leaves=16 survival=0.16% best=27.18% std=0.2%
[DTPO] it=74/150 step=739926 J_new=0.0254 kept mode=full leaves=16 survival=9.75% best=27.18% std=15.2%
[DTPO] it=75/150 step=749925 J_new=0.0922 kept mode=full leaves=16 survival=0.15% best=27.18% std=0.1%
[DTPO] it=76/150 step=759924 J_new=0.0249 kept mode=full leaves=16 survival=0.11% best=27.18% std=0.0%
[DTPO] it=77/150 step=769923 J_new=0.0183 kept mode=full leaves=16 survival=6.99% best=27.18% std=7.6%
[DTPO] it=78/150 step=779922 J_new=0.0160 kept mode=full leaves=16 survival=12.19% best=27.18% std=13.1%
[DTPO] it=79/150 step=789921 J_new=0.0106 kept mode=full leaves=16 survival=8.45% best=27.18% std=4.3%
[DTPO] it=80/150 step=799920 J_new=0.0610 kept mode=full leaves=16 survival=8.39% best=27.18% std=4.2%
[DTPO] it=81/150 step=809919 J_new=0.0089 kept mode=full leaves=16 survival=0.13% best=27.18% std=0.1%
[DTPO] it=82/150 step=819918 J_new=0.0127 kept mode=full leaves=16 survival=0.21% best=27.18% std=0.1%
[DTPO] it=83/150 step=829917 J_new=0.0119 kept mode=full leaves=16 survival=1.93% best=27.18% std=4.3%
[DTPO] it=84/150 step=839916 J_new=0.0114 kept mode=full leaves=16 survival=0.10% best=27.18% std=0.0%
[DTPO] it=85/150 step=849915 J_new=0.0083 kept mode=full leaves=16 survival=0.14% best=27.18% std=0.1%
[DTPO] it=86/150 step=859914 J_new=0.0112 kept mode=full leaves=16 survival=0.11% best=27.18% std=0.0%
[DTPO] it=87/150 step=869913 J_new=0.0160 kept mode=full leaves=16 survival=2.10% best=27.18% std=2.1%
[DTPO] it=88/150 step=879912 J_new=0.0582 kept mode=full leaves=16 survival=0.56% best=27.18% std=1.0%
[DTPO] it=89/150 step=889911 J_new=0.0068 kept mode=full leaves=16 survival=0.11% best=27.18% std=0.0%
[DTPO] it=90/150 step=899910 J_new=0.0128 kept mode=full leaves=16 survival=4.18% best=27.18% std=3.7%
[DTPO] it=91/150 step=909909 J_new=0.0174 kept mode=full leaves=16 survival=9.58% best=27.18% std=6.6%
[DTPO] it=92/150 step=919908 J_new=0.0104 kept mode=full leaves=16 survival=0.11% best=27.18% std=0.0%
[DTPO] it=93/150 step=929907 J_new=0.0094 kept mode=full leaves=16 survival=3.52% best=27.18% std=3.7%
[DTPO] it=94/150 step=939906 J_new=0.0201 kept mode=full leaves=16 survival=0.11% best=27.18% std=0.0%
[DTPO] it=95/150 step=949905 J_new=0.0331 kept mode=full leaves=16 survival=2.24% best=27.18% std=2.0%
[DTPO] it=96/150 step=959904 J_new=0.0102 kept mode=full leaves=16 survival=0.33% best=27.18% std=0.3%
[DTPO] it=97/150 step=969903 J_new=0.0145 kept mode=full leaves=16 survival=7.76% best=27.18% std=11.5%
[DTPO] it=98/150 step=979902 J_new=0.0078 kept mode=full leaves=16 survival=1.01% best=27.18% std=1.6%
[DTPO] it=99/150 step=989901 J_new=0.0131 kept mode=full leaves=16 survival=0.67% best=27.18% std=0.7%
[DTPO] it=100/150 step=999900 J_new=0.0037 kept mode=full leaves=16 survival=0.69% best=27.18% std=0.7%
[DTPO] it=101/150 step=1009899 J_new=0.0166 kept mode=full leaves=16 survival=0.10% best=27.18% std=0.0%
[DTPO] it=102/150 step=1019898 J_new=0.0162 kept mode=full leaves=16 survival=0.82% best=27.18% std=1.2%
[DTPO] it=103/150 step=1029897 J_new=0.0119 kept mode=full leaves=16 survival=2.27% best=27.18% std=4.3%
[DTPO] it=104/150 step=1039896 J_new=0.0782 kept mode=full leaves=16 survival=0.12% best=27.18% std=0.1%
[DTPO] it=105/150 step=1049895 J_new=0.0121 kept mode=full leaves=16 survival=0.48% best=27.18% std=1.0%
[DTPO] it=106/150 step=1059894 J_new=0.0111 kept mode=full leaves=16 survival=0.46% best=27.18% std=1.0%
[DTPO] it=107/150 step=1069893 J_new=0.0203 kept mode=full leaves=16 survival=0.43% best=27.18% std=1.0%
[DTPO] it=108/150 step=1079892 J_new=0.1464 kept mode=full leaves=16 survival=0.43% best=27.18% std=1.0%
[DTPO] it=109/150 step=1089891 J_new=0.0097 kept mode=full leaves=16 survival=0.43% best=27.18% std=1.0%
[DTPO] it=110/150 step=1099890 J_new=0.0172 kept mode=full leaves=16 survival=0.53% best=27.18% std=1.3%
[DTPO] it=111/150 step=1109889 J_new=0.0125 kept mode=full leaves=16 survival=0.53% best=27.18% std=1.3%
[DTPO] it=112/150 step=1119888 J_new=0.0154 kept mode=full leaves=16 survival=0.43% best=27.18% std=1.0%
[DTPO] it=113/150 step=1129887 J_new=0.0148 kept mode=full leaves=16 survival=0.43% best=27.18% std=1.0%
[DTPO] it=114/150 step=1139886 J_new=0.0152 kept mode=full leaves=16 survival=0.43% best=27.18% std=1.0%
[DTPO] it=115/150 step=1149885 J_new=0.0151 kept mode=full leaves=16 survival=17.91% best=27.18% std=9.5%
[DTPO] it=116/150 step=1159884 J_new=0.0167 kept mode=full leaves=16 survival=1.24% best=27.18% std=1.5%
[DTPO] it=117/150 step=1169883 J_new=0.0106 kept mode=full leaves=16 survival=0.43% best=27.18% std=1.0%
[DTPO] it=118/150 step=1179882 J_new=0.0181 kept mode=full leaves=16 survival=1.33% best=27.18% std=3.7%
[DTPO] it=119/150 step=1189881 J_new=0.0241 kept mode=full leaves=16 survival=1.33% best=27.18% std=3.7%
[DTPO] it=120/150 step=1199880 J_new=0.0145 kept mode=full leaves=16 survival=0.43% best=27.18% std=1.0%
[DTPO] it=121/150 step=1209879 J_new=0.0090 kept mode=full leaves=16 survival=0.43% best=27.18% std=1.0%
[DTPO] it=122/150 step=1219878 J_new=0.0126 kept mode=full leaves=16 survival=0.43% best=27.18% std=1.0%
[DTPO] it=123/150 step=1229877 J_new=0.0068 kept mode=full leaves=16 survival=0.43% best=27.18% std=1.0%
[DTPO] it=124/150 step=1239876 J_new=0.0080 kept mode=full leaves=16 survival=0.43% best=27.18% std=1.0%
[DTPO] it=125/150 step=1249875 J_new=0.0128 kept mode=full leaves=16 survival=0.43% best=27.18% std=1.0%
[DTPO] it=126/150 step=1259874 J_new=0.0113 kept mode=full leaves=16 survival=0.43% best=27.18% std=1.0%
[DTPO] it=127/150 step=1269873 J_new=0.0152 kept mode=full leaves=16 survival=0.43% best=27.18% std=1.0%
[DTPO] it=128/150 step=1279872 J_new=0.0072 kept mode=full leaves=16 survival=56.50% best=56.50% std=38.4%
[DTPO] it=129/150 step=1289871 J_new=0.0137 kept mode=full leaves=16 survival=41.64% best=56.50% std=33.5%
[DTPO] it=130/150 step=1299870 J_new=0.0218 kept mode=full leaves=16 survival=44.87% best=56.50% std=31.8%
[DTPO] it=131/150 step=1309869 J_new=0.0049 kept mode=full leaves=16 survival=16.94% best=56.50% std=19.2%
[DTPO] it=132/150 step=1319868 J_new=0.0130 kept mode=full leaves=16 survival=18.73% best=56.50% std=19.9%
[DTPO] it=133/150 step=1329867 J_new=0.0132 kept mode=full leaves=16 survival=3.89% best=56.50% std=6.7%
[DTPO] it=134/150 step=1339866 J_new=0.0154 kept mode=full leaves=16 survival=89.21% best=89.21% std=23.7%
[DTPO] it=135/150 step=1349865 J_new=0.0259 kept mode=full leaves=16 survival=81.57% best=89.21% std=26.8%
[DTPO] it=136/150 step=1359864 J_new=0.0201 kept mode=full leaves=16 survival=81.57% best=89.21% std=26.8%
[DTPO] it=137/150 step=1369863 J_new=0.0109 kept mode=full leaves=16 survival=84.90% best=89.21% std=26.8%
[DTPO] it=138/150 step=1379862 J_new=0.0073 kept mode=full leaves=16 survival=27.77% best=89.21% std=25.4%
[DTPO] it=139/150 step=1389861 J_new=0.0090 kept mode=full leaves=16 survival=9.26% best=89.21% std=6.0%
[DTPO] it=140/150 step=1399860 J_new=0.0037 kept mode=full leaves=16 survival=12.49% best=89.21% std=7.8%
[DTPO] it=141/150 step=1409859 J_new=0.0074 kept mode=full leaves=16 survival=8.51% best=89.21% std=8.0%
[DTPO] it=142/150 step=1419858 J_new=0.0100 kept mode=full leaves=16 survival=11.33% best=89.21% std=6.8%
[DTPO] it=143/150 step=1429857 J_new=0.0094 kept mode=full leaves=16 survival=7.44% best=89.21% std=6.4%
[DTPO] it=144/150 step=1439856 J_new=0.0096 kept mode=full leaves=16 survival=6.41% best=89.21% std=3.9%
[DTPO] it=145/150 step=1449855 J_new=0.0080 kept mode=full leaves=16 survival=6.52% best=89.21% std=4.1%
[DTPO] it=146/150 step=1459854 J_new=0.0157 kept mode=full leaves=16 survival=9.13% best=89.21% std=4.7%
[DTPO] it=147/150 step=1469853 J_new=0.0107 kept mode=full leaves=16 survival=6.97% best=89.21% std=4.4%
[DTPO] it=148/150 step=1479852 J_new=0.0060 kept mode=full leaves=16 survival=7.43% best=89.21% std=6.2%
[DTPO] it=149/150 step=1489851 J_new=0.0103 kept mode=full leaves=16 survival=9.18% best=89.21% std=4.6%
[DTPO] it=150/150 step=1499850 J_new=0.0072 kept mode=full leaves=16 survival=5.87% best=89.21% std=4.3%
[DTPO] stored 5 candidate trees for final selection (cheap survivals: ['89.2%', '84.9%', '81.6%', '81.6%', '56.5%']). Run dtpo_select.py --ckpt <ckpt> --episodes 100 to pick the honest best.
