Initializing the distributed action 'mapper'... (takes a while with big action spaces)
[VIPER] oracle=ppo (from /rds/general/user/ssl125/home/RL2Grid_full/checkpoint/final_PPO_bus14_T_0_0__I__1775940444_3936.tar)
[VIPER TREE] depth=5 leaves=8 nodes=15 ccp_alpha=0.00000000 fit_samples=5001 dataset=5001
Eval at step 5001, survival=13.529%, return=[-2.687327218746456, 638.5102401574459, -5.065856429437797, -29.502923976608486]
[VIPER] iter=1/15 dataset=5001 fit_samples=5001 weighted_acc=0.770819 survival=13.529% best_survival=13.529%
[VIPER TREE] depth=5 leaves=8 nodes=15 ccp_alpha=0.00000000 fit_samples=10002 dataset=10002
Eval at step 10002, survival=13.529%, return=[-2.6969132952702544, 614.9191280364993, -5.70999474148266, -21.95906432748572]
[VIPER] iter=2/15 dataset=10002 fit_samples=10002 weighted_acc=0.745753 survival=13.529% best_survival=13.529%
[VIPER TREE] depth=5 leaves=8 nodes=15 ccp_alpha=0.00000000 fit_samples=15003 dataset=15003
Eval at step 15003, survival=63.579%, return=[-8.186187135851165, 2943.8491196155587, -5.002465786257138, -245.50292397661448]
[VIPER] iter=3/15 dataset=15003 fit_samples=15003 weighted_acc=0.745444 survival=63.579% best_survival=63.579%
[VIPER TREE] depth=5 leaves=8 nodes=15 ccp_alpha=0.00000000 fit_samples=20004 dataset=20004
Eval at step 20004, survival=63.579%, return=[-8.131800401975246, 2950.0521153609, -5.002444816093582, -229.8479532163802]
[VIPER] iter=4/15 dataset=20004 fit_samples=20004 weighted_acc=0.733433 survival=63.579% best_survival=63.579%
[VIPER TREE] depth=5 leaves=8 nodes=15 ccp_alpha=0.00000000 fit_samples=25005 dataset=25005
Eval at step 25005, survival=63.579%, return=[-13.210236010723747, 2999.027728033065, -5.590646708427812, -270.78947368421717]
[VIPER] iter=5/15 dataset=25005 fit_samples=25005 weighted_acc=0.722176 survival=63.579% best_survival=63.579%
[VIPER TREE] depth=5 leaves=8 nodes=15 ccp_alpha=0.00000000 fit_samples=30006 dataset=30006
Eval at step 30006, survival=13.529%, return=[-2.5516674708536207, 621.3174647013357, -5.006708892605578, -1.0058479532163742]
[VIPER] iter=6/15 dataset=30006 fit_samples=30006 weighted_acc=0.729644 survival=13.529% best_survival=63.579%
[VIPER TREE] depth=4 leaves=8 nodes=15 ccp_alpha=0.00000000 fit_samples=35007 dataset=35007
Eval at step 35007, survival=63.579%, return=[-8.130844176921528, 2945.019052982334, -5.002486756420694, -225.8245614035146]
[VIPER] iter=7/15 dataset=35007 fit_samples=35007 weighted_acc=0.756935 survival=63.579% best_survival=63.579%
[VIPER TREE] depth=4 leaves=8 nodes=15 ccp_alpha=0.00000000 fit_samples=40008 dataset=40008
Eval at step 40008, survival=63.579%, return=[-8.130844176921528, 2945.019052982334, -5.002486756420694, -225.8245614035146]
[VIPER] iter=8/15 dataset=40008 fit_samples=40008 weighted_acc=0.754824 survival=63.579% best_survival=63.579%
[VIPER TREE] depth=4 leaves=8 nodes=15 ccp_alpha=0.00000000 fit_samples=45009 dataset=45009
Eval at step 45009, survival=75.719%, return=[-9.240437827635711, 3504.353475062053, -3.55792166380949, -261.90058479531905]
[VIPER] iter=9/15 dataset=45009 fit_samples=45009 weighted_acc=0.731880 survival=75.719% best_survival=75.719%
[VIPER TREE] depth=4 leaves=8 nodes=15 ccp_alpha=0.00000000 fit_samples=50000 dataset=50010
Eval at step 50010, survival=77.092%, return=[-9.534308165777475, 3505.6041340510105, -3.4200641745313383, -189.3216374269053]
[VIPER] iter=10/15 dataset=50010 fit_samples=50000 weighted_acc=0.739490 survival=77.092% best_survival=77.092%
[VIPER TREE] depth=4 leaves=8 nodes=15 ccp_alpha=0.00000000 fit_samples=50000 dataset=55011
Eval at step 55011, survival=23.702%, return=[-3.6777070210664533, 1091.2322989145905, -5.076974835586346, -67.19298245614158]
[VIPER] iter=11/15 dataset=55011 fit_samples=50000 weighted_acc=0.745268 survival=23.702% best_survival=77.092%
[VIPER TREE] depth=4 leaves=8 nodes=15 ccp_alpha=0.00000000 fit_samples=50000 dataset=60012
Eval at step 60012, survival=45.660%, return=[-6.152717704108606, 2106.134975560508, -5.117777579968485, -127.92982456140646]
[VIPER] iter=12/15 dataset=60012 fit_samples=50000 weighted_acc=0.749946 survival=45.660% best_survival=77.092%
[VIPER TREE] depth=4 leaves=8 nodes=15 ccp_alpha=0.00000000 fit_samples=50000 dataset=65013
Eval at step 65013, survival=71.172%, return=[-8.562192214866323, 3239.5247081279836, -1.7207564716615404, -180.29824561403953]
[VIPER] iter=13/15 dataset=65013 fit_samples=50000 weighted_acc=0.753451 survival=71.172% best_survival=77.092%
[VIPER TREE] depth=4 leaves=8 nodes=15 ccp_alpha=0.00000000 fit_samples=50000 dataset=70014
Eval at step 70014, survival=58.482%, return=[-7.372076010913588, 2704.215369987494, -3.618886884408615, -178.0292397660813]
[VIPER] iter=14/15 dataset=70014 fit_samples=50000 weighted_acc=0.757189 survival=58.482% best_survival=77.092%
[VIPER TREE] depth=4 leaves=8 nodes=15 ccp_alpha=0.00000000 fit_samples=50000 dataset=75015
Eval at step 75015, survival=57.254%, return=[-7.588470946085484, 2640.6918425877902, -5.456104834146875, -174.68421052631592]
[VIPER] iter=15/15 dataset=75015 fit_samples=50000 weighted_acc=0.755787 survival=57.254% best_survival=77.092%
