Initializing the distributed action 'mapper'... (takes a while with big action spaces)
[DTPO] deterministic eval on 40 fixed chronics (of 1004): ids=[0, 25, 51, 77, 102, 128, 154, 180, 205, 231, 257, 282, 308, 334, 360, 385, 411, 437, 462, 488, 514, 540, 565, 591, 617, 642, 668, 694, 720, 745, 771, 797, 822, 848, 874, 900, 925, 951, 977, 1003]
[DTPO] it=1/150 step=9999 J_new=0.3692 kept mode=full leaves=16 survival=13.53% best=13.53% std=0.0%
[DTPO] it=2/150 step=19998 J_new=0.1540 kept mode=full leaves=16 survival=13.53% best=13.53% std=0.0%
[DTPO] it=3/150 step=29997 J_new=0.1334 kept mode=full leaves=16 survival=13.59% best=13.59% std=0.0%
[DTPO] it=4/150 step=39996 J_new=0.6383 kept mode=full leaves=16 survival=13.53% best=13.59% std=0.0%
[DTPO] it=5/150 step=49995 J_new=0.2457 kept mode=full leaves=16 survival=13.53% best=13.59% std=0.0%
[DTPO] it=6/150 step=59994 J_new=0.3167 kept mode=full leaves=16 survival=6.56% best=13.59% std=3.6%
[DTPO] it=7/150 step=69993 J_new=0.4946 kept mode=full leaves=16 survival=13.53% best=13.59% std=0.0%
[DTPO] it=8/150 step=79992 J_new=0.2847 kept mode=full leaves=16 survival=13.53% best=13.59% std=0.0%
[DTPO] it=9/150 step=89991 J_new=0.1567 kept mode=full leaves=16 survival=13.53% best=13.59% std=0.0%
[DTPO] it=10/150 step=99990 J_new=0.2857 kept mode=full leaves=16 survival=13.53% best=13.59% std=0.0%
[DTPO] it=11/150 step=109989 J_new=0.5264 kept mode=full leaves=16 survival=13.53% best=13.59% std=0.0%
[DTPO] it=12/150 step=119988 J_new=0.1427 kept mode=full leaves=16 survival=13.53% best=13.59% std=0.0%
[DTPO] it=13/150 step=129987 J_new=0.3720 kept mode=full leaves=16 survival=13.53% best=13.59% std=0.0%
[DTPO] it=14/150 step=139986 J_new=0.2531 kept mode=full leaves=16 survival=13.53% best=13.59% std=0.0%
[DTPO] it=15/150 step=149985 J_new=0.1082 kept mode=full leaves=16 survival=13.53% best=13.59% std=0.0%
[DTPO] it=16/150 step=159984 J_new=0.1017 kept mode=full leaves=16 survival=13.53% best=13.59% std=0.0%
[DTPO] it=17/150 step=169983 J_new=0.0392 kept mode=full leaves=16 survival=13.53% best=13.59% std=0.0%
[DTPO] it=18/150 step=179982 J_new=0.0274 kept mode=full leaves=16 survival=13.53% best=13.59% std=0.0%
[DTPO] it=19/150 step=189981 J_new=0.0139 kept mode=full leaves=16 survival=13.53% best=13.59% std=0.0%
[DTPO] it=20/150 step=199980 J_new=0.0933 kept mode=full leaves=16 survival=13.53% best=13.59% std=0.0%
[DTPO] it=21/150 step=209979 J_new=0.0292 kept mode=full leaves=16 survival=13.53% best=13.59% std=0.0%
[DTPO] it=22/150 step=219978 J_new=0.0176 kept mode=full leaves=16 survival=13.53% best=13.59% std=0.0%
[DTPO] it=23/150 step=229977 J_new=0.4788 kept mode=full leaves=16 survival=13.53% best=13.59% std=0.0%
[DTPO] it=24/150 step=239976 J_new=0.8779 kept mode=full leaves=16 survival=3.37% best=13.59% std=2.1%
[DTPO] it=25/150 step=249975 J_new=0.0211 kept mode=full leaves=16 survival=3.81% best=13.59% std=2.8%
[DTPO] it=26/150 step=259974 J_new=0.1039 kept mode=full leaves=16 survival=3.81% best=13.59% std=2.8%
[DTPO] it=27/150 step=269973 J_new=0.0182 kept mode=full leaves=16 survival=3.54% best=13.59% std=2.3%
[DTPO] it=28/150 step=279972 J_new=0.0364 kept mode=full leaves=16 survival=13.53% best=13.59% std=0.0%
[DTPO] it=29/150 step=289971 J_new=0.0319 kept mode=full leaves=16 survival=8.44% best=13.59% std=1.3%
[DTPO] it=30/150 step=299970 J_new=0.1306 kept mode=full leaves=16 survival=13.53% best=13.59% std=0.0%
[DTPO] it=31/150 step=309969 J_new=0.0163 kept mode=full leaves=16 survival=13.53% best=13.59% std=0.0%
[DTPO] it=32/150 step=319968 J_new=0.0241 kept mode=full leaves=16 survival=13.53% best=13.59% std=0.0%
[DTPO] it=33/150 step=329967 J_new=0.0211 kept mode=full leaves=16 survival=13.53% best=13.59% std=0.0%
[DTPO] it=34/150 step=339966 J_new=0.0273 kept mode=full leaves=16 survival=13.53% best=13.59% std=0.0%
[DTPO] it=35/150 step=349965 J_new=0.0196 kept mode=full leaves=16 survival=13.53% best=13.59% std=0.0%
[DTPO] it=36/150 step=359964 J_new=0.3497 kept mode=full leaves=16 survival=13.53% best=13.59% std=0.0%
[DTPO] it=37/150 step=369963 J_new=0.0131 kept mode=full leaves=16 survival=9.38% best=13.59% std=1.8%
[DTPO] it=38/150 step=379962 J_new=0.0151 kept mode=full leaves=16 survival=8.93% best=13.59% std=1.5%
[DTPO] it=39/150 step=389961 J_new=0.0169 kept mode=full leaves=16 survival=8.93% best=13.59% std=1.5%
[DTPO] it=40/150 step=399960 J_new=0.0075 kept mode=full leaves=16 survival=9.18% best=13.59% std=1.8%
[DTPO] it=41/150 step=409959 J_new=0.1191 kept mode=full leaves=16 survival=9.18% best=13.59% std=1.8%
[DTPO] it=42/150 step=419958 J_new=0.0162 kept mode=full leaves=16 survival=13.53% best=13.59% std=0.0%
[DTPO] it=43/150 step=429957 J_new=0.0671 kept mode=full leaves=16 survival=13.53% best=13.59% std=0.0%
[DTPO] it=44/150 step=439956 J_new=0.0095 kept mode=full leaves=16 survival=13.53% best=13.59% std=0.0%
[DTPO] it=45/150 step=449955 J_new=0.0021 kept mode=full leaves=16 survival=13.53% best=13.59% std=0.0%
[DTPO] it=46/150 step=459954 J_new=0.0094 kept mode=full leaves=16 survival=13.53% best=13.59% std=0.0%
[DTPO] it=47/150 step=469953 J_new=0.0011 kept mode=full leaves=16 survival=13.53% best=13.59% std=0.0%
[DTPO] it=48/150 step=479952 J_new=0.0082 kept mode=full leaves=16 survival=8.20% best=13.59% std=1.6%
[DTPO] it=49/150 step=489951 J_new=0.0100 kept mode=full leaves=16 survival=13.52% best=13.59% std=0.0%
[DTPO] it=50/150 step=499950 J_new=0.0062 kept mode=full leaves=16 survival=13.53% best=13.59% std=0.0%
[DTPO] it=51/150 step=509949 J_new=0.0039 kept mode=full leaves=16 survival=13.52% best=13.59% std=0.0%
[DTPO] it=52/150 step=519948 J_new=0.0070 kept mode=full leaves=16 survival=13.52% best=13.59% std=0.0%
[DTPO] it=53/150 step=529947 J_new=0.0074 kept mode=full leaves=16 survival=13.52% best=13.59% std=0.0%
[DTPO] it=54/150 step=539946 J_new=0.0078 kept mode=full leaves=16 survival=13.53% best=13.59% std=0.0%
[DTPO] it=55/150 step=549945 J_new=0.0075 kept mode=full leaves=16 survival=3.02% best=13.59% std=0.0%
[DTPO] it=56/150 step=559944 J_new=0.0213 kept mode=full leaves=16 survival=13.52% best=13.59% std=0.0%
[DTPO] it=57/150 step=569943 J_new=0.0102 kept mode=full leaves=16 survival=13.53% best=13.59% std=0.0%
[DTPO] it=58/150 step=579942 J_new=0.0123 kept mode=full leaves=16 survival=3.02% best=13.59% std=0.0%
[DTPO] it=59/150 step=589941 J_new=0.0267 kept mode=full leaves=16 survival=3.02% best=13.59% std=0.0%
[DTPO] it=60/150 step=599940 J_new=0.0114 kept mode=full leaves=16 survival=13.53% best=13.59% std=0.0%
[DTPO] it=61/150 step=609939 J_new=0.0127 kept mode=full leaves=16 survival=13.53% best=13.59% std=0.0%
[DTPO] it=62/150 step=619938 J_new=0.0082 kept mode=full leaves=16 survival=3.02% best=13.59% std=0.0%
[DTPO] it=63/150 step=629937 J_new=0.0122 kept mode=full leaves=16 survival=13.53% best=13.59% std=0.0%
[DTPO] it=64/150 step=639936 J_new=0.0098 kept mode=full leaves=16 survival=3.02% best=13.59% std=0.0%
[DTPO] it=65/150 step=649935 J_new=0.0107 kept mode=full leaves=16 survival=3.06% best=13.59% std=0.1%
[DTPO] it=66/150 step=659934 J_new=0.0062 kept mode=full leaves=16 survival=3.04% best=13.59% std=0.0%
[DTPO] it=67/150 step=669933 J_new=0.0101 kept mode=full leaves=16 survival=3.07% best=13.59% std=0.0%
[DTPO] it=68/150 step=679932 J_new=0.0141 kept mode=full leaves=16 survival=8.28% best=13.59% std=0.0%
[DTPO] it=69/150 step=689931 J_new=0.0090 kept mode=full leaves=16 survival=13.53% best=13.59% std=0.0%
[DTPO] it=70/150 step=699930 J_new=0.0073 kept mode=full leaves=16 survival=4.23% best=13.59% std=3.5%
[DTPO] it=71/150 step=709929 J_new=0.0062 kept mode=full leaves=16 survival=4.61% best=13.59% std=0.0%
[DTPO] it=72/150 step=719928 J_new=0.0067 kept mode=full leaves=16 survival=4.68% best=13.59% std=3.6%
[DTPO] it=73/150 step=729927 J_new=0.0166 kept mode=full leaves=16 survival=13.43% best=13.59% std=0.6%
[DTPO] it=74/150 step=739926 J_new=0.0073 kept mode=full leaves=16 survival=13.53% best=13.59% std=0.0%
[DTPO] it=75/150 step=749925 J_new=0.0052 kept mode=full leaves=16 survival=13.53% best=13.59% std=0.0%
[DTPO] it=76/150 step=759924 J_new=0.0358 kept mode=full leaves=16 survival=3.69% best=13.59% std=2.7%
[DTPO] it=77/150 step=769923 J_new=0.0093 kept mode=full leaves=16 survival=3.42% best=13.59% std=1.1%
[DTPO] it=78/150 step=779922 J_new=0.0128 kept mode=full leaves=16 survival=13.54% best=13.59% std=0.0%
[DTPO] it=79/150 step=789921 J_new=0.0111 kept mode=full leaves=16 survival=13.54% best=13.59% std=0.0%
[DTPO] it=80/150 step=799920 J_new=0.0109 kept mode=full leaves=16 survival=13.53% best=13.59% std=0.0%
[DTPO] it=81/150 step=809919 J_new=0.0157 kept mode=full leaves=16 survival=9.88% best=13.59% std=0.0%
[DTPO] it=82/150 step=819918 J_new=0.0081 kept mode=full leaves=16 survival=10.93% best=13.59% std=2.0%
[DTPO] it=83/150 step=829917 J_new=0.0114 kept mode=full leaves=16 survival=13.57% best=13.59% std=0.0%
[DTPO] it=84/150 step=839916 J_new=0.0100 kept mode=full leaves=16 survival=10.06% best=13.59% std=1.1%
[DTPO] it=85/150 step=849915 J_new=0.0061 kept mode=full leaves=16 survival=9.79% best=13.59% std=0.8%
[DTPO] it=86/150 step=859914 J_new=0.0138 kept mode=full leaves=16 survival=13.53% best=13.59% std=0.0%
[DTPO] it=87/150 step=869913 J_new=0.0166 kept mode=full leaves=16 survival=13.53% best=13.59% std=0.0%
[DTPO] it=88/150 step=879912 J_new=0.0169 kept mode=full leaves=16 survival=13.53% best=13.59% std=0.0%
[DTPO] it=89/150 step=889911 J_new=0.0163 kept mode=full leaves=16 survival=11.02% best=13.59% std=3.0%
[DTPO] it=90/150 step=899910 J_new=0.0186 kept mode=full leaves=16 survival=8.50% best=13.59% std=4.4%
[DTPO] it=91/150 step=909909 J_new=0.0220 kept mode=full leaves=16 survival=3.89% best=13.59% std=1.1%
[DTPO] it=92/150 step=919908 J_new=0.0715 kept mode=full leaves=16 survival=4.56% best=13.59% std=1.3%
[DTPO] it=93/150 step=929907 J_new=0.0059 kept mode=full leaves=16 survival=9.88% best=13.59% std=0.0%
[DTPO] it=94/150 step=939906 J_new=0.0131 kept mode=full leaves=16 survival=6.89% best=13.59% std=3.5%
[DTPO] it=95/150 step=949905 J_new=0.0096 kept mode=full leaves=16 survival=9.14% best=13.59% std=3.9%
[DTPO] it=96/150 step=959904 J_new=0.0094 kept mode=full leaves=16 survival=11.04% best=13.59% std=1.6%
[DTPO] it=97/150 step=969903 J_new=0.0442 kept mode=full leaves=16 survival=9.88% best=13.59% std=0.0%
[DTPO] it=98/150 step=979902 J_new=0.0077 kept mode=full leaves=16 survival=9.75% best=13.59% std=0.8%
[DTPO] it=99/150 step=989901 J_new=0.0128 kept mode=full leaves=16 survival=8.68% best=13.59% std=3.2%
[DTPO] it=100/150 step=999900 J_new=0.0119 kept mode=full leaves=16 survival=8.85% best=13.59% std=3.4%
[DTPO] it=101/150 step=1009899 J_new=0.0064 kept mode=full leaves=16 survival=9.88% best=13.59% std=0.0%
[DTPO] it=102/150 step=1019898 J_new=0.0129 kept mode=full leaves=16 survival=9.28% best=13.59% std=1.7%
[DTPO] it=103/150 step=1029897 J_new=0.0061 kept mode=full leaves=16 survival=13.51% best=13.59% std=0.0%
[DTPO] it=104/150 step=1039896 J_new=0.0038 kept mode=full leaves=16 survival=10.67% best=13.59% std=0.9%
[DTPO] it=105/150 step=1049895 J_new=0.0149 kept mode=full leaves=16 survival=10.46% best=13.59% std=2.0%
[DTPO] it=106/150 step=1059894 J_new=0.0025 kept mode=full leaves=16 survival=13.53% best=13.59% std=0.0%
[DTPO] it=107/150 step=1069893 J_new=0.0100 kept mode=full leaves=16 survival=13.52% best=13.59% std=0.0%
[DTPO] it=108/150 step=1079892 J_new=0.0075 kept mode=full leaves=16 survival=16.51% best=16.51% std=1.1%
[DTPO] it=109/150 step=1089891 J_new=0.0133 kept mode=full leaves=16 survival=17.59% best=17.59% std=1.9%
[DTPO] it=110/150 step=1099890 J_new=0.0096 kept mode=full leaves=16 survival=15.90% best=17.59% std=4.4%
[DTPO] it=111/150 step=1109889 J_new=0.0122 kept mode=full leaves=16 survival=0.95% best=17.59% std=2.6%
[DTPO] it=112/150 step=1119888 J_new=0.0119 kept mode=full leaves=16 survival=14.63% best=17.59% std=1.8%
[DTPO] it=113/150 step=1129887 J_new=0.0075 kept mode=full leaves=16 survival=15.38% best=17.59% std=1.9%
[DTPO] it=114/150 step=1139886 J_new=0.0365 kept mode=full leaves=16 survival=3.23% best=17.59% std=2.2%
[DTPO] it=115/150 step=1149885 J_new=0.0097 kept mode=full leaves=16 survival=16.73% best=17.59% std=0.7%
[DTPO] it=116/150 step=1159884 J_new=-0.0018 revert mode=full leaves=16 survival=16.73% best=17.59% std=0.7%
[DTPO] it=117/150 step=1169883 J_new=0.0203 kept mode=full leaves=16 survival=5.45% best=17.59% std=2.5%
[DTPO] it=118/150 step=1179882 J_new=0.0084 kept mode=full leaves=16 survival=7.20% best=17.59% std=4.4%
[DTPO] it=119/150 step=1189881 J_new=0.0130 kept mode=full leaves=16 survival=20.51% best=20.51% std=10.9%
[DTPO] it=120/150 step=1199880 J_new=0.0074 kept mode=full leaves=16 survival=10.15% best=20.51% std=1.2%
[DTPO] it=121/150 step=1209879 J_new=0.0065 kept mode=full leaves=16 survival=7.81% best=20.51% std=4.7%
[DTPO] it=122/150 step=1219878 J_new=0.0045 kept mode=full leaves=16 survival=2.90% best=20.51% std=0.0%
[DTPO] it=123/150 step=1229877 J_new=0.0084 kept mode=full leaves=16 survival=13.47% best=20.51% std=3.6%
[DTPO] it=124/150 step=1239876 J_new=0.0071 kept mode=full leaves=16 survival=10.89% best=20.51% std=1.8%
[DTPO] it=125/150 step=1249875 J_new=0.0148 kept mode=full leaves=16 survival=11.63% best=20.51% std=2.3%
[DTPO] it=126/150 step=1259874 J_new=0.0093 kept mode=full leaves=16 survival=13.06% best=20.51% std=1.0%
[DTPO] it=127/150 step=1269873 J_new=0.0105 kept mode=full leaves=16 survival=13.53% best=20.51% std=0.0%
[DTPO] it=128/150 step=1279872 J_new=0.0051 kept mode=full leaves=16 survival=13.53% best=20.51% std=0.0%
[DTPO] it=129/150 step=1289871 J_new=0.0203 kept mode=full leaves=16 survival=13.53% best=20.51% std=0.0%
[DTPO] it=130/150 step=1299870 J_new=0.0133 kept mode=full leaves=16 survival=8.30% best=20.51% std=0.0%
[DTPO] it=131/150 step=1309869 J_new=0.0338 kept mode=full leaves=16 survival=4.99% best=20.51% std=2.6%
[DTPO] it=132/150 step=1319868 J_new=0.0447 kept mode=full leaves=16 survival=6.55% best=20.51% std=0.5%
[DTPO] it=133/150 step=1329867 J_new=0.0176 kept mode=full leaves=16 survival=9.77% best=20.51% std=1.1%
[DTPO] it=134/150 step=1339866 J_new=0.0165 kept mode=full leaves=16 survival=6.68% best=20.51% std=0.6%
[DTPO] it=135/150 step=1349865 J_new=0.0738 kept mode=full leaves=16 survival=2.90% best=20.51% std=0.0%
[DTPO] it=136/150 step=1359864 J_new=0.3206 kept mode=full leaves=16 survival=2.92% best=20.51% std=0.0%
[DTPO] it=137/150 step=1369863 J_new=0.0164 kept mode=full leaves=16 survival=5.37% best=20.51% std=2.2%
[DTPO] it=138/150 step=1379862 J_new=0.0043 kept mode=full leaves=16 survival=4.44% best=20.51% std=3.7%
[DTPO] it=139/150 step=1389861 J_new=0.0130 kept mode=full leaves=16 survival=6.98% best=20.51% std=4.3%
[DTPO] it=140/150 step=1399860 J_new=0.0421 kept mode=full leaves=16 survival=5.71% best=20.51% std=4.0%
[DTPO] it=141/150 step=1409859 J_new=0.0050 kept mode=full leaves=16 survival=5.72% best=20.51% std=4.2%
[DTPO] it=142/150 step=1419858 J_new=0.0099 kept mode=full leaves=16 survival=9.98% best=20.51% std=0.0%
[DTPO] it=143/150 step=1429857 J_new=0.0064 kept mode=full leaves=16 survival=2.71% best=20.51% std=0.7%
[DTPO] it=144/150 step=1439856 J_new=0.0054 kept mode=full leaves=16 survival=3.18% best=20.51% std=1.4%
[DTPO] it=145/150 step=1449855 J_new=0.0125 kept mode=full leaves=16 survival=2.86% best=20.51% std=0.0%
[DTPO] it=146/150 step=1459854 J_new=0.0145 kept mode=full leaves=16 survival=3.67% best=20.51% std=1.6%
[DTPO] it=147/150 step=1469853 J_new=0.0152 kept mode=full leaves=16 survival=3.05% best=20.51% std=1.1%
[DTPO] it=148/150 step=1479852 J_new=0.0118 kept mode=full leaves=16 survival=2.85% best=20.51% std=0.0%
[DTPO] it=149/150 step=1489851 J_new=0.0125 kept mode=full leaves=16 survival=2.90% best=20.51% std=0.0%
[DTPO] it=150/150 step=1499850 J_new=0.0122 kept mode=full leaves=16 survival=2.90% best=20.51% std=0.0%
[DTPO] stored 5 candidate trees for final selection (cheap survivals: ['20.5%', '17.6%', '16.7%', '16.7%', '16.5%']). Run dtpo_select.py --ckpt <ckpt> --episodes 100 to pick the honest best.
