Initializing the distributed action 'mapper'... (takes a while with big action spaces)
[VIPER] oracle=ppo (from /rds/general/user/ssl125/home/RL2Grid_full/checkpoint/final_PPO_bus36-M_T_100_0__I__1784927195_14574.tar)
[VIPER TREE] depth=5 leaves=8 nodes=15 ccp_alpha=0.00000000 fit_samples=5001 dataset=5001
Eval at step 5001, survival=58.079%, return=[-3.6745424221638436, 2964.44241708194, -996.1007940581527, -66.79096045197748]
[VIPER] iter=1/15 dataset=5001 fit_samples=5001 weighted_acc=0.979133 survival=58.079% best_survival=58.079%
[VIPER TREE] depth=5 leaves=8 nodes=15 ccp_alpha=0.00000000 fit_samples=10002 dataset=10002
Eval at step 10002, survival=40.172%, return=[-123.42655031458708, 1758.1085082199195, -1992.701262403749, -214.41242937853542]
[VIPER] iter=2/15 dataset=10002 fit_samples=10002 weighted_acc=0.982772 survival=40.172% best_survival=58.079%
[VIPER TREE] depth=5 leaves=8 nodes=15 ccp_alpha=0.00000000 fit_samples=15003 dataset=15003
Eval at step 15003, survival=59.034%, return=[-3.9732704808799704, 3064.5094982740047, -739.8879777633189, -49.91902071563248]
[VIPER] iter=3/15 dataset=15003 fit_samples=15003 weighted_acc=0.988791 survival=59.034% best_survival=59.034%
[VIPER TREE] depth=5 leaves=8 nodes=15 ccp_alpha=0.00000000 fit_samples=20004 dataset=20004
Eval at step 20004, survival=52.915%, return=[-3.6248576376674464, 2787.624678034686, -175.21676147483825, -12.318267419962389]
[VIPER] iter=4/15 dataset=20004 fit_samples=20004 weighted_acc=0.991597 survival=52.915% best_survival=59.034%
[VIPER TREE] depth=5 leaves=8 nodes=15 ccp_alpha=0.00000000 fit_samples=25005 dataset=25005
Eval at step 25005, survival=35.115%, return=[-2.749390208545568, 1826.492127828096, -274.81109570395415, -18.92843691148831]
[VIPER] iter=5/15 dataset=25005 fit_samples=25005 weighted_acc=0.993278 survival=35.115% best_survival=59.034%
[VIPER TREE] depth=5 leaves=8 nodes=15 ccp_alpha=0.00000000 fit_samples=30006 dataset=30006
Eval at step 30006, survival=60.122%, return=[-4.087115370333777, 3081.024060591329, -1062.671492017141, -71.44067796610265]
[VIPER] iter=6/15 dataset=30006 fit_samples=30006 weighted_acc=0.994280 survival=60.122% best_survival=60.122%
[VIPER TREE] depth=6 leaves=8 nodes=15 ccp_alpha=0.00000000 fit_samples=35007 dataset=35007
Eval at step 35007, survival=59.295%, return=[-3.709998783248011, 3067.3729207492665, -837.1870154954707, -56.19585687382523]
[VIPER] iter=7/15 dataset=35007 fit_samples=35007 weighted_acc=0.993976 survival=59.295% best_survival=60.122%
[VIPER TREE] depth=5 leaves=8 nodes=15 ccp_alpha=0.00000000 fit_samples=40008 dataset=40008
Eval at step 40008, survival=61.763%, return=[-3.879358723478314, 3185.7960204952083, -838.4276284359524, -56.32015065913328]
[VIPER] iter=8/15 dataset=40008 fit_samples=40008 weighted_acc=0.994756 survival=61.763% best_survival=61.763%
[VIPER TREE] depth=5 leaves=8 nodes=15 ccp_alpha=0.00000000 fit_samples=45009 dataset=45009
Eval at step 45009, survival=42.186%, return=[-3.1495715833443683, 2211.5117420624624, -518.1123862946708, -35.184557438795906]
[VIPER] iter=9/15 dataset=45009 fit_samples=45009 weighted_acc=0.994859 survival=42.186% best_survival=61.763%
[VIPER TREE] depth=6 leaves=8 nodes=15 ccp_alpha=0.00000000 fit_samples=50000 dataset=50010
Eval at step 50010, survival=38.704%, return=[-2.9601610602549044, 1999.6968225564742, -504.0042912471683, -34.24293785310865]
[VIPER] iter=10/15 dataset=50010 fit_samples=50000 weighted_acc=0.995492 survival=38.704% best_survival=61.763%
[VIPER TREE] depth=6 leaves=8 nodes=15 ccp_alpha=0.00000000 fit_samples=50000 dataset=55011
Eval at step 55011, survival=74.737%, return=[-4.5394883498956915, 3823.972548631909, -1344.5669957919563, -90.0451977401168]
[VIPER] iter=11/15 dataset=55011 fit_samples=50000 weighted_acc=0.995832 survival=74.737% best_survival=74.737%
[VIPER TREE] depth=5 leaves=8 nodes=15 ccp_alpha=0.00000000 fit_samples=50000 dataset=60012
Eval at step 60012, survival=46.577%, return=[-3.439628230436938, 2383.7457004493313, -879.1214532583908, -59.2523540489665]
[VIPER] iter=12/15 dataset=60012 fit_samples=50000 weighted_acc=0.995965 survival=46.577% best_survival=74.737%
[VIPER TREE] depth=6 leaves=8 nodes=15 ccp_alpha=0.00000000 fit_samples=50000 dataset=65013
Eval at step 65013, survival=86.190%, return=[-4.8615228153939825, 4389.651744744265, -1730.2417655263307, -115.55743879473232]
[VIPER] iter=13/15 dataset=65013 fit_samples=50000 weighted_acc=0.995640 survival=86.190% best_survival=86.190%
[VIPER TREE] depth=5 leaves=8 nodes=15 ccp_alpha=0.00000000 fit_samples=50000 dataset=70014
Eval at step 70014, survival=88.559%, return=[-4.966978764646531, 4580.1039298484, -1024.1706697876664, -68.48399246704531]
[VIPER] iter=14/15 dataset=70014 fit_samples=50000 weighted_acc=0.996267 survival=88.559% best_survival=88.559%
[VIPER TREE] depth=5 leaves=8 nodes=15 ccp_alpha=0.00000000 fit_samples=50000 dataset=75015
Eval at step 75015, survival=31.088%, return=[-2.4988619930372806, 1617.0958746482986, -458.32577320843444, -31.203389830509366]
[VIPER] iter=15/15 dataset=75015 fit_samples=50000 weighted_acc=0.996494 survival=31.088% best_survival=88.559%
