Initializing the distributed action 'mapper'... (takes a while with big action spaces)
[DTPO] deterministic eval on 20 fixed chronics (of 20): ids=[0, 1, 2, 3, 4, 5, 6, 7, 8, 9, 10, 11, 12, 13, 14, 15, 16, 17, 18, 19]
[DTPO] it=1/150 step=9999 J_new=0.0835 kept mode=full leaves=16 survival=5.05% best=5.05% std=21.8%
[DTPO] it=2/150 step=19998 J_new=0.1241 kept mode=full leaves=16 survival=3.20% best=5.05% std=6.3%
[DTPO] it=3/150 step=29997 J_new=0.1117 kept mode=full leaves=16 survival=100.00% best=100.00% std=0.0%
[DTPO] it=4/150 step=39996 J_new=0.1153 kept mode=full leaves=16 survival=1.03% best=100.00% std=1.1%
[DTPO] it=5/150 step=49995 J_new=0.0579 kept mode=full leaves=16 survival=0.36% best=100.00% std=0.1%
[DTPO] it=6/150 step=59994 J_new=0.0455 kept mode=full leaves=16 survival=0.33% best=100.00% std=0.1%
[DTPO] it=7/150 step=69993 J_new=0.0354 kept mode=full leaves=16 survival=0.33% best=100.00% std=0.1%
[DTPO] it=8/150 step=79992 J_new=0.0342 kept mode=full leaves=16 survival=10.85% best=100.00% std=2.8%
[DTPO] it=9/150 step=89991 J_new=0.0302 kept mode=full leaves=16 survival=11.01% best=100.00% std=2.9%
[DTPO] it=10/150 step=99990 J_new=0.0260 kept mode=full leaves=16 survival=10.26% best=100.00% std=3.1%
[DTPO] it=11/150 step=109989 J_new=0.0437 kept mode=full leaves=16 survival=14.91% best=100.00% std=15.8%
[DTPO] it=12/150 step=119988 J_new=0.1048 kept mode=full leaves=16 survival=100.00% best=100.00% std=0.0%
[DTPO] it=13/150 step=129987 J_new=0.1337 kept mode=full leaves=16 survival=100.00% best=100.00% std=0.0%
[DTPO] it=14/150 step=139986 J_new=0.0505 kept mode=full leaves=16 survival=1.13% best=100.00% std=2.8%
[DTPO] it=15/150 step=149985 J_new=0.1884 kept mode=full leaves=16 survival=0.60% best=100.00% std=0.8%
[DTPO] it=16/150 step=159984 J_new=0.0349 kept mode=full leaves=16 survival=0.43% best=100.00% std=0.0%
[DTPO] it=17/150 step=169983 J_new=0.0352 kept mode=full leaves=16 survival=67.21% best=100.00% std=29.0%
[DTPO] it=18/150 step=179982 J_new=0.0715 kept mode=full leaves=16 survival=100.00% best=100.00% std=0.0%
[DTPO] it=19/150 step=189981 J_new=0.0448 kept mode=full leaves=16 survival=41.86% best=100.00% std=0.6%
[DTPO] it=20/150 step=199980 J_new=0.0879 kept mode=full leaves=16 survival=41.92% best=100.00% std=0.6%
[DTPO] it=21/150 step=209979 J_new=0.0894 kept mode=full leaves=16 survival=15.15% best=100.00% std=21.2%
[DTPO] it=22/150 step=219978 J_new=0.0174 kept mode=full leaves=16 survival=39.66% best=100.00% std=2.7%
[DTPO] it=23/150 step=229977 J_new=0.0333 kept mode=full leaves=16 survival=9.91% best=100.00% std=0.1%
[DTPO] it=24/150 step=239976 J_new=0.0170 kept mode=full leaves=16 survival=9.91% best=100.00% std=0.1%
[DTPO] it=25/150 step=249975 J_new=0.0453 kept mode=full leaves=16 survival=9.60% best=100.00% std=1.7%
[DTPO] it=26/150 step=259974 J_new=0.0191 kept mode=full leaves=16 survival=39.23% best=100.00% std=0.9%
[DTPO] it=27/150 step=269973 J_new=0.1324 kept mode=full leaves=16 survival=19.38% best=100.00% std=15.9%
[DTPO] it=28/150 step=279972 J_new=0.0077 kept mode=full leaves=16 survival=19.11% best=100.00% std=15.2%
[DTPO] it=29/150 step=289971 J_new=0.0211 kept mode=full leaves=16 survival=11.94% best=100.00% std=7.1%
[DTPO] it=30/150 step=299970 J_new=0.2172 kept mode=full leaves=16 survival=7.18% best=100.00% std=6.5%
[DTPO] it=31/150 step=309969 J_new=0.0066 kept mode=full leaves=16 survival=38.73% best=100.00% std=0.6%
[DTPO] it=32/150 step=319968 J_new=0.0517 kept mode=full leaves=16 survival=11.42% best=100.00% std=4.8%
[DTPO] it=33/150 step=329967 J_new=0.0452 kept mode=full leaves=16 survival=10.49% best=100.00% std=11.3%
[DTPO] it=34/150 step=339966 J_new=0.1260 kept mode=full leaves=16 survival=37.01% best=100.00% std=3.8%
[DTPO] it=35/150 step=349965 J_new=0.0154 kept mode=full leaves=16 survival=33.68% best=100.00% std=10.3%
[DTPO] it=36/150 step=359964 J_new=0.0242 kept mode=full leaves=16 survival=37.47% best=100.00% std=1.8%
[DTPO] it=37/150 step=369963 J_new=0.0595 kept mode=full leaves=16 survival=45.34% best=100.00% std=18.3%
[DTPO] it=38/150 step=379962 J_new=0.0283 kept mode=full leaves=16 survival=15.08% best=100.00% std=11.2%
[DTPO] it=39/150 step=389961 J_new=0.0107 kept mode=full leaves=16 survival=34.95% best=100.00% std=7.2%
[DTPO] it=40/150 step=399960 J_new=0.0118 kept mode=full leaves=16 survival=21.42% best=100.00% std=14.7%
[DTPO] it=41/150 step=409959 J_new=0.0225 kept mode=full leaves=16 survival=10.25% best=100.00% std=1.0%
[DTPO] it=42/150 step=419958 J_new=0.1769 kept mode=full leaves=16 survival=38.79% best=100.00% std=0.6%
[DTPO] it=43/150 step=429957 J_new=0.0091 kept mode=full leaves=16 survival=11.86% best=100.00% std=10.1%
[DTPO] it=44/150 step=439956 J_new=0.1124 kept mode=full leaves=16 survival=8.17% best=100.00% std=6.0%
[DTPO] it=45/150 step=449955 J_new=0.0058 kept mode=full leaves=16 survival=14.55% best=100.00% std=13.7%
[DTPO] it=46/150 step=459954 J_new=0.0514 kept mode=full leaves=16 survival=40.04% best=100.00% std=1.7%
[DTPO] it=47/150 step=469953 J_new=0.0319 kept mode=full leaves=16 survival=39.02% best=100.00% std=0.8%
[DTPO] it=48/150 step=479952 J_new=0.0062 kept mode=full leaves=16 survival=39.02% best=100.00% std=0.8%
[DTPO] it=49/150 step=489951 J_new=0.0251 kept mode=full leaves=16 survival=39.20% best=100.00% std=1.1%
[DTPO] it=50/150 step=499950 J_new=0.0223 kept mode=full leaves=16 survival=35.29% best=100.00% std=11.4%
[DTPO] it=51/150 step=509949 J_new=0.2502 kept mode=full leaves=16 survival=24.40% best=100.00% std=14.9%
[DTPO] it=52/150 step=519948 J_new=0.0219 kept mode=full leaves=16 survival=29.20% best=100.00% std=15.4%
[DTPO] it=53/150 step=529947 J_new=0.0346 kept mode=full leaves=16 survival=27.44% best=100.00% std=14.5%
[DTPO] it=54/150 step=539946 J_new=0.0067 kept mode=full leaves=16 survival=41.13% best=100.00% std=1.7%
[DTPO] it=55/150 step=549945 J_new=0.0879 kept mode=full leaves=16 survival=9.77% best=100.00% std=0.1%
[DTPO] it=56/150 step=559944 J_new=0.0083 kept mode=full leaves=16 survival=10.13% best=100.00% std=0.6%
[DTPO] it=57/150 step=569943 J_new=0.0595 kept mode=full leaves=16 survival=9.89% best=100.00% std=0.1%
[DTPO] it=58/150 step=579942 J_new=0.0143 kept mode=full leaves=16 survival=1.99% best=100.00% std=8.0%
[DTPO] it=59/150 step=589941 J_new=0.0195 kept mode=full leaves=16 survival=10.11% best=100.00% std=1.0%
[DTPO] it=60/150 step=599940 J_new=0.0752 kept mode=full leaves=16 survival=22.24% best=100.00% std=14.7%
[DTPO] it=61/150 step=609939 J_new=0.0070 kept mode=full leaves=16 survival=13.57% best=100.00% std=6.2%
[DTPO] it=62/150 step=619938 J_new=0.0766 kept mode=full leaves=16 survival=11.17% best=100.00% std=1.7%
[DTPO] it=63/150 step=629937 J_new=0.0105 kept mode=full leaves=16 survival=10.19% best=100.00% std=3.8%
[DTPO] it=64/150 step=639936 J_new=0.0111 kept mode=full leaves=16 survival=10.42% best=100.00% std=5.8%
[DTPO] it=65/150 step=649935 J_new=0.0097 kept mode=full leaves=16 survival=14.29% best=100.00% std=9.9%
[DTPO] it=66/150 step=659934 J_new=0.0100 kept mode=full leaves=16 survival=13.59% best=100.00% std=16.0%
[DTPO] it=67/150 step=669933 J_new=0.0224 kept mode=full leaves=16 survival=12.78% best=100.00% std=8.5%
[DTPO] it=68/150 step=679932 J_new=0.0120 kept mode=full leaves=16 survival=13.32% best=100.00% std=10.2%
[DTPO] it=69/150 step=689931 J_new=0.0096 kept mode=full leaves=16 survival=10.36% best=100.00% std=4.5%
[DTPO] it=70/150 step=699930 J_new=0.0152 kept mode=full leaves=16 survival=14.57% best=100.00% std=7.1%
[DTPO] it=71/150 step=709929 J_new=0.0101 kept mode=full leaves=16 survival=10.80% best=100.00% std=6.2%
[DTPO] it=72/150 step=719928 J_new=0.0094 kept mode=full leaves=16 survival=23.24% best=100.00% std=14.6%
[DTPO] it=73/150 step=729927 J_new=0.0088 kept mode=full leaves=16 survival=10.51% best=100.00% std=3.2%
[DTPO] it=74/150 step=739926 J_new=0.0108 kept mode=full leaves=16 survival=9.57% best=100.00% std=2.6%
[DTPO] it=75/150 step=749925 J_new=0.0081 kept mode=full leaves=16 survival=15.91% best=100.00% std=6.6%
[DTPO] it=76/150 step=759924 J_new=0.0091 kept mode=full leaves=16 survival=10.88% best=100.00% std=6.2%
[DTPO] it=77/150 step=769923 J_new=0.0074 kept mode=full leaves=16 survival=12.12% best=100.00% std=8.0%
[DTPO] it=78/150 step=779922 J_new=0.0075 kept mode=full leaves=16 survival=23.91% best=100.00% std=15.4%
[DTPO] it=79/150 step=789921 J_new=0.0063 kept mode=full leaves=16 survival=26.93% best=100.00% std=13.8%
[DTPO] it=80/150 step=799920 J_new=0.0075 kept mode=full leaves=16 survival=9.87% best=100.00% std=2.3%
[DTPO] it=81/150 step=809919 J_new=0.0101 kept mode=full leaves=16 survival=21.41% best=100.00% std=13.5%
[DTPO] it=82/150 step=819918 J_new=0.0075 kept mode=full leaves=16 survival=10.62% best=100.00% std=4.1%
[DTPO] it=83/150 step=829917 J_new=0.0061 kept mode=full leaves=16 survival=10.56% best=100.00% std=4.7%
[DTPO] it=84/150 step=839916 J_new=0.0053 kept mode=full leaves=16 survival=11.27% best=100.00% std=5.7%
[DTPO] it=85/150 step=849915 J_new=0.0065 kept mode=full leaves=16 survival=11.69% best=100.00% std=4.3%
[DTPO] it=86/150 step=859914 J_new=0.0049 kept mode=full leaves=16 survival=11.46% best=100.00% std=5.6%
[DTPO] it=87/150 step=869913 J_new=0.0064 kept mode=full leaves=16 survival=11.46% best=100.00% std=5.6%
[DTPO] it=88/150 step=879912 J_new=0.0044 kept mode=full leaves=16 survival=10.68% best=100.00% std=6.9%
[DTPO] it=89/150 step=889911 J_new=0.0046 kept mode=full leaves=16 survival=10.60% best=100.00% std=7.4%
[DTPO] it=90/150 step=899910 J_new=0.0046 kept mode=full leaves=16 survival=12.50% best=100.00% std=6.6%
[DTPO] it=91/150 step=909909 J_new=0.0060 kept mode=full leaves=16 survival=32.43% best=100.00% std=14.3%
[DTPO] it=92/150 step=919908 J_new=0.0115 kept mode=full leaves=16 survival=11.07% best=100.00% std=4.1%
[DTPO] it=93/150 step=929907 J_new=0.0057 kept mode=full leaves=16 survival=13.92% best=100.00% std=8.2%
[DTPO] it=94/150 step=939906 J_new=0.0029 kept mode=full leaves=16 survival=11.50% best=100.00% std=4.5%
[DTPO] it=95/150 step=949905 J_new=0.0037 kept mode=full leaves=16 survival=10.05% best=100.00% std=3.0%
[DTPO] it=96/150 step=959904 J_new=0.0050 kept mode=full leaves=16 survival=10.03% best=100.00% std=2.6%
[DTPO] it=97/150 step=969903 J_new=0.0082 kept mode=full leaves=16 survival=11.16% best=100.00% std=7.3%
[DTPO] it=98/150 step=979902 J_new=0.0083 kept mode=full leaves=16 survival=10.80% best=100.00% std=4.7%
[DTPO] it=99/150 step=989901 J_new=0.0096 kept mode=full leaves=16 survival=10.60% best=100.00% std=4.7%
[DTPO] it=100/150 step=999900 J_new=0.0073 kept mode=full leaves=16 survival=10.69% best=100.00% std=4.6%
[DTPO] it=101/150 step=1009899 J_new=0.0070 kept mode=full leaves=16 survival=15.70% best=100.00% std=11.4%
[DTPO] it=102/150 step=1019898 J_new=0.0064 kept mode=full leaves=16 survival=14.11% best=100.00% std=9.6%
[DTPO] it=103/150 step=1029897 J_new=0.0077 kept mode=full leaves=16 survival=10.60% best=100.00% std=3.2%
[DTPO] it=104/150 step=1039896 J_new=0.0075 kept mode=full leaves=16 survival=11.88% best=100.00% std=8.3%
[DTPO] it=105/150 step=1049895 J_new=0.0064 kept mode=full leaves=16 survival=10.15% best=100.00% std=4.6%
[DTPO] it=106/150 step=1059894 J_new=0.0065 kept mode=full leaves=16 survival=11.11% best=100.00% std=8.3%
[DTPO] it=107/150 step=1069893 J_new=0.0068 kept mode=full leaves=16 survival=12.75% best=100.00% std=5.3%
[DTPO] it=108/150 step=1079892 J_new=0.0055 kept mode=full leaves=16 survival=10.46% best=100.00% std=5.0%
[DTPO] it=109/150 step=1089891 J_new=0.0058 kept mode=full leaves=16 survival=11.11% best=100.00% std=7.7%
[DTPO] it=110/150 step=1099890 J_new=0.0074 kept mode=full leaves=16 survival=10.28% best=100.00% std=4.6%
[DTPO] it=111/150 step=1109889 J_new=0.0058 kept mode=full leaves=16 survival=9.89% best=100.00% std=2.4%
[DTPO] it=112/150 step=1119888 J_new=0.0061 kept mode=full leaves=16 survival=11.32% best=100.00% std=4.5%
[DTPO] it=113/150 step=1129887 J_new=0.0067 kept mode=full leaves=16 survival=15.24% best=100.00% std=7.0%
[DTPO] it=114/150 step=1139886 J_new=0.0050 kept mode=full leaves=16 survival=14.96% best=100.00% std=4.5%
[DTPO] it=115/150 step=1149885 J_new=0.0063 kept mode=full leaves=16 survival=17.88% best=100.00% std=12.8%
[DTPO] it=116/150 step=1159884 J_new=0.0055 kept mode=full leaves=16 survival=13.34% best=100.00% std=6.6%
[DTPO] it=117/150 step=1169883 J_new=-0.0023 revert mode=full leaves=16 survival=13.34% best=100.00% std=6.6%
[DTPO] it=118/150 step=1179882 J_new=0.0014 kept mode=full leaves=16 survival=2.15% best=100.00% std=6.0%
[DTPO] it=119/150 step=1189881 J_new=0.0033 kept mode=full leaves=16 survival=2.17% best=100.00% std=6.1%
[DTPO] it=120/150 step=1199880 J_new=0.0049 kept mode=full leaves=16 survival=3.35% best=100.00% std=4.7%
[DTPO] it=121/150 step=1209879 J_new=0.0048 kept mode=full leaves=16 survival=13.33% best=100.00% std=9.1%
[DTPO] it=122/150 step=1219878 J_new=0.0029 kept mode=full leaves=16 survival=1.33% best=100.00% std=3.2%
[DTPO] it=123/150 step=1229877 J_new=0.0026 kept mode=full leaves=16 survival=1.63% best=100.00% std=4.6%
[DTPO] it=124/150 step=1239876 J_new=0.0030 kept mode=full leaves=16 survival=1.48% best=100.00% std=2.7%
[DTPO] it=125/150 step=1249875 J_new=0.0024 kept mode=full leaves=16 survival=1.48% best=100.00% std=2.7%
[DTPO] it=126/150 step=1259874 J_new=0.0016 kept mode=full leaves=16 survival=2.68% best=100.00% std=4.4%
[DTPO] it=127/150 step=1269873 J_new=0.0026 kept mode=full leaves=16 survival=3.80% best=100.00% std=5.4%
[DTPO] it=128/150 step=1279872 J_new=0.0062 kept mode=full leaves=16 survival=6.40% best=100.00% std=6.6%
[DTPO] it=129/150 step=1289871 J_new=0.0002 kept mode=full leaves=16 survival=0.65% best=100.00% std=0.1%
[DTPO] it=130/150 step=1299870 J_new=0.0045 kept mode=full leaves=16 survival=13.62% best=100.00% std=8.2%
[DTPO] it=131/150 step=1309869 J_new=0.0030 kept mode=full leaves=16 survival=13.65% best=100.00% std=7.0%
[DTPO] it=132/150 step=1319868 J_new=0.0056 kept mode=full leaves=16 survival=0.82% best=100.00% std=0.6%
[DTPO] it=133/150 step=1329867 J_new=0.0038 kept mode=full leaves=16 survival=0.56% best=100.00% std=0.1%
[DTPO] it=134/150 step=1339866 J_new=0.0037 kept mode=full leaves=16 survival=3.28% best=100.00% std=5.4%
[DTPO] it=135/150 step=1349865 J_new=0.0039 kept mode=full leaves=16 survival=7.44% best=100.00% std=9.2%
[DTPO] it=136/150 step=1359864 J_new=0.0023 kept mode=full leaves=16 survival=0.61% best=100.00% std=0.1%
[DTPO] it=137/150 step=1369863 J_new=0.0037 kept mode=full leaves=16 survival=1.12% best=100.00% std=1.7%
[DTPO] it=138/150 step=1379862 J_new=0.0041 kept mode=full leaves=16 survival=1.34% best=100.00% std=2.7%
[DTPO] it=139/150 step=1389861 J_new=0.0049 kept mode=full leaves=16 survival=1.12% best=100.00% std=1.7%
[DTPO] it=140/150 step=1399860 J_new=0.0027 kept mode=full leaves=16 survival=1.51% best=100.00% std=3.9%
[DTPO] it=141/150 step=1409859 J_new=0.0050 kept mode=full leaves=16 survival=8.07% best=100.00% std=8.3%
[DTPO] it=142/150 step=1419858 J_new=0.0032 kept mode=full leaves=16 survival=2.50% best=100.00% std=6.1%
[DTPO] it=143/150 step=1429857 J_new=0.0053 kept mode=full leaves=16 survival=1.93% best=100.00% std=4.1%
[DTPO] it=144/150 step=1439856 J_new=0.0024 kept mode=full leaves=16 survival=1.40% best=100.00% std=3.2%
[DTPO] it=145/150 step=1449855 J_new=0.0024 kept mode=full leaves=16 survival=1.93% best=100.00% std=4.1%
[DTPO] it=146/150 step=1459854 J_new=0.0037 kept mode=full leaves=16 survival=7.58% best=100.00% std=8.3%
[DTPO] it=147/150 step=1469853 J_new=0.0066 kept mode=full leaves=16 survival=9.27% best=100.00% std=5.0%
[DTPO] it=148/150 step=1479852 J_new=0.0046 kept mode=full leaves=16 survival=10.56% best=100.00% std=6.6%
[DTPO] it=149/150 step=1489851 J_new=0.0061 kept mode=full leaves=16 survival=9.63% best=100.00% std=6.2%
[DTPO] it=150/150 step=1499850 J_new=0.0065 kept mode=full leaves=16 survival=9.55% best=100.00% std=8.3%
[DTPO] stored 5 candidate trees for final selection (cheap survivals: ['100.0%', '100.0%', '100.0%', '100.0%', '67.2%']). Run dtpo_select.py --ckpt <ckpt> --episodes 100 to pick the honest best.
