[F2] training env filtered to 10/20 chronics (every 2th id held out for evaluation)
Initializing the distributed action 'mapper'... (takes a while with big action spaces)
[F2] training env filtered to 10/20 chronics (every 2th id held out for evaluation)
[F2] training env filtered to 10/20 chronics (every 2th id held out for evaluation)
[F2] training env filtered to 10/20 chronics (every 2th id held out for evaluation)
[F2] training env filtered to 10/20 chronics (every 2th id held out for evaluation)
[HYBRID] warm-start from /rds/general/user/ssl125/home/RL2Grid_v2/checkpoint/final_PPO_bus5_T_0_0__I__1776174124_47043_45000000.tar: {'mode': 'soft', 'n_samples': 15523, 'n_actions': 50, 'n_leaves': 16, 'max_depth': 7, 'fidelity': 0.8159505250273787, 'weighted_fidelity': 0.9171405708294669, 'curated': False, 'dagger_rounds': 0}
[DTPO] gate eval on 10 training-side chronics (of 20); overlap with the held-out pool = 0 (must be 0): ids=[0, 2, 4, 6, 8, 10, 12, 14, 16, 18]
[DTPO] it=1/150 step=9999 J_new=0.0018 kept mode=full leaves=16 survival=25.10% best=25.10% std=37.7%
[DTPO] it=2/150 step=19998 J_new=0.0067 kept mode=full leaves=16 survival=12.12% best=25.10% std=23.2%
[DTPO] it=3/150 step=29997 J_new=0.0098 kept mode=full leaves=16 survival=22.83% best=25.10% std=26.9%
[DTPO] it=4/150 step=39996 J_new=0.0089 kept mode=full leaves=16 survival=23.49% best=25.10% std=27.3%
[DTPO] it=5/150 step=49995 J_new=0.0634 kept mode=full leaves=16 survival=82.15% best=82.15% std=32.0%
[DTPO] it=6/150 step=59994 J_new=0.2246 kept mode=full leaves=16 survival=28.11% best=82.15% std=36.6%
[DTPO] it=7/150 step=69993 J_new=0.0187 kept mode=full leaves=16 survival=38.11% best=82.15% std=42.3%
[DTPO] it=8/150 step=79992 J_new=0.0156 kept mode=full leaves=16 survival=22.99% best=82.15% std=27.8%
[DTPO] it=9/150 step=89991 J_new=0.0077 kept mode=full leaves=16 survival=22.59% best=82.15% std=27.6%
[DTPO] it=10/150 step=99990 J_new=0.0062 kept mode=full leaves=16 survival=22.59% best=82.15% std=27.6%
[DTPO] it=11/150 step=109989 J_new=0.0069 kept mode=full leaves=16 survival=22.59% best=82.15% std=27.6%
[DTPO] it=12/150 step=119988 J_new=0.0057 kept mode=full leaves=16 survival=22.60% best=82.15% std=27.6%
[DTPO] it=13/150 step=129987 J_new=0.0088 kept mode=full leaves=16 survival=26.55% best=82.15% std=35.0%
[DTPO] it=14/150 step=139986 J_new=0.0114 kept mode=full leaves=16 survival=26.55% best=82.15% std=35.0%
[DTPO] it=15/150 step=149985 J_new=0.0048 kept mode=full leaves=16 survival=28.35% best=82.15% std=34.9%
[DTPO] it=16/150 step=159984 J_new=0.0077 kept mode=full leaves=16 survival=13.43% best=82.15% std=12.9%
[DTPO] it=17/150 step=169983 J_new=0.0182 kept mode=full leaves=16 survival=27.56% best=82.15% std=35.0%
[DTPO] it=18/150 step=179982 J_new=0.0091 kept mode=full leaves=16 survival=26.74% best=82.15% std=34.0%
[DTPO] it=19/150 step=189981 J_new=0.0079 kept mode=full leaves=16 survival=5.24% best=82.15% std=12.8%
[DTPO] it=20/150 step=199980 J_new=0.0075 kept mode=full leaves=16 survival=28.73% best=82.15% std=37.6%
[DTPO] it=21/150 step=209979 J_new=0.0085 kept mode=full leaves=16 survival=26.27% best=82.15% std=33.8%
[DTPO] it=22/150 step=219978 J_new=0.0040 kept mode=full leaves=16 survival=26.17% best=82.15% std=33.7%
[DTPO] it=23/150 step=229977 J_new=0.0058 kept mode=full leaves=16 survival=10.12% best=82.15% std=30.0%
[DTPO] it=24/150 step=239976 J_new=0.0053 kept mode=full leaves=16 survival=2.44% best=82.15% std=6.9%
[DTPO] it=25/150 step=249975 J_new=0.0055 kept mode=full leaves=16 survival=2.44% best=82.15% std=6.9%
[DTPO] it=26/150 step=259974 J_new=0.0047 kept mode=full leaves=16 survival=2.44% best=82.15% std=6.9%
[DTPO] it=27/150 step=269973 J_new=0.0056 kept mode=full leaves=16 survival=100.00% best=100.00% std=0.0%
[DTPO] it=28/150 step=279972 J_new=0.0090 kept mode=full leaves=16 survival=81.85% best=100.00% std=36.3%
[DTPO] it=29/150 step=289971 J_new=0.0119 kept mode=full leaves=16 survival=100.00% best=100.00% std=0.0%
[DTPO] it=30/150 step=299970 J_new=-0.0013 revert mode=full leaves=16 survival=100.00% best=100.00% std=0.0%
[DTPO] it=31/150 step=309969 J_new=0.0090 kept mode=full leaves=16 survival=100.00% best=100.00% std=0.0%
[DTPO] it=32/150 step=319968 J_new=0.0070 kept mode=full leaves=16 survival=100.00% best=100.00% std=0.0%
[DTPO] it=33/150 step=329967 J_new=0.0032 kept mode=full leaves=16 survival=90.93% best=100.00% std=27.2%
[DTPO] it=34/150 step=339966 J_new=0.0041 kept mode=full leaves=16 survival=75.19% best=100.00% std=38.4%
[DTPO] it=35/150 step=349965 J_new=0.0053 kept mode=full leaves=16 survival=75.19% best=100.00% std=38.4%
[DTPO] it=36/150 step=359964 J_new=0.0042 kept mode=full leaves=16 survival=100.00% best=100.00% std=0.0%
[DTPO] it=37/150 step=369963 J_new=0.0038 kept mode=full leaves=16 survival=100.00% best=100.00% std=0.0%
[DTPO] it=38/150 step=379962 J_new=0.0021 kept mode=full leaves=16 survival=100.00% best=100.00% std=0.0%
[DTPO] it=39/150 step=389961 J_new=0.0036 kept mode=full leaves=16 survival=100.00% best=100.00% std=0.0%
[DTPO] it=40/150 step=399960 J_new=0.0049 kept mode=full leaves=16 survival=100.00% best=100.00% std=0.0%
[DTPO] it=41/150 step=409959 J_new=0.0033 kept mode=full leaves=16 survival=100.00% best=100.00% std=0.0%
[DTPO] it=42/150 step=419958 J_new=0.0051 kept mode=full leaves=16 survival=100.00% best=100.00% std=0.0%
[DTPO] it=43/150 step=429957 J_new=0.0058 kept mode=full leaves=16 survival=100.00% best=100.00% std=0.0%
[DTPO] it=44/150 step=439956 J_new=0.0039 kept mode=full leaves=16 survival=7.07% best=100.00% std=13.8%
[DTPO] it=45/150 step=449955 J_new=0.0033 kept mode=full leaves=16 survival=1.11% best=100.00% std=1.5%
[DTPO] it=46/150 step=459954 J_new=0.0048 kept mode=full leaves=16 survival=1.14% best=100.00% std=1.5%
[DTPO] it=47/150 step=469953 J_new=0.0047 kept mode=full leaves=16 survival=100.00% best=100.00% std=0.0%
[DTPO] it=48/150 step=479952 J_new=0.0042 kept mode=full leaves=16 survival=100.00% best=100.00% std=0.0%
[DTPO] it=49/150 step=489951 J_new=0.0014 kept mode=full leaves=16 survival=100.00% best=100.00% std=0.0%
[DTPO] it=50/150 step=499950 J_new=0.0060 kept mode=full leaves=16 survival=100.00% best=100.00% std=0.0%
[DTPO] it=51/150 step=509949 J_new=0.0036 kept mode=full leaves=16 survival=71.63% best=100.00% std=43.4%
[DTPO] it=52/150 step=519948 J_new=0.0035 kept mode=full leaves=16 survival=53.40% best=100.00% std=46.7%
[DTPO] it=53/150 step=529947 J_new=0.0036 kept mode=full leaves=16 survival=56.28% best=100.00% std=44.4%
[DTPO] it=54/150 step=539946 J_new=0.0030 kept mode=full leaves=16 survival=56.28% best=100.00% std=44.4%
[DTPO] it=55/150 step=549945 J_new=-0.0004 revert mode=full leaves=16 survival=56.28% best=100.00% std=44.4%
[DTPO] it=56/150 step=559944 J_new=0.0045 kept mode=full leaves=16 survival=23.22% best=100.00% std=27.1%
[DTPO] it=57/150 step=569943 J_new=0.0049 kept mode=full leaves=16 survival=81.27% best=100.00% std=37.5%
[DTPO] it=58/150 step=579942 J_new=0.0014 kept mode=full leaves=16 survival=54.63% best=100.00% std=45.5%
[DTPO] it=59/150 step=589941 J_new=0.0027 kept mode=full leaves=16 survival=54.67% best=100.00% std=45.4%
[DTPO] it=60/150 step=599940 J_new=0.0019 kept mode=full leaves=16 survival=18.86% best=100.00% std=28.5%
[DTPO] it=61/150 step=609939 J_new=0.0054 kept mode=full leaves=16 survival=18.86% best=100.00% std=28.5%
[DTPO] it=62/150 step=619938 J_new=0.0059 kept mode=full leaves=16 survival=6.22% best=100.00% std=3.3%
[DTPO] it=63/150 step=629937 J_new=0.0027 kept mode=full leaves=16 survival=48.45% best=100.00% std=42.3%
[DTPO] it=64/150 step=639936 J_new=0.0049 kept mode=full leaves=16 survival=57.38% best=100.00% std=42.9%
[DTPO] it=65/150 step=649935 J_new=0.0026 kept mode=full leaves=16 survival=46.44% best=100.00% std=39.1%
[DTPO] it=66/150 step=659934 J_new=0.0019 kept mode=full leaves=16 survival=45.58% best=100.00% std=39.7%
[DTPO] it=67/150 step=669933 J_new=0.0071 kept mode=full leaves=16 survival=80.56% best=100.00% std=38.9%
[DTPO] it=68/150 step=679932 J_new=0.0018 kept mode=full leaves=16 survival=44.59% best=100.00% std=46.0%
[DTPO] it=69/150 step=689931 J_new=0.0020 kept mode=full leaves=16 survival=51.37% best=100.00% std=48.6%
[DTPO] it=70/150 step=699930 J_new=0.0021 kept mode=full leaves=16 survival=51.37% best=100.00% std=48.6%
[DTPO] it=71/150 step=709929 J_new=0.0005 kept mode=full leaves=16 survival=60.98% best=100.00% std=47.8%
[DTPO] it=72/150 step=719928 J_new=0.0048 kept mode=full leaves=16 survival=51.37% best=100.00% std=48.6%
[DTPO] it=73/150 step=729927 J_new=0.0053 kept mode=full leaves=16 survival=88.14% best=100.00% std=29.7%
[DTPO] it=74/150 step=739926 J_new=0.0038 kept mode=full leaves=16 survival=100.00% best=100.00% std=0.0%
[DTPO] it=75/150 step=749925 J_new=0.0019 kept mode=full leaves=16 survival=88.14% best=100.00% std=29.7%
[DTPO] it=76/150 step=759924 J_new=0.0008 kept mode=full leaves=16 survival=81.03% best=100.00% std=38.0%
[DTPO] it=77/150 step=769923 J_new=0.0036 kept mode=full leaves=16 survival=81.03% best=100.00% std=38.0%
[DTPO] it=78/150 step=779922 J_new=0.0031 kept mode=full leaves=16 survival=90.07% best=100.00% std=29.8%
[DTPO] it=79/150 step=789921 J_new=0.0022 kept mode=full leaves=16 survival=88.04% best=100.00% std=29.7%
[DTPO] it=80/150 step=799920 J_new=0.0041 kept mode=full leaves=16 survival=88.14% best=100.00% std=29.7%
[DTPO] it=81/150 step=809919 J_new=0.0033 kept mode=full leaves=16 survival=90.07% best=100.00% std=29.8%
[DTPO] it=82/150 step=819918 J_new=0.0031 kept mode=full leaves=16 survival=88.14% best=100.00% std=29.7%
[DTPO] it=83/150 step=829917 J_new=0.0034 kept mode=full leaves=16 survival=88.14% best=100.00% std=29.7%
[DTPO] it=84/150 step=839916 J_new=0.0026 kept mode=full leaves=16 survival=90.07% best=100.00% std=29.8%
[DTPO] it=85/150 step=849915 J_new=0.0032 kept mode=full leaves=16 survival=21.67% best=100.00% std=39.2%
[DTPO] it=86/150 step=859914 J_new=0.0032 kept mode=full leaves=16 survival=13.80% best=100.00% std=29.4%
[DTPO] it=87/150 step=869913 J_new=0.0022 kept mode=full leaves=16 survival=29.57% best=100.00% std=38.5%
[DTPO] it=88/150 step=879912 J_new=0.0040 kept mode=full leaves=16 survival=81.03% best=100.00% std=38.0%
[DTPO] it=89/150 step=889911 J_new=0.0041 kept mode=full leaves=16 survival=90.07% best=100.00% std=29.8%
[DTPO] it=90/150 step=899910 J_new=0.0037 kept mode=full leaves=16 survival=8.19% best=100.00% std=4.2%
[DTPO] it=91/150 step=909909 J_new=0.0037 kept mode=full leaves=16 survival=17.99% best=100.00% std=27.6%
[DTPO] it=92/150 step=919908 J_new=0.0068 kept mode=full leaves=16 survival=8.06% best=100.00% std=4.4%
[DTPO] it=93/150 step=929907 J_new=0.0050 kept mode=full leaves=16 survival=8.06% best=100.00% std=4.4%
[DTPO] it=94/150 step=939906 J_new=0.0080 kept mode=full leaves=16 survival=10.11% best=100.00% std=7.9%
[DTPO] it=95/150 step=949905 J_new=0.0057 kept mode=full leaves=16 survival=73.36% best=100.00% std=40.8%
[DTPO] it=96/150 step=959904 J_new=0.0084 kept mode=full leaves=16 survival=16.99% best=100.00% std=9.4%
[DTPO] it=97/150 step=969903 J_new=0.0047 kept mode=full leaves=16 survival=13.66% best=100.00% std=7.5%
[DTPO] it=98/150 step=979902 J_new=-0.0006 revert mode=full leaves=16 survival=13.66% best=100.00% std=7.5%
[DTPO] it=99/150 step=989901 J_new=-0.0009 revert mode=full leaves=16 survival=13.66% best=100.00% std=7.5%
[DTPO] it=100/150 step=999900 J_new=0.0039 kept mode=full leaves=16 survival=61.99% best=100.00% std=46.4%
[DTPO] it=101/150 step=1009899 J_new=0.0043 kept mode=full leaves=16 survival=61.97% best=100.00% std=46.4%
[DTPO] it=102/150 step=1019898 J_new=0.0022 kept mode=full leaves=16 survival=61.99% best=100.00% std=46.4%
[DTPO] it=103/150 step=1029897 J_new=0.0031 kept mode=full leaves=16 survival=65.69% best=100.00% std=37.0%
[DTPO] it=104/150 step=1039896 J_new=0.0030 kept mode=full leaves=16 survival=90.00% best=100.00% std=28.0%
[DTPO] it=105/150 step=1049895 J_new=0.0014 kept mode=full leaves=16 survival=88.25% best=100.00% std=27.9%
[DTPO] it=106/150 step=1059894 J_new=0.0021 kept mode=full leaves=16 survival=100.00% best=100.00% std=0.0%
[DTPO] it=107/150 step=1069893 J_new=0.0015 kept mode=full leaves=16 survival=8.15% best=100.00% std=7.7%
[DTPO] it=108/150 step=1079892 J_new=0.0017 kept mode=full leaves=16 survival=15.60% best=100.00% std=28.6%
[DTPO] it=109/150 step=1089891 J_new=0.0059 kept mode=full leaves=16 survival=1.30% best=100.00% std=1.8%
[DTPO] it=110/150 step=1099890 J_new=0.0021 kept mode=full leaves=16 survival=100.00% best=100.00% std=0.0%
[DTPO] it=111/150 step=1109889 J_new=0.0045 kept mode=full leaves=16 survival=99.20% best=100.00% std=2.4%
[DTPO] it=112/150 step=1119888 J_new=-0.0003 revert mode=full leaves=16 survival=99.20% best=100.00% std=2.4%
[DTPO] it=113/150 step=1129887 J_new=0.0006 kept mode=full leaves=16 survival=5.43% best=100.00% std=6.6%
[DTPO] it=114/150 step=1139886 J_new=0.0035 kept mode=full leaves=16 survival=7.98% best=100.00% std=3.9%
[DTPO] it=115/150 step=1149885 J_new=0.0060 kept mode=full leaves=16 survival=1.16% best=100.00% std=1.5%
[DTPO] it=116/150 step=1159884 J_new=0.0115 kept mode=full leaves=16 survival=30.44% best=100.00% std=38.8%
[DTPO] it=117/150 step=1169883 J_new=0.0259 kept mode=full leaves=16 survival=1.57% best=100.00% std=1.9%
[DTPO] it=118/150 step=1179882 J_new=0.0094 kept mode=full leaves=16 survival=43.34% best=100.00% std=38.5%
[DTPO] it=119/150 step=1189881 J_new=0.0062 kept mode=full leaves=16 survival=3.19% best=100.00% std=4.7%
[DTPO] it=120/150 step=1199880 J_new=0.0121 kept mode=full leaves=16 survival=3.55% best=100.00% std=6.7%
[DTPO] it=121/150 step=1209879 J_new=0.0084 kept mode=full leaves=16 survival=31.23% best=100.00% std=45.0%
[DTPO] it=122/150 step=1219878 J_new=0.0031 kept mode=full leaves=16 survival=6.09% best=100.00% std=6.9%
[DTPO] it=123/150 step=1229877 J_new=0.0058 kept mode=full leaves=16 survival=12.57% best=100.00% std=19.3%
[DTPO] it=124/150 step=1239876 J_new=0.0125 kept mode=full leaves=16 survival=80.09% best=100.00% std=39.8%
[DTPO] it=125/150 step=1249875 J_new=0.0150 kept mode=full leaves=16 survival=57.28% best=100.00% std=44.2%
[DTPO] it=126/150 step=1259874 J_new=0.0087 kept mode=full leaves=16 survival=71.68% best=100.00% std=43.4%
[DTPO] it=127/150 step=1269873 J_new=0.0156 kept mode=full leaves=16 survival=62.97% best=100.00% std=38.2%
[DTPO] it=128/150 step=1279872 J_new=0.0132 kept mode=full leaves=16 survival=89.44% best=100.00% std=21.1%
[DTPO] it=129/150 step=1289871 J_new=0.0128 kept mode=full leaves=16 survival=45.46% best=100.00% std=41.7%
[DTPO] it=130/150 step=1299870 J_new=0.0045 kept mode=full leaves=16 survival=22.02% best=100.00% std=38.9%
[DTPO] it=131/150 step=1309869 J_new=0.0080 kept mode=full leaves=16 survival=94.69% best=100.00% std=10.6%
[DTPO] it=132/150 step=1319868 J_new=0.0107 kept mode=full leaves=16 survival=42.70% best=100.00% std=41.9%
[DTPO] it=133/150 step=1329867 J_new=0.0143 kept mode=full leaves=16 survival=53.58% best=100.00% std=37.1%
[DTPO] it=134/150 step=1339866 J_new=0.0011 kept mode=full leaves=16 survival=73.67% best=100.00% std=37.7%
[DTPO] it=135/150 step=1349865 J_new=0.0092 kept mode=full leaves=16 survival=30.67% best=100.00% std=45.4%
[DTPO] it=136/150 step=1359864 J_new=0.0121 kept mode=full leaves=16 survival=98.79% best=100.00% std=2.7%
[DTPO] it=137/150 step=1369863 J_new=0.0042 kept mode=full leaves=16 survival=79.94% best=100.00% std=37.6%
[DTPO] it=138/150 step=1379862 J_new=-0.0007 revert mode=full leaves=16 survival=79.94% best=100.00% std=37.6%
[DTPO] it=139/150 step=1389861 J_new=0.0080 kept mode=full leaves=16 survival=49.51% best=100.00% std=43.7%
[DTPO] it=140/150 step=1399860 J_new=0.0079 kept mode=full leaves=16 survival=49.55% best=100.00% std=43.3%
[DTPO] it=141/150 step=1409859 J_new=0.0149 kept mode=full leaves=16 survival=70.27% best=100.00% std=45.4%
[DTPO] it=142/150 step=1419858 J_new=0.0105 kept mode=full leaves=16 survival=100.00% best=100.00% std=0.0%
[DTPO] it=143/150 step=1429857 J_new=0.0106 kept mode=full leaves=16 survival=66.00% best=100.00% std=39.3%
[DTPO] it=144/150 step=1439856 J_new=0.0151 kept mode=full leaves=16 survival=92.07% best=100.00% std=23.8%
[DTPO] it=145/150 step=1449855 J_new=0.0085 kept mode=full leaves=16 survival=13.65% best=100.00% std=14.5%
[DTPO] it=146/150 step=1459854 J_new=0.0034 kept mode=full leaves=16 survival=19.82% best=100.00% std=28.5%
[DTPO] it=147/150 step=1469853 J_new=0.0051 kept mode=full leaves=16 survival=22.17% best=100.00% std=27.3%
[DTPO] it=148/150 step=1479852 J_new=0.0074 kept mode=full leaves=16 survival=19.53% best=100.00% std=27.6%
[DTPO] it=149/150 step=1489851 J_new=0.0090 kept mode=full leaves=16 survival=20.14% best=100.00% std=27.6%
[DTPO] it=150/150 step=1499850 J_new=0.0055 kept mode=full leaves=16 survival=100.00% best=100.00% std=0.0%
[DTPO] stored 5 candidate trees for final selection (cheap survivals: ['100.0%', '100.0%', '100.0%', '100.0%', '100.0%']). Run dtpo_select.py --ckpt <ckpt> --episodes 100 to pick the honest best.
