Initializing the distributed action 'mapper'... (takes a while with big action spaces)
[VIPER] oracle=ppo (from /rds/general/user/ssl125/home/RL2Grid_full/checkpoint/final_PPO_bus5_T_0_0__I__1776174124_47043_45000000.tar)
[VIPER TREE] depth=12 leaves=64 nodes=127 ccp_alpha=0.00000000 fit_samples=5001 dataset=5001
Eval at step 5001, survival=5.142%, return=[-2.198093172783653, 46.10644870003065, -12.925463811358592, -1.8412698412698412]
[VIPER] iter=1/15 dataset=5001 fit_samples=5001 weighted_acc=0.998812 survival=5.142% best_survival=5.142%
[VIPER TREE] depth=12 leaves=64 nodes=127 ccp_alpha=0.00000000 fit_samples=10002 dataset=10002
Eval at step 10002, survival=100.000%, return=[-5.030624991059692, 1538.1043715824683, -10.846840512628356, -280.5238095238088]
[VIPER] iter=2/15 dataset=10002 fit_samples=10002 weighted_acc=0.991062 survival=100.000% best_survival=100.000%
[VIPER TREE] depth=12 leaves=64 nodes=127 ccp_alpha=0.00000000 fit_samples=15003 dataset=15003
Eval at step 15003, survival=0.050%, return=[-1.0, -1.0, -5.0, -1.0]
[VIPER] iter=3/15 dataset=15003 fit_samples=15003 weighted_acc=0.993301 survival=0.050% best_survival=100.000%
[VIPER TREE] depth=12 leaves=64 nodes=127 ccp_alpha=0.00000000 fit_samples=20004 dataset=20004
Eval at step 20004, survival=7.722%, return=[-2.397579366186013, 74.32258651653926, -130.29286293303207, -20.507936507936535]
[VIPER] iter=4/15 dataset=20004 fit_samples=20004 weighted_acc=0.986244 survival=7.722% best_survival=100.000%
[VIPER TREE] depth=12 leaves=64 nodes=127 ccp_alpha=0.00000000 fit_samples=25005 dataset=25005
Eval at step 25005, survival=4.960%, return=[-2.1017043048050255, 45.922150045633316, -20.89646576147061, -5.190476190476192]
[VIPER] iter=5/15 dataset=25005 fit_samples=25005 weighted_acc=0.987977 survival=4.960% best_survival=100.000%
[VIPER TREE] depth=12 leaves=64 nodes=127 ccp_alpha=0.00000000 fit_samples=30006 dataset=30006
Eval at step 30006, survival=0.050%, return=[-1.0, -1.0, -5.0, -1.0]
[VIPER] iter=6/15 dataset=30006 fit_samples=30006 weighted_acc=0.987367 survival=0.050% best_survival=100.000%
[VIPER TREE] depth=12 leaves=64 nodes=127 ccp_alpha=0.00000000 fit_samples=35007 dataset=35007
Eval at step 35007, survival=0.050%, return=[-1.0, -1.0, -5.0, -1.0]
[VIPER] iter=7/15 dataset=35007 fit_samples=35007 weighted_acc=0.988970 survival=0.050% best_survival=100.000%
[VIPER TREE] depth=12 leaves=64 nodes=127 ccp_alpha=0.00000000 fit_samples=40008 dataset=40008
Eval at step 40008, survival=100.000%, return=[-10.445002573910946, 1342.8918287605047, -35.086092085985, -235.4603174603135]
[VIPER] iter=8/15 dataset=40008 fit_samples=40008 weighted_acc=0.988267 survival=100.000% best_survival=100.000%
[VIPER TREE] depth=12 leaves=64 nodes=127 ccp_alpha=0.00000000 fit_samples=45009 dataset=45009
Eval at step 45009, survival=100.000%, return=[-10.483266014431138, 1341.8756392051775, -35.0792043612455, -234.55555555555136]
[VIPER] iter=9/15 dataset=45009 fit_samples=45009 weighted_acc=0.988161 survival=100.000% best_survival=100.000%
[VIPER TREE] depth=12 leaves=64 nodes=127 ccp_alpha=0.00000000 fit_samples=50000 dataset=50010
Eval at step 50010, survival=0.050%, return=[-1.0, -1.0, -5.0, -1.0]
[VIPER] iter=10/15 dataset=50010 fit_samples=50000 weighted_acc=0.981308 survival=0.050% best_survival=100.000%
[VIPER TREE] depth=12 leaves=64 nodes=127 ccp_alpha=0.00000000 fit_samples=50000 dataset=55011
Eval at step 55011, survival=0.050%, return=[-1.0, -1.0, -5.0, -1.0]
[VIPER] iter=11/15 dataset=55011 fit_samples=50000 weighted_acc=0.980504 survival=0.050% best_survival=100.000%
[VIPER TREE] depth=12 leaves=64 nodes=127 ccp_alpha=0.00000000 fit_samples=50000 dataset=60012
Eval at step 60012, survival=100.000%, return=[-4.805568536646509, 1595.5975745519002, -0.21025891701962487, -594.9841269841344]
[VIPER] iter=12/15 dataset=60012 fit_samples=50000 weighted_acc=0.982939 survival=100.000% best_survival=100.000%
[VIPER TREE] depth=12 leaves=64 nodes=127 ccp_alpha=0.00000000 fit_samples=50000 dataset=65013
Eval at step 65013, survival=0.099%, return=[-1.0024190845433623, -0.2722267508506775, -5.0, -1.1428571428571428]
[VIPER] iter=13/15 dataset=65013 fit_samples=50000 weighted_acc=0.978440 survival=0.099% best_survival=100.000%
[VIPER TREE] depth=12 leaves=64 nodes=127 ccp_alpha=0.00000000 fit_samples=50000 dataset=70014
Eval at step 70014, survival=81.498%, return=[-5.7970168287671795, 1183.6379257937272, -9.912423568894155, -475.5555555555652]
[VIPER] iter=14/15 dataset=70014 fit_samples=50000 weighted_acc=0.984759 survival=81.498% best_survival=100.000%
[VIPER TREE] depth=12 leaves=64 nodes=127 ccp_alpha=0.00000000 fit_samples=50000 dataset=75015
Eval at step 75015, survival=0.050%, return=[-1.0, -1.0, -5.0, -1.0]
[VIPER] iter=15/15 dataset=75015 fit_samples=50000 weighted_acc=0.985994 survival=0.050% best_survival=100.000%
