[F2] training env filtered to 753/1004 chronics (every 4th id held out for evaluation)
Initializing the distributed action 'mapper'... (takes a while with big action spaces)
[F2] training env filtered to 753/1004 chronics (every 4th id held out for evaluation)
[F2] training env filtered to 753/1004 chronics (every 4th id held out for evaluation)
[F2] training env filtered to 753/1004 chronics (every 4th id held out for evaluation)
[F2] training env filtered to 753/1004 chronics (every 4th id held out for evaluation)
[VIPER] oracle=ppo (from /rds/general/user/ssl125/home/RL2Grid_v2/checkpoint/final_PPO_bus14_T_0_0__I__1775940444_3936.tar)
[VIPER TREE] depth=7 leaves=16 nodes=31 ccp_alpha=0.00000000 fit_samples=5001 dataset=5001
Eval at step 5001, survival=5.494%, return=[-1.5517461340835628, 269.13672413825986, -5.113219500208895, -8.654970760233924]
[VIPER] iter=1/15 dataset=5001 fit_samples=5001 weighted_acc=0.735923 survival=5.494% best_survival=5.494%
[VIPER TREE] depth=7 leaves=16 nodes=31 ccp_alpha=0.00000000 fit_samples=10002 dataset=10002
Eval at step 10002, survival=11.979%, return=[-2.268782323032307, 578.4333013375598, -5.310671210483027, -8.00584795321632]
[VIPER] iter=2/15 dataset=10002 fit_samples=10002 weighted_acc=0.769661 survival=11.979% best_survival=11.979%
[VIPER TREE] depth=8 leaves=16 nodes=31 ccp_alpha=0.00000000 fit_samples=15003 dataset=15003
Eval at step 15003, survival=2.178%, return=[-1.2443292972360116, 107.43767350991565, -6.64544730464695, -9.730994152046797]
[VIPER] iter=3/15 dataset=15003 fit_samples=15003 weighted_acc=0.744386 survival=2.178% best_survival=11.979%
[VIPER TREE] depth=7 leaves=16 nodes=31 ccp_alpha=0.00000000 fit_samples=20004 dataset=20004
Eval at step 20004, survival=55.481%, return=[-6.43268942759217, 2612.499281517666, -3.3376785931419968, -406.6315789473645]
[VIPER] iter=4/15 dataset=20004 fit_samples=20004 weighted_acc=0.739201 survival=55.481% best_survival=55.481%
[VIPER TREE] depth=8 leaves=16 nodes=31 ccp_alpha=0.00000000 fit_samples=25005 dataset=25005
Eval at step 25005, survival=21.966%, return=[-3.440772792654267, 1019.492007239659, -5.01370337944051, -141.4970760233946]
[VIPER] iter=5/15 dataset=25005 fit_samples=25005 weighted_acc=0.742402 survival=21.966% best_survival=55.481%
[VIPER TREE] depth=8 leaves=16 nodes=31 ccp_alpha=0.00000000 fit_samples=30006 dataset=30006
Eval at step 30006, survival=67.386%, return=[-7.9588123156766715, 3177.621724033356, -3.3394817729325346, -612.0350877192773]
[VIPER] iter=6/15 dataset=30006 fit_samples=30006 weighted_acc=0.759971 survival=67.386% best_survival=67.386%
[VIPER TREE] depth=8 leaves=16 nodes=31 ccp_alpha=0.00000000 fit_samples=35007 dataset=35007
Eval at step 35007, survival=57.254%, return=[-6.8360681486083195, 2704.5468646685317, -3.349029326850238, -499.92397660815533]
[VIPER] iter=7/15 dataset=35007 fit_samples=35007 weighted_acc=0.742377 survival=57.254% best_survival=67.386%
[VIPER TREE] depth=8 leaves=16 nodes=31 ccp_alpha=0.00000000 fit_samples=40008 dataset=40008
Eval at step 40008, survival=69.395%, return=[-8.130695594513478, 3238.5129072030345, -3.364952956481526, -556.7251461987794]
[VIPER] iter=8/15 dataset=40008 fit_samples=40008 weighted_acc=0.735567 survival=69.395% best_survival=69.395%
[VIPER TREE] depth=7 leaves=16 nodes=31 ccp_alpha=0.00000000 fit_samples=45009 dataset=45009
Eval at step 45009, survival=48.396%, return=[-6.000267059969095, 2311.0069466431933, -5.0158124352844125, -410.92982456137935]
[VIPER] iter=9/15 dataset=45009 fit_samples=45009 weighted_acc=0.735774 survival=48.396% best_survival=69.395%
[VIPER TREE] depth=6 leaves=16 nodes=31 ccp_alpha=0.00000000 fit_samples=50000 dataset=50010
Eval at step 50010, survival=93.093%, return=[-11.08962347439956, 4363.9396709918865, -3.3439840717474, -822.5380116958462]
[VIPER] iter=10/15 dataset=50010 fit_samples=50000 weighted_acc=0.721349 survival=93.093% best_survival=93.093%
[VIPER TREE] depth=7 leaves=16 nodes=31 ccp_alpha=0.00000000 fit_samples=50000 dataset=55011
Eval at step 55011, survival=71.784%, return=[-8.992745385039598, 3248.757143230467, -491.04830189310206, -615.5789473683834]
[VIPER] iter=11/15 dataset=55011 fit_samples=50000 weighted_acc=0.759000 survival=71.784% best_survival=93.093%
[VIPER TREE] depth=7 leaves=16 nodes=31 ccp_alpha=0.00000000 fit_samples=50000 dataset=60012
Eval at step 60012, survival=20.730%, return=[-3.61653989633002, 965.2213191699926, -292.6899042703347, -170.21637426900784]
[VIPER] iter=12/15 dataset=60012 fit_samples=50000 weighted_acc=0.753767 survival=20.730% best_survival=93.093%
[VIPER TREE] depth=9 leaves=16 nodes=31 ccp_alpha=0.00000000 fit_samples=50000 dataset=65013
Eval at step 65013, survival=33.887%, return=[-4.403353734931443, 1602.624407847723, -5.005387652471351, -290.25146198830566]
[VIPER] iter=13/15 dataset=65013 fit_samples=50000 weighted_acc=0.761467 survival=33.887% best_survival=93.093%
[VIPER TREE] depth=8 leaves=16 nodes=31 ccp_alpha=0.00000000 fit_samples=50000 dataset=70014
Eval at step 70014, survival=4.030%, return=[-1.3555107735834706, 194.40247001647944, -5.011408004832144, -29.473684210526404]
[VIPER] iter=14/15 dataset=70014 fit_samples=50000 weighted_acc=0.760623 survival=4.030% best_survival=93.093%
[VIPER TREE] depth=9 leaves=16 nodes=31 ccp_alpha=0.00000000 fit_samples=50000 dataset=75015
Eval at step 75015, survival=39.976%, return=[-5.051437264269528, 1864.81819869677, -3.348505276585153, -348.1988304093363]
[VIPER] iter=15/15 dataset=75015 fit_samples=50000 weighted_acc=0.757311 survival=39.976% best_survival=93.093%
