[F2] training env filtered to 753/1004 chronics (every 4th id held out for evaluation)
Initializing the distributed action 'mapper'... (takes a while with big action spaces)
[F2] training env filtered to 753/1004 chronics (every 4th id held out for evaluation)
[F2] training env filtered to 753/1004 chronics (every 4th id held out for evaluation)
[F2] training env filtered to 753/1004 chronics (every 4th id held out for evaluation)
[F2] training env filtered to 753/1004 chronics (every 4th id held out for evaluation)
[DTPO] gate eval on 40 training-side chronics (of 1004); overlap with the held-out pool = 0 (must be 0): ids=[0, 25, 50, 76, 102, 128, 153, 178, 205, 230, 256, 282]...
[DTPO] it=1/150 step=9999 J_new=0.0719 kept mode=full gate=accept cand=11.31% leaves=16 survival=11.31% best=11.31% std=9.5%
[DTPO] it=2/150 step=19998 J_new=0.0904 kept mode=full gate=accept cand=11.66% leaves=16 survival=11.66% best=11.66% std=8.6%
[DTPO] it=3/150 step=29997 J_new=0.0833 kept mode=full gate=revert(1) cand=8.56% leaves=16 survival=11.66% best=11.66% std=8.6%
[DTPO] it=4/150 step=39996 J_new=0.1113 kept mode=full gate=revert(2) cand=8.36% leaves=16 survival=11.66% best=11.66% std=8.6%
[DTPO] it=5/150 step=49995 J_new=0.0254 kept mode=full gate=revert(3) cand=8.87% leaves=16 survival=11.66% best=11.66% std=8.6%
[DTPO] it=6/150 step=59994 J_new=0.0421 kept mode=full gate=revert(4) cand=7.99% leaves=16 survival=11.66% best=11.66% std=8.6%
[DTPO] it=7/150 step=69993 J_new=0.0924 kept mode=full gate=revert(5) cand=8.69% leaves=16 survival=11.66% best=11.66% std=8.6%
[DTPO] it=8/150 step=79992 J_new=0.0817 kept mode=full gate=revert(6) cand=8.87% leaves=16 survival=11.66% best=11.66% std=8.6%
[DTPO] it=9/150 step=89991 J_new=0.0934 kept mode=full gate=revert(7) cand=1.13% leaves=16 survival=11.66% best=11.66% std=8.6%
[DTPO] it=10/150 step=99990 J_new=0.0604 kept mode=full gate=revert(8) cand=8.69% leaves=16 survival=11.66% best=11.66% std=8.6%
[DTPO] it=11/150 step=109989 J_new=0.1166 kept mode=full gate=revert(9) cand=7.73% leaves=16 survival=11.66% best=11.66% std=8.6%
[DTPO] it=12/150 step=119988 J_new=0.1365 kept mode=full gate=revert(10) cand=7.28% leaves=16 survival=11.66% best=11.66% std=8.6%
[DTPO] it=13/150 step=129987 J_new=0.0744 kept mode=full gate=revert(11) cand=7.87% leaves=16 survival=11.66% best=11.66% std=8.6%
[DTPO] it=14/150 step=139986 J_new=0.1053 kept mode=full gate=accept cand=18.15% leaves=16 survival=18.15% best=18.15% std=17.6%
[DTPO] it=15/150 step=149985 J_new=0.1226 kept mode=full gate=accept cand=18.15% leaves=16 survival=18.15% best=18.15% std=17.6%
[DTPO] it=16/150 step=159984 J_new=0.0097 kept mode=full gate=accept cand=18.15% leaves=16 survival=18.15% best=18.15% std=17.6%
[DTPO] it=17/150 step=169983 J_new=0.0162 kept mode=full gate=accept cand=18.15% leaves=16 survival=18.15% best=18.15% std=17.6%
[DTPO] it=18/150 step=179982 J_new=0.0096 kept mode=full gate=accept cand=18.15% leaves=16 survival=18.15% best=18.15% std=17.6%
[DTPO] it=19/150 step=189981 J_new=0.1797 kept mode=full gate=accept cand=18.15% leaves=16 survival=18.15% best=18.15% std=17.6%
[DTPO] it=20/150 step=199980 J_new=0.0248 kept mode=full gate=accept cand=18.15% leaves=16 survival=18.15% best=18.15% std=17.6%
[DTPO] it=21/150 step=209979 J_new=0.2196 kept mode=full gate=revert(1) cand=18.15% leaves=16 survival=18.15% best=18.15% std=17.6%
[DTPO] it=22/150 step=219978 J_new=0.0763 kept mode=full gate=accept cand=18.15% leaves=16 survival=18.15% best=18.15% std=17.6%
[DTPO] it=23/150 step=229977 J_new=0.1422 kept mode=full gate=accept cand=18.15% leaves=16 survival=18.15% best=18.15% std=17.6%
[DTPO] it=24/150 step=239976 J_new=0.1324 kept mode=full gate=revert(1) cand=12.84% leaves=16 survival=18.15% best=18.15% std=17.6%
[DTPO] it=25/150 step=249975 J_new=0.1250 kept mode=full gate=revert(2) cand=16.48% leaves=16 survival=18.15% best=18.15% std=17.6%
[DTPO] it=26/150 step=259974 J_new=0.0742 kept mode=full gate=revert(3) cand=9.23% leaves=16 survival=18.15% best=18.15% std=17.6%
[DTPO] it=27/150 step=269973 J_new=0.1058 kept mode=full gate=accept cand=18.15% leaves=16 survival=18.15% best=18.15% std=17.6%
[DTPO] it=28/150 step=279972 J_new=0.1595 kept mode=full gate=accept cand=18.15% leaves=16 survival=18.15% best=18.15% std=17.6%
[DTPO] it=29/150 step=289971 J_new=0.0095 kept mode=full gate=accept cand=18.15% leaves=16 survival=18.15% best=18.15% std=17.6%
[DTPO] it=30/150 step=299970 J_new=0.2472 kept mode=full gate=accept cand=18.15% leaves=16 survival=18.15% best=18.15% std=17.6%
[DTPO] it=31/150 step=309969 J_new=0.0562 kept mode=full gate=accept cand=18.15% leaves=16 survival=18.15% best=18.15% std=17.6%
[DTPO] it=32/150 step=319968 J_new=0.0848 kept mode=full gate=accept cand=18.15% leaves=16 survival=18.15% best=18.15% std=17.6%
[DTPO] it=33/150 step=329967 J_new=0.2797 kept mode=full gate=accept cand=18.15% leaves=16 survival=18.15% best=18.15% std=17.6%
[DTPO] it=34/150 step=339966 J_new=0.0212 kept mode=full gate=accept cand=18.15% leaves=16 survival=18.15% best=18.15% std=17.6%
[DTPO] it=35/150 step=349965 J_new=0.0305 kept mode=full gate=accept cand=18.15% leaves=16 survival=18.15% best=18.15% std=17.6%
[DTPO] it=36/150 step=359964 J_new=0.2268 kept mode=full gate=revert(1) cand=1.70% leaves=16 survival=18.15% best=18.15% std=17.6%
[DTPO] it=37/150 step=369963 J_new=0.0936 kept mode=full gate=accept cand=18.15% leaves=16 survival=18.15% best=18.15% std=17.6%
[DTPO] it=38/150 step=379962 J_new=0.0337 kept mode=full gate=accept cand=18.15% leaves=16 survival=18.15% best=18.15% std=17.6%
[DTPO] it=39/150 step=389961 J_new=0.0536 kept mode=full gate=revert(1) cand=17.71% leaves=16 survival=18.15% best=18.15% std=17.6%
[DTPO] it=40/150 step=399960 J_new=0.0794 kept mode=full gate=revert(2) cand=9.87% leaves=16 survival=18.15% best=18.15% std=17.6%
[DTPO] it=41/150 step=409959 J_new=0.0263 kept mode=full gate=revert(3) cand=17.71% leaves=16 survival=18.15% best=18.15% std=17.6%
[DTPO] it=42/150 step=419958 J_new=0.0723 kept mode=full gate=revert(4) cand=17.71% leaves=16 survival=18.15% best=18.15% std=17.6%
[DTPO] it=43/150 step=429957 J_new=0.0827 kept mode=full gate=accept cand=18.15% leaves=16 survival=18.15% best=18.15% std=17.6%
[DTPO] it=44/150 step=439956 J_new=0.1077 kept mode=full gate=accept cand=18.15% leaves=16 survival=18.15% best=18.15% std=17.6%
[DTPO] it=45/150 step=449955 J_new=0.0589 kept mode=full gate=revert(1) cand=16.46% leaves=16 survival=18.15% best=18.15% std=17.6%
[DTPO] it=46/150 step=459954 J_new=0.0962 kept mode=full gate=accept cand=18.15% leaves=16 survival=18.15% best=18.15% std=17.6%
[DTPO] it=47/150 step=469953 J_new=0.1538 kept mode=full gate=accept cand=20.27% leaves=16 survival=20.27% best=20.27% std=18.3%
[DTPO] it=48/150 step=479952 J_new=0.0609 kept mode=full gate=accept cand=40.60% leaves=16 survival=40.60% best=40.60% std=32.2%
[DTPO] it=49/150 step=489951 J_new=0.0816 kept mode=full gate=revert(1) cand=18.15% leaves=16 survival=40.60% best=40.60% std=32.2%
[DTPO] it=50/150 step=499950 J_new=0.2017 kept mode=full gate=revert(2) cand=18.15% leaves=16 survival=40.60% best=40.60% std=32.2%
[DTPO] it=51/150 step=509949 J_new=0.1078 kept mode=full gate=revert(3) cand=9.45% leaves=16 survival=40.60% best=40.60% std=32.2%
[DTPO] it=52/150 step=519948 J_new=0.1485 kept mode=full gate=revert(4) cand=0.13% leaves=16 survival=40.60% best=40.60% std=32.2%
[DTPO] it=53/150 step=529947 J_new=0.1139 kept mode=full gate=revert(5) cand=18.15% leaves=16 survival=40.60% best=40.60% std=32.2%
[DTPO] it=54/150 step=539946 J_new=0.0985 kept mode=full gate=revert(6) cand=11.48% leaves=16 survival=40.60% best=40.60% std=32.2%
[DTPO] it=55/150 step=549945 J_new=0.2290 kept mode=full gate=accept cand=44.54% leaves=16 survival=44.54% best=44.54% std=35.2%
[DTPO] it=56/150 step=559944 J_new=0.0041 kept mode=full gate=revert(1) cand=17.98% leaves=16 survival=44.54% best=44.54% std=35.2%
[DTPO] it=57/150 step=569943 J_new=0.0453 kept mode=full gate=revert(2) cand=3.49% leaves=16 survival=44.54% best=44.54% std=35.2%
[DTPO] it=58/150 step=579942 J_new=0.1412 kept mode=full gate=revert(3) cand=17.95% leaves=16 survival=44.54% best=44.54% std=35.2%
[DTPO] it=59/150 step=589941 J_new=0.0015 kept mode=full gate=revert(4) cand=17.98% leaves=16 survival=44.54% best=44.54% std=35.2%
[DTPO] it=60/150 step=599940 J_new=0.0960 kept mode=full gate=revert(5) cand=18.15% leaves=16 survival=44.54% best=44.54% std=35.2%
[DTPO] it=61/150 step=609939 J_new=0.0260 kept mode=full gate=revert(6) cand=25.56% leaves=16 survival=44.54% best=44.54% std=35.2%
[DTPO] it=62/150 step=619938 J_new=0.0342 kept mode=full gate=revert(7) cand=17.14% leaves=16 survival=44.54% best=44.54% std=35.2%
[DTPO] it=63/150 step=629937 J_new=0.1189 kept mode=full gate=revert(8) cand=26.28% leaves=16 survival=44.54% best=44.54% std=35.2%
[DTPO] it=64/150 step=639936 J_new=0.0088 kept mode=full gate=revert(9) cand=17.24% leaves=16 survival=44.54% best=44.54% std=35.2%
[DTPO] it=65/150 step=649935 J_new=0.0396 kept mode=full gate=revert(10) cand=2.05% leaves=16 survival=44.54% best=44.54% std=35.2%
[DTPO] it=66/150 step=659934 J_new=0.0895 kept mode=full gate=revert(11) cand=17.18% leaves=16 survival=44.54% best=44.54% std=35.2%
[DTPO] it=67/150 step=669933 J_new=0.0752 kept mode=full gate=revert(12) cand=7.22% leaves=16 survival=44.54% best=44.54% std=35.2%
[DTPO] it=68/150 step=679932 J_new=0.1059 kept mode=full gate=revert(13) cand=17.21% leaves=16 survival=44.54% best=44.54% std=35.2%
[DTPO] it=69/150 step=689931 J_new=0.0484 kept mode=full gate=revert(14) cand=5.96% leaves=16 survival=44.54% best=44.54% std=35.2%
[DTPO] it=70/150 step=699930 J_new=0.0885 kept mode=full gate=revert(15) cand=15.10% leaves=16 survival=44.54% best=44.54% std=35.2%
[DTPO] it=71/150 step=709929 J_new=0.1187 kept mode=full gate=revert(16) cand=16.25% leaves=16 survival=44.54% best=44.54% std=35.2%
[DTPO] it=72/150 step=719928 J_new=0.1160 kept mode=full gate=accept cand=44.54% leaves=16 survival=44.54% best=44.54% std=35.2%
[DTPO] it=73/150 step=729927 J_new=0.2652 kept mode=full gate=revert(1) cand=17.24% leaves=16 survival=44.54% best=44.54% std=35.2%
[DTPO] it=74/150 step=739926 J_new=0.0349 kept mode=full gate=revert(2) cand=3.52% leaves=16 survival=44.54% best=44.54% std=35.2%
[DTPO] it=75/150 step=749925 J_new=0.0109 kept mode=full gate=revert(3) cand=17.27% leaves=16 survival=44.54% best=44.54% std=35.2%
[DTPO] it=76/150 step=759924 J_new=0.0665 kept mode=full gate=revert(4) cand=17.98% leaves=16 survival=44.54% best=44.54% std=35.2%
[DTPO] it=77/150 step=769923 J_new=0.0602 kept mode=full gate=revert(5) cand=2.95% leaves=16 survival=44.54% best=44.54% std=35.2%
[DTPO] it=78/150 step=779922 J_new=0.0092 kept mode=full gate=revert(6) cand=17.97% leaves=16 survival=44.54% best=44.54% std=35.2%
[DTPO] it=79/150 step=789921 J_new=0.0908 kept mode=full gate=revert(7) cand=26.72% leaves=16 survival=44.54% best=44.54% std=35.2%
[DTPO] it=80/150 step=799920 J_new=0.0831 kept mode=full gate=revert(8) cand=17.24% leaves=16 survival=44.54% best=44.54% std=35.2%
[DTPO] it=81/150 step=809919 J_new=0.0708 kept mode=full gate=revert(9) cand=2.47% leaves=16 survival=44.54% best=44.54% std=35.2%
[DTPO] it=82/150 step=819918 J_new=0.1507 kept mode=full gate=revert(10) cand=17.24% leaves=16 survival=44.54% best=44.54% std=35.2%
[DTPO] it=83/150 step=829917 J_new=0.1659 kept mode=full gate=revert(11) cand=17.97% leaves=16 survival=44.54% best=44.54% std=35.2%
[DTPO] it=84/150 step=839916 J_new=0.2119 kept mode=full gate=revert(12) cand=17.98% leaves=16 survival=44.54% best=44.54% std=35.2%
[DTPO] it=85/150 step=849915 J_new=0.0757 kept mode=full gate=revert(13) cand=17.98% leaves=16 survival=44.54% best=44.54% std=35.2%
[DTPO] it=86/150 step=859914 J_new=0.1005 kept mode=full gate=revert(14) cand=11.19% leaves=16 survival=44.54% best=44.54% std=35.2%
[DTPO] it=87/150 step=869913 J_new=0.0311 kept mode=full gate=revert(15) cand=17.25% leaves=16 survival=44.54% best=44.54% std=35.2%
[DTPO] it=88/150 step=879912 J_new=0.1369 kept mode=full gate=revert(16) cand=17.24% leaves=16 survival=44.54% best=44.54% std=35.2%
[DTPO] it=89/150 step=889911 J_new=0.0158 kept mode=full gate=revert(17) cand=17.98% leaves=16 survival=44.54% best=44.54% std=35.2%
[DTPO] it=90/150 step=899910 J_new=0.1123 kept mode=full gate=revert(18) cand=17.98% leaves=16 survival=44.54% best=44.54% std=35.2%
[DTPO] it=91/150 step=909909 J_new=0.0119 kept mode=full gate=revert(19) cand=17.98% leaves=16 survival=44.54% best=44.54% std=35.2%
[DTPO] it=92/150 step=919908 J_new=0.0047 kept mode=full gate=revert(20) cand=17.21% leaves=16 survival=44.54% best=44.54% std=35.2%
[DTPO] it=93/150 step=929907 J_new=0.0609 kept mode=full gate=revert(21) cand=5.05% leaves=16 survival=44.54% best=44.54% std=35.2%
[DTPO] it=94/150 step=939906 J_new=0.0372 kept mode=full gate=revert(22) cand=17.98% leaves=16 survival=44.54% best=44.54% std=35.2%
[DTPO] it=95/150 step=949905 J_new=0.0448 kept mode=full gate=revert(23) cand=17.27% leaves=16 survival=44.54% best=44.54% std=35.2%
[DTPO] it=96/150 step=959904 J_new=0.0969 kept mode=full gate=revert(24) cand=17.97% leaves=16 survival=44.54% best=44.54% std=35.2%
[DTPO] it=97/150 step=969903 J_new=0.0594 kept mode=full gate=revert(25) cand=34.83% leaves=16 survival=44.54% best=44.54% std=35.2%
[DTPO] it=98/150 step=979902 J_new=0.0432 kept mode=full gate=revert(26) cand=17.24% leaves=16 survival=44.54% best=44.54% std=35.2%
[DTPO] it=99/150 step=989901 J_new=0.0504 kept mode=full gate=revert(27) cand=19.26% leaves=16 survival=44.54% best=44.54% std=35.2%
[DTPO] it=100/150 step=999900 J_new=0.0948 kept mode=full gate=revert(28) cand=17.98% leaves=16 survival=44.54% best=44.54% std=35.2%
[DTPO] it=101/150 step=1009899 J_new=0.1056 kept mode=full gate=revert(29) cand=5.23% leaves=16 survival=44.54% best=44.54% std=35.2%
[DTPO] it=102/150 step=1019898 J_new=0.0936 kept mode=full gate=revert(30) cand=9.76% leaves=16 survival=44.54% best=44.54% std=35.2%
[DTPO] it=103/150 step=1029897 J_new=0.0715 kept mode=full gate=revert(31) cand=14.43% leaves=16 survival=44.54% best=44.54% std=35.2%
[DTPO] it=104/150 step=1039896 J_new=0.2292 kept mode=full gate=revert(32) cand=6.74% leaves=16 survival=44.54% best=44.54% std=35.2%
[DTPO] it=105/150 step=1049895 J_new=0.1169 kept mode=full gate=revert(33) cand=11.07% leaves=16 survival=44.54% best=44.54% std=35.2%
[DTPO] it=106/150 step=1059894 J_new=0.0580 kept mode=full gate=revert(34) cand=3.59% leaves=16 survival=44.54% best=44.54% std=35.2%
[DTPO] it=107/150 step=1069893 J_new=0.0830 kept mode=full gate=revert(35) cand=14.85% leaves=16 survival=44.54% best=44.54% std=35.2%
[DTPO] it=108/150 step=1079892 J_new=0.0140 kept mode=full gate=revert(36) cand=17.24% leaves=16 survival=44.54% best=44.54% std=35.2%
[DTPO] it=109/150 step=1089891 J_new=0.0091 kept mode=full gate=revert(37) cand=17.24% leaves=16 survival=44.54% best=44.54% std=35.2%
[DTPO] it=110/150 step=1099890 J_new=0.0201 kept mode=full gate=revert(38) cand=17.98% leaves=16 survival=44.54% best=44.54% std=35.2%
[DTPO] it=111/150 step=1109889 J_new=0.1283 kept mode=full gate=revert(39) cand=3.52% leaves=16 survival=44.54% best=44.54% std=35.2%
[DTPO] it=112/150 step=1119888 J_new=0.2007 kept mode=full gate=revert(40) cand=14.80% leaves=16 survival=44.54% best=44.54% std=35.2%
[DTPO] it=113/150 step=1129887 J_new=0.0266 kept mode=full gate=revert(41) cand=9.49% leaves=16 survival=44.54% best=44.54% std=35.2%
[DTPO] it=114/150 step=1139886 J_new=0.2574 kept mode=full gate=revert(42) cand=0.89% leaves=16 survival=44.54% best=44.54% std=35.2%
[DTPO] it=115/150 step=1149885 J_new=0.2054 kept mode=full gate=revert(43) cand=15.78% leaves=16 survival=44.54% best=44.54% std=35.2%
[DTPO] it=116/150 step=1159884 J_new=0.0676 kept mode=full gate=revert(44) cand=2.15% leaves=16 survival=44.54% best=44.54% std=35.2%
[DTPO] it=117/150 step=1169883 J_new=0.0466 kept mode=full gate=revert(45) cand=9.57% leaves=16 survival=44.54% best=44.54% std=35.2%
[DTPO] it=118/150 step=1179882 J_new=0.3479 kept mode=full gate=revert(46) cand=17.98% leaves=16 survival=44.54% best=44.54% std=35.2%
[DTPO] it=119/150 step=1189881 J_new=0.1480 kept mode=full gate=revert(47) cand=10.24% leaves=16 survival=44.54% best=44.54% std=35.2%
[DTPO] it=120/150 step=1199880 J_new=0.1172 kept mode=full gate=revert(48) cand=22.93% leaves=16 survival=44.54% best=44.54% std=35.2%
[DTPO] it=121/150 step=1209879 J_new=0.0478 kept mode=full gate=revert(49) cand=17.98% leaves=16 survival=44.54% best=44.54% std=35.2%
[DTPO] it=122/150 step=1219878 J_new=0.0753 kept mode=full gate=revert(50) cand=17.98% leaves=16 survival=44.54% best=44.54% std=35.2%
[DTPO] it=123/150 step=1229877 J_new=0.0078 kept mode=full gate=revert(51) cand=17.24% leaves=16 survival=44.54% best=44.54% std=35.2%
[DTPO] it=124/150 step=1239876 J_new=0.0473 kept mode=full gate=revert(52) cand=16.25% leaves=16 survival=44.54% best=44.54% std=35.2%
[DTPO] it=125/150 step=1249875 J_new=0.1121 kept mode=full gate=accept cand=44.54% leaves=16 survival=44.54% best=44.54% std=35.2%
[DTPO] it=126/150 step=1259874 J_new=0.0734 kept mode=full gate=revert(1) cand=44.54% leaves=16 survival=44.54% best=44.54% std=35.2%
[DTPO] it=127/150 step=1269873 J_new=0.0137 kept mode=full gate=revert(2) cand=44.54% leaves=16 survival=44.54% best=44.54% std=35.2%
[DTPO] it=128/150 step=1279872 J_new=0.0662 kept mode=full gate=accept cand=44.54% leaves=16 survival=44.54% best=44.54% std=35.2%
[DTPO] it=129/150 step=1289871 J_new=0.1442 kept mode=full gate=accept cand=44.54% leaves=16 survival=44.54% best=44.54% std=35.2%
[DTPO] it=130/150 step=1299870 J_new=0.2845 kept mode=full gate=accept cand=45.95% leaves=16 survival=45.95% best=45.95% std=35.2%
[DTPO] it=131/150 step=1309869 J_new=0.2209 kept mode=full gate=accept cand=46.82% leaves=16 survival=46.82% best=46.82% std=35.9%
[DTPO] it=132/150 step=1319868 J_new=0.0405 kept mode=full gate=accept cand=46.82% leaves=16 survival=46.82% best=46.82% std=35.9%
[DTPO] it=133/150 step=1329867 J_new=0.0583 kept mode=full gate=accept cand=46.82% leaves=16 survival=46.82% best=46.82% std=35.9%
[DTPO] it=134/150 step=1339866 J_new=0.0431 kept mode=full gate=revert(1) cand=42.69% leaves=16 survival=46.82% best=46.82% std=35.9%
[DTPO] it=135/150 step=1349865 J_new=0.0425 kept mode=full gate=revert(2) cand=42.69% leaves=16 survival=46.82% best=46.82% std=35.9%
[DTPO] it=136/150 step=1359864 J_new=0.0920 kept mode=full gate=revert(3) cand=42.69% leaves=16 survival=46.82% best=46.82% std=35.9%
[DTPO] it=137/150 step=1369863 J_new=0.0652 kept mode=full gate=revert(4) cand=46.36% leaves=16 survival=46.82% best=46.82% std=35.9%
[DTPO] it=138/150 step=1379862 J_new=0.0242 kept mode=full gate=revert(5) cand=45.48% leaves=16 survival=46.82% best=46.82% std=35.9%
[DTPO] it=139/150 step=1389861 J_new=0.0659 kept mode=full gate=accept cand=47.77% leaves=16 survival=47.77% best=47.77% std=35.3%
[DTPO] it=140/150 step=1399860 J_new=0.0759 kept mode=full gate=revert(1) cand=47.76% leaves=16 survival=47.77% best=47.77% std=35.3%
[DTPO] it=141/150 step=1409859 J_new=0.2033 kept mode=full gate=accept cand=47.77% leaves=16 survival=47.77% best=47.77% std=35.3%
[DTPO] it=142/150 step=1419858 J_new=0.1414 kept mode=full gate=accept cand=47.77% leaves=16 survival=47.77% best=47.77% std=35.3%
[DTPO] it=143/150 step=1429857 J_new=0.0535 kept mode=full gate=revert(1) cand=32.18% leaves=16 survival=47.77% best=47.77% std=35.3%
[DTPO] it=144/150 step=1439856 J_new=0.0611 kept mode=full gate=accept cand=55.30% leaves=16 survival=55.30% best=55.30% std=37.6%
[DTPO] it=145/150 step=1449855 J_new=0.0379 kept mode=full gate=revert(1) cand=46.36% leaves=16 survival=55.30% best=55.30% std=37.6%
[DTPO] it=146/150 step=1459854 J_new=0.0743 kept mode=full gate=revert(2) cand=1.78% leaves=16 survival=55.30% best=55.30% std=37.6%
[DTPO] it=147/150 step=1469853 J_new=0.0451 kept mode=full gate=revert(3) cand=38.00% leaves=16 survival=55.30% best=55.30% std=37.6%
[DTPO] it=148/150 step=1479852 J_new=0.0368 kept mode=full gate=revert(4) cand=11.57% leaves=16 survival=55.30% best=55.30% std=37.6%
[DTPO] it=149/150 step=1489851 J_new=0.0515 kept mode=full gate=revert(5) cand=6.98% leaves=16 survival=55.30% best=55.30% std=37.6%
[DTPO] it=150/150 step=1499850 J_new=0.0990 kept mode=full gate=revert(6) cand=46.36% leaves=16 survival=55.30% best=55.30% std=37.6%
[DTPO] stored 5 candidate trees for final selection (cheap survivals: ['55.3%', '47.8%', '47.8%', '47.8%', '47.8%']). Run dtpo_select.py --ckpt <ckpt> --episodes 100 to pick the honest best.
