Initializing the distributed action 'mapper'... (takes a while with big action spaces)
[HYBRID] warm-start from /rds/general/user/ssl125/home/RL2Grid_full/checkpoint/final_PPO_bus36-M_T_100_0__I__1784927195_14574.tar: {'mode': 'soft', 'n_samples': 20000, 'n_actions': 50, 'n_leaves': 16, 'max_depth': 6, 'fidelity': 0.99355, 'weighted_fidelity': 0.9994248659474141, 'curated': False, 'dagger_rounds': 0}
[DTPO] deterministic eval on 40 fixed chronics (of 2880): ids=[0, 73, 147, 221, 295, 369, 442, 516, 590, 664, 738, 812, 885, 959, 1033, 1107, 1181, 1254, 1328, 1402, 1476, 1550, 1624, 1697, 1771, 1845, 1919, 1993, 2066, 2140, 2214, 2288, 2362, 2436, 2509, 2583, 2657, 2731, 2805, 2879]
[DTPO] it=1/150 step=9999 J_new=0.0057 kept mode=full leaves=16 survival=4.81% best=4.81% std=0.0%
[DTPO] it=2/150 step=19998 J_new=0.0044 kept mode=leaf leaves=16 survival=4.81% best=4.81% std=0.0%
[DTPO] it=3/150 step=29997 J_new=0.0037 kept mode=leaf leaves=16 survival=4.81% best=4.81% std=0.0%
[DTPO] it=4/150 step=39996 J_new=0.0039 kept mode=leaf leaves=16 survival=4.81% best=4.81% std=0.0%
[DTPO] it=5/150 step=49995 J_new=0.0000 kept mode=leaf leaves=16 survival=4.81% best=4.81% std=0.0%
[DTPO] it=6/150 step=59994 J_new=0.0004 kept mode=full leaves=16 survival=50.26% best=50.26% std=35.2%
[DTPO] it=7/150 step=69993 J_new=0.0002 kept mode=leaf leaves=16 survival=55.51% best=55.51% std=34.8%
[DTPO] it=8/150 step=79992 J_new=0.0001 kept mode=leaf leaves=16 survival=48.54% best=55.51% std=34.3%
[DTPO] it=9/150 step=89991 J_new=0.0001 kept mode=leaf leaves=16 survival=56.04% best=56.04% std=30.2%
[DTPO] it=10/150 step=99990 J_new=0.0000 kept mode=leaf leaves=16 survival=51.94% best=56.04% std=31.4%
[DTPO] it=11/150 step=109989 J_new=0.0005 kept mode=full leaves=16 survival=53.60% best=56.04% std=34.4%
[DTPO] it=12/150 step=119988 J_new=0.0003 kept mode=leaf leaves=16 survival=53.65% best=56.04% std=33.2%
[DTPO] it=13/150 step=129987 J_new=0.0002 kept mode=leaf leaves=16 survival=53.17% best=56.04% std=34.8%
[DTPO] it=14/150 step=139986 J_new=0.0003 kept mode=leaf leaves=16 survival=51.16% best=56.04% std=31.1%
[DTPO] it=15/150 step=149985 J_new=0.0001 kept mode=leaf leaves=16 survival=53.17% best=56.04% std=32.9%
[DTPO] it=16/150 step=159984 J_new=0.0010 kept mode=full leaves=16 survival=41.45% best=56.04% std=31.9%
[DTPO] it=17/150 step=169983 J_new=0.0009 kept mode=leaf leaves=16 survival=45.82% best=56.04% std=29.7%
[DTPO] it=18/150 step=179982 J_new=0.0006 kept mode=leaf leaves=16 survival=52.71% best=56.04% std=32.2%
[DTPO] it=19/150 step=189981 J_new=0.0007 kept mode=leaf leaves=16 survival=50.64% best=56.04% std=29.3%
[DTPO] it=20/150 step=199980 J_new=0.0001 kept mode=leaf leaves=16 survival=55.62% best=56.04% std=33.8%
[DTPO] it=21/150 step=209979 J_new=0.0001 kept mode=full leaves=16 survival=51.91% best=56.04% std=32.6%
[DTPO] it=22/150 step=219978 J_new=0.0001 kept mode=leaf leaves=16 survival=55.14% best=56.04% std=34.6%
[DTPO] it=23/150 step=229977 J_new=0.0001 kept mode=leaf leaves=16 survival=51.76% best=56.04% std=30.7%
[DTPO] it=24/150 step=239976 J_new=0.0001 kept mode=leaf leaves=16 survival=52.25% best=56.04% std=32.6%
[DTPO] it=25/150 step=249975 J_new=0.0001 kept mode=leaf leaves=16 survival=58.46% best=58.46% std=34.2%
[DTPO] it=26/150 step=259974 J_new=0.0001 kept mode=full leaves=16 survival=39.81% best=58.46% std=26.6%
[DTPO] it=27/150 step=269973 J_new=0.0001 kept mode=leaf leaves=16 survival=53.38% best=58.46% std=33.1%
[DTPO] it=28/150 step=279972 J_new=0.0001 kept mode=leaf leaves=16 survival=53.59% best=58.46% std=32.9%
[DTPO] it=29/150 step=289971 J_new=0.0001 kept mode=leaf leaves=16 survival=53.36% best=58.46% std=30.8%
[DTPO] it=30/150 step=299970 J_new=0.0001 kept mode=leaf leaves=16 survival=52.33% best=58.46% std=34.2%
[DTPO] it=31/150 step=309969 J_new=0.0001 kept mode=full leaves=16 survival=56.30% best=58.46% std=32.7%
[DTPO] it=32/150 step=319968 J_new=0.0001 kept mode=leaf leaves=16 survival=50.67% best=58.46% std=33.0%
[DTPO] it=33/150 step=329967 J_new=0.0001 kept mode=leaf leaves=16 survival=52.21% best=58.46% std=28.9%
[DTPO] it=34/150 step=339966 J_new=0.0001 kept mode=leaf leaves=16 survival=52.74% best=58.46% std=32.5%
[DTPO] it=35/150 step=349965 J_new=0.0001 kept mode=leaf leaves=16 survival=45.80% best=58.46% std=29.8%
[DTPO] it=36/150 step=359964 J_new=0.0001 kept mode=full leaves=16 survival=62.05% best=62.05% std=36.1%
[DTPO] it=37/150 step=369963 J_new=0.0001 kept mode=leaf leaves=16 survival=55.26% best=62.05% std=35.1%
[DTPO] it=38/150 step=379962 J_new=0.0001 kept mode=leaf leaves=16 survival=55.91% best=62.05% std=33.8%
[DTPO] it=39/150 step=389961 J_new=0.0001 kept mode=leaf leaves=16 survival=58.21% best=62.05% std=34.2%
[DTPO] it=40/150 step=399960 J_new=0.0001 kept mode=leaf leaves=16 survival=45.09% best=62.05% std=30.1%
[DTPO] it=41/150 step=409959 J_new=0.0001 kept mode=full leaves=16 survival=46.02% best=62.05% std=32.4%
[DTPO] it=42/150 step=419958 J_new=0.0001 kept mode=leaf leaves=16 survival=59.97% best=62.05% std=33.1%
[DTPO] it=43/150 step=429957 J_new=0.0001 kept mode=leaf leaves=16 survival=47.50% best=62.05% std=30.8%
[DTPO] it=44/150 step=439956 J_new=0.0001 kept mode=leaf leaves=16 survival=51.67% best=62.05% std=31.7%
[DTPO] it=45/150 step=449955 J_new=0.0001 kept mode=leaf leaves=16 survival=59.88% best=62.05% std=31.4%
[DTPO] it=46/150 step=459954 J_new=0.0001 kept mode=full leaves=16 survival=59.05% best=62.05% std=34.8%
[DTPO] it=47/150 step=469953 J_new=0.0000 kept mode=leaf leaves=16 survival=44.91% best=62.05% std=29.6%
[DTPO] it=48/150 step=479952 J_new=0.0001 kept mode=leaf leaves=16 survival=43.20% best=62.05% std=29.5%
[DTPO] it=49/150 step=489951 J_new=0.0001 kept mode=leaf leaves=16 survival=61.44% best=62.05% std=34.3%
[DTPO] it=50/150 step=499950 J_new=0.0001 kept mode=leaf leaves=16 survival=60.49% best=62.05% std=32.1%
[DTPO] it=51/150 step=509949 J_new=0.0001 kept mode=full leaves=16 survival=42.04% best=62.05% std=31.3%
[DTPO] it=52/150 step=519948 J_new=0.0001 kept mode=leaf leaves=16 survival=55.18% best=62.05% std=35.1%
[DTPO] it=53/150 step=529947 J_new=0.0001 kept mode=leaf leaves=16 survival=42.96% best=62.05% std=28.5%
[DTPO] it=54/150 step=539946 J_new=0.0001 kept mode=leaf leaves=16 survival=54.14% best=62.05% std=29.5%
[DTPO] it=55/150 step=549945 J_new=0.0000 kept mode=leaf leaves=16 survival=46.82% best=62.05% std=31.2%
[DTPO] it=56/150 step=559944 J_new=0.0003 kept mode=full leaves=16 survival=50.11% best=62.05% std=34.8%
[DTPO] it=57/150 step=569943 J_new=0.0003 kept mode=leaf leaves=16 survival=53.08% best=62.05% std=31.8%
[DTPO] it=58/150 step=579942 J_new=0.0003 kept mode=leaf leaves=16 survival=53.63% best=62.05% std=31.9%
[DTPO] it=59/150 step=589941 J_new=0.0000 kept mode=leaf leaves=16 survival=52.07% best=62.05% std=35.4%
[DTPO] it=60/150 step=599940 J_new=0.0001 kept mode=leaf leaves=16 survival=51.71% best=62.05% std=30.4%
[DTPO] it=61/150 step=609939 J_new=0.0000 kept mode=full leaves=16 survival=58.82% best=62.05% std=34.8%
[DTPO] it=62/150 step=619938 J_new=0.0000 kept mode=leaf leaves=16 survival=57.97% best=62.05% std=31.4%
[DTPO] it=63/150 step=629937 J_new=0.0000 kept mode=leaf leaves=16 survival=52.60% best=62.05% std=31.7%
[DTPO] it=64/150 step=639936 J_new=0.0000 kept mode=leaf leaves=16 survival=44.25% best=62.05% std=28.7%
[DTPO] it=65/150 step=649935 J_new=0.0001 kept mode=leaf leaves=16 survival=49.94% best=62.05% std=33.2%
[DTPO] it=66/150 step=659934 J_new=0.0001 kept mode=full leaves=16 survival=51.48% best=62.05% std=31.9%
[DTPO] it=67/150 step=669933 J_new=0.0001 kept mode=leaf leaves=16 survival=59.58% best=62.05% std=33.5%
[DTPO] it=68/150 step=679932 J_new=0.0001 kept mode=leaf leaves=16 survival=54.25% best=62.05% std=34.9%
[DTPO] it=69/150 step=689931 J_new=0.0001 kept mode=leaf leaves=16 survival=45.69% best=62.05% std=30.4%
[DTPO] it=70/150 step=699930 J_new=0.0000 kept mode=leaf leaves=16 survival=48.58% best=62.05% std=35.1%
[DTPO] it=71/150 step=709929 J_new=0.0000 kept mode=full leaves=16 survival=45.42% best=62.05% std=32.0%
[DTPO] it=72/150 step=719928 J_new=0.0000 kept mode=leaf leaves=16 survival=53.70% best=62.05% std=35.8%
[DTPO] it=73/150 step=729927 J_new=0.0000 kept mode=leaf leaves=16 survival=57.20% best=62.05% std=34.9%
[DTPO] it=74/150 step=739926 J_new=0.0000 kept mode=leaf leaves=16 survival=54.63% best=62.05% std=29.9%
[DTPO] it=75/150 step=749925 J_new=0.0000 kept mode=leaf leaves=16 survival=49.91% best=62.05% std=31.7%
[DTPO] it=76/150 step=759924 J_new=0.0001 kept mode=full leaves=16 survival=63.77% best=63.77% std=31.7%
[DTPO] it=77/150 step=769923 J_new=0.0001 kept mode=leaf leaves=16 survival=58.53% best=63.77% std=29.1%
[DTPO] it=78/150 step=779922 J_new=0.0000 kept mode=leaf leaves=16 survival=57.59% best=63.77% std=32.4%
[DTPO] it=79/150 step=789921 J_new=0.0001 kept mode=leaf leaves=16 survival=50.10% best=63.77% std=29.3%
[DTPO] it=80/150 step=799920 J_new=0.0001 kept mode=leaf leaves=16 survival=57.75% best=63.77% std=34.0%
[DTPO] it=81/150 step=809919 J_new=0.0001 kept mode=full leaves=16 survival=48.94% best=63.77% std=31.3%
[DTPO] it=82/150 step=819918 J_new=0.0001 kept mode=leaf leaves=16 survival=55.39% best=63.77% std=31.0%
[DTPO] it=83/150 step=829917 J_new=0.0001 kept mode=leaf leaves=16 survival=46.42% best=63.77% std=29.9%
[DTPO] it=84/150 step=839916 J_new=0.0001 kept mode=leaf leaves=16 survival=59.03% best=63.77% std=32.4%
[DTPO] it=85/150 step=849915 J_new=0.0001 kept mode=leaf leaves=16 survival=59.17% best=63.77% std=32.4%
[DTPO] it=86/150 step=859914 J_new=0.0001 kept mode=full leaves=16 survival=53.32% best=63.77% std=36.2%
[DTPO] it=87/150 step=869913 J_new=0.0001 kept mode=leaf leaves=16 survival=51.30% best=63.77% std=32.9%
[DTPO] it=88/150 step=879912 J_new=0.0001 kept mode=leaf leaves=16 survival=44.00% best=63.77% std=27.7%
[DTPO] it=89/150 step=889911 J_new=0.0001 kept mode=leaf leaves=16 survival=46.35% best=63.77% std=32.4%
[DTPO] it=90/150 step=899910 J_new=0.0000 kept mode=leaf leaves=16 survival=47.09% best=63.77% std=30.0%
[DTPO] it=91/150 step=909909 J_new=0.0000 kept mode=full leaves=16 survival=58.68% best=63.77% std=28.4%
[DTPO] it=92/150 step=919908 J_new=0.0000 kept mode=leaf leaves=16 survival=58.99% best=63.77% std=33.6%
[DTPO] it=93/150 step=929907 J_new=0.0000 kept mode=leaf leaves=16 survival=53.09% best=63.77% std=29.2%
[DTPO] it=94/150 step=939906 J_new=0.0000 kept mode=leaf leaves=16 survival=45.40% best=63.77% std=30.7%
[DTPO] it=95/150 step=949905 J_new=0.0000 kept mode=leaf leaves=16 survival=45.91% best=63.77% std=28.8%
[DTPO] it=96/150 step=959904 J_new=0.0000 kept mode=full leaves=16 survival=47.60% best=63.77% std=30.7%
[DTPO] it=97/150 step=969903 J_new=0.0000 kept mode=leaf leaves=16 survival=37.82% best=63.77% std=30.1%
[DTPO] it=98/150 step=979902 J_new=0.0000 kept mode=leaf leaves=16 survival=46.18% best=63.77% std=29.3%
[DTPO] it=99/150 step=989901 J_new=0.0000 kept mode=leaf leaves=16 survival=47.35% best=63.77% std=33.4%
[DTPO] it=100/150 step=999900 J_new=0.0000 kept mode=leaf leaves=16 survival=52.57% best=63.77% std=34.4%
[DTPO] it=101/150 step=1009899 J_new=0.0002 kept mode=full leaves=16 survival=47.18% best=63.77% std=30.5%
[DTPO] it=102/150 step=1019898 J_new=0.0002 kept mode=leaf leaves=16 survival=51.29% best=63.77% std=30.0%
[DTPO] it=103/150 step=1029897 J_new=0.0002 kept mode=leaf leaves=16 survival=52.61% best=63.77% std=33.8%
[DTPO] it=104/150 step=1039896 J_new=0.0002 kept mode=leaf leaves=16 survival=44.66% best=63.77% std=31.7%
[DTPO] it=105/150 step=1049895 J_new=0.0000 kept mode=leaf leaves=16 survival=54.49% best=63.77% std=33.4%
[DTPO] it=106/150 step=1059894 J_new=0.0003 kept mode=full leaves=16 survival=55.90% best=63.77% std=35.5%
[DTPO] it=107/150 step=1069893 J_new=0.0003 kept mode=leaf leaves=16 survival=49.05% best=63.77% std=33.6%
[DTPO] it=108/150 step=1079892 J_new=0.0003 kept mode=leaf leaves=16 survival=47.81% best=63.77% std=33.2%
[DTPO] it=109/150 step=1089891 J_new=0.0003 kept mode=leaf leaves=16 survival=46.33% best=63.77% std=33.2%
[DTPO] it=110/150 step=1099890 J_new=0.0001 kept mode=leaf leaves=16 survival=49.54% best=63.77% std=30.7%
[DTPO] it=111/150 step=1109889 J_new=0.0001 kept mode=full leaves=16 survival=57.74% best=63.77% std=35.5%
[DTPO] it=112/150 step=1119888 J_new=0.0001 kept mode=leaf leaves=16 survival=58.18% best=63.77% std=32.3%
[DTPO] it=113/150 step=1129887 J_new=0.0001 kept mode=leaf leaves=16 survival=59.20% best=63.77% std=32.9%
[DTPO] it=114/150 step=1139886 J_new=0.0001 kept mode=leaf leaves=16 survival=46.09% best=63.77% std=29.3%
[DTPO] it=115/150 step=1149885 J_new=0.0001 kept mode=leaf leaves=16 survival=48.42% best=63.77% std=31.4%
[DTPO] it=116/150 step=1159884 J_new=0.0000 kept mode=full leaves=16 survival=49.52% best=63.77% std=32.9%
[DTPO] it=117/150 step=1169883 J_new=0.0000 kept mode=leaf leaves=16 survival=52.08% best=63.77% std=31.3%
[DTPO] it=118/150 step=1179882 J_new=0.0000 kept mode=leaf leaves=16 survival=44.76% best=63.77% std=34.7%
[DTPO] it=119/150 step=1189881 J_new=0.0000 kept mode=leaf leaves=16 survival=43.75% best=63.77% std=32.5%
[DTPO] it=120/150 step=1199880 J_new=0.0000 kept mode=leaf leaves=16 survival=44.53% best=63.77% std=31.7%
[DTPO] it=121/150 step=1209879 J_new=0.0005 kept mode=full leaves=16 survival=47.25% best=63.77% std=28.0%
[DTPO] it=122/150 step=1219878 J_new=0.0003 kept mode=leaf leaves=16 survival=56.42% best=63.77% std=36.3%
[DTPO] it=123/150 step=1229877 J_new=0.0000 kept mode=leaf leaves=16 survival=54.52% best=63.77% std=31.9%
[DTPO] it=124/150 step=1239876 J_new=0.0000 kept mode=leaf leaves=16 survival=46.33% best=63.77% std=31.1%
[DTPO] it=125/150 step=1249875 J_new=0.0000 kept mode=leaf leaves=16 survival=54.40% best=63.77% std=31.6%
[DTPO] it=126/150 step=1259874 J_new=0.0003 kept mode=full leaves=16 survival=55.40% best=63.77% std=34.0%
[DTPO] it=127/150 step=1269873 J_new=0.0003 kept mode=leaf leaves=16 survival=60.86% best=63.77% std=34.1%
[DTPO] it=128/150 step=1279872 J_new=0.0003 kept mode=leaf leaves=16 survival=44.50% best=63.77% std=27.0%
[DTPO] it=129/150 step=1289871 J_new=0.0003 kept mode=leaf leaves=16 survival=50.31% best=63.77% std=36.1%
[DTPO] it=130/150 step=1299870 J_new=0.0001 kept mode=leaf leaves=16 survival=44.37% best=63.77% std=28.5%
[DTPO] it=131/150 step=1309869 J_new=0.0002 kept mode=full leaves=16 survival=62.78% best=63.77% std=29.5%
[DTPO] it=132/150 step=1319868 J_new=0.0002 kept mode=leaf leaves=16 survival=53.83% best=63.77% std=33.9%
[DTPO] it=133/150 step=1329867 J_new=0.0002 kept mode=leaf leaves=16 survival=59.16% best=63.77% std=33.3%
[DTPO] it=134/150 step=1339866 J_new=0.0002 kept mode=leaf leaves=16 survival=49.26% best=63.77% std=31.5%
[DTPO] it=135/150 step=1349865 J_new=0.0000 kept mode=leaf leaves=16 survival=48.08% best=63.77% std=33.2%
[DTPO] it=136/150 step=1359864 J_new=0.0001 kept mode=full leaves=16 survival=57.92% best=63.77% std=34.2%
[DTPO] it=137/150 step=1369863 J_new=0.0000 kept mode=leaf leaves=16 survival=63.94% best=63.94% std=33.8%
[DTPO] it=138/150 step=1379862 J_new=0.0001 kept mode=leaf leaves=16 survival=44.27% best=63.94% std=32.0%
[DTPO] it=139/150 step=1389861 J_new=0.0000 kept mode=leaf leaves=16 survival=53.80% best=63.94% std=34.8%
[DTPO] it=140/150 step=1399860 J_new=0.0000 kept mode=leaf leaves=16 survival=49.74% best=63.94% std=28.7%
[DTPO] it=141/150 step=1409859 J_new=0.0003 kept mode=full leaves=16 survival=53.09% best=63.94% std=29.9%
[DTPO] it=142/150 step=1419858 J_new=0.0002 kept mode=leaf leaves=16 survival=57.26% best=63.94% std=27.3%
[DTPO] it=143/150 step=1429857 J_new=0.0001 kept mode=leaf leaves=16 survival=47.82% best=63.94% std=31.1%
[DTPO] it=144/150 step=1439856 J_new=0.0001 kept mode=leaf leaves=16 survival=56.49% best=63.94% std=31.6%
[DTPO] it=145/150 step=1449855 J_new=0.0000 kept mode=leaf leaves=16 survival=52.41% best=63.94% std=35.7%
[DTPO] it=146/150 step=1459854 J_new=0.0003 kept mode=full leaves=16 survival=56.66% best=63.94% std=34.9%
[DTPO] it=147/150 step=1469853 J_new=0.0002 kept mode=leaf leaves=16 survival=57.01% best=63.94% std=34.3%
[DTPO] it=148/150 step=1479852 J_new=0.0002 kept mode=leaf leaves=16 survival=49.05% best=63.94% std=35.7%
[DTPO] it=149/150 step=1489851 J_new=0.0000 kept mode=leaf leaves=16 survival=56.81% best=63.94% std=30.2%
[DTPO] it=150/150 step=1499850 J_new=0.0000 kept mode=leaf leaves=16 survival=46.23% best=63.94% std=31.6%
[DTPO] stored 5 candidate trees for final selection (cheap survivals: ['63.9%', '63.8%', '62.8%', '62.1%', '61.4%']). Run dtpo_select.py --ckpt <ckpt> --episodes 100 to pick the honest best.
