[F2] training env filtered to 2160/2880 chronics (every 4th id held out for evaluation)
Initializing the distributed action 'mapper'... (takes a while with big action spaces)
[F2] training env filtered to 2160/2880 chronics (every 4th id held out for evaluation)
[F2] training env filtered to 2160/2880 chronics (every 4th id held out for evaluation)
[F2] training env filtered to 2160/2880 chronics (every 4th id held out for evaluation)
[F2] training env filtered to 2160/2880 chronics (every 4th id held out for evaluation)
[VIPER] oracle=ppo (from /rds/general/user/ssl125/home/RL2Grid_v2/checkpoint/final_PPO_bus36-M_T_100_0__I__1784927195_14574.tar)
[VIPER TREE] depth=8 leaves=32 nodes=63 ccp_alpha=0.00000000 fit_samples=5001 dataset=5001
Eval at step 5001, survival=1.724%, return=[-4.804947292568007, 72.71886744577286, -46.70385124347323, -9.451977401129936]
[VIPER] iter=1/15 dataset=5001 fit_samples=5001 weighted_acc=0.994330 survival=1.724% best_survival=1.724%
[VIPER TREE] depth=9 leaves=32 nodes=63 ccp_alpha=0.00000000 fit_samples=10002 dataset=10002
Eval at step 10002, survival=19.611%, return=[-2.1388112596274973, 1061.0077167672803, -215.0203816973244, -15.152542372881607]
[VIPER] iter=2/15 dataset=10002 fit_samples=10002 weighted_acc=0.997712 survival=19.611% best_survival=19.611%
[VIPER TREE] depth=12 leaves=32 nodes=63 ccp_alpha=0.00000000 fit_samples=15003 dataset=15003
Eval at step 15003, survival=66.708%, return=[-4.464125033628079, 3541.4317418505475, -1959.1478442935424, -131.80602636535312]
[VIPER] iter=3/15 dataset=15003 fit_samples=15003 weighted_acc=0.997926 survival=66.708% best_survival=66.708%
[VIPER TREE] depth=12 leaves=32 nodes=63 ccp_alpha=0.00000000 fit_samples=20004 dataset=20004
Eval at step 20004, survival=54.118%, return=[-3.2471156834217254, 2886.0305162537716, -830.5104437254021, -55.93785310734668]
[VIPER] iter=4/15 dataset=20004 fit_samples=20004 weighted_acc=0.997914 survival=54.118% best_survival=66.708%
[VIPER TREE] depth=12 leaves=32 nodes=63 ccp_alpha=0.00000000 fit_samples=25005 dataset=25005
Eval at step 25005, survival=17.109%, return=[-2.0879612775121736, 916.1596581682679, -374.1772717994888, -32.97551789077313]
[VIPER] iter=5/15 dataset=25005 fit_samples=25005 weighted_acc=0.998266 survival=17.109% best_survival=66.708%
[VIPER TREE] depth=12 leaves=32 nodes=63 ccp_alpha=0.00000000 fit_samples=30006 dataset=30006
Eval at step 30006, survival=40.718%, return=[-4.557959056789211, 2067.101185296825, -634.215832350622, -43.88888888889053]
[VIPER] iter=6/15 dataset=30006 fit_samples=30006 weighted_acc=0.998249 survival=40.718% best_survival=66.708%
[VIPER TREE] depth=12 leaves=32 nodes=63 ccp_alpha=0.00000000 fit_samples=35007 dataset=35007
Eval at step 35007, survival=13.471%, return=[-1.7518964476136414, 701.0159229220858, -119.83010649840965, -8.589453860640488]
[VIPER] iter=7/15 dataset=35007 fit_samples=35007 weighted_acc=0.998507 survival=13.471% best_survival=66.708%
[VIPER TREE] depth=12 leaves=32 nodes=63 ccp_alpha=0.00000000 fit_samples=40008 dataset=40008
Eval at step 40008, survival=36.385%, return=[-2.2863859138888074, 1964.0328888082583, -554.4651419003613, -43.977401129945044]
[VIPER] iter=8/15 dataset=40008 fit_samples=40008 weighted_acc=0.998634 survival=36.385% best_survival=66.708%
[VIPER TREE] depth=12 leaves=32 nodes=63 ccp_alpha=0.00000000 fit_samples=45009 dataset=45009
Eval at step 45009, survival=21.885%, return=[-2.2294102143957084, 1099.4376395211914, -571.5633227387389, -38.755178907722716]
[VIPER] iter=9/15 dataset=45009 fit_samples=45009 weighted_acc=0.998747 survival=21.885% best_survival=66.708%
[VIPER TREE] depth=10 leaves=32 nodes=63 ccp_alpha=0.00000000 fit_samples=50000 dataset=50010
Eval at step 50010, survival=11.536%, return=[-1.9753742908894008, 578.9877200617501, -199.4773669707121, -14.09039548022615]
[VIPER] iter=10/15 dataset=50010 fit_samples=50000 weighted_acc=0.998275 survival=11.536% best_survival=66.708%
[VIPER TREE] depth=9 leaves=32 nodes=63 ccp_alpha=0.00000000 fit_samples=50000 dataset=55011
Eval at step 55011, survival=48.933%, return=[-2.761606801485565, 2607.849174673383, -866.8748996103949, -59.305084745765214]
[VIPER] iter=11/15 dataset=55011 fit_samples=50000 weighted_acc=0.998288 survival=48.933% best_survival=66.708%
[VIPER TREE] depth=9 leaves=32 nodes=63 ccp_alpha=0.00000000 fit_samples=50000 dataset=60012
Eval at step 60012, survival=11.064%, return=[-1.8678243559600862, 523.253778833705, -121.9534848527555, -8.747645951035773]
[VIPER] iter=12/15 dataset=60012 fit_samples=50000 weighted_acc=0.998201 survival=11.064% best_survival=66.708%
[VIPER TREE] depth=11 leaves=32 nodes=63 ccp_alpha=0.00000000 fit_samples=50000 dataset=65013
Eval at step 65013, survival=18.341%, return=[-2.04750568025338, 945.133480589267, -128.99018876291933, -9.22222222222228]
[VIPER] iter=13/15 dataset=65013 fit_samples=50000 weighted_acc=0.998102 survival=18.341% best_survival=66.708%
[VIPER TREE] depth=8 leaves=32 nodes=63 ccp_alpha=0.00000000 fit_samples=50000 dataset=70014
Eval at step 70014, survival=62.995%, return=[-3.8435867999651236, 3248.126705394147, -1548.800064205836, -103.6647834274889]
[VIPER] iter=14/15 dataset=70014 fit_samples=50000 weighted_acc=0.998437 survival=62.995% best_survival=66.708%
[VIPER TREE] depth=12 leaves=32 nodes=63 ccp_alpha=0.00000000 fit_samples=50000 dataset=75015
Eval at step 75015, survival=23.352%, return=[-2.1077257092353343, 1214.5950502715098, -337.80826188362425, -23.086629001884152]
[VIPER] iter=15/15 dataset=75015 fit_samples=50000 weighted_acc=0.998494 survival=23.352% best_survival=66.708%
