23:53:26  s105=1/150(run)  s106=2/150(run)  s107=1/150(run)  s108=1/150(run)  s109=1/150(run)  total=6/750  mem=7/15G
23:55:29  s105=2/150(run)  s106=3/150(run)  s107=2/150(run)  s108=2/150(run)  s109=2/150(run)  total=11/750  mem=7/15G
23:57:31  s105=3/150(run)  s106=3/150(run)  s107=3/150(run)  s108=3/150(run)  s109=3/150(run)  total=15/750  mem=7/15G
23:59:33  s105=4/150(run)  s106=4/150(run)  s107=3/150(run)  s108=3/150(run)  s109=4/150(run)  total=18/750  mem=7/15G
00:01:35  s105=5/150(run)  s106=5/150(run)  s107=4/150(run)  s108=4/150(run)  s109=4/150(run)  total=22/750  mem=7/15G
00:03:38  s105=6/150(run)  s106=6/150(run)  s107=5/150(run)  s108=5/150(run)  s109=5/150(run)  total=27/750  mem=7/15G
00:05:41  s105=6/150(run)  s106=7/150(run)  s107=6/150(run)  s108=6/150(run)  s109=6/150(run)  total=31/750  mem=7/15G
00:07:42  s105=7/150(run)  s106=8/150(run)  s107=6/150(run)  s108=6/150(run)  s109=7/150(run)  total=34/750  mem=7/15G
00:09:45  s105=8/150(run)  s106=8/150(run)  s107=7/150(run)  s108=7/150(run)  s109=7/150(run)  total=37/750  mem=7/15G
00:11:47  s105=8/150(run)  s106=9/150(run)  s107=8/150(run)  s108=8/150(run)  s109=8/150(run)  total=41/750  mem=7/15G
00:13:49  s105=9/150(run)  s106=10/150(run)  s107=8/150(run)  s108=8/150(run)  s109=9/150(run)  total=44/750  mem=8/15G
00:15:52  s105=9/150(run)  s106=10/150(run)  s107=8/150(run)  s108=9/150(run)  s109=9/150(run)  total=45/750  mem=8/15G
00:17:54  s105=10/150(run)  s106=11/150(run)  s107=9/150(run)  s108=9/150(run)  s109=10/150(run)  total=49/750  mem=9/15G
00:19:56  s105=10/150(run)  s106=12/150(run)  s107=9/150(run)  s108=10/150(run)  s109=10/150(run)  total=51/750  mem=9/15G
00:21:58  s105=11/150(run)  s106=12/150(run)  s107=9/150(run)  s108=10/150(run)  s109=11/150(run)  total=53/750  mem=9/15G
00:24:00  s105=11/150(run)  s106=13/150(run)  s107=9/150(run)  s108=11/150(run)  s109=11/150(run)  total=55/750  mem=9/15G
00:26:03  s105=12/150(run)  s106=14/150(run)  s107=10/150(run)  s108=11/150(run)  s109=12/150(run)  total=59/750  mem=9/15G
00:28:05  s105=12/150(run)  s106=14/150(run)  s107=10/150(run)  s108=12/150(run)  s109=12/150(run)  total=60/750  mem=9/15G
00:30:06  s105=13/150(run)  s106=15/150(run)  s107=11/150(run)  s108=12/150(run)  s109=13/150(run)  total=64/750  mem=9/15G
00:32:08  s105=13/150(run)  s106=15/150(run)  s107=12/150(run)  s108=13/150(run)  s109=13/150(run)  total=66/750  mem=9/15G
00:34:10  s105=14/150(run)  s106=16/150(run)  s107=12/150(run)  s108=13/150(run)  s109=14/150(run)  total=69/750  mem=9/15G
00:36:12  s105=14/150(run)  s106=17/150(run)  s107=13/150(run)  s108=14/150(run)  s109=14/150(run)  total=72/750  mem=9/15G
00:38:14  s105=15/150(run)  s106=17/150(run)  s107=13/150(run)  s108=15/150(run)  s109=15/150(run)  total=75/750  mem=9/15G
00:40:16  s105=15/150(run)  s106=18/150(run)  s107=14/150(run)  s108=15/150(run)  s109=16/150(run)  total=78/750  mem=9/15G
00:42:18  s105=16/150(run)  s106=18/150(run)  s107=15/150(run)  s108=16/150(run)  s109=16/150(run)  total=81/750  mem=9/15G
00:44:19  s105=16/150(run)  s106=19/150(run)  s107=15/150(run)  s108=16/150(run)  s109=16/150(run)  total=82/750  mem=9/15G
00:46:21  s105=17/150(run)  s106=19/150(run)  s107=16/150(run)  s108=16/150(run)  s109=17/150(run)  total=85/750  mem=9/15G
00:48:23  s105=17/150(run)  s106=20/150(run)  s107=16/150(run)  s108=17/150(run)  s109=17/150(run)  total=87/750  mem=9/15G
00:50:24  s105=17/150(run)  s106=20/150(run)  s107=17/150(run)  s108=17/150(run)  s109=18/150(run)  total=89/750  mem=9/15G
00:52:26  s105=18/150(run)  s106=21/150(run)  s107=17/150(run)  s108=18/150(run)  s109=18/150(run)  total=92/750  mem=9/15G
00:54:28  s105=18/150(run)  s106=22/150(run)  s107=18/150(run)  s108=19/150(run)  s109=19/150(run)  total=96/750  mem=9/15G
00:56:29  s105=19/150(run)  s106=22/150(run)  s107=18/150(run)  s108=19/150(run)  s109=20/150(run)  total=98/750  mem=9/15G
00:58:31  s105=19/150(run)  s106=23/150(run)  s107=19/150(run)  s108=20/150(run)  s109=20/150(run)  total=101/750  mem=9/15G
01:00:32  s105=20/150(run)  s106=23/150(run)  s107=19/150(run)  s108=20/150(run)  s109=21/150(run)  total=103/750  mem=9/15G
01:02:32  s105=20/150(run)  s106=24/150(run)  s107=20/150(run)  s108=21/150(run)  s109=21/150(run)  total=106/750  mem=9/15G
01:04:32  s105=21/150(run)  s106=24/150(run)  s107=21/150(run)  s108=21/150(run)  s109=22/150(run)  total=109/750  mem=9/15G
01:06:32  s105=21/150(run)  s106=25/150(run)  s107=21/150(run)  s108=22/150(run)  s109=22/150(run)  total=111/750  mem=9/15G
01:08:32  s105=22/150(run)  s106=26/150(run)  s107=22/150(run)  s108=22/150(run)  s109=23/150(run)  total=115/750  mem=9/15G
01:10:32  s105=22/150(run)  s106=27/150(run)  s107=22/150(run)  s108=23/150(run)  s109=23/150(run)  total=117/750  mem=9/15G
01:12:32  s105=23/150(run)  s106=27/150(run)  s107=23/150(run)  s108=23/150(run)  s109=24/150(run)  total=120/750  mem=9/15G
01:14:32  s105=23/150(run)  s106=28/150(run)  s107=23/150(run)  s108=24/150(run)  s109=24/150(run)  total=122/750  mem=9/15G
01:16:32  s105=24/150(run)  s106=29/150(run)  s107=24/150(run)  s108=24/150(run)  s109=25/150(run)  total=126/750  mem=9/15G
01:18:32  s105=24/150(run)  s106=30/150(run)  s107=25/150(run)  s108=25/150(run)  s109=25/150(run)  total=129/750  mem=9/15G
01:20:32  s105=25/150(run)  s106=31/150(run)  s107=25/150(run)  s108=26/150(run)  s109=26/150(run)  total=133/750  mem=10/15G
01:22:32  s105=25/150(run)  s106=32/150(run)  s107=26/150(run)  s108=27/150(run)  s109=27/150(run)  total=137/750  mem=9/15G
01:24:32  s105=26/150(run)  s106=33/150(run)  s107=27/150(run)  s108=28/150(run)  s109=27/150(run)  total=141/750  mem=9/15G
01:26:32  s105=27/150(run)  s106=34/150(run)  s107=27/150(run)  s108=29/150(run)  s109=28/150(run)  total=145/750  mem=9/15G
01:28:32  s105=28/150(run)  s106=34/150(run)  s107=28/150(run)  s108=29/150(run)  s109=29/150(run)  total=148/750  mem=9/15G
01:30:32  s105=29/150(run)  s106=35/150(run)  s107=29/150(run)  s108=30/150(run)  s109=30/150(run)  total=153/750  mem=9/15G
01:32:32  s105=29/150(run)  s106=36/150(run)  s107=30/150(run)  s108=31/150(run)  s109=31/150(run)  total=157/750  mem=9/15G
01:34:32  s105=30/150(run)  s106=37/150(run)  s107=30/150(run)  s108=32/150(run)  s109=31/150(run)  total=160/750  mem=9/15G
01:36:32  s105=31/150(run)  s106=38/150(run)  s107=31/150(run)  s108=33/150(run)  s109=32/150(run)  total=165/750  mem=9/15G
01:38:32  s105=31/150(run)  s106=39/150(run)  s107=32/150(run)  s108=34/150(run)  s109=33/150(run)  total=169/750  mem=9/15G
01:40:33  s105=32/150(run)  s106=40/150(run)  s107=33/150(run)  s108=35/150(run)  s109=34/150(run)  total=174/750  mem=9/15G
01:42:33  s105=33/150(run)  s106=41/150(run)  s107=34/150(run)  s108=36/150(run)  s109=34/150(run)  total=178/750  mem=9/15G
01:44:33  s105=33/150(run)  s106=42/150(run)  s107=34/150(run)  s108=37/150(run)  s109=35/150(run)  total=181/750  mem=10/15G
01:46:33  s105=34/150(run)  s106=43/150(run)  s107=35/150(run)  s108=38/150(run)  s109=36/150(run)  total=186/750  mem=10/15G
01:48:33  s105=35/150(run)  s106=44/150(run)  s107=36/150(run)  s108=38/150(run)  s109=36/150(run)  total=189/750  mem=10/15G
01:50:33  s105=36/150(run)  s106=44/150(run)  s107=37/150(run)  s108=40/150(run)  s109=37/150(run)  total=194/750  mem=10/15G
01:52:33  s105=36/150(run)  s106=45/150(run)  s107=38/150(run)  s108=41/150(run)  s109=38/150(run)  total=198/750  mem=9/15G
01:54:33  s105=37/150(run)  s106=46/150(run)  s107=39/150(run)  s108=41/150(run)  s109=38/150(run)  total=201/750  mem=10/15G
01:56:33  s105=38/150(run)  s106=47/150(run)  s107=40/150(run)  s108=42/150(run)  s109=39/150(run)  total=206/750  mem=10/15G
01:58:33  s105=39/150(run)  s106=48/150(run)  s107=41/150(run)  s108=43/150(run)  s109=40/150(run)  total=211/750  mem=10/15G
02:00:33  s105=40/150(run)  s106=49/150(run)  s107=41/150(run)  s108=44/150(run)  s109=41/150(run)  total=215/750  mem=9/15G
02:02:33  s105=40/150(run)  s106=49/150(run)  s107=42/150(run)  s108=45/150(run)  s109=41/150(run)  total=217/750  mem=10/15G
02:04:33  s105=41/150(run)  s106=50/150(run)  s107=43/150(run)  s108=46/150(run)  s109=42/150(run)  total=222/750  mem=10/15G
02:06:33  s105=42/150(run)  s106=51/150(run)  s107=44/150(run)  s108=47/150(run)  s109=43/150(run)  total=227/750  mem=10/15G
02:08:33  s105=42/150(run)  s106=52/150(run)  s107=45/150(run)  s108=48/150(run)  s109=45/150(run)  total=232/750  mem=10/15G
02:10:33  s105=43/150(run)  s106=53/150(run)  s107=46/150(run)  s108=49/150(run)  s109=45/150(run)  total=236/750  mem=9/15G
02:12:33  s105=44/150(run)  s106=54/150(run)  s107=47/150(run)  s108=49/150(run)  s109=46/150(run)  total=240/750  mem=10/15G
02:14:33  s105=45/150(run)  s106=54/150(run)  s107=47/150(run)  s108=50/150(run)  s109=47/150(run)  total=243/750  mem=10/15G
02:16:33  s105=45/150(run)  s106=55/150(run)  s107=48/150(run)  s108=51/150(run)  s109=48/150(run)  total=247/750  mem=10/15G
02:18:33  s105=46/150(run)  s106=56/150(run)  s107=49/150(run)  s108=51/150(run)  s109=50/150(run)  total=252/750  mem=10/15G
02:20:33  s105=47/150(run)  s106=57/150(run)  s107=50/150(run)  s108=52/150(run)  s109=51/150(run)  total=257/750  mem=10/15G
02:22:33  s105=48/150(run)  s106=58/150(run)  s107=51/150(run)  s108=53/150(run)  s109=52/150(run)  total=262/750  mem=10/15G
02:24:33  s105=48/150(run)  s106=58/150(run)  s107=51/150(run)  s108=54/150(run)  s109=53/150(run)  total=264/750  mem=10/15G
02:26:33  s105=49/150(run)  s106=59/150(run)  s107=51/150(run)  s108=54/150(run)  s109=54/150(run)  total=267/750  mem=10/15G
02:28:33  s105=50/150(run)  s106=60/150(run)  s107=52/150(run)  s108=55/150(run)  s109=55/150(run)  total=272/750  mem=10/15G
02:30:33  s105=51/150(run)  s106=61/150(run)  s107=53/150(run)  s108=56/150(run)  s109=56/150(run)  total=277/750  mem=10/15G
02:32:33  s105=52/150(run)  s106=62/150(run)  s107=54/150(run)  s108=57/150(run)  s109=57/150(run)  total=282/750  mem=10/15G
02:34:33  s105=53/150(run)  s106=63/150(run)  s107=54/150(run)  s108=58/150(run)  s109=58/150(run)  total=286/750  mem=10/15G
02:36:33  s105=53/150(run)  s106=64/150(run)  s107=55/150(run)  s108=58/150(run)  s109=59/150(run)  total=289/750  mem=10/15G
02:38:33  s105=54/150(run)  s106=65/150(run)  s107=56/150(run)  s108=59/150(run)  s109=60/150(run)  total=294/750  mem=10/15G
02:40:33  s105=55/150(run)  s106=66/150(run)  s107=56/150(run)  s108=60/150(run)  s109=61/150(run)  total=298/750  mem=10/15G
02:42:33  s105=56/150(run)  s106=66/150(run)  s107=57/150(run)  s108=60/150(run)  s109=62/150(run)  total=301/750  mem=10/15G
02:44:33  s105=57/150(run)  s106=67/150(run)  s107=58/150(run)  s108=61/150(run)  s109=63/150(run)  total=306/750  mem=10/15G
02:46:33  s105=58/150(run)  s106=67/150(run)  s107=58/150(run)  s108=62/150(run)  s109=64/150(run)  total=309/750  mem=10/15G
02:48:33  s105=60/150(run)  s106=68/150(run)  s107=59/150(run)  s108=63/150(run)  s109=65/150(run)  total=315/750  mem=10/15G
02:50:33  s105=61/150(run)  s106=69/150(run)  s107=60/150(run)  s108=63/150(run)  s109=66/150(run)  total=319/750  mem=10/15G
02:52:33  s105=62/150(run)  s106=70/150(run)  s107=61/150(run)  s108=64/150(run)  s109=67/150(run)  total=324/750  mem=10/15G
02:54:33  s105=63/150(run)  s106=71/150(run)  s107=61/150(run)  s108=65/150(run)  s109=68/150(run)  total=328/750  mem=10/15G
02:56:33  s105=64/150(run)  s106=71/150(run)  s107=62/150(run)  s108=66/150(run)  s109=69/150(run)  total=332/750  mem=10/15G
02:58:33  s105=64/150(run)  s106=72/150(run)  s107=63/150(run)  s108=67/150(run)  s109=70/150(run)  total=336/750  mem=10/15G
03:00:33  s105=65/150(run)  s106=72/150(run)  s107=64/150(run)  s108=68/150(run)  s109=71/150(run)  total=340/750  mem=10/15G
03:02:33  s105=65/150(run)  s106=74/150(run)  s107=65/150(run)  s108=68/150(run)  s109=72/150(run)  total=344/750  mem=10/15G
03:04:33  s105=66/150(run)  s106=74/150(run)  s107=65/150(run)  s108=69/150(run)  s109=73/150(run)  total=347/750  mem=10/15G
03:06:33  s105=67/150(run)  s106=75/150(run)  s107=66/150(run)  s108=70/150(run)  s109=74/150(run)  total=352/750  mem=10/15G
03:08:33  s105=67/150(run)  s106=75/150(run)  s107=66/150(run)  s108=71/150(run)  s109=75/150(run)  total=354/750  mem=10/15G
03:10:33  s105=68/150(run)  s106=75/150(run)  s107=67/150(run)  s108=72/150(run)  s109=76/150(run)  total=358/750  mem=10/15G
03:12:33  s105=69/150(run)  s106=76/150(run)  s107=68/150(run)  s108=72/150(run)  s109=78/150(run)  total=363/750  mem=10/15G
03:14:33  s105=69/150(run)  s106=77/150(run)  s107=68/150(run)  s108=74/150(run)  s109=78/150(run)  total=366/750  mem=10/15G
03:16:34  s105=70/150(run)  s106=78/150(run)  s107=69/150(run)  s108=74/150(run)  s109=80/150(run)  total=371/750  mem=10/15G
03:18:34  s105=71/150(run)  s106=78/150(run)  s107=70/150(run)  s108=75/150(run)  s109=80/150(run)  total=374/750  mem=10/15G
03:20:34  s105=72/150(run)  s106=79/150(run)  s107=71/150(run)  s108=76/150(run)  s109=81/150(run)  total=379/750  mem=10/15G
03:22:34  s105=73/150(run)  s106=79/150(run)  s107=71/150(run)  s108=77/150(run)  s109=82/150(run)  total=382/750  mem=10/15G
03:24:34  s105=73/150(run)  s106=79/150(run)  s107=72/150(run)  s108=78/150(run)  s109=83/150(run)  total=385/750  mem=10/15G
03:26:34  s105=74/150(run)  s106=80/150(run)  s107=73/150(run)  s108=79/150(run)  s109=85/150(run)  total=391/750  mem=10/15G
03:28:34  s105=74/150(run)  s106=80/150(run)  s107=74/150(run)  s108=80/150(run)  s109=86/150(run)  total=394/750  mem=10/15G
03:30:34  s105=75/150(run)  s106=80/150(run)  s107=74/150(run)  s108=80/150(run)  s109=87/150(run)  total=396/750  mem=10/15G
03:32:34  s105=75/150(run)  s106=81/150(run)  s107=75/150(run)  s108=81/150(run)  s109=88/150(run)  total=400/750  mem=10/15G
03:34:34  s105=76/150(run)  s106=82/150(run)  s107=75/150(run)  s108=82/150(run)  s109=89/150(run)  total=404/750  mem=10/15G
03:36:34  s105=76/150(run)  s106=83/150(run)  s107=76/150(run)  s108=83/150(run)  s109=90/150(run)  total=408/750  mem=10/15G
03:38:34  s105=77/150(run)  s106=84/150(run)  s107=77/150(run)  s108=83/150(run)  s109=91/150(run)  total=412/750  mem=10/15G
03:40:34  s105=77/150(run)  s106=85/150(run)  s107=77/150(run)  s108=84/150(run)  s109=92/150(run)  total=415/750  mem=10/15G
03:42:35  s105=78/150(run)  s106=86/150(run)  s107=78/150(run)  s108=85/150(run)  s109=93/150(run)  total=420/750  mem=10/15G
03:44:35  s105=79/150(run)  s106=87/150(run)  s107=78/150(run)  s108=86/150(run)  s109=94/150(run)  total=424/750  mem=10/15G
03:46:35  s105=80/150(run)  s106=87/150(run)  s107=78/150(run)  s108=87/150(run)  s109=95/150(run)  total=427/750  mem=10/15G
03:48:37  s105=80/150(run)  s106=88/150(run)  s107=79/150(run)  s108=87/150(run)  s109=96/150(run)  total=430/750  mem=10/15G
03:50:39  s105=81/150(run)  s106=89/150(run)  s107=80/150(run)  s108=88/150(run)  s109=97/150(run)  total=435/750  mem=10/15G
03:52:41  s105=82/150(run)  s106=90/150(run)  s107=80/150(run)  s108=89/150(run)  s109=98/150(run)  total=439/750  mem=10/15G
03:54:43  s105=82/150(run)  s106=90/150(run)  s107=81/150(run)  s108=90/150(run)  s109=99/150(run)  total=442/750  mem=10/15G
03:56:45  s105=83/150(run)  s106=91/150(run)  s107=81/150(run)  s108=90/150(run)  s109=100/150(run)  total=445/750  mem=10/15G
03:58:47  s105=83/150(run)  s106=92/150(run)  s107=82/150(run)  s108=91/150(run)  s109=101/150(run)  total=449/750  mem=10/15G
04:00:49  s105=84/150(run)  s106=93/150(run)  s107=82/150(run)  s108=92/150(run)  s109=102/150(run)  total=453/750  mem=10/15G
04:02:51  s105=85/150(run)  s106=94/150(run)  s107=83/150(run)  s108=93/150(run)  s109=103/150(run)  total=458/750  mem=10/15G
04:04:53  s105=85/150(run)  s106=94/150(run)  s107=84/150(run)  s108=94/150(run)  s109=103/150(run)  total=460/750  mem=10/15G
04:06:55  s105=86/150(run)  s106=94/150(run)  s107=85/150(run)  s108=94/150(run)  s109=105/150(run)  total=464/750  mem=10/15G
04:08:57  s105=86/150(run)  s106=95/150(run)  s107=85/150(run)  s108=95/150(run)  s109=105/150(run)  total=466/750  mem=10/15G
04:10:59  s105=87/150(run)  s106=96/150(run)  s107=86/150(run)  s108=96/150(run)  s109=106/150(run)  total=471/750  mem=10/15G
04:13:01  s105=88/150(run)  s106=97/150(run)  s107=86/150(run)  s108=97/150(run)  s109=107/150(run)  total=475/750  mem=10/15G
04:15:04  s105=88/150(run)  s106=98/150(run)  s107=87/150(run)  s108=98/150(run)  s109=108/150(run)  total=479/750  mem=10/15G
04:17:06  s105=89/150(run)  s106=99/150(run)  s107=87/150(run)  s108=98/150(run)  s109=109/150(run)  total=482/750  mem=10/15G
04:19:08  s105=89/150(run)  s106=99/150(run)  s107=88/150(run)  s108=99/150(run)  s109=110/150(run)  total=485/750  mem=10/15G
04:21:10  s105=90/150(run)  s106=99/150(run)  s107=89/150(run)  s108=100/150(run)  s109=111/150(run)  total=489/750  mem=10/15G
04:23:12  s105=91/150(run)  s106=100/150(run)  s107=90/150(run)  s108=101/150(run)  s109=112/150(run)  total=494/750  mem=10/15G
04:25:15  s105=91/150(run)  s106=100/150(run)  s107=91/150(run)  s108=102/150(run)  s109=113/150(run)  total=497/750  mem=10/15G
04:27:16  s105=92/150(run)  s106=100/150(run)  s107=92/150(run)  s108=102/150(run)  s109=113/150(run)  total=499/750  mem=10/15G
04:29:18  s105=93/150(run)  s106=101/150(run)  s107=92/150(run)  s108=103/150(run)  s109=114/150(run)  total=503/750  mem=10/15G
04:31:20  s105=93/150(run)  s106=102/150(run)  s107=93/150(run)  s108=104/150(run)  s109=115/150(run)  total=507/750  mem=10/15G
04:33:23  s105=94/150(run)  s106=103/150(run)  s107=94/150(run)  s108=105/150(run)  s109=116/150(run)  total=512/750  mem=10/15G
04:35:24  s105=94/150(run)  s106=103/150(run)  s107=95/150(run)  s108=105/150(run)  s109=116/150(run)  total=513/750  mem=10/15G
04:37:26  s105=95/150(run)  s106=103/150(run)  s107=96/150(run)  s108=106/150(run)  s109=117/150(run)  total=517/750  mem=10/15G
04:39:28  s105=96/150(run)  s106=104/150(run)  s107=96/150(run)  s108=107/150(run)  s109=118/150(run)  total=521/750  mem=10/15G
04:41:30  s105=97/150(run)  s106=104/150(run)  s107=97/150(run)  s108=108/150(run)  s109=119/150(run)  total=525/750  mem=10/15G
04:43:32  s105=98/150(run)  s106=104/150(run)  s107=97/150(run)  s108=108/150(run)  s109=120/150(run)  total=527/750  mem=10/15G
04:45:33  s105=98/150(run)  s106=105/150(run)  s107=98/150(run)  s108=109/150(run)  s109=120/150(run)  total=530/750  mem=10/15G
04:47:35  s105=99/150(run)  s106=105/150(run)  s107=98/150(run)  s108=110/150(run)  s109=121/150(run)  total=533/750  mem=10/15G
04:49:35  s105=100/150(run)  s106=106/150(run)  s107=99/150(run)  s108=111/150(run)  s109=121/150(run)  total=537/750  mem=10/15G
04:51:35  s105=101/150(run)  s106=106/150(run)  s107=99/150(run)  s108=112/150(run)  s109=122/150(run)  total=540/750  mem=10/15G
04:53:35  s105=102/150(run)  s106=106/150(run)  s107=100/150(run)  s108=113/150(run)  s109=123/150(run)  total=544/750  mem=10/15G
04:55:35  s105=102/150(run)  s106=107/150(run)  s107=101/150(run)  s108=113/150(run)  s109=123/150(run)  total=546/750  mem=10/15G
04:57:35  s105=103/150(run)  s106=108/150(run)  s107=102/150(run)  s108=114/150(run)  s109=123/150(run)  total=550/750  mem=10/15G
04:59:35  s105=104/150(run)  s106=108/150(run)  s107=102/150(run)  s108=115/150(run)  s109=124/150(run)  total=553/750  mem=10/15G
05:01:35  s105=105/150(run)  s106=109/150(run)  s107=102/150(run)  s108=116/150(run)  s109=124/150(run)  total=556/750  mem=10/15G
05:03:35  s105=106/150(run)  s106=110/150(run)  s107=102/150(run)  s108=116/150(run)  s109=125/150(run)  total=559/750  mem=10/15G
05:05:35  s105=107/150(run)  s106=110/150(run)  s107=103/150(run)  s108=117/150(run)  s109=125/150(run)  total=562/750  mem=10/15G
05:07:35  s105=107/150(run)  s106=111/150(run)  s107=103/150(run)  s108=118/150(run)  s109=125/150(run)  total=564/750  mem=10/15G
05:09:35  s105=108/150(run)  s106=112/150(run)  s107=104/150(run)  s108=119/150(run)  s109=126/150(run)  total=569/750  mem=10/15G
05:11:35  s105=109/150(run)  s106=112/150(run)  s107=105/150(run)  s108=120/150(run)  s109=127/150(run)  total=573/750  mem=10/15G
05:13:35  s105=110/150(run)  s106=112/150(run)  s107=106/150(run)  s108=120/150(run)  s109=128/150(run)  total=576/750  mem=10/15G
05:15:35  s105=110/150(run)  s106=113/150(run)  s107=106/150(run)  s108=121/150(run)  s109=129/150(run)  total=579/750  mem=10/15G
05:17:35  s105=111/150(run)  s106=113/150(run)  s107=106/150(run)  s108=122/150(run)  s109=129/150(run)  total=581/750  mem=10/15G
05:19:35  s105=112/150(run)  s106=113/150(run)  s107=107/150(run)  s108=123/150(run)  s109=130/150(run)  total=585/750  mem=10/15G
05:21:35  s105=112/150(run)  s106=114/150(run)  s107=107/150(run)  s108=124/150(run)  s109=131/150(run)  total=588/750  mem=10/15G
05:23:35  s105=113/150(run)  s106=115/150(run)  s107=108/150(run)  s108=125/150(run)  s109=131/150(run)  total=592/750  mem=10/15G
05:25:35  s105=113/150(run)  s106=115/150(run)  s107=109/150(run)  s108=125/150(run)  s109=132/150(run)  total=594/750  mem=10/15G
05:27:35  s105=114/150(run)  s106=115/150(run)  s107=110/150(run)  s108=126/150(run)  s109=133/150(run)  total=598/750  mem=10/15G
05:29:35  s105=115/150(run)  s106=116/150(run)  s107=110/150(run)  s108=127/150(run)  s109=134/150(run)  total=602/750  mem=10/15G
05:31:35  s105=115/150(run)  s106=116/150(run)  s107=110/150(run)  s108=128/150(run)  s109=135/150(run)  total=604/750  mem=10/15G
05:33:35  s105=116/150(run)  s106=116/150(run)  s107=111/150(run)  s108=128/150(run)  s109=135/150(run)  total=606/750  mem=10/15G
05:35:35  s105=116/150(run)  s106=117/150(run)  s107=112/150(run)  s108=129/150(run)  s109=135/150(run)  total=609/750  mem=10/15G
05:37:35  s105=117/150(run)  s106=118/150(run)  s107=113/150(run)  s108=130/150(run)  s109=136/150(run)  total=614/750  mem=10/15G
05:39:35  s105=118/150(run)  s106=118/150(run)  s107=113/150(run)  s108=131/150(run)  s109=137/150(run)  total=617/750  mem=10/15G
05:41:35  s105=118/150(run)  s106=119/150(run)  s107=114/150(run)  s108=132/150(run)  s109=138/150(run)  total=621/750  mem=10/15G
05:43:35  s105=119/150(run)  s106=120/150(run)  s107=115/150(run)  s108=133/150(run)  s109=139/150(run)  total=626/750  mem=10/15G
05:45:35  s105=120/150(run)  s106=120/150(run)  s107=116/150(run)  s108=133/150(run)  s109=140/150(run)  total=629/750  mem=10/15G
05:47:35  s105=121/150(run)  s106=121/150(run)  s107=117/150(run)  s108=134/150(run)  s109=140/150(run)  total=633/750  mem=10/15G
05:49:35  s105=121/150(run)  s106=122/150(run)  s107=117/150(run)  s108=135/150(run)  s109=142/150(run)  total=637/750  mem=10/15G
05:51:35  s105=122/150(run)  s106=123/150(run)  s107=118/150(run)  s108=136/150(run)  s109=143/150(run)  total=642/750  mem=10/15G
05:53:35  s105=123/150(run)  s106=123/150(run)  s107=119/150(run)  s108=137/150(run)  s109=144/150(run)  total=646/750  mem=10/15G
05:55:35  s105=124/150(run)  s106=123/150(run)  s107=119/150(run)  s108=138/150(run)  s109=145/150(run)  total=649/750  mem=10/15G
05:57:35  s105=125/150(run)  s106=124/150(run)  s107=119/150(run)  s108=139/150(run)  s109=146/150(run)  total=653/750  mem=10/15G
05:59:35  s105=125/150(run)  s106=124/150(run)  s107=120/150(run)  s108=140/150(run)  s109=147/150(run)  total=656/750  mem=10/15G
06:01:35  s105=126/150(run)  s106=125/150(run)  s107=120/150(run)  s108=140/150(run)  s109=148/150(run)  total=659/750  mem=10/15G
06:03:35  s105=127/150(run)  s106=126/150(run)  s107=121/150(run)  s108=141/150(run)  s109=149/150(run)  total=664/750  mem=10/15G
06:05:36  s105=128/150(run)  s106=126/150(run)  s107=121/150(run)  s108=142/150(run)  s109=150/150(run)  total=667/750  mem=9/15G
06:07:36  s105=129/150(run)  s106=127/150(run)  s107=121/150(run)  s108=143/150(run)  s109=150/150(run)  total=670/750  mem=9/15G
06:09:36  s105=130/150(run)  s106=128/150(run)  s107=122/150(run)  s108=144/150(run)  s109=150/150(run)  total=674/750  mem=9/15G
06:11:36  s105=130/150(run)  s106=128/150(run)  s107=122/150(run)  s108=144/150(run)  s109=150/150(run)  total=674/750  mem=9/15G
06:13:36  s105=131/150(run)  s106=128/150(run)  s107=123/150(run)  s108=145/150(run)  s109=150/150(run)  total=677/750  mem=9/15G
06:15:36  s105=132/150(run)  s106=129/150(run)  s107=123/150(run)  s108=146/150(run)  s109=150/150(run)  total=680/750  mem=9/15G
06:17:36  s105=133/150(run)  s106=130/150(run)  s107=123/150(run)  s108=147/150(run)  s109=150/150(run)  total=683/750  mem=9/15G
06:19:36  s105=134/150(run)  s106=131/150(run)  s107=124/150(run)  s108=148/150(run)  s109=150/150(run)  total=687/750  mem=9/15G
06:21:36  s105=134/150(run)  s106=131/150(run)  s107=124/150(run)  s108=149/150(run)  s109=150/150(run)  total=688/750  mem=9/15G
06:23:36  s105=135/150(run)  s106=132/150(run)  s107=125/150(run)  s108=149/150(run)  s109=150/150(run)  total=691/750  mem=9/15G
06:25:36  s105=136/150(run)  s106=133/150(run)  s107=126/150(run)  s108=150/150(run)  s109=150/150(run)  total=695/750  mem=7/15G
06:27:36  s105=137/150(run)  s106=133/150(run)  s107=127/150(run)  s108=150/150(run)  s109=150/150(run)  total=697/750  mem=7/15G
06:29:36  s105=138/150(run)  s106=133/150(run)  s107=127/150(run)  s108=150/150(run)  s109=150/150(run)  total=698/750  mem=7/15G
06:31:36  s105=138/150(run)  s106=134/150(run)  s107=128/150(run)  s108=150/150(run)  s109=150/150(run)  total=700/750  mem=7/15G
06:33:36  s105=139/150(run)  s106=134/150(run)  s107=128/150(run)  s108=150/150(run)  s109=150/150(run)  total=701/750  mem=7/15G
06:35:36  s105=140/150(run)  s106=135/150(run)  s107=128/150(run)  s108=150/150(run)  s109=150/150(run)  total=703/750  mem=7/15G
06:37:36  s105=141/150(run)  s106=135/150(run)  s107=129/150(run)  s108=150/150(run)  s109=150/150(run)  total=705/750  mem=7/15G
06:39:36  s105=142/150(run)  s106=136/150(run)  s107=130/150(run)  s108=150/150(run)  s109=150/150(run)  total=708/750  mem=7/15G
06:41:36  s105=142/150(run)  s106=137/150(run)  s107=131/150(run)  s108=150/150(run)  s109=150/150(run)  total=710/750  mem=7/15G
06:43:36  s105=143/150(run)  s106=137/150(run)  s107=131/150(run)  s108=150/150(run)  s109=150/150(run)  total=711/750  mem=7/15G
06:45:36  s105=144/150(run)  s106=139/150(run)  s107=131/150(run)  s108=150/150(run)  s109=150/150(DONE)  total=714/750  mem=7/15G
06:47:36  s105=145/150(run)  s106=139/150(run)  s107=131/150(run)  s108=150/150(run)  s109=150/150(DONE)  total=715/750  mem=7/15G
06:49:36  s105=146/150(run)  s106=140/150(run)  s107=132/150(run)  s108=150/150(DONE)  s109=150/150(DONE)  total=718/750  mem=6/15G
06:51:36  s105=147/150(run)  s106=140/150(run)  s107=132/150(run)  s108=150/150(DONE)  s109=150/150(DONE)  total=719/750  mem=6/15G
06:53:36  s105=148/150(run)  s106=141/150(run)  s107=132/150(run)  s108=150/150(DONE)  s109=150/150(DONE)  total=721/750  mem=6/15G
06:55:36  s105=149/150(run)  s106=142/150(run)  s107=134/150(run)  s108=150/150(DONE)  s109=150/150(DONE)  total=725/750  mem=6/15G
06:57:36  s105=150/150(run)  s106=143/150(run)  s107=134/150(run)  s108=150/150(DONE)  s109=150/150(DONE)  total=727/750  mem=5/15G
06:59:36  s105=150/150(run)  s106=143/150(run)  s107=134/150(run)  s108=150/150(DONE)  s109=150/150(DONE)  total=727/750  mem=5/15G
07:01:36  s105=150/150(run)  s106=144/150(run)  s107=135/150(run)  s108=150/150(DONE)  s109=150/150(DONE)  total=729/750  mem=5/15G
07:03:36  s105=150/150(run)  s106=145/150(run)  s107=136/150(run)  s108=150/150(DONE)  s109=150/150(DONE)  total=731/750  mem=5/15G
07:05:36  s105=150/150(run)  s106=146/150(run)  s107=136/150(run)  s108=150/150(DONE)  s109=150/150(DONE)  total=732/750  mem=5/15G
07:07:36  s105=150/150(run)  s106=147/150(run)  s107=136/150(run)  s108=150/150(DONE)  s109=150/150(DONE)  total=733/750  mem=5/15G
07:09:36  s105=150/150(run)  s106=147/150(run)  s107=137/150(run)  s108=150/150(DONE)  s109=150/150(DONE)  total=734/750  mem=5/15G
07:11:36  s105=150/150(run)  s106=149/150(run)  s107=137/150(run)  s108=150/150(DONE)  s109=150/150(DONE)  total=736/750  mem=5/15G
07:13:36  s105=150/150(run)  s106=150/150(run)  s107=138/150(run)  s108=150/150(DONE)  s109=150/150(DONE)  total=738/750  mem=3/15G
07:15:36  s105=150/150(run)  s106=150/150(run)  s107=138/150(run)  s108=150/150(DONE)  s109=150/150(DONE)  total=738/750  mem=3/15G
07:17:36  s105=150/150(run)  s106=150/150(run)  s107=138/150(run)  s108=150/150(DONE)  s109=150/150(DONE)  total=738/750  mem=3/15G
07:19:36  s105=150/150(run)  s106=150/150(run)  s107=139/150(run)  s108=150/150(DONE)  s109=150/150(DONE)  total=739/750  mem=3/15G
07:21:36  s105=150/150(run)  s106=150/150(run)  s107=140/150(run)  s108=150/150(DONE)  s109=150/150(DONE)  total=740/750  mem=3/15G
07:23:36  s105=150/150(run)  s106=150/150(run)  s107=141/150(run)  s108=150/150(DONE)  s109=150/150(DONE)  total=741/750  mem=3/15G
07:25:36  s105=150/150(run)  s106=150/150(run)  s107=142/150(run)  s108=150/150(DONE)  s109=150/150(DONE)  total=742/750  mem=3/15G
07:27:36  s105=150/150(DONE)  s106=150/150(run)  s107=143/150(run)  s108=150/150(DONE)  s109=150/150(DONE)  total=743/750  mem=3/15G
07:29:36  s105=150/150(DONE)  s106=150/150(run)  s107=143/150(run)  s108=150/150(DONE)  s109=150/150(DONE)  total=743/750  mem=3/15G
07:31:36  s105=150/150(DONE)  s106=150/150(run)  s107=144/150(run)  s108=150/150(DONE)  s109=150/150(DONE)  total=744/750  mem=3/15G
07:33:36  s105=150/150(DONE)  s106=150/150(run)  s107=145/150(run)  s108=150/150(DONE)  s109=150/150(DONE)  total=745/750  mem=3/15G
07:35:36  s105=150/150(DONE)  s106=150/150(run)  s107=146/150(run)  s108=150/150(DONE)  s109=150/150(DONE)  total=746/750  mem=3/15G
07:37:36  s105=150/150(DONE)  s106=150/150(run)  s107=146/150(run)  s108=150/150(DONE)  s109=150/150(DONE)  total=746/750  mem=3/15G
07:39:36  s105=150/150(DONE)  s106=150/150(run)  s107=147/150(run)  s108=150/150(DONE)  s109=150/150(DONE)  total=747/750  mem=3/15G
07:41:36  s105=150/150(DONE)  s106=150/150(run)  s107=148/150(run)  s108=150/150(DONE)  s109=150/150(DONE)  total=748/750  mem=3/15G
07:43:36  s105=150/150(DONE)  s106=150/150(run)  s107=149/150(run)  s108=150/150(DONE)  s109=150/150(DONE)  total=749/750  mem=3/15G
07:45:36  s105=150/150(DONE)  s106=150/150(run)  s107=150/150(run)  s108=150/150(DONE)  s109=150/150(DONE)  total=750/750  mem=1/15G
07:47:37  s105=150/150(DONE)  s106=150/150(run)  s107=150/150(run)  s108=150/150(DONE)  s109=150/150(DONE)  total=750/750  mem=1/15G
07:49:37  s105=150/150(DONE)  s106=150/150(run)  s107=150/150(run)  s108=150/150(DONE)  s109=150/150(DONE)  total=750/750  mem=1/15G
07:51:37  s105=150/150(DONE)  s106=150/150(run)  s107=150/150(run)  s108=150/150(DONE)  s109=150/150(DONE)  total=750/750  mem=1/15G
07:53:37  s105=150/150(DONE)  s106=150/150(run)  s107=150/150(run)  s108=150/150(DONE)  s109=150/150(DONE)  total=750/750  mem=1/15G
07:55:37  s105=150/150(DONE)  s106=150/150(run)  s107=150/150(run)  s108=150/150(DONE)  s109=150/150(DONE)  total=750/750  mem=1/15G
07:57:37  s105=150/150(DONE)  s106=150/150(DONE)  s107=150/150(run)  s108=150/150(DONE)  s109=150/150(DONE)  total=750/750  mem=1/15G
07:59:37  s105=150/150(DONE)  s106=150/150(DONE)  s107=150/150(run)  s108=150/150(DONE)  s109=150/150(DONE)  total=750/750  mem=1/15G
08:01:37  s105=150/150(DONE)  s106=150/150(DONE)  s107=150/150(run)  s108=150/150(DONE)  s109=150/150(DONE)  total=750/750  mem=1/15G
08:03:37  s105=150/150(DONE)  s106=150/150(DONE)  s107=150/150(run)  s108=150/150(DONE)  s109=150/150(DONE)  total=750/750  mem=1/15G
08:05:37  s105=150/150(DONE)  s106=150/150(DONE)  s107=150/150(run)  s108=150/150(DONE)  s109=150/150(DONE)  total=750/750  mem=1/15G
08:07:37  s105=150/150(DONE)  s106=150/150(DONE)  s107=150/150(run)  s108=150/150(DONE)  s109=150/150(DONE)  total=750/750  mem=1/15G
08:09:37  s105=150/150(DONE)  s106=150/150(DONE)  s107=150/150(run)  s108=150/150(DONE)  s109=150/150(DONE)  total=750/750  mem=1/15G
08:11:37  s105=150/150(DONE)  s106=150/150(DONE)  s107=150/150(run)  s108=150/150(DONE)  s109=150/150(DONE)  total=750/750  mem=1/15G
08:13:37  s105=150/150(DONE)  s106=150/150(DONE)  s107=150/150(run)  s108=150/150(DONE)  s109=150/150(DONE)  total=750/750  mem=1/15G
08:15:37  s105=150/150(DONE)  s106=150/150(DONE)  s107=150/150(run)  s108=150/150(DONE)  s109=150/150(DONE)  total=750/750  mem=1/15G
08:17:37  s105=150/150(DONE)  s106=150/150(DONE)  s107=150/150(run)  s108=150/150(DONE)  s109=150/150(DONE)  total=750/750  mem=1/15G
08:19:37  s105=150/150(DONE)  s106=150/150(DONE)  s107=150/150(run)  s108=150/150(DONE)  s109=150/150(DONE)  total=750/750  mem=1/15G
08:21:37  s105=150/150(DONE)  s106=150/150(DONE)  s107=150/150(run)  s108=150/150(DONE)  s109=150/150(DONE)  total=750/750  mem=1/15G
08:23:37  s105=150/150(DONE)  s106=150/150(DONE)  s107=150/150(run)  s108=150/150(DONE)  s109=150/150(DONE)  total=750/750  mem=1/15G
08:25:37  s105=150/150(DONE)  s106=150/150(DONE)  s107=150/150(run)  s108=150/150(DONE)  s109=150/150(DONE)  total=750/750  mem=1/15G
08:27:37  s105=150/150(DONE)  s106=150/150(DONE)  s107=150/150(run)  s108=150/150(DONE)  s109=150/150(DONE)  total=750/750  mem=1/15G
08:29:37  s105=150/150(DONE)  s106=150/150(DONE)  s107=150/150(run)  s108=150/150(DONE)  s109=150/150(DONE)  total=750/750  mem=1/15G
08:31:37  s105=150/150(DONE)  s106=150/150(DONE)  s107=150/150(run)  s108=150/150(DONE)  s109=150/150(DONE)  total=750/750  mem=1/15G
08:33:37  s105=150/150(DONE)  s106=150/150(DONE)  s107=150/150(run)  s108=150/150(DONE)  s109=150/150(DONE)  total=750/750  mem=1/15G
08:35:37  s105=150/150(DONE)  s106=150/150(DONE)  s107=150/150(run)  s108=150/150(DONE)  s109=150/150(DONE)  total=750/750  mem=1/15G
08:37:37  s105=150/150(DONE)  s106=150/150(DONE)  s107=150/150(run)  s108=150/150(DONE)  s109=150/150(DONE)  total=750/750  mem=1/15G
08:39:37  s105=150/150(DONE)  s106=150/150(DONE)  s107=150/150(run)  s108=150/150(DONE)  s109=150/150(DONE)  total=750/750  mem=1/15G
08:41:37  s105=150/150(DONE)  s106=150/150(DONE)  s107=150/150(DONE)  s108=150/150(DONE)  s109=150/150(DONE)  total=750/750  mem=1/15G
ALL 5 DONE Mon Aug 17 08:41:37 BST 2026
