Initializing the distributed action 'mapper'... (takes a while with big action spaces)
[HYBRID] warm-start from /rds/general/user/ssl125/home/RL2Grid_v2/checkpoint/final_PPO_bus14_T_0_0__I__1775940444_3936.tar: {'mode': 'soft', 'n_samples': 20000, 'n_actions': 50, 'n_leaves': 16, 'max_depth': 9, 'fidelity': 0.6498, 'weighted_fidelity': 0.8141073463021605, 'curated': False, 'dagger_rounds': 0}
[DTPO] gate eval on 40 training-side chronics (of 1004); overlap with the held-out pool = 40 (must be 0): ids=[0, 25, 51, 77, 102, 128, 154, 180, 205, 231, 257, 282]...
[DTPO] it=1/150 step=9999 J_new=0.0071 kept mode=full leaves=16 survival=51.22% best=51.22% std=19.1%
[DTPO] it=2/150 step=19998 J_new=0.0048 kept mode=full leaves=16 survival=53.46% best=53.46% std=18.4%
[DTPO] it=3/150 step=29997 J_new=0.0050 kept mode=full leaves=16 survival=60.46% best=60.46% std=6.1%
[DTPO] it=4/150 step=39996 J_new=0.0057 kept mode=full leaves=16 survival=51.96% best=60.46% std=17.6%
[DTPO] it=5/150 step=49995 J_new=0.0046 kept mode=full leaves=16 survival=55.68% best=60.46% std=13.0%
[DTPO] it=6/150 step=59994 J_new=0.0081 kept mode=full leaves=16 survival=54.88% best=60.46% std=13.7%
[DTPO] it=7/150 step=69993 J_new=0.0155 kept mode=full leaves=16 survival=40.95% best=60.46% std=21.0%
[DTPO] it=8/150 step=79992 J_new=0.0052 kept mode=full leaves=16 survival=60.04% best=60.46% std=7.3%
[DTPO] it=9/150 step=89991 J_new=0.0050 kept mode=full leaves=16 survival=57.06% best=60.46% std=11.8%
[DTPO] it=10/150 step=99990 J_new=0.0053 kept mode=full leaves=16 survival=35.55% best=60.46% std=21.2%
[DTPO] it=11/150 step=109989 J_new=0.0078 kept mode=full leaves=16 survival=59.32% best=60.46% std=11.4%
[DTPO] it=12/150 step=119988 J_new=0.0053 kept mode=full leaves=16 survival=43.31% best=60.46% std=17.7%
[DTPO] it=13/150 step=129987 J_new=-0.0001 revert mode=full leaves=16 survival=43.31% best=60.46% std=17.7%
[DTPO] it=14/150 step=139986 J_new=0.0050 kept mode=full leaves=16 survival=58.04% best=60.46% std=11.4%
[DTPO] it=15/150 step=149985 J_new=0.0059 kept mode=full leaves=16 survival=56.75% best=60.46% std=15.5%
[DTPO] it=16/150 step=159984 J_new=0.0103 kept mode=full leaves=16 survival=58.20% best=60.46% std=11.7%
[DTPO] it=17/150 step=169983 J_new=0.0052 kept mode=full leaves=16 survival=39.73% best=60.46% std=14.4%
[DTPO] it=18/150 step=179982 J_new=0.0059 kept mode=full leaves=16 survival=36.43% best=60.46% std=15.6%
[DTPO] it=19/150 step=189981 J_new=0.0053 kept mode=full leaves=16 survival=38.95% best=60.46% std=15.8%
[DTPO] it=20/150 step=199980 J_new=0.0065 kept mode=full leaves=16 survival=61.06% best=61.06% std=8.6%
[DTPO] it=21/150 step=209979 J_new=0.0065 kept mode=full leaves=16 survival=32.51% best=61.06% std=17.0%
[DTPO] it=22/150 step=219978 J_new=0.0062 kept mode=full leaves=16 survival=34.45% best=61.06% std=14.7%
[DTPO] it=23/150 step=229977 J_new=0.0042 kept mode=full leaves=16 survival=27.04% best=61.06% std=12.1%
[DTPO] it=24/150 step=239976 J_new=0.0046 kept mode=full leaves=16 survival=43.18% best=61.06% std=16.6%
[DTPO] it=25/150 step=249975 J_new=0.0032 kept mode=full leaves=16 survival=41.16% best=61.06% std=15.3%
[DTPO] it=26/150 step=259974 J_new=0.0044 kept mode=full leaves=16 survival=42.58% best=61.06% std=16.2%
[DTPO] it=27/150 step=269973 J_new=0.0040 kept mode=full leaves=16 survival=40.76% best=61.06% std=15.3%
[DTPO] it=28/150 step=279972 J_new=0.0033 kept mode=full leaves=16 survival=27.59% best=61.06% std=17.4%
[DTPO] it=29/150 step=289971 J_new=0.0045 kept mode=full leaves=16 survival=32.33% best=61.06% std=21.2%
[DTPO] it=30/150 step=299970 J_new=0.0040 kept mode=full leaves=16 survival=33.20% best=61.06% std=16.8%
[DTPO] it=31/150 step=309969 J_new=0.0052 kept mode=full leaves=16 survival=29.98% best=61.06% std=18.1%
[DTPO] it=32/150 step=319968 J_new=0.0023 kept mode=full leaves=16 survival=49.37% best=61.06% std=18.8%
[DTPO] it=33/150 step=329967 J_new=0.0031 kept mode=full leaves=16 survival=8.42% best=61.06% std=9.9%
[DTPO] it=34/150 step=339966 J_new=0.0026 kept mode=full leaves=16 survival=10.10% best=61.06% std=11.7%
[DTPO] it=35/150 step=349965 J_new=0.0041 kept mode=full leaves=16 survival=35.26% best=61.06% std=26.3%
[DTPO] it=36/150 step=359964 J_new=0.0002 kept mode=full leaves=16 survival=60.10% best=61.06% std=11.8%
[DTPO] it=37/150 step=369963 J_new=0.0061 kept mode=full leaves=16 survival=49.72% best=61.06% std=21.9%
[DTPO] it=38/150 step=379962 J_new=0.0040 kept mode=full leaves=16 survival=16.81% best=61.06% std=22.2%
[DTPO] it=39/150 step=389961 J_new=0.0024 kept mode=full leaves=16 survival=53.03% best=61.06% std=12.7%
[DTPO] it=40/150 step=399960 J_new=0.0030 kept mode=full leaves=16 survival=48.93% best=61.06% std=23.0%
[DTPO] it=41/150 step=409959 J_new=0.0003 kept mode=full leaves=16 survival=56.05% best=61.06% std=16.0%
[DTPO] it=42/150 step=419958 J_new=-0.0014 revert mode=full leaves=16 survival=56.05% best=61.06% std=16.0%
[DTPO] it=43/150 step=429957 J_new=0.0101 kept mode=full leaves=16 survival=18.12% best=61.06% std=22.4%
[DTPO] it=44/150 step=439956 J_new=0.0049 kept mode=full leaves=16 survival=53.85% best=61.06% std=18.9%
[DTPO] it=45/150 step=449955 J_new=0.0055 kept mode=full leaves=16 survival=38.75% best=61.06% std=22.5%
[DTPO] it=46/150 step=459954 J_new=-0.0087 revert mode=full leaves=16 survival=38.75% best=61.06% std=22.5%
[DTPO] it=47/150 step=469953 J_new=0.0031 kept mode=full leaves=16 survival=49.76% best=61.06% std=19.8%
[DTPO] it=48/150 step=479952 J_new=0.0033 kept mode=full leaves=16 survival=26.39% best=61.06% std=26.1%
[DTPO] it=49/150 step=489951 J_new=0.0038 kept mode=full leaves=16 survival=58.81% best=61.06% std=13.9%
[DTPO] it=50/150 step=499950 J_new=0.0036 kept mode=full leaves=16 survival=44.74% best=61.06% std=22.1%
[DTPO] it=51/150 step=509949 J_new=0.0035 kept mode=full leaves=16 survival=17.44% best=61.06% std=17.9%
[DTPO] it=52/150 step=519948 J_new=0.0030 kept mode=full leaves=16 survival=59.25% best=61.06% std=8.3%
[DTPO] it=53/150 step=529947 J_new=0.0021 kept mode=full leaves=16 survival=33.88% best=61.06% std=10.7%
[DTPO] it=54/150 step=539946 J_new=0.0020 kept mode=full leaves=16 survival=53.48% best=61.06% std=12.3%
[DTPO] it=55/150 step=549945 J_new=0.0015 kept mode=full leaves=16 survival=45.97% best=61.06% std=12.9%
[DTPO] it=56/150 step=559944 J_new=-0.0019 revert mode=full leaves=16 survival=45.97% best=61.06% std=12.9%
[DTPO] it=57/150 step=569943 J_new=0.0035 kept mode=full leaves=16 survival=56.75% best=61.06% std=12.9%
[DTPO] it=58/150 step=579942 J_new=0.0023 kept mode=full leaves=16 survival=56.40% best=61.06% std=12.8%
[DTPO] it=59/150 step=589941 J_new=0.0022 kept mode=full leaves=16 survival=59.06% best=61.06% std=7.3%
[DTPO] it=60/150 step=599940 J_new=0.0018 kept mode=full leaves=16 survival=60.42% best=61.06% std=8.6%
[DTPO] it=61/150 step=609939 J_new=0.0047 kept mode=full leaves=16 survival=58.72% best=61.06% std=8.2%
[DTPO] it=62/150 step=619938 J_new=0.0023 kept mode=full leaves=16 survival=60.49% best=61.06% std=1.2%
[DTPO] it=63/150 step=629937 J_new=0.0032 kept mode=full leaves=16 survival=60.32% best=61.06% std=0.9%
[DTPO] it=64/150 step=639936 J_new=0.0037 kept mode=full leaves=16 survival=60.24% best=61.06% std=0.8%
[DTPO] it=65/150 step=649935 J_new=0.0047 kept mode=full leaves=16 survival=1.59% best=61.06% std=0.2%
[DTPO] it=66/150 step=659934 J_new=0.0015 kept mode=full leaves=16 survival=56.94% best=61.06% std=12.6%
[DTPO] it=67/150 step=669933 J_new=0.0059 kept mode=full leaves=16 survival=56.63% best=61.06% std=15.8%
[DTPO] it=68/150 step=679932 J_new=0.0049 kept mode=full leaves=16 survival=58.12% best=61.06% std=10.3%
[DTPO] it=69/150 step=689931 J_new=0.0070 kept mode=full leaves=16 survival=1.64% best=61.06% std=0.1%
[DTPO] it=70/150 step=699930 J_new=0.0062 kept mode=full leaves=16 survival=56.27% best=61.06% std=13.9%
[DTPO] it=71/150 step=709929 J_new=0.0042 kept mode=full leaves=16 survival=4.68% best=61.06% std=5.6%
[DTPO] it=72/150 step=719928 J_new=0.0019 kept mode=full leaves=16 survival=40.45% best=61.06% std=23.1%
[DTPO] it=73/150 step=729927 J_new=0.0015 kept mode=full leaves=16 survival=4.89% best=61.06% std=9.2%
[DTPO] it=74/150 step=739926 J_new=0.0023 kept mode=full leaves=16 survival=30.31% best=61.06% std=22.9%
[DTPO] it=75/150 step=749925 J_new=0.0005 kept mode=full leaves=16 survival=30.08% best=61.06% std=22.9%
[DTPO] it=76/150 step=759924 J_new=0.0070 kept mode=full leaves=16 survival=32.11% best=61.06% std=19.0%
[DTPO] it=77/150 step=769923 J_new=0.0057 kept mode=full leaves=16 survival=29.81% best=61.06% std=17.9%
[DTPO] it=78/150 step=779922 J_new=0.0067 kept mode=full leaves=16 survival=42.19% best=61.06% std=19.7%
[DTPO] it=79/150 step=789921 J_new=0.0033 kept mode=full leaves=16 survival=55.78% best=61.06% std=13.8%
[DTPO] it=80/150 step=799920 J_new=0.0020 kept mode=full leaves=16 survival=54.19% best=61.06% std=14.4%
[DTPO] it=81/150 step=809919 J_new=0.0018 kept mode=full leaves=16 survival=56.12% best=61.06% std=13.8%
[DTPO] it=82/150 step=819918 J_new=0.0120 kept mode=full leaves=16 survival=5.51% best=61.06% std=2.6%
[DTPO] it=83/150 step=829917 J_new=0.0045 kept mode=full leaves=16 survival=53.45% best=61.06% std=17.4%
[DTPO] it=84/150 step=839916 J_new=0.0013 kept mode=full leaves=16 survival=57.02% best=61.06% std=12.5%
[DTPO] it=85/150 step=849915 J_new=0.0001 kept mode=full leaves=16 survival=58.38% best=61.06% std=12.9%
[DTPO] it=86/150 step=859914 J_new=0.0029 kept mode=full leaves=16 survival=57.18% best=61.06% std=12.6%
[DTPO] it=87/150 step=869913 J_new=0.0026 kept mode=full leaves=16 survival=57.17% best=61.06% std=12.5%
[DTPO] it=88/150 step=879912 J_new=0.0202 kept mode=full leaves=16 survival=53.31% best=61.06% std=18.8%
[DTPO] it=89/150 step=889911 J_new=0.0023 kept mode=full leaves=16 survival=9.94% best=61.06% std=1.9%
[DTPO] it=90/150 step=899910 J_new=0.0023 kept mode=full leaves=16 survival=58.01% best=61.06% std=11.0%
[DTPO] it=91/150 step=909909 J_new=0.0022 kept mode=full leaves=16 survival=54.91% best=61.06% std=13.2%
[DTPO] it=92/150 step=919908 J_new=0.0069 kept mode=full leaves=16 survival=40.81% best=61.06% std=25.2%
[DTPO] it=93/150 step=929907 J_new=0.0125 kept mode=full leaves=16 survival=7.45% best=61.06% std=4.5%
[DTPO] it=94/150 step=939906 J_new=0.0090 kept mode=full leaves=16 survival=44.78% best=61.06% std=16.0%
[DTPO] it=95/150 step=949905 J_new=0.0030 kept mode=full leaves=16 survival=37.64% best=61.06% std=24.3%
[DTPO] it=96/150 step=959904 J_new=-0.0017 revert mode=full leaves=16 survival=37.64% best=61.06% std=24.3%
[DTPO] it=97/150 step=969903 J_new=-0.0051 revert mode=full leaves=16 survival=37.64% best=61.06% std=24.3%
[DTPO] it=98/150 step=979902 J_new=-0.0023 revert mode=full leaves=16 survival=37.64% best=61.06% std=24.3%
[DTPO] it=99/150 step=989901 J_new=-0.0021 revert mode=full leaves=16 survival=37.64% best=61.06% std=24.3%
[DTPO] it=100/150 step=999900 J_new=0.0023 kept mode=full leaves=16 survival=19.83% best=61.06% std=20.1%
[DTPO] it=101/150 step=1009899 J_new=0.0017 kept mode=full leaves=16 survival=58.61% best=61.06% std=10.5%
[DTPO] it=102/150 step=1019898 J_new=-0.0123 revert mode=full leaves=16 survival=58.61% best=61.06% std=10.5%
[DTPO] it=103/150 step=1029897 J_new=0.0421 kept mode=full leaves=16 survival=2.68% best=61.06% std=2.3%
[DTPO] it=104/150 step=1039896 J_new=0.0016 kept mode=full leaves=16 survival=6.00% best=61.06% std=3.5%
[DTPO] it=105/150 step=1049895 J_new=0.0024 kept mode=full leaves=16 survival=5.81% best=61.06% std=3.5%
[DTPO] it=106/150 step=1059894 J_new=0.0048 kept mode=full leaves=16 survival=8.83% best=61.06% std=1.7%
[DTPO] it=107/150 step=1069893 J_new=0.0008 kept mode=full leaves=16 survival=8.18% best=61.06% std=2.9%
[DTPO] it=108/150 step=1079892 J_new=0.0034 kept mode=full leaves=16 survival=3.32% best=61.06% std=3.2%
[DTPO] it=109/150 step=1089891 J_new=0.0006 kept mode=full leaves=16 survival=7.85% best=61.06% std=2.5%
[DTPO] it=110/150 step=1099890 J_new=0.0012 kept mode=full leaves=16 survival=12.14% best=61.06% std=2.7%
[DTPO] it=111/150 step=1109889 J_new=0.0034 kept mode=full leaves=16 survival=7.93% best=61.06% std=2.8%
[DTPO] it=112/150 step=1119888 J_new=0.0034 kept mode=full leaves=16 survival=9.70% best=61.06% std=3.1%
[DTPO] it=113/150 step=1129887 J_new=0.0017 kept mode=full leaves=16 survival=9.75% best=61.06% std=3.5%
[DTPO] it=114/150 step=1139886 J_new=0.0002 kept mode=full leaves=16 survival=9.71% best=61.06% std=2.9%
[DTPO] it=115/150 step=1149885 J_new=0.0071 kept mode=full leaves=16 survival=10.66% best=61.06% std=3.1%
[DTPO] it=116/150 step=1159884 J_new=0.0010 kept mode=full leaves=16 survival=11.56% best=61.06% std=2.6%
[DTPO] it=117/150 step=1169883 J_new=0.0017 kept mode=full leaves=16 survival=9.32% best=61.06% std=3.0%
[DTPO] it=118/150 step=1179882 J_new=0.0032 kept mode=full leaves=16 survival=2.32% best=61.06% std=2.4%
[DTPO] it=119/150 step=1189881 J_new=0.0014 kept mode=full leaves=16 survival=9.93% best=61.06% std=2.3%
[DTPO] it=120/150 step=1199880 J_new=0.0017 kept mode=full leaves=16 survival=11.94% best=61.06% std=2.5%
[DTPO] it=121/150 step=1209879 J_new=0.0016 kept mode=full leaves=16 survival=13.13% best=61.06% std=1.5%
[DTPO] it=122/150 step=1219878 J_new=0.0042 kept mode=full leaves=16 survival=9.12% best=61.06% std=2.1%
[DTPO] it=123/150 step=1229877 J_new=0.0055 kept mode=full leaves=16 survival=9.60% best=61.06% std=6.2%
[DTPO] it=124/150 step=1239876 J_new=0.0030 kept mode=full leaves=16 survival=11.26% best=61.06% std=1.7%
[DTPO] it=125/150 step=1249875 J_new=0.0324 kept mode=full leaves=16 survival=9.77% best=61.06% std=2.5%
[DTPO] it=126/150 step=1259874 J_new=0.0014 kept mode=full leaves=16 survival=8.22% best=61.06% std=2.7%
[DTPO] it=127/150 step=1269873 J_new=0.0080 kept mode=full leaves=16 survival=7.82% best=61.06% std=1.2%
[DTPO] it=128/150 step=1279872 J_new=0.0119 kept mode=full leaves=16 survival=10.65% best=61.06% std=2.6%
[DTPO] it=129/150 step=1289871 J_new=0.0080 kept mode=full leaves=16 survival=7.59% best=61.06% std=2.5%
[DTPO] it=130/150 step=1299870 J_new=0.0040 kept mode=full leaves=16 survival=10.54% best=61.06% std=3.1%
[DTPO] it=131/150 step=1309869 J_new=-0.0018 revert mode=full leaves=16 survival=10.54% best=61.06% std=3.1%
[DTPO] it=132/150 step=1319868 J_new=0.0062 kept mode=full leaves=16 survival=8.43% best=61.06% std=3.1%
[DTPO] it=133/150 step=1329867 J_new=0.0009 kept mode=full leaves=16 survival=9.21% best=61.06% std=3.3%
[DTPO] it=134/150 step=1339866 J_new=0.0017 kept mode=full leaves=16 survival=8.61% best=61.06% std=3.2%
[DTPO] it=135/150 step=1349865 J_new=0.0029 kept mode=full leaves=16 survival=7.88% best=61.06% std=2.5%
[DTPO] it=136/150 step=1359864 J_new=0.0019 kept mode=full leaves=16 survival=9.54% best=61.06% std=3.1%
[DTPO] it=137/150 step=1369863 J_new=0.0052 kept mode=full leaves=16 survival=7.75% best=61.06% std=1.6%
[DTPO] it=138/150 step=1379862 J_new=0.0019 kept mode=full leaves=16 survival=7.13% best=61.06% std=1.5%
[DTPO] it=139/150 step=1389861 J_new=0.0025 kept mode=full leaves=16 survival=7.73% best=61.06% std=1.4%
[DTPO] it=140/150 step=1399860 J_new=0.0041 kept mode=full leaves=16 survival=10.98% best=61.06% std=3.6%
[DTPO] it=141/150 step=1409859 J_new=0.0074 kept mode=full leaves=16 survival=1.89% best=61.06% std=2.8%
[DTPO] it=142/150 step=1419858 J_new=0.0017 kept mode=full leaves=16 survival=3.19% best=61.06% std=4.1%
[DTPO] it=143/150 step=1429857 J_new=-0.0018 revert mode=full leaves=16 survival=3.19% best=61.06% std=4.1%
[DTPO] it=144/150 step=1439856 J_new=0.0017 kept mode=full leaves=16 survival=6.68% best=61.06% std=0.5%
[DTPO] it=145/150 step=1449855 J_new=0.0039 kept mode=full leaves=16 survival=6.95% best=61.06% std=1.1%
[DTPO] it=146/150 step=1459854 J_new=0.0008 kept mode=full leaves=16 survival=8.30% best=61.06% std=1.5%
[DTPO] it=147/150 step=1469853 J_new=0.0041 kept mode=full leaves=16 survival=9.67% best=61.06% std=1.1%
[DTPO] it=148/150 step=1479852 J_new=0.0020 kept mode=full leaves=16 survival=8.36% best=61.06% std=0.2%
[DTPO] it=149/150 step=1489851 J_new=0.0018 kept mode=full leaves=16 survival=10.20% best=61.06% std=2.1%
[DTPO] it=150/150 step=1499850 J_new=0.0016 kept mode=full leaves=16 survival=8.63% best=61.06% std=0.0%
[DTPO] stored 5 candidate trees for final selection (cheap survivals: ['61.1%', '60.5%', '60.5%', '60.4%', '60.3%']). Run dtpo_select.py --ckpt <ckpt> --episodes 100 to pick the honest best.
