[F2] training env filtered to 753/1004 chronics (every 4th id held out for evaluation)
Initializing the distributed action 'mapper'... (takes a while with big action spaces)
[F2] training env filtered to 753/1004 chronics (every 4th id held out for evaluation)
[F2] training env filtered to 753/1004 chronics (every 4th id held out for evaluation)
[F2] training env filtered to 753/1004 chronics (every 4th id held out for evaluation)
[F2] training env filtered to 753/1004 chronics (every 4th id held out for evaluation)
[DTPO] gate eval on 40 training-side chronics (of 1004); overlap with the held-out pool = 0 (must be 0): ids=[0, 25, 50, 76, 102, 128, 153, 178, 205, 230, 256, 282]...
[DTPO] it=1/150 step=9999 J_new=0.2099 kept mode=full leaves=16 survival=3.03% best=3.03% std=2.4%
[DTPO] it=2/150 step=19998 J_new=0.5139 kept mode=full leaves=16 survival=6.00% best=6.00% std=1.4%
[DTPO] it=3/150 step=29997 J_new=0.1927 kept mode=full leaves=16 survival=5.81% best=6.00% std=1.3%
[DTPO] it=4/150 step=39996 J_new=0.1427 kept mode=full leaves=16 survival=5.87% best=6.00% std=1.4%
[DTPO] it=5/150 step=49995 J_new=0.1622 kept mode=full leaves=16 survival=5.87% best=6.00% std=1.4%
[DTPO] it=6/150 step=59994 J_new=1.3264 kept mode=full leaves=16 survival=5.87% best=6.00% std=1.4%
[DTPO] it=7/150 step=69993 J_new=1.7153 kept mode=full leaves=16 survival=5.48% best=6.00% std=1.0%
[DTPO] it=8/150 step=79992 J_new=0.1192 kept mode=full leaves=16 survival=5.50% best=6.00% std=1.0%
[DTPO] it=9/150 step=89991 J_new=0.9146 kept mode=full leaves=16 survival=5.40% best=6.00% std=1.2%
[DTPO] it=10/150 step=99990 J_new=0.0156 kept mode=full leaves=16 survival=38.61% best=38.61% std=29.6%
[DTPO] it=11/150 step=109989 J_new=0.0478 kept mode=full leaves=16 survival=38.61% best=38.61% std=29.6%
[DTPO] it=12/150 step=119988 J_new=0.1018 kept mode=full leaves=16 survival=38.61% best=38.61% std=29.6%
[DTPO] it=13/150 step=129987 J_new=0.0232 kept mode=full leaves=16 survival=38.61% best=38.61% std=29.6%
[DTPO] it=14/150 step=139986 J_new=0.0232 kept mode=full leaves=16 survival=38.61% best=38.61% std=29.6%
[DTPO] it=15/150 step=149985 J_new=0.0208 kept mode=full leaves=16 survival=38.61% best=38.61% std=29.6%
[DTPO] it=16/150 step=159984 J_new=0.2374 kept mode=full leaves=16 survival=38.61% best=38.61% std=29.6%
[DTPO] it=17/150 step=169983 J_new=0.0187 kept mode=full leaves=16 survival=38.61% best=38.61% std=29.6%
[DTPO] it=18/150 step=179982 J_new=0.0915 kept mode=full leaves=16 survival=38.61% best=38.61% std=29.6%
[DTPO] it=19/150 step=189981 J_new=0.0979 kept mode=full leaves=16 survival=38.61% best=38.61% std=29.6%
[DTPO] it=20/150 step=199980 J_new=0.0573 kept mode=full leaves=16 survival=38.61% best=38.61% std=29.6%
[DTPO] it=21/150 step=209979 J_new=0.0401 kept mode=full leaves=16 survival=38.61% best=38.61% std=29.6%
[DTPO] it=22/150 step=219978 J_new=0.0315 kept mode=full leaves=16 survival=38.61% best=38.61% std=29.6%
[DTPO] it=23/150 step=229977 J_new=0.0078 kept mode=full leaves=16 survival=38.61% best=38.61% std=29.6%
[DTPO] it=24/150 step=239976 J_new=0.0061 kept mode=full leaves=16 survival=38.61% best=38.61% std=29.6%
[DTPO] it=25/150 step=249975 J_new=0.0056 kept mode=full leaves=16 survival=55.67% best=55.67% std=39.6%
[DTPO] it=26/150 step=259974 J_new=0.0040 kept mode=full leaves=16 survival=55.67% best=55.67% std=39.6%
[DTPO] it=27/150 step=269973 J_new=0.1445 kept mode=full leaves=16 survival=55.67% best=55.67% std=39.6%
[DTPO] it=28/150 step=279972 J_new=0.7903 kept mode=full leaves=16 survival=55.67% best=55.67% std=39.6%
[DTPO] it=29/150 step=289971 J_new=0.6189 kept mode=full leaves=16 survival=32.12% best=55.67% std=27.3%
[DTPO] it=30/150 step=299970 J_new=0.1620 kept mode=full leaves=16 survival=3.42% best=55.67% std=5.1%
[DTPO] it=31/150 step=309969 J_new=0.0435 kept mode=full leaves=16 survival=2.04% best=55.67% std=2.5%
[DTPO] it=32/150 step=319968 J_new=0.2330 kept mode=full leaves=16 survival=0.49% best=55.67% std=0.4%
[DTPO] it=33/150 step=329967 J_new=0.1272 kept mode=full leaves=16 survival=0.11% best=55.67% std=0.0%
[DTPO] it=34/150 step=339966 J_new=0.1864 kept mode=full leaves=16 survival=3.56% best=55.67% std=3.2%
[DTPO] it=35/150 step=349965 J_new=0.4719 kept mode=full leaves=16 survival=15.55% best=55.67% std=14.9%
[DTPO] it=36/150 step=359964 J_new=0.1565 kept mode=full leaves=16 survival=15.55% best=55.67% std=14.9%
[DTPO] it=37/150 step=369963 J_new=0.1080 kept mode=full leaves=16 survival=55.67% best=55.67% std=39.6%
[DTPO] it=38/150 step=379962 J_new=0.0575 kept mode=full leaves=16 survival=5.32% best=55.67% std=3.3%
[DTPO] it=39/150 step=389961 J_new=0.1123 kept mode=full leaves=16 survival=4.24% best=55.67% std=2.8%
[DTPO] it=40/150 step=399960 J_new=0.0285 kept mode=full leaves=16 survival=5.61% best=55.67% std=2.9%
[DTPO] it=41/150 step=409959 J_new=0.6475 kept mode=full leaves=16 survival=15.55% best=55.67% std=14.9%
[DTPO] it=42/150 step=419958 J_new=0.7968 kept mode=full leaves=16 survival=1.73% best=55.67% std=1.5%
[DTPO] it=43/150 step=429957 J_new=0.2879 kept mode=full leaves=16 survival=4.72% best=55.67% std=2.6%
[DTPO] it=44/150 step=439956 J_new=0.0120 kept mode=full leaves=16 survival=0.08% best=55.67% std=0.0%
[DTPO] it=45/150 step=449955 J_new=0.0342 kept mode=full leaves=16 survival=18.43% best=55.67% std=20.9%
[DTPO] it=46/150 step=459954 J_new=0.0826 kept mode=full leaves=16 survival=6.00% best=55.67% std=2.4%
[DTPO] it=47/150 step=469953 J_new=0.1295 kept mode=full leaves=16 survival=5.09% best=55.67% std=2.9%
[DTPO] it=48/150 step=479952 J_new=0.7167 kept mode=full leaves=16 survival=4.81% best=55.67% std=2.8%
[DTPO] it=49/150 step=489951 J_new=0.2102 kept mode=full leaves=16 survival=4.69% best=55.67% std=2.9%
[DTPO] it=50/150 step=499950 J_new=0.2516 kept mode=full leaves=16 survival=5.91% best=55.67% std=2.9%
[DTPO] it=51/150 step=509949 J_new=0.0791 kept mode=full leaves=16 survival=15.67% best=55.67% std=15.0%
[DTPO] it=52/150 step=519948 J_new=0.0075 kept mode=full leaves=16 survival=15.67% best=55.67% std=15.0%
[DTPO] it=53/150 step=529947 J_new=0.0282 kept mode=full leaves=16 survival=15.67% best=55.67% std=15.0%
[DTPO] it=54/150 step=539946 J_new=0.0821 kept mode=full leaves=16 survival=1.89% best=55.67% std=8.1%
[DTPO] it=55/150 step=549945 J_new=0.0764 kept mode=full leaves=16 survival=15.67% best=55.67% std=15.0%
[DTPO] it=56/150 step=559944 J_new=0.0915 kept mode=full leaves=16 survival=15.67% best=55.67% std=15.0%
[DTPO] it=57/150 step=569943 J_new=0.0284 kept mode=full leaves=16 survival=15.67% best=55.67% std=15.0%
[DTPO] it=58/150 step=579942 J_new=0.0171 kept mode=full leaves=16 survival=15.67% best=55.67% std=15.0%
[DTPO] it=59/150 step=589941 J_new=0.0157 kept mode=full leaves=16 survival=15.67% best=55.67% std=15.0%
[DTPO] it=60/150 step=599940 J_new=0.4094 kept mode=full leaves=16 survival=15.67% best=55.67% std=15.0%
[DTPO] it=61/150 step=609939 J_new=0.0258 kept mode=full leaves=16 survival=15.67% best=55.67% std=15.0%
[DTPO] it=62/150 step=619938 J_new=0.0467 kept mode=full leaves=16 survival=15.67% best=55.67% std=15.0%
[DTPO] it=63/150 step=629937 J_new=0.0102 kept mode=full leaves=16 survival=15.67% best=55.67% std=15.0%
[DTPO] it=64/150 step=639936 J_new=0.0509 kept mode=full leaves=16 survival=15.62% best=55.67% std=15.1%
[DTPO] it=65/150 step=649935 J_new=0.0172 kept mode=full leaves=16 survival=3.18% best=55.67% std=4.5%
[DTPO] it=66/150 step=659934 J_new=0.0132 kept mode=full leaves=16 survival=13.58% best=55.67% std=15.4%
[DTPO] it=67/150 step=669933 J_new=0.0136 kept mode=full leaves=16 survival=1.77% best=55.67% std=2.5%
[DTPO] it=68/150 step=679932 J_new=0.0211 kept mode=full leaves=16 survival=1.32% best=55.67% std=1.5%
[DTPO] it=69/150 step=689931 J_new=0.0888 kept mode=full leaves=16 survival=2.11% best=55.67% std=2.6%
[DTPO] it=70/150 step=699930 J_new=0.1714 kept mode=full leaves=16 survival=2.30% best=55.67% std=3.0%
[DTPO] it=71/150 step=709929 J_new=0.0046 kept mode=full leaves=16 survival=3.54% best=55.67% std=3.6%
[DTPO] it=72/150 step=719928 J_new=0.0116 kept mode=full leaves=16 survival=8.40% best=55.67% std=11.5%
[DTPO] it=73/150 step=729927 J_new=0.0154 kept mode=full leaves=16 survival=7.79% best=55.67% std=8.2%
[DTPO] it=74/150 step=739926 J_new=0.0158 kept mode=full leaves=16 survival=8.62% best=55.67% std=8.1%
[DTPO] it=75/150 step=749925 J_new=0.0524 kept mode=full leaves=16 survival=8.66% best=55.67% std=8.0%
[DTPO] it=76/150 step=759924 J_new=0.0059 kept mode=full leaves=16 survival=9.99% best=55.67% std=9.3%
[DTPO] it=77/150 step=769923 J_new=0.1532 kept mode=full leaves=16 survival=10.04% best=55.67% std=9.2%
[DTPO] it=78/150 step=779922 J_new=0.0273 kept mode=full leaves=16 survival=15.57% best=55.67% std=15.1%
[DTPO] it=79/150 step=789921 J_new=0.0240 kept mode=full leaves=16 survival=4.36% best=55.67% std=3.8%
[DTPO] it=80/150 step=799920 J_new=0.0156 kept mode=full leaves=16 survival=3.18% best=55.67% std=2.3%
[DTPO] it=81/150 step=809919 J_new=0.0221 kept mode=full leaves=16 survival=3.32% best=55.67% std=2.5%
[DTPO] it=82/150 step=819918 J_new=0.0220 kept mode=full leaves=16 survival=2.40% best=55.67% std=3.9%
[DTPO] it=83/150 step=829917 J_new=0.0115 kept mode=full leaves=16 survival=5.98% best=55.67% std=9.0%
[DTPO] it=84/150 step=839916 J_new=0.0217 kept mode=full leaves=16 survival=1.74% best=55.67% std=2.2%
[DTPO] it=85/150 step=849915 J_new=0.0287 kept mode=full leaves=16 survival=5.98% best=55.67% std=9.0%
[DTPO] it=86/150 step=859914 J_new=0.0089 kept mode=full leaves=16 survival=13.68% best=55.67% std=22.3%
[DTPO] it=87/150 step=869913 J_new=0.0097 kept mode=full leaves=16 survival=23.01% best=55.67% std=27.7%
[DTPO] it=88/150 step=879912 J_new=0.0054 kept mode=full leaves=16 survival=0.94% best=55.67% std=1.8%
[DTPO] it=89/150 step=889911 J_new=0.0137 kept mode=full leaves=16 survival=27.55% best=55.67% std=32.5%
[DTPO] it=90/150 step=899910 J_new=0.0167 kept mode=full leaves=16 survival=21.88% best=55.67% std=30.8%
[DTPO] it=91/150 step=909909 J_new=0.0144 kept mode=full leaves=16 survival=20.77% best=55.67% std=29.6%
[DTPO] it=92/150 step=919908 J_new=0.0142 kept mode=full leaves=16 survival=13.49% best=55.67% std=15.8%
[DTPO] it=93/150 step=929907 J_new=0.0121 kept mode=full leaves=16 survival=4.38% best=55.67% std=3.4%
[DTPO] it=94/150 step=939906 J_new=0.0111 kept mode=full leaves=16 survival=15.82% best=55.67% std=15.0%
[DTPO] it=95/150 step=949905 J_new=0.0151 kept mode=full leaves=16 survival=15.67% best=55.67% std=15.0%
[DTPO] it=96/150 step=959904 J_new=0.0096 kept mode=full leaves=16 survival=10.65% best=55.67% std=12.5%
[DTPO] it=97/150 step=969903 J_new=0.0118 kept mode=full leaves=16 survival=20.35% best=55.67% std=21.2%
[DTPO] it=98/150 step=979902 J_new=0.0107 kept mode=full leaves=16 survival=15.82% best=55.67% std=15.0%
[DTPO] it=99/150 step=989901 J_new=0.0104 kept mode=full leaves=16 survival=40.99% best=55.67% std=35.0%
[DTPO] it=100/150 step=999900 J_new=0.0102 kept mode=full leaves=16 survival=39.16% best=55.67% std=33.5%
[DTPO] it=101/150 step=1009899 J_new=0.0121 kept mode=full leaves=16 survival=15.82% best=55.67% std=15.0%
[DTPO] it=102/150 step=1019898 J_new=0.0089 kept mode=full leaves=16 survival=40.59% best=55.67% std=30.7%
[DTPO] it=103/150 step=1029897 J_new=0.0070 kept mode=full leaves=16 survival=5.24% best=55.67% std=3.5%
[DTPO] it=104/150 step=1039896 J_new=0.0063 kept mode=full leaves=16 survival=31.29% best=55.67% std=27.1%
[DTPO] it=105/150 step=1049895 J_new=0.0041 kept mode=full leaves=16 survival=44.82% best=55.67% std=30.8%
[DTPO] it=106/150 step=1059894 J_new=0.0109 kept mode=full leaves=16 survival=1.79% best=55.67% std=2.7%
[DTPO] it=107/150 step=1069893 J_new=0.0090 kept mode=full leaves=16 survival=2.93% best=55.67% std=4.3%
[DTPO] it=108/150 step=1079892 J_new=0.0140 kept mode=full leaves=16 survival=21.45% best=55.67% std=21.5%
[DTPO] it=109/150 step=1089891 J_new=0.0134 kept mode=full leaves=16 survival=7.41% best=55.67% std=12.9%
[DTPO] it=110/150 step=1099890 J_new=0.0150 kept mode=full leaves=16 survival=15.06% best=55.67% std=20.3%
[DTPO] it=111/150 step=1109889 J_new=0.0130 kept mode=full leaves=16 survival=15.82% best=55.67% std=15.0%
[DTPO] it=112/150 step=1119888 J_new=0.0103 kept mode=full leaves=16 survival=10.48% best=55.67% std=10.4%
[DTPO] it=113/150 step=1129887 J_new=0.0103 kept mode=full leaves=16 survival=38.46% best=55.67% std=31.4%
[DTPO] it=114/150 step=1139886 J_new=0.0155 kept mode=full leaves=16 survival=10.79% best=55.67% std=11.7%
[DTPO] it=115/150 step=1149885 J_new=0.0099 kept mode=full leaves=16 survival=15.82% best=55.67% std=15.0%
[DTPO] it=116/150 step=1159884 J_new=0.0102 kept mode=full leaves=16 survival=25.51% best=55.67% std=29.7%
[DTPO] it=117/150 step=1169883 J_new=0.0123 kept mode=full leaves=16 survival=15.82% best=55.67% std=15.0%
[DTPO] it=118/150 step=1179882 J_new=0.0096 kept mode=full leaves=16 survival=15.82% best=55.67% std=15.0%
[DTPO] it=119/150 step=1189881 J_new=0.0101 kept mode=full leaves=16 survival=15.82% best=55.67% std=15.0%
[DTPO] it=120/150 step=1199880 J_new=0.0130 kept mode=full leaves=16 survival=15.82% best=55.67% std=15.0%
[DTPO] it=121/150 step=1209879 J_new=0.0069 kept mode=full leaves=16 survival=15.82% best=55.67% std=15.0%
[DTPO] it=122/150 step=1219878 J_new=0.0143 kept mode=full leaves=16 survival=15.82% best=55.67% std=15.0%
[DTPO] it=123/150 step=1229877 J_new=0.0129 kept mode=full leaves=16 survival=2.26% best=55.67% std=7.0%
[DTPO] it=124/150 step=1239876 J_new=0.0137 kept mode=full leaves=16 survival=12.94% best=55.67% std=15.6%
[DTPO] it=125/150 step=1249875 J_new=0.0105 kept mode=full leaves=16 survival=15.07% best=55.67% std=14.9%
[DTPO] it=126/150 step=1259874 J_new=0.0114 kept mode=full leaves=16 survival=15.45% best=55.67% std=15.2%
[DTPO] it=127/150 step=1269873 J_new=0.0080 kept mode=full leaves=16 survival=15.76% best=55.67% std=15.0%
[DTPO] it=128/150 step=1279872 J_new=0.0109 kept mode=full leaves=16 survival=14.51% best=55.67% std=12.4%
[DTPO] stored 5 candidate trees for final selection (cheap survivals: ['55.7%', '55.7%', '55.7%', '55.7%', '55.7%']). Run dtpo_select.py --ckpt <ckpt> --episodes 100 to pick the honest best.
