[F2] training env filtered to 10/20 chronics (every 2th id held out for evaluation)
Initializing the distributed action 'mapper'... (takes a while with big action spaces)
[F2] training env filtered to 10/20 chronics (every 2th id held out for evaluation)
[F2] training env filtered to 10/20 chronics (every 2th id held out for evaluation)
[F2] training env filtered to 10/20 chronics (every 2th id held out for evaluation)
[F2] training env filtered to 10/20 chronics (every 2th id held out for evaluation)
[VIPER] oracle=ppo (from /rds/general/user/ssl125/home/RL2Grid_v2/checkpoint/final_PPO_bus5_T_0_0__I__1776174124_47043_45000000.tar)
[VIPER TREE] depth=8 leaves=32 nodes=63 ccp_alpha=0.00000000 fit_samples=5001 dataset=5001
Eval at step 5001, survival=3.687%, return=[-2.094713494492074, 29.346470952033997, -28.337563448003493, -7.19047619047619]
[VIPER] iter=1/15 dataset=5001 fit_samples=5001 weighted_acc=0.971659 survival=3.687% best_survival=3.687%
[VIPER TREE] depth=8 leaves=32 nodes=63 ccp_alpha=0.00000000 fit_samples=10002 dataset=10002
Eval at step 10002, survival=21.065%, return=[-5.294564005297919, 185.4638769365847, -284.3509120354429, -101.73015873015898]
[VIPER] iter=2/15 dataset=10002 fit_samples=10002 weighted_acc=0.945652 survival=21.065% best_survival=21.065%
[VIPER TREE] depth=8 leaves=32 nodes=63 ccp_alpha=0.00000000 fit_samples=15003 dataset=15003
Eval at step 15003, survival=7.060%, return=[-2.05467060173396, 83.67797799905141, -9.126693100673341, -7.285714285714281]
[VIPER] iter=3/15 dataset=15003 fit_samples=15003 weighted_acc=0.936746 survival=7.060% best_survival=21.065%
[VIPER TREE] depth=12 leaves=32 nodes=63 ccp_alpha=0.00000000 fit_samples=20004 dataset=20004
Eval at step 20004, survival=0.083%, return=[-1.0091385102520387, -0.7148313323656718, -5.0, -1.0634920634920635]
[VIPER] iter=4/15 dataset=20004 fit_samples=20004 weighted_acc=0.892525 survival=0.083% best_survival=21.065%
[VIPER TREE] depth=9 leaves=32 nodes=63 ccp_alpha=0.00000000 fit_samples=25005 dataset=25005
Eval at step 25005, survival=8.763%, return=[-2.719510529345522, 93.61088856061299, -7.698723154012441, -8.047619047619026]
[VIPER] iter=5/15 dataset=25005 fit_samples=25005 weighted_acc=0.914757 survival=8.763% best_survival=21.065%
[VIPER TREE] depth=8 leaves=32 nodes=63 ccp_alpha=0.00000000 fit_samples=30006 dataset=30006
Eval at step 30006, survival=2.381%, return=[-1.4176193505797225, 15.912137156973282, -74.59507908744854, -9.666666666666659]
[VIPER] iter=6/15 dataset=30006 fit_samples=30006 weighted_acc=0.898020 survival=2.381% best_survival=21.065%
[VIPER TREE] depth=10 leaves=32 nodes=63 ccp_alpha=0.00000000 fit_samples=35007 dataset=35007
Eval at step 35007, survival=3.803%, return=[-1.7697844815944943, 37.57700369631251, -26.601041965768673, -13.49206349206348]
[VIPER] iter=7/15 dataset=35007 fit_samples=35007 weighted_acc=0.900489 survival=3.803% best_survival=21.065%
[VIPER TREE] depth=9 leaves=32 nodes=63 ccp_alpha=0.00000000 fit_samples=40008 dataset=40008
Eval at step 40008, survival=16.138%, return=[-2.0745527287266063, 211.58338722586632, -244.19561217344986, -75.8571428571434]
[VIPER] iter=8/15 dataset=40008 fit_samples=40008 weighted_acc=0.879928 survival=16.138% best_survival=21.065%
[VIPER TREE] depth=12 leaves=32 nodes=63 ccp_alpha=0.00000000 fit_samples=45009 dataset=45009
Eval at step 45009, survival=8.697%, return=[-2.384983669811239, 97.6890802482764, -8.356077485489854, -3.4761904761904745]
[VIPER] iter=9/15 dataset=45009 fit_samples=45009 weighted_acc=0.873343 survival=8.697% best_survival=21.065%
[VIPER TREE] depth=11 leaves=32 nodes=63 ccp_alpha=0.00000000 fit_samples=50000 dataset=50010
Eval at step 50010, survival=66.799%, return=[-6.095449055399513, 832.2791745662689, -1281.6979514210834, -393.90476190476573]
[VIPER] iter=10/15 dataset=50010 fit_samples=50000 weighted_acc=0.862943 survival=66.799% best_survival=66.799%
[VIPER TREE] depth=9 leaves=32 nodes=63 ccp_alpha=0.00000000 fit_samples=50000 dataset=55011
Eval at step 55011, survival=36.409%, return=[-3.2245983622657755, 455.34724748134613, -806.7679272301029, -249.5238095238207]
[VIPER] iter=11/15 dataset=55011 fit_samples=50000 weighted_acc=0.865392 survival=36.409% best_survival=66.799%
[VIPER TREE] depth=11 leaves=32 nodes=63 ccp_alpha=0.00000000 fit_samples=50000 dataset=60012
Eval at step 60012, survival=10.731%, return=[-3.6463053942037127, 100.48355601231258, -11.472410464969775, -9.031746031746017]
[VIPER] iter=12/15 dataset=60012 fit_samples=50000 weighted_acc=0.877493 survival=10.731% best_survival=66.799%
[VIPER TREE] depth=10 leaves=32 nodes=63 ccp_alpha=0.00000000 fit_samples=50000 dataset=65013
Eval at step 65013, survival=27.480%, return=[-5.237256672310953, 331.2248815000057, -8.859169677652972, -47.79365079365076]
[VIPER] iter=13/15 dataset=65013 fit_samples=50000 weighted_acc=0.880221 survival=27.480% best_survival=66.799%
[VIPER TREE] depth=10 leaves=32 nodes=63 ccp_alpha=0.00000000 fit_samples=50000 dataset=70014
Eval at step 70014, survival=19.560%, return=[-6.155999798017244, 208.54728044569492, -269.98212782256206, -47.095238095238265]
[VIPER] iter=14/15 dataset=70014 fit_samples=50000 weighted_acc=0.882214 survival=19.560% best_survival=66.799%
[VIPER TREE] depth=10 leaves=32 nodes=63 ccp_alpha=0.00000000 fit_samples=50000 dataset=75015
Eval at step 75015, survival=71.329%, return=[-16.122252815907512, 789.3210600713888, -835.1259202369434, -159.36507936508096]
[VIPER] iter=15/15 dataset=75015 fit_samples=50000 weighted_acc=0.874067 survival=71.329% best_survival=71.329%
