[F2] training env filtered to 10/20 chronics (every 2th id held out for evaluation)
Initializing the distributed action 'mapper'... (takes a while with big action spaces)
[F2] training env filtered to 10/20 chronics (every 2th id held out for evaluation)
[F2] training env filtered to 10/20 chronics (every 2th id held out for evaluation)
[F2] training env filtered to 10/20 chronics (every 2th id held out for evaluation)
[F2] training env filtered to 10/20 chronics (every 2th id held out for evaluation)
[VIPER] oracle=ppo (from /rds/general/user/ssl125/home/RL2Grid_v2/checkpoint/final_PPO_bus5_T_0_0__I__1776174124_47043_45000000.tar)
[VIPER TREE] depth=12 leaves=64 nodes=127 ccp_alpha=0.00000000 fit_samples=5001 dataset=5001
Eval at step 5001, survival=3.290%, return=[-1.8655998172859352, 27.49719625711441, -11.310507356926488, -8.380952380952374]
[VIPER] iter=1/15 dataset=5001 fit_samples=5001 weighted_acc=0.989174 survival=3.290% best_survival=3.290%
[VIPER TREE] depth=12 leaves=64 nodes=127 ccp_alpha=0.00000000 fit_samples=10002 dataset=10002
Eval at step 10002, survival=10.185%, return=[-3.5083257326623425, 88.91861078639825, -85.25943771720146, -19.555555555555518]
[VIPER] iter=2/15 dataset=10002 fit_samples=10002 weighted_acc=0.960792 survival=10.185% best_survival=10.185%
[VIPER TREE] depth=11 leaves=64 nodes=127 ccp_alpha=0.00000000 fit_samples=15003 dataset=15003
Eval at step 15003, survival=20.519%, return=[-4.069179109258887, 227.98674423495927, -11.514285765315435, -45.111111111111306]
[VIPER] iter=3/15 dataset=15003 fit_samples=15003 weighted_acc=0.954652 survival=20.519% best_survival=20.519%
[VIPER TREE] depth=10 leaves=64 nodes=127 ccp_alpha=0.00000000 fit_samples=20004 dataset=20004
Eval at step 20004, survival=0.298%, return=[-1.0670533006389935, 1.3095036149024963, -5.656926889108338, -1.634920634920635]
[VIPER] iter=4/15 dataset=20004 fit_samples=20004 weighted_acc=0.929761 survival=0.298% best_survival=20.519%
[VIPER TREE] depth=10 leaves=64 nodes=127 ccp_alpha=0.00000000 fit_samples=25005 dataset=25005
Eval at step 25005, survival=71.445%, return=[-6.035207439917333, 972.9841945692897, -806.9362500724188, -223.74603174603507]
[VIPER] iter=5/15 dataset=25005 fit_samples=25005 weighted_acc=0.920871 survival=71.445% best_survival=71.445%
[VIPER TREE] depth=10 leaves=64 nodes=127 ccp_alpha=0.00000000 fit_samples=30006 dataset=30006
Eval at step 30006, survival=68.403%, return=[-5.165196328559735, 839.9537770648798, -1720.314101529948, -281.2063492063569]
[VIPER] iter=6/15 dataset=30006 fit_samples=30006 weighted_acc=0.925272 survival=68.403% best_survival=71.445%
[VIPER TREE] depth=11 leaves=64 nodes=127 ccp_alpha=0.00000000 fit_samples=35007 dataset=35007
Eval at step 35007, survival=57.953%, return=[-6.986687762182555, 649.1820832633724, -1305.6864879085576, -205.15873015873362]
[VIPER] iter=7/15 dataset=35007 fit_samples=35007 weighted_acc=0.917617 survival=57.953% best_survival=71.445%
[VIPER TREE] depth=11 leaves=64 nodes=127 ccp_alpha=0.00000000 fit_samples=40008 dataset=40008
Eval at step 40008, survival=100.000%, return=[-9.267295220090697, 1257.2957627475262, -1476.0482704659382, -300.5555555555588]
[VIPER] iter=8/15 dataset=40008 fit_samples=40008 weighted_acc=0.923162 survival=100.000% best_survival=100.000%
[VIPER TREE] depth=12 leaves=64 nodes=127 ccp_alpha=0.00000000 fit_samples=45009 dataset=45009
Eval at step 45009, survival=100.000%, return=[-4.412203921179753, 1303.8835139771302, -2224.4660650710525, -449.6031746031762]
[VIPER] iter=9/15 dataset=45009 fit_samples=45009 weighted_acc=0.925815 survival=100.000% best_survival=100.000%
[VIPER TREE] depth=10 leaves=64 nodes=127 ccp_alpha=0.00000000 fit_samples=50000 dataset=50010
Eval at step 50010, survival=100.000%, return=[-4.443240677540113, 1571.0875478684902, -0.33978390027186833, -422.0317460317549]
[VIPER] iter=10/15 dataset=50010 fit_samples=50000 weighted_acc=0.928496 survival=100.000% best_survival=100.000%
[VIPER TREE] depth=10 leaves=64 nodes=127 ccp_alpha=0.00000000 fit_samples=50000 dataset=55011
Eval at step 55011, survival=100.000%, return=[-4.2585186051825685, 1294.9953453838825, -2407.5380409675804, -460.3333333333381]
[VIPER] iter=11/15 dataset=55011 fit_samples=50000 weighted_acc=0.928882 survival=100.000% best_survival=100.000%
[VIPER TREE] depth=11 leaves=64 nodes=127 ccp_alpha=0.00000000 fit_samples=50000 dataset=60012
Eval at step 60012, survival=80.754%, return=[-6.1184609855311765, 1108.3094543715317, -992.6191387724248, -330.6031746031802]
[VIPER] iter=12/15 dataset=60012 fit_samples=50000 weighted_acc=0.926492 survival=80.754% best_survival=100.000%
[VIPER TREE] depth=12 leaves=64 nodes=127 ccp_alpha=0.00000000 fit_samples=50000 dataset=65013
Eval at step 65013, survival=7.821%, return=[-2.5682148383930326, 110.20369730393092, -31.330396631189313, -19.015873015872984]
[VIPER] iter=13/15 dataset=65013 fit_samples=50000 weighted_acc=0.908304 survival=7.821% best_survival=100.000%
[VIPER TREE] depth=11 leaves=64 nodes=127 ccp_alpha=0.00000000 fit_samples=50000 dataset=70014
Eval at step 70014, survival=53.142%, return=[-6.273551653469137, 652.6382085283598, -1086.7958661324762, -174.80952380952985]
[VIPER] iter=14/15 dataset=70014 fit_samples=50000 weighted_acc=0.910789 survival=53.142% best_survival=100.000%
[VIPER TREE] depth=12 leaves=64 nodes=127 ccp_alpha=0.00000000 fit_samples=50000 dataset=75015
Eval at step 75015, survival=58.681%, return=[-10.408718046635235, 662.207261984547, -357.6848108227932, -83.12698412698505]
[VIPER] iter=15/15 dataset=75015 fit_samples=50000 weighted_acc=0.901807 survival=58.681% best_survival=100.000%
