[F2] training env filtered to 753/1004 chronics (every 4th id held out for evaluation)
Initializing the distributed action 'mapper'... (takes a while with big action spaces)
[F2] training env filtered to 753/1004 chronics (every 4th id held out for evaluation)
[F2] training env filtered to 753/1004 chronics (every 4th id held out for evaluation)
[F2] training env filtered to 753/1004 chronics (every 4th id held out for evaluation)
[F2] training env filtered to 753/1004 chronics (every 4th id held out for evaluation)
[HYBRID] warm-start from /rds/general/user/ssl125/home/RL2Grid_v2/checkpoint/final_PPO_bus14_T_0_0__I__1775940444_3936.tar: {'mode': 'soft', 'n_samples': 20000, 'n_actions': 50, 'n_leaves': 16, 'max_depth': 8, 'fidelity': 0.61175, 'weighted_fidelity': 0.8046772259191631, 'curated': False, 'dagger_rounds': 0}
[DTPO] gate eval on 40 training-side chronics (of 1004); overlap with the held-out pool = 0 (must be 0): ids=[0, 25, 50, 76, 102, 128, 153, 178, 205, 230, 256, 282]...
[DTPO] it=1/150 step=9999 J_new=0.0049 kept mode=full gate=accept cand=27.07% leaves=16 survival=27.07% best=27.07% std=32.2%
[DTPO] it=2/150 step=19998 J_new=0.0086 kept mode=full gate=revert(1) cand=11.53% leaves=16 survival=27.07% best=27.07% std=32.2%
[DTPO] it=3/150 step=29997 J_new=0.0125 kept mode=full gate=revert(2) cand=10.96% leaves=16 survival=27.07% best=27.07% std=32.2%
[DTPO] it=4/150 step=39996 J_new=0.0096 kept mode=full gate=revert(3) cand=12.26% leaves=16 survival=27.07% best=27.07% std=32.2%
[DTPO] it=5/150 step=49995 J_new=0.0103 kept mode=full gate=revert(4) cand=11.73% leaves=16 survival=27.07% best=27.07% std=32.2%
[DTPO] it=6/150 step=59994 J_new=0.0119 kept mode=full gate=revert(5) cand=10.43% leaves=16 survival=27.07% best=27.07% std=32.2%
[DTPO] it=7/150 step=69993 J_new=0.0153 kept mode=full gate=revert(6) cand=12.36% leaves=16 survival=27.07% best=27.07% std=32.2%
[DTPO] it=8/150 step=79992 J_new=0.0073 kept mode=full gate=revert(7) cand=9.19% leaves=16 survival=27.07% best=27.07% std=32.2%
[DTPO] it=9/150 step=89991 J_new=0.0115 kept mode=full gate=revert(8) cand=11.67% leaves=16 survival=27.07% best=27.07% std=32.2%
[DTPO] it=10/150 step=99990 J_new=0.0090 kept mode=full gate=revert(9) cand=10.92% leaves=16 survival=27.07% best=27.07% std=32.2%
[DTPO] it=11/150 step=109989 J_new=0.0087 kept mode=full gate=revert(10) cand=9.64% leaves=16 survival=27.07% best=27.07% std=32.2%
[DTPO] it=12/150 step=119988 J_new=0.0125 kept mode=full gate=revert(11) cand=11.82% leaves=16 survival=27.07% best=27.07% std=32.2%
[DTPO] it=13/150 step=129987 J_new=0.0112 kept mode=full gate=revert(12) cand=11.41% leaves=16 survival=27.07% best=27.07% std=32.2%
[DTPO] it=14/150 step=139986 J_new=0.0107 kept mode=full gate=revert(13) cand=10.64% leaves=16 survival=27.07% best=27.07% std=32.2%
[DTPO] it=15/150 step=149985 J_new=0.0096 kept mode=full gate=revert(14) cand=9.36% leaves=16 survival=27.07% best=27.07% std=32.2%
[DTPO] it=16/150 step=159984 J_new=0.0092 kept mode=full gate=revert(15) cand=10.74% leaves=16 survival=27.07% best=27.07% std=32.2%
[DTPO] it=17/150 step=169983 J_new=0.0102 kept mode=full gate=revert(16) cand=12.18% leaves=16 survival=27.07% best=27.07% std=32.2%
[DTPO] it=18/150 step=179982 J_new=0.0113 kept mode=full gate=revert(17) cand=10.59% leaves=16 survival=27.07% best=27.07% std=32.2%
[DTPO] it=19/150 step=189981 J_new=0.0100 kept mode=full gate=revert(18) cand=10.91% leaves=16 survival=27.07% best=27.07% std=32.2%
[DTPO] it=20/150 step=199980 J_new=0.0095 kept mode=full gate=revert(19) cand=12.15% leaves=16 survival=27.07% best=27.07% std=32.2%
[DTPO] it=21/150 step=209979 J_new=0.0086 kept mode=full gate=revert(20) cand=10.65% leaves=16 survival=27.07% best=27.07% std=32.2%
[DTPO] it=22/150 step=219978 J_new=0.0108 kept mode=full gate=revert(21) cand=12.08% leaves=16 survival=27.07% best=27.07% std=32.2%
[DTPO] it=23/150 step=229977 J_new=0.0168 kept mode=full gate=revert(22) cand=10.24% leaves=16 survival=27.07% best=27.07% std=32.2%
[DTPO] it=24/150 step=239976 J_new=0.0098 kept mode=full gate=revert(23) cand=9.09% leaves=16 survival=27.07% best=27.07% std=32.2%
[DTPO] it=25/150 step=249975 J_new=0.0100 kept mode=full gate=revert(24) cand=10.22% leaves=16 survival=27.07% best=27.07% std=32.2%
[DTPO] it=26/150 step=259974 J_new=0.0089 kept mode=full gate=revert(25) cand=11.96% leaves=16 survival=27.07% best=27.07% std=32.2%
[DTPO] it=27/150 step=269973 J_new=0.0107 kept mode=full gate=revert(26) cand=10.87% leaves=16 survival=27.07% best=27.07% std=32.2%
[DTPO] it=28/150 step=279972 J_new=0.0110 kept mode=full gate=revert(27) cand=10.41% leaves=16 survival=27.07% best=27.07% std=32.2%
[DTPO] it=29/150 step=289971 J_new=0.0093 kept mode=full gate=revert(28) cand=11.12% leaves=16 survival=27.07% best=27.07% std=32.2%
[DTPO] it=30/150 step=299970 J_new=0.0101 kept mode=full gate=revert(29) cand=10.17% leaves=16 survival=27.07% best=27.07% std=32.2%
[DTPO] it=31/150 step=309969 J_new=0.0090 kept mode=full gate=revert(30) cand=9.68% leaves=16 survival=27.07% best=27.07% std=32.2%
[DTPO] it=32/150 step=319968 J_new=0.0094 kept mode=full gate=revert(31) cand=11.44% leaves=16 survival=27.07% best=27.07% std=32.2%
[DTPO] it=33/150 step=329967 J_new=0.0066 kept mode=full gate=revert(32) cand=11.37% leaves=16 survival=27.07% best=27.07% std=32.2%
[DTPO] it=34/150 step=339966 J_new=0.0107 kept mode=full gate=revert(33) cand=10.36% leaves=16 survival=27.07% best=27.07% std=32.2%
[DTPO] it=35/150 step=349965 J_new=0.0123 kept mode=full gate=revert(34) cand=10.57% leaves=16 survival=27.07% best=27.07% std=32.2%
[DTPO] it=36/150 step=359964 J_new=0.0103 kept mode=full gate=revert(35) cand=11.37% leaves=16 survival=27.07% best=27.07% std=32.2%
[DTPO] it=37/150 step=369963 J_new=0.0108 kept mode=full gate=revert(36) cand=8.83% leaves=16 survival=27.07% best=27.07% std=32.2%
[DTPO] it=38/150 step=379962 J_new=0.0178 kept mode=full gate=revert(37) cand=11.39% leaves=16 survival=27.07% best=27.07% std=32.2%
[DTPO] it=39/150 step=389961 J_new=0.0138 kept mode=full gate=revert(38) cand=7.90% leaves=16 survival=27.07% best=27.07% std=32.2%
[DTPO] it=40/150 step=399960 J_new=0.0088 kept mode=full gate=revert(39) cand=9.28% leaves=16 survival=27.07% best=27.07% std=32.2%
[DTPO] it=41/150 step=409959 J_new=0.0096 kept mode=full gate=revert(40) cand=11.21% leaves=16 survival=27.07% best=27.07% std=32.2%
[DTPO] it=42/150 step=419958 J_new=0.0093 kept mode=full gate=revert(41) cand=11.06% leaves=16 survival=27.07% best=27.07% std=32.2%
[DTPO] it=43/150 step=429957 J_new=0.0105 kept mode=full gate=revert(42) cand=11.20% leaves=16 survival=27.07% best=27.07% std=32.2%
[DTPO] it=44/150 step=439956 J_new=0.0099 kept mode=full gate=revert(43) cand=10.94% leaves=16 survival=27.07% best=27.07% std=32.2%
[DTPO] it=45/150 step=449955 J_new=0.0132 kept mode=full gate=revert(44) cand=12.90% leaves=16 survival=27.07% best=27.07% std=32.2%
[DTPO] it=46/150 step=459954 J_new=0.0072 kept mode=full gate=revert(45) cand=10.36% leaves=16 survival=27.07% best=27.07% std=32.2%
[DTPO] it=47/150 step=469953 J_new=0.0094 kept mode=full gate=revert(46) cand=12.26% leaves=16 survival=27.07% best=27.07% std=32.2%
[DTPO] it=48/150 step=479952 J_new=0.0094 kept mode=full gate=revert(47) cand=10.89% leaves=16 survival=27.07% best=27.07% std=32.2%
[DTPO] it=49/150 step=489951 J_new=0.0074 kept mode=full gate=revert(48) cand=10.58% leaves=16 survival=27.07% best=27.07% std=32.2%
[DTPO] it=50/150 step=499950 J_new=0.0108 kept mode=full gate=revert(49) cand=13.12% leaves=16 survival=27.07% best=27.07% std=32.2%
[DTPO] it=51/150 step=509949 J_new=0.0096 kept mode=full gate=revert(50) cand=8.03% leaves=16 survival=27.07% best=27.07% std=32.2%
[DTPO] it=52/150 step=519948 J_new=0.0080 kept mode=full gate=revert(51) cand=10.24% leaves=16 survival=27.07% best=27.07% std=32.2%
[DTPO] it=53/150 step=529947 J_new=0.0096 kept mode=full gate=revert(52) cand=11.35% leaves=16 survival=27.07% best=27.07% std=32.2%
[DTPO] it=54/150 step=539946 J_new=0.0130 kept mode=full gate=revert(53) cand=10.86% leaves=16 survival=27.07% best=27.07% std=32.2%
[DTPO] it=55/150 step=549945 J_new=0.0110 kept mode=full gate=revert(54) cand=10.21% leaves=16 survival=27.07% best=27.07% std=32.2%
[DTPO] it=56/150 step=559944 J_new=0.0369 kept mode=full gate=revert(55) cand=4.83% leaves=16 survival=27.07% best=27.07% std=32.2%
[DTPO] it=57/150 step=569943 J_new=0.0087 kept mode=full gate=revert(56) cand=10.38% leaves=16 survival=27.07% best=27.07% std=32.2%
[DTPO] it=58/150 step=579942 J_new=0.0115 kept mode=full gate=revert(57) cand=10.94% leaves=16 survival=27.07% best=27.07% std=32.2%
[DTPO] it=59/150 step=589941 J_new=0.0160 kept mode=full gate=revert(58) cand=13.22% leaves=16 survival=27.07% best=27.07% std=32.2%
[DTPO] it=60/150 step=599940 J_new=0.0091 kept mode=full gate=revert(59) cand=12.79% leaves=16 survival=27.07% best=27.07% std=32.2%
[DTPO] it=61/150 step=609939 J_new=0.0217 kept mode=full gate=revert(60) cand=11.31% leaves=16 survival=27.07% best=27.07% std=32.2%
[DTPO] it=62/150 step=619938 J_new=0.0101 kept mode=full gate=revert(61) cand=11.20% leaves=16 survival=27.07% best=27.07% std=32.2%
[DTPO] it=63/150 step=629937 J_new=0.0090 kept mode=full gate=revert(62) cand=11.55% leaves=16 survival=27.07% best=27.07% std=32.2%
[DTPO] it=64/150 step=639936 J_new=0.0072 kept mode=full gate=revert(63) cand=9.49% leaves=16 survival=27.07% best=27.07% std=32.2%
[DTPO] it=65/150 step=649935 J_new=0.0098 kept mode=full gate=revert(64) cand=11.30% leaves=16 survival=27.07% best=27.07% std=32.2%
[DTPO] it=66/150 step=659934 J_new=0.0112 kept mode=full gate=revert(65) cand=11.61% leaves=16 survival=27.07% best=27.07% std=32.2%
[DTPO] it=67/150 step=669933 J_new=0.0089 kept mode=full gate=revert(66) cand=11.38% leaves=16 survival=27.07% best=27.07% std=32.2%
[DTPO] it=68/150 step=679932 J_new=0.0078 kept mode=full gate=revert(67) cand=12.22% leaves=16 survival=27.07% best=27.07% std=32.2%
[DTPO] it=69/150 step=689931 J_new=0.0078 kept mode=full gate=revert(68) cand=9.82% leaves=16 survival=27.07% best=27.07% std=32.2%
[DTPO] it=70/150 step=699930 J_new=0.0117 kept mode=full gate=revert(69) cand=10.00% leaves=16 survival=27.07% best=27.07% std=32.2%
[DTPO] it=71/150 step=709929 J_new=0.0071 kept mode=full gate=revert(70) cand=10.57% leaves=16 survival=27.07% best=27.07% std=32.2%
[DTPO] it=72/150 step=719928 J_new=0.0090 kept mode=full gate=revert(71) cand=10.38% leaves=16 survival=27.07% best=27.07% std=32.2%
[DTPO] it=73/150 step=729927 J_new=0.0103 kept mode=full gate=revert(72) cand=10.10% leaves=16 survival=27.07% best=27.07% std=32.2%
[DTPO] it=74/150 step=739926 J_new=0.0136 kept mode=full gate=revert(73) cand=11.31% leaves=16 survival=27.07% best=27.07% std=32.2%
[DTPO] it=75/150 step=749925 J_new=0.0054 kept mode=full gate=revert(74) cand=10.86% leaves=16 survival=27.07% best=27.07% std=32.2%
[DTPO] it=76/150 step=759924 J_new=0.0124 kept mode=full gate=revert(75) cand=9.73% leaves=16 survival=27.07% best=27.07% std=32.2%
[DTPO] it=77/150 step=769923 J_new=0.0064 kept mode=full gate=revert(76) cand=10.78% leaves=16 survival=27.07% best=27.07% std=32.2%
[DTPO] it=78/150 step=779922 J_new=0.0098 kept mode=full gate=revert(77) cand=9.44% leaves=16 survival=27.07% best=27.07% std=32.2%
[DTPO] it=79/150 step=789921 J_new=0.0094 kept mode=full gate=revert(78) cand=10.49% leaves=16 survival=27.07% best=27.07% std=32.2%
[DTPO] it=80/150 step=799920 J_new=0.0092 kept mode=full gate=revert(79) cand=11.01% leaves=16 survival=27.07% best=27.07% std=32.2%
[DTPO] it=81/150 step=809919 J_new=0.0091 kept mode=full gate=revert(80) cand=10.24% leaves=16 survival=27.07% best=27.07% std=32.2%
[DTPO] it=82/150 step=819918 J_new=0.0090 kept mode=full gate=revert(81) cand=11.78% leaves=16 survival=27.07% best=27.07% std=32.2%
[DTPO] it=83/150 step=829917 J_new=0.0124 kept mode=full gate=revert(82) cand=11.51% leaves=16 survival=27.07% best=27.07% std=32.2%
[DTPO] it=84/150 step=839916 J_new=0.0114 kept mode=full gate=revert(83) cand=11.30% leaves=16 survival=27.07% best=27.07% std=32.2%
[DTPO] it=85/150 step=849915 J_new=0.0074 kept mode=full gate=revert(84) cand=8.99% leaves=16 survival=27.07% best=27.07% std=32.2%
[DTPO] it=86/150 step=859914 J_new=0.0117 kept mode=full gate=revert(85) cand=6.73% leaves=16 survival=27.07% best=27.07% std=32.2%
[DTPO] it=87/150 step=869913 J_new=0.0099 kept mode=full gate=revert(86) cand=10.17% leaves=16 survival=27.07% best=27.07% std=32.2%
[DTPO] it=88/150 step=879912 J_new=0.0083 kept mode=full gate=revert(87) cand=11.10% leaves=16 survival=27.07% best=27.07% std=32.2%
[DTPO] it=89/150 step=889911 J_new=0.0101 kept mode=full gate=revert(88) cand=9.94% leaves=16 survival=27.07% best=27.07% std=32.2%
[DTPO] it=90/150 step=899910 J_new=0.0091 kept mode=full gate=revert(89) cand=11.68% leaves=16 survival=27.07% best=27.07% std=32.2%
[DTPO] it=91/150 step=909909 J_new=0.0111 kept mode=full gate=revert(90) cand=9.81% leaves=16 survival=27.07% best=27.07% std=32.2%
[DTPO] it=92/150 step=919908 J_new=0.0101 kept mode=full gate=revert(91) cand=9.31% leaves=16 survival=27.07% best=27.07% std=32.2%
[DTPO] it=93/150 step=929907 J_new=0.0107 kept mode=full gate=revert(92) cand=9.56% leaves=16 survival=27.07% best=27.07% std=32.2%
[DTPO] it=94/150 step=939906 J_new=0.0109 kept mode=full gate=revert(93) cand=14.56% leaves=16 survival=27.07% best=27.07% std=32.2%
[DTPO] it=95/150 step=949905 J_new=0.0102 kept mode=full gate=revert(94) cand=10.20% leaves=16 survival=27.07% best=27.07% std=32.2%
[DTPO] it=96/150 step=959904 J_new=0.0083 kept mode=full gate=revert(95) cand=12.08% leaves=16 survival=27.07% best=27.07% std=32.2%
[DTPO] it=97/150 step=969903 J_new=0.0108 kept mode=full gate=revert(96) cand=10.47% leaves=16 survival=27.07% best=27.07% std=32.2%
[DTPO] it=98/150 step=979902 J_new=0.0077 kept mode=full gate=revert(97) cand=10.05% leaves=16 survival=27.07% best=27.07% std=32.2%
[DTPO] it=99/150 step=989901 J_new=0.0126 kept mode=full gate=revert(98) cand=14.74% leaves=16 survival=27.07% best=27.07% std=32.2%
[DTPO] it=100/150 step=999900 J_new=0.0131 kept mode=full gate=revert(99) cand=11.62% leaves=16 survival=27.07% best=27.07% std=32.2%
[DTPO] it=101/150 step=1009899 J_new=0.0084 kept mode=full gate=revert(100) cand=12.09% leaves=16 survival=27.07% best=27.07% std=32.2%
[DTPO] it=102/150 step=1019898 J_new=0.0205 kept mode=full gate=revert(101) cand=10.10% leaves=16 survival=27.07% best=27.07% std=32.2%
[DTPO] it=103/150 step=1029897 J_new=0.0174 kept mode=full gate=revert(102) cand=12.23% leaves=16 survival=27.07% best=27.07% std=32.2%
[DTPO] it=104/150 step=1039896 J_new=0.0104 kept mode=full gate=revert(103) cand=11.98% leaves=16 survival=27.07% best=27.07% std=32.2%
[DTPO] it=105/150 step=1049895 J_new=0.0079 kept mode=full gate=revert(104) cand=11.46% leaves=16 survival=27.07% best=27.07% std=32.2%
[DTPO] it=106/150 step=1059894 J_new=0.0102 kept mode=full gate=revert(105) cand=10.62% leaves=16 survival=27.07% best=27.07% std=32.2%
[DTPO] it=107/150 step=1069893 J_new=0.0087 kept mode=full gate=revert(106) cand=11.01% leaves=16 survival=27.07% best=27.07% std=32.2%
[DTPO] it=108/150 step=1079892 J_new=0.0109 kept mode=full gate=revert(107) cand=10.83% leaves=16 survival=27.07% best=27.07% std=32.2%
[DTPO] it=109/150 step=1089891 J_new=0.0108 kept mode=full gate=revert(108) cand=11.45% leaves=16 survival=27.07% best=27.07% std=32.2%
[DTPO] it=110/150 step=1099890 J_new=0.0067 kept mode=full gate=revert(109) cand=9.63% leaves=16 survival=27.07% best=27.07% std=32.2%
[DTPO] it=111/150 step=1109889 J_new=0.0082 kept mode=full gate=revert(110) cand=9.63% leaves=16 survival=27.07% best=27.07% std=32.2%
[DTPO] it=112/150 step=1119888 J_new=0.0082 kept mode=full gate=revert(111) cand=9.92% leaves=16 survival=27.07% best=27.07% std=32.2%
[DTPO] it=113/150 step=1129887 J_new=0.0088 kept mode=full gate=revert(112) cand=11.40% leaves=16 survival=27.07% best=27.07% std=32.2%
[DTPO] it=114/150 step=1139886 J_new=0.0142 kept mode=full gate=revert(113) cand=17.71% leaves=16 survival=27.07% best=27.07% std=32.2%
[DTPO] it=115/150 step=1149885 J_new=0.0082 kept mode=full gate=revert(114) cand=9.78% leaves=16 survival=27.07% best=27.07% std=32.2%
[DTPO] it=116/150 step=1159884 J_new=0.0081 kept mode=full gate=revert(115) cand=9.39% leaves=16 survival=27.07% best=27.07% std=32.2%
[DTPO] it=117/150 step=1169883 J_new=0.0078 kept mode=full gate=revert(116) cand=10.48% leaves=16 survival=27.07% best=27.07% std=32.2%
[DTPO] it=118/150 step=1179882 J_new=0.0106 kept mode=full gate=revert(117) cand=9.74% leaves=16 survival=27.07% best=27.07% std=32.2%
[DTPO] it=119/150 step=1189881 J_new=0.0135 kept mode=full gate=revert(118) cand=9.22% leaves=16 survival=27.07% best=27.07% std=32.2%
[DTPO] it=120/150 step=1199880 J_new=0.0147 kept mode=full gate=revert(119) cand=10.81% leaves=16 survival=27.07% best=27.07% std=32.2%
[DTPO] it=121/150 step=1209879 J_new=0.0114 kept mode=full gate=revert(120) cand=10.34% leaves=16 survival=27.07% best=27.07% std=32.2%
[DTPO] it=122/150 step=1219878 J_new=0.0083 kept mode=full gate=revert(121) cand=11.90% leaves=16 survival=27.07% best=27.07% std=32.2%
[DTPO] it=123/150 step=1229877 J_new=0.0088 kept mode=full gate=revert(122) cand=10.07% leaves=16 survival=27.07% best=27.07% std=32.2%
[DTPO] it=124/150 step=1239876 J_new=0.0110 kept mode=full gate=revert(123) cand=9.46% leaves=16 survival=27.07% best=27.07% std=32.2%
[DTPO] it=125/150 step=1249875 J_new=0.0175 kept mode=full gate=revert(124) cand=15.10% leaves=16 survival=27.07% best=27.07% std=32.2%
[DTPO] it=126/150 step=1259874 J_new=0.0082 kept mode=full gate=revert(125) cand=11.35% leaves=16 survival=27.07% best=27.07% std=32.2%
[DTPO] it=127/150 step=1269873 J_new=0.0076 kept mode=full gate=revert(126) cand=8.40% leaves=16 survival=27.07% best=27.07% std=32.2%
[DTPO] it=128/150 step=1279872 J_new=0.0105 kept mode=full gate=revert(127) cand=11.40% leaves=16 survival=27.07% best=27.07% std=32.2%
[DTPO] it=129/150 step=1289871 J_new=0.0091 kept mode=full gate=revert(128) cand=12.84% leaves=16 survival=27.07% best=27.07% std=32.2%
[DTPO] it=130/150 step=1299870 J_new=0.0075 kept mode=full gate=revert(129) cand=10.20% leaves=16 survival=27.07% best=27.07% std=32.2%
[DTPO] it=131/150 step=1309869 J_new=0.0063 kept mode=full gate=revert(130) cand=11.44% leaves=16 survival=27.07% best=27.07% std=32.2%
[DTPO] it=132/150 step=1319868 J_new=0.0085 kept mode=full gate=revert(131) cand=10.55% leaves=16 survival=27.07% best=27.07% std=32.2%
[DTPO] it=133/150 step=1329867 J_new=0.0149 kept mode=full gate=revert(132) cand=21.86% leaves=16 survival=27.07% best=27.07% std=32.2%
[DTPO] it=134/150 step=1339866 J_new=0.0212 kept mode=full gate=revert(133) cand=10.89% leaves=16 survival=27.07% best=27.07% std=32.2%
[DTPO] it=135/150 step=1349865 J_new=0.0088 kept mode=full gate=revert(134) cand=9.41% leaves=16 survival=27.07% best=27.07% std=32.2%
[DTPO] it=136/150 step=1359864 J_new=0.0088 kept mode=full gate=revert(135) cand=10.92% leaves=16 survival=27.07% best=27.07% std=32.2%
[DTPO] it=137/150 step=1369863 J_new=0.0098 kept mode=full gate=revert(136) cand=11.12% leaves=16 survival=27.07% best=27.07% std=32.2%
[DTPO] it=138/150 step=1379862 J_new=0.0105 kept mode=full gate=revert(137) cand=10.54% leaves=16 survival=27.07% best=27.07% std=32.2%
[DTPO] it=139/150 step=1389861 J_new=0.0083 kept mode=full gate=revert(138) cand=10.08% leaves=16 survival=27.07% best=27.07% std=32.2%
[DTPO] it=140/150 step=1399860 J_new=0.0088 kept mode=full gate=revert(139) cand=8.86% leaves=16 survival=27.07% best=27.07% std=32.2%
[DTPO] it=141/150 step=1409859 J_new=0.0129 kept mode=full gate=revert(140) cand=11.68% leaves=16 survival=27.07% best=27.07% std=32.2%
[DTPO] it=142/150 step=1419858 J_new=0.0098 kept mode=full gate=revert(141) cand=10.11% leaves=16 survival=27.07% best=27.07% std=32.2%
[DTPO] it=143/150 step=1429857 J_new=0.0084 kept mode=full gate=revert(142) cand=12.36% leaves=16 survival=27.07% best=27.07% std=32.2%
[DTPO] it=144/150 step=1439856 J_new=0.0107 kept mode=full gate=revert(143) cand=12.07% leaves=16 survival=27.07% best=27.07% std=32.2%
[DTPO] it=145/150 step=1449855 J_new=0.0104 kept mode=full gate=revert(144) cand=11.21% leaves=16 survival=27.07% best=27.07% std=32.2%
[DTPO] it=146/150 step=1459854 J_new=0.0099 kept mode=full gate=revert(145) cand=10.96% leaves=16 survival=27.07% best=27.07% std=32.2%
[DTPO] it=147/150 step=1469853 J_new=0.0114 kept mode=full gate=revert(146) cand=12.03% leaves=16 survival=27.07% best=27.07% std=32.2%
[DTPO] it=148/150 step=1479852 J_new=0.0130 kept mode=full gate=revert(147) cand=10.34% leaves=16 survival=27.07% best=27.07% std=32.2%
[DTPO] it=149/150 step=1489851 J_new=0.0101 kept mode=full gate=revert(148) cand=12.69% leaves=16 survival=27.07% best=27.07% std=32.2%
[DTPO] it=150/150 step=1499850 J_new=0.0087 kept mode=full gate=revert(149) cand=10.85% leaves=16 survival=27.07% best=27.07% std=32.2%
[DTPO] stored 5 candidate trees for final selection (cheap survivals: ['27.1%', '21.9%', '17.7%', '15.1%', '14.7%']). Run dtpo_select.py --ckpt <ckpt> --episodes 100 to pick the honest best.
