[F2] training env filtered to 753/1004 chronics (every 4th id held out for evaluation)
Initializing the distributed action 'mapper'... (takes a while with big action spaces)
[F2] training env filtered to 753/1004 chronics (every 4th id held out for evaluation)
[F2] training env filtered to 753/1004 chronics (every 4th id held out for evaluation)[F2] training env filtered to 753/1004 chronics (every 4th id held out for evaluation)[F2] training env filtered to 753/1004 chronics (every 4th id held out for evaluation)


[VIPER] oracle=ppo (from /rds/general/user/ssl125/home/RL2Grid_v2/checkpoint/final_PPO_bus14_T_0_0__I__1775940444_3936.tar)
[VIPER TREE] depth=8 leaves=16 nodes=31 ccp_alpha=0.00000000 fit_samples=5001 dataset=5001
Eval at step 5001, survival=15.046%, return=[-3.4286011409324906, 731.9509944852181, -90.80177973972361, -82.57309941520627]
[VIPER] iter=1/15 dataset=5001 fit_samples=5001 weighted_acc=0.821556 survival=15.046% best_survival=15.046%
[VIPER TREE] depth=9 leaves=16 nodes=31 ccp_alpha=0.00000000 fit_samples=10002 dataset=10002
Eval at step 10002, survival=68.787%, return=[-12.34314668807201, 3300.8243834654495, -1.8574690044139668, -442.30409356721566]
[VIPER] iter=2/15 dataset=10002 fit_samples=10002 weighted_acc=0.817438 survival=68.787% best_survival=68.787%
[VIPER TREE] depth=9 leaves=16 nodes=31 ccp_alpha=0.00000000 fit_samples=15003 dataset=15003
Eval at step 15003, survival=75.281%, return=[-8.573157971977102, 3536.154271602634, -3.339096383114035, -252.24561403508451]
[VIPER] iter=3/15 dataset=15003 fit_samples=15003 weighted_acc=0.845033 survival=75.281% best_survival=75.281%
[VIPER TREE] depth=8 leaves=16 nodes=31 ccp_alpha=0.00000000 fit_samples=20004 dataset=20004
Eval at step 20004, survival=49.521%, return=[-7.0686294079059735, 2437.4327623367353, -3.3446102926585204, -244.3216374268861]
[VIPER] iter=4/15 dataset=20004 fit_samples=20004 weighted_acc=0.816525 survival=49.521% best_survival=75.281%
[VIPER TREE] depth=9 leaves=16 nodes=31 ccp_alpha=0.00000000 fit_samples=25005 dataset=25005
Eval at step 25005, survival=19.039%, return=[-2.9856708889710717, 901.8699237028776, -5.01740620242587, -172.07017543859703]
[VIPER] iter=5/15 dataset=25005 fit_samples=25005 weighted_acc=0.771443 survival=19.039% best_survival=75.281%
[VIPER TREE] depth=9 leaves=16 nodes=31 ccp_alpha=0.00000000 fit_samples=30006 dataset=30006
Eval at step 30006, survival=61.834%, return=[-7.906467989746791, 2874.5399087270102, -5.009613989197533, -562.5555555555271]
[VIPER] iter=6/15 dataset=30006 fit_samples=30006 weighted_acc=0.786918 survival=61.834% best_survival=75.281%
[VIPER TREE] depth=9 leaves=16 nodes=31 ccp_alpha=0.00000000 fit_samples=35007 dataset=35007
Eval at step 35007, survival=73.582%, return=[-8.191543534805533, 3382.2662375354835, -58.674879218471084, -212.52046783626272]
[VIPER] iter=7/15 dataset=35007 fit_samples=35007 weighted_acc=0.739796 survival=73.582% best_survival=75.281%
[VIPER TREE] depth=8 leaves=16 nodes=31 ccp_alpha=0.00000000 fit_samples=40008 dataset=40008
Eval at step 40008, survival=41.171%, return=[-5.291300710096645, 1941.122015937165, -3.343460341100581, -400.8187134503194]
[VIPER] iter=8/15 dataset=40008 fit_samples=40008 weighted_acc=0.743392 survival=41.171% best_survival=75.281%
[VIPER TREE] depth=9 leaves=16 nodes=31 ccp_alpha=0.00000000 fit_samples=45009 dataset=45009
Eval at step 45009, survival=53.084%, return=[-6.594090425913843, 2435.6252333354887, -504.38797072945937, -459.5497076022809]
[VIPER] iter=9/15 dataset=45009 fit_samples=45009 weighted_acc=0.748974 survival=53.084% best_survival=75.281%
[VIPER TREE] depth=9 leaves=16 nodes=31 ccp_alpha=0.00000000 fit_samples=50000 dataset=50010
Eval at step 50010, survival=100.000%, return=[-11.709343232563697, 4578.501239941954, -538.2168827725496, -304.57309941519947]
[VIPER] iter=10/15 dataset=50010 fit_samples=50000 weighted_acc=0.738898 survival=100.000% best_survival=100.000%
[VIPER TREE] depth=7 leaves=16 nodes=31 ccp_alpha=0.00000000 fit_samples=50000 dataset=55011
Eval at step 55011, survival=54.282%, return=[-7.021994094635981, 2523.081375042609, -361.69014480175974, -489.81286549705237]
[VIPER] iter=11/15 dataset=55011 fit_samples=50000 weighted_acc=0.752753 survival=54.282% best_survival=100.000%
[VIPER TREE] depth=6 leaves=16 nodes=31 ccp_alpha=0.00000000 fit_samples=50000 dataset=60012
Eval at step 60012, survival=51.083%, return=[-8.20129358607422, 2431.949599758784, -5.014544950875764, -270.85964912278035]
[VIPER] iter=12/15 dataset=60012 fit_samples=50000 weighted_acc=0.713526 survival=51.083% best_survival=100.000%
[VIPER TREE] depth=6 leaves=16 nodes=31 ccp_alpha=0.00000000 fit_samples=50000 dataset=65013
Eval at step 65013, survival=20.780%, return=[-3.257803363240479, 969.1275733311967, -5.012322949740337, -190.91812865497215]
[VIPER] iter=13/15 dataset=65013 fit_samples=50000 weighted_acc=0.738724 survival=20.780% best_survival=100.000%
[VIPER TREE] depth=6 leaves=16 nodes=31 ccp_alpha=0.00000000 fit_samples=50000 dataset=70014
Eval at step 70014, survival=27.935%, return=[-4.730317285633646, 1336.6488718032824, -5.009765226859599, -143.5146198830375]
[VIPER] iter=14/15 dataset=70014 fit_samples=50000 weighted_acc=0.729047 survival=27.935% best_survival=100.000%
[VIPER TREE] depth=5 leaves=16 nodes=31 ccp_alpha=0.00000000 fit_samples=50000 dataset=75015
Eval at step 75015, survival=65.249%, return=[-7.973525155277457, 3065.5079311307286, -15.604137668515856, -601.052631578911]
[VIPER] iter=15/15 dataset=75015 fit_samples=50000 weighted_acc=0.737106 survival=65.249% best_survival=100.000%
