[F2] training env filtered to 10/20 chronics (every 2th id held out for evaluation)
Initializing the distributed action 'mapper'... (takes a while with big action spaces)
[F2] training env filtered to 10/20 chronics (every 2th id held out for evaluation)
[F2] training env filtered to 10/20 chronics (every 2th id held out for evaluation)
[F2] training env filtered to 10/20 chronics (every 2th id held out for evaluation)
[F2] training env filtered to 10/20 chronics (every 2th id held out for evaluation)
[VIPER] oracle=ppo (from /rds/general/user/ssl125/home/RL2Grid_v2/checkpoint/final_PPO_bus5_T_0_0__I__1776174124_47043_45000000.tar)
[VIPER TREE] depth=12 leaves=64 nodes=127 ccp_alpha=0.00000000 fit_samples=5001 dataset=5001
Eval at step 5001, survival=2.050%, return=[-1.2582843228398513, 24.051163405179977, -5.0, -2.26984126984127]
[VIPER] iter=1/15 dataset=5001 fit_samples=5001 weighted_acc=0.985510 survival=2.050% best_survival=2.050%
[VIPER TREE] depth=12 leaves=64 nodes=127 ccp_alpha=0.00000000 fit_samples=10002 dataset=10002
Eval at step 10002, survival=34.772%, return=[-3.041658496726692, 477.3042331933975, -692.3110796672214, -119.841269841275]
[VIPER] iter=2/15 dataset=10002 fit_samples=10002 weighted_acc=0.981988 survival=34.772% best_survival=34.772%
[VIPER TREE] depth=11 leaves=64 nodes=127 ccp_alpha=0.00000000 fit_samples=15003 dataset=15003
Eval at step 15003, survival=100.000%, return=[-2.970536895164211, 1593.8405959208806, 0.0, -407.36507936508445]
[VIPER] iter=3/15 dataset=15003 fit_samples=15003 weighted_acc=0.972361 survival=100.000% best_survival=100.000%
[VIPER TREE] depth=12 leaves=64 nodes=127 ccp_alpha=0.00000000 fit_samples=20004 dataset=20004
Eval at step 20004, survival=77.679%, return=[-3.684566860397657, 1211.9273174107075, -8.929833252138147, -293.92063492063977]
[VIPER] iter=4/15 dataset=20004 fit_samples=20004 weighted_acc=0.962984 survival=77.679% best_survival=100.000%
[VIPER TREE] depth=12 leaves=64 nodes=127 ccp_alpha=0.00000000 fit_samples=25005 dataset=25005
Eval at step 25005, survival=0.099%, return=[-1.0017249230101395, -0.21258004506429037, -5.0, -1.1428571428571428]
[VIPER] iter=5/15 dataset=25005 fit_samples=25005 weighted_acc=0.959075 survival=0.099% best_survival=100.000%
[VIPER TREE] depth=11 leaves=64 nodes=127 ccp_alpha=0.00000000 fit_samples=30006 dataset=30006
Eval at step 30006, survival=64.649%, return=[-3.8130079870364475, 965.5694859425226, -3.3333333333333335, -271.49206349206764]
[VIPER] iter=6/15 dataset=30006 fit_samples=30006 weighted_acc=0.943351 survival=64.649% best_survival=100.000%
[VIPER TREE] depth=12 leaves=64 nodes=127 ccp_alpha=0.00000000 fit_samples=35007 dataset=35007
Eval at step 35007, survival=73.065%, return=[-3.567972168753234, 1125.6325374344985, -6.2009660885572275, -209.7619047619066]
[VIPER] iter=7/15 dataset=35007 fit_samples=35007 weighted_acc=0.946581 survival=73.065% best_survival=100.000%
[VIPER TREE] depth=12 leaves=64 nodes=127 ccp_alpha=0.00000000 fit_samples=40008 dataset=40008
Eval at step 40008, survival=100.000%, return=[-8.967211183422478, 1383.4018649657567, -2.3678481291547846, -288.6666666666735]
[VIPER] iter=8/15 dataset=40008 fit_samples=40008 weighted_acc=0.958410 survival=100.000% best_survival=100.000%
[VIPER TREE] depth=12 leaves=64 nodes=127 ccp_alpha=0.00000000 fit_samples=45009 dataset=45009
Eval at step 45009, survival=100.000%, return=[-15.745364458756134, 983.8447277049223, -2256.402070713375, -280.85714285715017]
[VIPER] iter=9/15 dataset=45009 fit_samples=45009 weighted_acc=0.954268 survival=100.000% best_survival=100.000%
[VIPER TREE] depth=12 leaves=64 nodes=127 ccp_alpha=0.00000000 fit_samples=50000 dataset=50010
Eval at step 50010, survival=100.000%, return=[-13.182581977457934, 1040.7338236818712, -2739.0940894537016, -308.6984126984189]
[VIPER] iter=10/15 dataset=50010 fit_samples=50000 weighted_acc=0.951389 survival=100.000% best_survival=100.000%
[VIPER TREE] depth=12 leaves=64 nodes=127 ccp_alpha=0.00000000 fit_samples=50000 dataset=55011
Eval at step 55011, survival=100.000%, return=[-8.090089113858994, 1217.9944122930367, -1898.5772826831028, -364.26984126984627]
[VIPER] iter=11/15 dataset=55011 fit_samples=50000 weighted_acc=0.943280 survival=100.000% best_survival=100.000%
[VIPER TREE] depth=11 leaves=64 nodes=127 ccp_alpha=0.00000000 fit_samples=50000 dataset=60012
Eval at step 60012, survival=43.585%, return=[-7.4456788278572885, 497.0763585517804, -4.360764456262889, -0.7301587301587302]
[VIPER] iter=12/15 dataset=60012 fit_samples=50000 weighted_acc=0.942893 survival=43.585% best_survival=100.000%
[VIPER TREE] depth=11 leaves=64 nodes=127 ccp_alpha=0.00000000 fit_samples=50000 dataset=65013
Eval at step 65013, survival=36.673%, return=[-4.202319306981129, 407.52332796156406, -695.498023858739, -119.33333333333691]
[VIPER] iter=13/15 dataset=65013 fit_samples=50000 weighted_acc=0.934835 survival=36.673% best_survival=100.000%
[VIPER TREE] depth=11 leaves=64 nodes=127 ccp_alpha=0.00000000 fit_samples=50000 dataset=70014
Eval at step 70014, survival=18.651%, return=[-5.320315090163301, 192.66687855124474, -10.976088322628735, -15.682539682539653]
[VIPER] iter=14/15 dataset=70014 fit_samples=50000 weighted_acc=0.934800 survival=18.651% best_survival=100.000%
[VIPER TREE] depth=11 leaves=64 nodes=127 ccp_alpha=0.00000000 fit_samples=50000 dataset=75015
Eval at step 75015, survival=41.567%, return=[-7.3274909281753935, 515.6174708803495, -13.42462669146092, -156.88888888889122]
[VIPER] iter=15/15 dataset=75015 fit_samples=50000 weighted_acc=0.936756 survival=41.567% best_survival=100.000%
