[F2] training env filtered to 753/1004 chronics (every 4th id held out for evaluation)
Initializing the distributed action 'mapper'... (takes a while with big action spaces)
[F2] training env filtered to 753/1004 chronics (every 4th id held out for evaluation)
[F2] training env filtered to 753/1004 chronics (every 4th id held out for evaluation)
[F2] training env filtered to 753/1004 chronics (every 4th id held out for evaluation)
[F2] training env filtered to 753/1004 chronics (every 4th id held out for evaluation)
[DTPO] gate eval on 40 training-side chronics (of 1004); overlap with the held-out pool = 0 (must be 0): ids=[0, 25, 50, 76, 102, 128, 153, 178, 205, 230, 256, 282]...
[DTPO] it=1/150 step=9999 J_new=0.0974 kept mode=full leaves=16 survival=6.70% best=6.70% std=6.3%
[DTPO] it=2/150 step=19998 J_new=0.1421 kept mode=full leaves=16 survival=2.26% best=6.70% std=1.7%
[DTPO] it=3/150 step=29997 J_new=0.1202 kept mode=full leaves=16 survival=18.49% best=18.49% std=17.4%
[DTPO] it=4/150 step=39996 J_new=0.0417 kept mode=full leaves=16 survival=18.49% best=18.49% std=17.4%
[DTPO] it=5/150 step=49995 J_new=0.1476 kept mode=full leaves=16 survival=17.58% best=18.49% std=17.0%
[DTPO] it=6/150 step=59994 J_new=0.0683 kept mode=full leaves=16 survival=15.23% best=18.49% std=11.4%
[DTPO] it=7/150 step=69993 J_new=0.0792 kept mode=full leaves=16 survival=14.48% best=18.49% std=10.4%
[DTPO] it=8/150 step=79992 J_new=0.1653 kept mode=full leaves=16 survival=12.26% best=18.49% std=15.5%
[DTPO] it=9/150 step=89991 J_new=0.1507 kept mode=full leaves=16 survival=26.23% best=26.23% std=22.8%
[DTPO] it=10/150 step=99990 J_new=0.0610 kept mode=full leaves=16 survival=21.17% best=26.23% std=18.5%
[DTPO] it=11/150 step=109989 J_new=0.0148 kept mode=full leaves=16 survival=3.08% best=26.23% std=5.6%
[DTPO] it=12/150 step=119988 J_new=0.2980 kept mode=full leaves=16 survival=2.50% best=26.23% std=3.2%
[DTPO] it=13/150 step=129987 J_new=0.0521 kept mode=full leaves=16 survival=8.04% best=26.23% std=6.7%
[DTPO] it=14/150 step=139986 J_new=0.8523 kept mode=full leaves=16 survival=17.30% best=26.23% std=17.0%
[DTPO] it=15/150 step=149985 J_new=0.1054 kept mode=full leaves=16 survival=7.08% best=26.23% std=5.9%
[DTPO] it=16/150 step=159984 J_new=0.0423 kept mode=full leaves=16 survival=12.70% best=26.23% std=16.2%
[DTPO] it=17/150 step=169983 J_new=0.2276 kept mode=full leaves=16 survival=15.14% best=26.23% std=11.7%
[DTPO] it=18/150 step=179982 J_new=0.1687 kept mode=full leaves=16 survival=17.30% best=26.23% std=17.0%
[DTPO] it=19/150 step=189981 J_new=0.0920 kept mode=full leaves=16 survival=0.95% best=26.23% std=3.0%
[DTPO] it=20/150 step=199980 J_new=0.4084 kept mode=full leaves=16 survival=2.12% best=26.23% std=3.1%
[DTPO] it=21/150 step=209979 J_new=0.1973 kept mode=full leaves=16 survival=14.89% best=26.23% std=15.7%
[DTPO] it=22/150 step=219978 J_new=0.2079 kept mode=full leaves=16 survival=14.72% best=26.23% std=15.4%
[DTPO] it=23/150 step=229977 J_new=0.2814 kept mode=full leaves=16 survival=18.49% best=26.23% std=17.4%
[DTPO] it=24/150 step=239976 J_new=-0.0028 revert mode=full leaves=16 survival=18.49% best=26.23% std=17.4%
[DTPO] it=25/150 step=249975 J_new=0.0063 kept mode=full leaves=16 survival=18.49% best=26.23% std=17.4%
[DTPO] it=26/150 step=259974 J_new=0.0370 kept mode=full leaves=16 survival=4.13% best=26.23% std=5.1%
[DTPO] it=27/150 step=269973 J_new=0.1291 kept mode=full leaves=16 survival=17.56% best=26.23% std=17.3%
[DTPO] it=28/150 step=279972 J_new=0.0066 kept mode=full leaves=16 survival=17.56% best=26.23% std=17.3%
[DTPO] it=29/150 step=289971 J_new=0.0049 kept mode=full leaves=16 survival=17.56% best=26.23% std=17.3%
[DTPO] it=30/150 step=299970 J_new=0.0150 kept mode=full leaves=16 survival=17.41% best=26.23% std=17.3%
[DTPO] it=31/150 step=309969 J_new=0.0085 kept mode=full leaves=16 survival=7.96% best=26.23% std=5.0%
[DTPO] it=32/150 step=319968 J_new=0.0529 kept mode=full leaves=16 survival=8.38% best=26.23% std=5.2%
[DTPO] it=33/150 step=329967 J_new=0.0781 kept mode=full leaves=16 survival=8.82% best=26.23% std=7.8%
[DTPO] it=34/150 step=339966 J_new=0.0602 kept mode=full leaves=16 survival=15.92% best=26.23% std=17.5%
[DTPO] it=35/150 step=349965 J_new=0.0624 kept mode=full leaves=16 survival=14.99% best=26.23% std=16.8%
[DTPO] it=36/150 step=359964 J_new=0.0089 kept mode=full leaves=16 survival=18.49% best=26.23% std=17.4%
[DTPO] it=37/150 step=369963 J_new=0.0143 kept mode=full leaves=16 survival=7.76% best=26.23% std=5.0%
[DTPO] it=38/150 step=379962 J_new=0.0269 kept mode=full leaves=16 survival=10.83% best=26.23% std=9.7%
[DTPO] it=39/150 step=389961 J_new=0.0290 kept mode=full leaves=16 survival=8.58% best=26.23% std=6.2%
[DTPO] it=40/150 step=399960 J_new=0.0144 kept mode=full leaves=16 survival=17.70% best=26.23% std=17.4%
[DTPO] it=41/150 step=409959 J_new=0.0142 kept mode=full leaves=16 survival=17.70% best=26.23% std=17.4%
[DTPO] it=42/150 step=419958 J_new=0.0062 kept mode=full leaves=16 survival=8.73% best=26.23% std=6.3%
[DTPO] it=43/150 step=429957 J_new=0.0069 kept mode=full leaves=16 survival=8.22% best=26.23% std=5.4%
[DTPO] it=44/150 step=439956 J_new=0.0102 kept mode=full leaves=16 survival=16.70% best=26.23% std=17.2%
[DTPO] it=45/150 step=449955 J_new=0.0053 kept mode=full leaves=16 survival=16.70% best=26.23% std=17.2%
[DTPO] it=46/150 step=459954 J_new=0.0029 kept mode=full leaves=16 survival=17.47% best=26.23% std=17.0%
[DTPO] it=47/150 step=469953 J_new=0.0072 kept mode=full leaves=16 survival=17.64% best=26.23% std=16.9%
[DTPO] it=48/150 step=479952 J_new=0.0077 kept mode=full leaves=16 survival=18.13% best=26.23% std=17.2%
[DTPO] it=49/150 step=489951 J_new=0.0006 kept mode=full leaves=16 survival=17.65% best=26.23% std=16.9%
[DTPO] it=50/150 step=499950 J_new=0.0145 kept mode=full leaves=16 survival=8.20% best=26.23% std=6.3%
[DTPO] it=51/150 step=509949 J_new=-0.0001 revert mode=full leaves=16 survival=8.20% best=26.23% std=6.3%
[DTPO] it=52/150 step=519948 J_new=0.0777 kept mode=full leaves=16 survival=8.44% best=26.23% std=6.1%
[DTPO] it=53/150 step=529947 J_new=0.0543 kept mode=full leaves=16 survival=1.51% best=26.23% std=3.3%
[DTPO] it=54/150 step=539946 J_new=0.0948 kept mode=full leaves=16 survival=3.39% best=26.23% std=5.1%
[DTPO] it=55/150 step=549945 J_new=0.0200 kept mode=full leaves=16 survival=6.63% best=26.23% std=11.6%
[DTPO] it=56/150 step=559944 J_new=0.0874 kept mode=full leaves=16 survival=5.70% best=26.23% std=4.2%
[DTPO] it=57/150 step=569943 J_new=0.0091 kept mode=full leaves=16 survival=6.36% best=26.23% std=6.8%
[DTPO] it=58/150 step=579942 J_new=0.0132 kept mode=full leaves=16 survival=6.99% best=26.23% std=8.9%
[DTPO] it=59/150 step=589941 J_new=0.0195 kept mode=full leaves=16 survival=11.72% best=26.23% std=9.9%
[DTPO] it=60/150 step=599940 J_new=0.0307 kept mode=full leaves=16 survival=11.72% best=26.23% std=9.9%
[DTPO] it=61/150 step=609939 J_new=0.0057 kept mode=full leaves=16 survival=11.72% best=26.23% std=9.9%
[DTPO] it=62/150 step=619938 J_new=0.0245 kept mode=full leaves=16 survival=11.72% best=26.23% std=9.9%
[DTPO] it=63/150 step=629937 J_new=0.0274 kept mode=full leaves=16 survival=11.72% best=26.23% std=9.9%
[DTPO] it=64/150 step=639936 J_new=0.0461 kept mode=full leaves=16 survival=13.62% best=26.23% std=11.9%
[DTPO] it=65/150 step=649935 J_new=0.1067 kept mode=full leaves=16 survival=13.70% best=26.23% std=18.1%
[DTPO] it=66/150 step=659934 J_new=0.1335 kept mode=full leaves=16 survival=3.67% best=26.23% std=3.1%
[DTPO] it=67/150 step=669933 J_new=0.2339 kept mode=full leaves=16 survival=1.90% best=26.23% std=1.7%
[DTPO] it=68/150 step=679932 J_new=0.0929 kept mode=full leaves=16 survival=1.92% best=26.23% std=1.7%
[DTPO] it=69/150 step=689931 J_new=0.0660 kept mode=full leaves=16 survival=2.30% best=26.23% std=3.0%
[DTPO] it=70/150 step=699930 J_new=0.6270 kept mode=full leaves=16 survival=3.46% best=26.23% std=3.8%
[DTPO] it=71/150 step=709929 J_new=0.0932 kept mode=full leaves=16 survival=1.85% best=26.23% std=1.9%
[DTPO] it=72/150 step=719928 J_new=0.8390 kept mode=full leaves=16 survival=0.50% best=26.23% std=0.6%
[DTPO] it=73/150 step=729927 J_new=0.1203 kept mode=full leaves=16 survival=6.61% best=26.23% std=6.3%
[DTPO] it=74/150 step=739926 J_new=0.1112 kept mode=full leaves=16 survival=3.53% best=26.23% std=4.2%
[DTPO] it=75/150 step=749925 J_new=0.0413 kept mode=full leaves=16 survival=1.67% best=26.23% std=3.6%
[DTPO] it=76/150 step=759924 J_new=0.1117 kept mode=full leaves=16 survival=1.63% best=26.23% std=1.8%
[DTPO] it=77/150 step=769923 J_new=0.0649 kept mode=full leaves=16 survival=17.92% best=26.23% std=17.0%
[DTPO] it=78/150 step=779922 J_new=0.4865 kept mode=full leaves=16 survival=2.74% best=26.23% std=2.3%
[DTPO] it=79/150 step=789921 J_new=0.0157 kept mode=full leaves=16 survival=14.35% best=26.23% std=10.1%
[DTPO] it=80/150 step=799920 J_new=0.1399 kept mode=full leaves=16 survival=19.23% best=26.23% std=17.2%
[DTPO] it=81/150 step=809919 J_new=0.1158 kept mode=full leaves=16 survival=2.58% best=26.23% std=2.6%
[DTPO] it=82/150 step=819918 J_new=0.0313 kept mode=full leaves=16 survival=7.37% best=26.23% std=5.8%
[DTPO] it=83/150 step=829917 J_new=0.0995 kept mode=full leaves=16 survival=6.30% best=26.23% std=7.4%
[DTPO] it=84/150 step=839916 J_new=0.1565 kept mode=full leaves=16 survival=12.07% best=26.23% std=10.7%
[DTPO] it=85/150 step=849915 J_new=0.0576 kept mode=full leaves=16 survival=2.88% best=26.23% std=4.1%
[DTPO] it=86/150 step=859914 J_new=1.1662 kept mode=full leaves=16 survival=9.23% best=26.23% std=7.3%
[DTPO] it=87/150 step=869913 J_new=0.0919 kept mode=full leaves=16 survival=1.82% best=26.23% std=2.9%
[DTPO] it=88/150 step=879912 J_new=0.0149 kept mode=full leaves=16 survival=2.03% best=26.23% std=2.2%
[DTPO] it=89/150 step=889911 J_new=0.0731 kept mode=full leaves=16 survival=0.69% best=26.23% std=1.0%
[DTPO] it=90/150 step=899910 J_new=0.0215 kept mode=full leaves=16 survival=0.88% best=26.23% std=1.6%
[DTPO] it=91/150 step=909909 J_new=0.0348 kept mode=full leaves=16 survival=12.78% best=26.23% std=10.7%
[DTPO] it=92/150 step=919908 J_new=0.0228 kept mode=full leaves=16 survival=0.98% best=26.23% std=1.2%
[DTPO] it=93/150 step=929907 J_new=0.0395 kept mode=full leaves=16 survival=2.79% best=26.23% std=3.1%
[DTPO] it=94/150 step=939906 J_new=0.0658 kept mode=full leaves=16 survival=4.25% best=26.23% std=3.6%
[DTPO] it=95/150 step=949905 J_new=0.0274 kept mode=full leaves=16 survival=2.16% best=26.23% std=3.1%
[DTPO] it=96/150 step=959904 J_new=0.0147 kept mode=full leaves=16 survival=2.72% best=26.23% std=2.3%
[DTPO] it=97/150 step=969903 J_new=0.0472 kept mode=full leaves=16 survival=1.58% best=26.23% std=1.6%
[DTPO] it=98/150 step=979902 J_new=0.0157 kept mode=full leaves=16 survival=2.73% best=26.23% std=4.2%
[DTPO] it=99/150 step=989901 J_new=0.0446 kept mode=full leaves=16 survival=3.04% best=26.23% std=3.0%
[DTPO] it=100/150 step=999900 J_new=0.0218 kept mode=full leaves=16 survival=4.02% best=26.23% std=5.2%
[DTPO] it=101/150 step=1009899 J_new=0.0262 kept mode=full leaves=16 survival=0.56% best=26.23% std=0.7%
[DTPO] it=102/150 step=1019898 J_new=0.0250 kept mode=full leaves=16 survival=2.18% best=26.23% std=1.7%
[DTPO] it=103/150 step=1029897 J_new=0.0296 kept mode=full leaves=16 survival=3.69% best=26.23% std=4.0%
[DTPO] it=104/150 step=1039896 J_new=0.0339 kept mode=full leaves=16 survival=4.50% best=26.23% std=5.4%
[DTPO] it=105/150 step=1049895 J_new=0.0202 kept mode=full leaves=16 survival=2.76% best=26.23% std=2.8%
[DTPO] it=106/150 step=1059894 J_new=0.0298 kept mode=full leaves=16 survival=1.52% best=26.23% std=2.5%
[DTPO] it=107/150 step=1069893 J_new=0.0302 kept mode=full leaves=16 survival=0.40% best=26.23% std=0.6%
[DTPO] it=108/150 step=1079892 J_new=0.0300 kept mode=full leaves=16 survival=0.50% best=26.23% std=0.8%
[DTPO] it=109/150 step=1089891 J_new=0.0360 kept mode=full leaves=16 survival=0.81% best=26.23% std=1.2%
[DTPO] it=110/150 step=1099890 J_new=0.0584 kept mode=full leaves=16 survival=4.18% best=26.23% std=5.0%
[DTPO] it=111/150 step=1109889 J_new=0.0281 kept mode=full leaves=16 survival=2.72% best=26.23% std=4.0%
[DTPO] it=112/150 step=1119888 J_new=0.0236 kept mode=full leaves=16 survival=2.64% best=26.23% std=3.4%
[DTPO] it=113/150 step=1129887 J_new=0.0184 kept mode=full leaves=16 survival=0.60% best=26.23% std=1.4%
[DTPO] it=114/150 step=1139886 J_new=0.0149 kept mode=full leaves=16 survival=1.06% best=26.23% std=3.1%
[DTPO] it=115/150 step=1149885 J_new=0.1971 kept mode=full leaves=16 survival=1.58% best=26.23% std=2.6%
[DTPO] it=116/150 step=1159884 J_new=0.0086 kept mode=full leaves=16 survival=6.51% best=26.23% std=7.7%
[DTPO] it=117/150 step=1169883 J_new=0.0457 kept mode=full leaves=16 survival=2.14% best=26.23% std=2.6%
[DTPO] it=118/150 step=1179882 J_new=0.0990 kept mode=full leaves=16 survival=9.65% best=26.23% std=7.7%
[DTPO] it=119/150 step=1189881 J_new=0.0306 kept mode=full leaves=16 survival=9.71% best=26.23% std=9.1%
[DTPO] it=120/150 step=1199880 J_new=0.1355 kept mode=full leaves=16 survival=10.82% best=26.23% std=9.8%
[DTPO] it=121/150 step=1209879 J_new=1.1382 kept mode=full leaves=16 survival=3.52% best=26.23% std=3.2%
[DTPO] it=122/150 step=1219878 J_new=0.1028 kept mode=full leaves=16 survival=9.06% best=26.23% std=10.3%
[DTPO] it=123/150 step=1229877 J_new=0.0754 kept mode=full leaves=16 survival=4.16% best=26.23% std=4.1%
[DTPO] it=124/150 step=1239876 J_new=0.0835 kept mode=full leaves=16 survival=4.74% best=26.23% std=3.5%
[DTPO] it=125/150 step=1249875 J_new=0.0591 kept mode=full leaves=16 survival=3.67% best=26.23% std=3.9%
[DTPO] it=126/150 step=1259874 J_new=0.0189 kept mode=full leaves=16 survival=3.02% best=26.23% std=3.3%
[DTPO] it=127/150 step=1269873 J_new=0.0246 kept mode=full leaves=16 survival=2.10% best=26.23% std=2.2%
[DTPO] it=128/150 step=1279872 J_new=0.0217 kept mode=full leaves=16 survival=3.19% best=26.23% std=4.2%
[DTPO] it=129/150 step=1289871 J_new=0.0247 kept mode=full leaves=16 survival=3.54% best=26.23% std=2.8%
[DTPO] it=130/150 step=1299870 J_new=0.0608 kept mode=full leaves=16 survival=5.20% best=26.23% std=4.7%
[DTPO] it=131/150 step=1309869 J_new=0.0632 kept mode=full leaves=16 survival=3.50% best=26.23% std=3.7%
[DTPO] it=132/150 step=1319868 J_new=0.2868 kept mode=full leaves=16 survival=2.81% best=26.23% std=3.7%
[DTPO] it=133/150 step=1329867 J_new=0.1048 kept mode=full leaves=16 survival=2.08% best=26.23% std=2.7%
[DTPO] it=134/150 step=1339866 J_new=0.0555 kept mode=full leaves=16 survival=3.58% best=26.23% std=3.2%
[DTPO] it=135/150 step=1349865 J_new=0.0695 kept mode=full leaves=16 survival=3.30% best=26.23% std=3.2%
[DTPO] it=136/150 step=1359864 J_new=0.0180 kept mode=full leaves=16 survival=4.30% best=26.23% std=4.0%
[DTPO] it=137/150 step=1369863 J_new=0.0398 kept mode=full leaves=16 survival=3.43% best=26.23% std=3.7%
[DTPO] it=138/150 step=1379862 J_new=0.0168 kept mode=full leaves=16 survival=3.09% best=26.23% std=2.7%
[DTPO] it=139/150 step=1389861 J_new=0.0191 kept mode=full leaves=16 survival=4.14% best=26.23% std=3.4%
[DTPO] it=140/150 step=1399860 J_new=0.0203 kept mode=full leaves=16 survival=3.14% best=26.23% std=2.3%
[DTPO] it=141/150 step=1409859 J_new=0.5089 kept mode=full leaves=16 survival=2.45% best=26.23% std=2.2%
[DTPO] it=142/150 step=1419858 J_new=0.0237 kept mode=full leaves=16 survival=2.60% best=26.23% std=1.9%
[DTPO] it=143/150 step=1429857 J_new=0.0181 kept mode=full leaves=16 survival=4.15% best=26.23% std=5.8%
[DTPO] it=144/150 step=1439856 J_new=0.0169 kept mode=full leaves=16 survival=3.71% best=26.23% std=3.5%
[DTPO] it=145/150 step=1449855 J_new=0.0100 kept mode=full leaves=16 survival=3.79% best=26.23% std=3.3%
[DTPO] it=146/150 step=1459854 J_new=0.0122 kept mode=full leaves=16 survival=3.52% best=26.23% std=3.5%
[DTPO] it=147/150 step=1469853 J_new=0.0361 kept mode=full leaves=16 survival=1.04% best=26.23% std=1.4%
[DTPO] it=148/150 step=1479852 J_new=0.0995 kept mode=full leaves=16 survival=3.08% best=26.23% std=3.1%
[DTPO] it=149/150 step=1489851 J_new=0.0124 kept mode=full leaves=16 survival=2.20% best=26.23% std=2.0%
[DTPO] it=150/150 step=1499850 J_new=0.0136 kept mode=full leaves=16 survival=6.33% best=26.23% std=5.9%
[DTPO] stored 5 candidate trees for final selection (cheap survivals: ['26.2%', '21.2%', '19.2%', '18.5%', '18.5%']). Run dtpo_select.py --ckpt <ckpt> --episodes 100 to pick the honest best.
