[F2] training env filtered to 2160/2880 chronics (every 4th id held out for evaluation)
Initializing the distributed action 'mapper'... (takes a while with big action spaces)
[F2] training env filtered to 2160/2880 chronics (every 4th id held out for evaluation)
[F2] training env filtered to 2160/2880 chronics (every 4th id held out for evaluation)
[F2] training env filtered to 2160/2880 chronics (every 4th id held out for evaluation)[F2] training env filtered to 2160/2880 chronics (every 4th id held out for evaluation)

[VIPER] oracle=ppo (from /rds/general/user/ssl125/home/RL2Grid_v2/checkpoint/final_PPO_bus36-M_T_100_0__I__1784927195_14574.tar)
[VIPER TREE] depth=4 leaves=8 nodes=15 ccp_alpha=0.00000000 fit_samples=5001 dataset=5001
Eval at step 5001, survival=38.258%, return=[-18.287369490911562, 1956.4356461650705, -2021.8494847394004, -146.87758945384795]
[VIPER] iter=1/15 dataset=5001 fit_samples=5001 weighted_acc=0.983748 survival=38.258% best_survival=38.258%
[VIPER TREE] depth=4 leaves=8 nodes=15 ccp_alpha=0.00000000 fit_samples=10002 dataset=10002
Eval at step 10002, survival=46.126%, return=[-2.5004108750945306, 2431.5414747217924, -1310.027283635622, -87.79284369115264]
[VIPER] iter=2/15 dataset=10002 fit_samples=10002 weighted_acc=0.991768 survival=46.126% best_survival=46.126%
[VIPER TREE] depth=4 leaves=8 nodes=15 ccp_alpha=0.00000000 fit_samples=15003 dataset=15003
Eval at step 15003, survival=69.532%, return=[-3.2744893064082135, 3741.633066291877, -1559.0158514428322, -104.14877589453003]
[VIPER] iter=3/15 dataset=15003 fit_samples=15003 weighted_acc=0.994377 survival=69.532% best_survival=69.532%
[VIPER TREE] depth=4 leaves=8 nodes=15 ccp_alpha=0.00000000 fit_samples=20004 dataset=20004
Eval at step 20004, survival=9.266%, return=[-1.8652586295211222, 414.0490625434982, -108.00481845754565, -7.903954802259879]
[VIPER] iter=4/15 dataset=20004 fit_samples=20004 weighted_acc=0.995549 survival=9.266% best_survival=69.532%
[VIPER TREE] depth=4 leaves=8 nodes=15 ccp_alpha=0.00000000 fit_samples=25005 dataset=25005
Eval at step 25005, survival=5.400%, return=[-1.235601448759553, 292.3572229721257, -13.99141354229837, -1.5235404896421845]
[VIPER] iter=5/15 dataset=25005 fit_samples=25005 weighted_acc=0.996300 survival=5.400% best_survival=69.532%
[VIPER TREE] depth=4 leaves=8 nodes=15 ccp_alpha=0.00000000 fit_samples=30006 dataset=30006
Eval at step 30006, survival=31.518%, return=[-2.3719210415195753, 1687.133847445121, -215.5924766937643, -14.977401129943745]
[VIPER] iter=6/15 dataset=30006 fit_samples=30006 weighted_acc=0.996063 survival=31.518% best_survival=69.532%
[VIPER TREE] depth=4 leaves=8 nodes=15 ccp_alpha=0.00000000 fit_samples=35007 dataset=35007
Eval at step 35007, survival=13.839%, return=[-1.6387983791695053, 744.0199271208211, -140.79819017006704, -10.062146892655603]
[VIPER] iter=7/15 dataset=35007 fit_samples=35007 weighted_acc=0.996525 survival=13.839% best_survival=69.532%
[VIPER TREE] depth=4 leaves=8 nodes=15 ccp_alpha=0.00000000 fit_samples=40008 dataset=40008
Eval at step 40008, survival=16.319%, return=[-1.8271851881581824, 855.3317932677564, -107.3621761932615, -7.7909604519775355]
[VIPER] iter=8/15 dataset=40008 fit_samples=40008 weighted_acc=0.996836 survival=16.319% best_survival=69.532%
[VIPER TREE] depth=4 leaves=8 nodes=15 ccp_alpha=0.00000000 fit_samples=45009 dataset=45009
Eval at step 45009, survival=30.088%, return=[-2.2996482009912143, 1557.427736080165, -809.2827603499259, -54.55178907721512]
[VIPER] iter=9/15 dataset=45009 fit_samples=45009 weighted_acc=0.997207 survival=30.088% best_survival=69.532%
[VIPER TREE] depth=4 leaves=8 nodes=15 ccp_alpha=0.00000000 fit_samples=50000 dataset=50010
Eval at step 50010, survival=9.787%, return=[-1.4407493336717987, 522.3091616754296, -96.02904934283144, -6.969868173257949]
[VIPER] iter=10/15 dataset=50010 fit_samples=50000 weighted_acc=0.997062 survival=9.787% best_survival=69.532%
[VIPER TREE] depth=4 leaves=8 nodes=15 ccp_alpha=0.00000000 fit_samples=50000 dataset=55011
Eval at step 55011, survival=6.479%, return=[-1.4464352744204614, 315.3516582962791, -87.75346668998655, -6.495291902071629]
[VIPER] iter=11/15 dataset=55011 fit_samples=50000 weighted_acc=0.997387 survival=6.479% best_survival=69.532%
[VIPER TREE] depth=4 leaves=8 nodes=15 ccp_alpha=0.00000000 fit_samples=50000 dataset=60012
Eval at step 60012, survival=35.835%, return=[-2.3604613773932215, 1892.1681856540602, -1148.622854608404, -77.2146892655402]
[VIPER] iter=12/15 dataset=60012 fit_samples=50000 weighted_acc=0.997849 survival=35.835% best_survival=69.532%
[VIPER TREE] depth=4 leaves=8 nodes=15 ccp_alpha=0.00000000 fit_samples=50000 dataset=65013
Eval at step 65013, survival=9.001%, return=[-1.8188850333099253, 403.4314059604801, -138.42421189707156, -9.873822975517887]
[VIPER] iter=13/15 dataset=65013 fit_samples=50000 weighted_acc=0.997920 survival=9.001% best_survival=69.532%
[VIPER TREE] depth=4 leaves=8 nodes=15 ccp_alpha=0.00000000 fit_samples=50000 dataset=70014
Eval at step 70014, survival=19.751%, return=[-2.010208562098948, 1026.9926345505219, -293.91840581234095, -20.261770244821637]
[VIPER] iter=14/15 dataset=70014 fit_samples=50000 weighted_acc=0.998063 survival=19.751% best_survival=69.532%
[VIPER TREE] depth=5 leaves=8 nodes=15 ccp_alpha=0.00000000 fit_samples=50000 dataset=75015
Eval at step 75015, survival=24.072%, return=[-2.3104867018215978, 1220.644364556532, -573.4842960729193, -38.856873822977015]
[VIPER] iter=15/15 dataset=75015 fit_samples=50000 weighted_acc=0.998189 survival=24.072% best_survival=69.532%
