[F2] training env filtered to 753/1004 chronics (every 4th id held out for evaluation)
Initializing the distributed action 'mapper'... (takes a while with big action spaces)
[F2] training env filtered to 753/1004 chronics (every 4th id held out for evaluation)
[F2] training env filtered to 753/1004 chronics (every 4th id held out for evaluation)
[F2] training env filtered to 753/1004 chronics (every 4th id held out for evaluation)
[F2] training env filtered to 753/1004 chronics (every 4th id held out for evaluation)
[VIPER] oracle=ppo (from /rds/general/user/ssl125/home/RL2Grid_v2/checkpoint/final_PPO_bus14_T_0_0__I__1775940444_3936.tar)
[VIPER TREE] depth=12 leaves=64 nodes=127 ccp_alpha=0.00000000 fit_samples=5001 dataset=5001
Eval at step 5001, survival=7.879%, return=[-1.8984656020766124, 370.8381361118945, -5.617472834356401, -54.12865497076117]
[VIPER] iter=1/15 dataset=5001 fit_samples=5001 weighted_acc=0.967350 survival=7.879% best_survival=7.879%
[VIPER TREE] depth=11 leaves=64 nodes=127 ccp_alpha=0.00000000 fit_samples=10002 dataset=10002
Eval at step 10002, survival=6.618%, return=[-1.7261772440591205, 308.98182911872885, -5.0, -62.30994152046887]
[VIPER] iter=2/15 dataset=10002 fit_samples=10002 weighted_acc=0.939387 survival=6.618% best_survival=7.879%
[VIPER TREE] depth=10 leaves=64 nodes=127 ccp_alpha=0.00000000 fit_samples=15003 dataset=15003
Eval at step 15003, survival=21.958%, return=[-3.358957571714806, 1041.1180105241137, -6.194149983425935, -199.02923976607994]
[VIPER] iter=3/15 dataset=15003 fit_samples=15003 weighted_acc=0.923806 survival=21.958% best_survival=21.958%
[VIPER TREE] depth=12 leaves=64 nodes=127 ccp_alpha=0.00000000 fit_samples=20004 dataset=20004
Eval at step 20004, survival=5.903%, return=[-1.6863747589522973, 277.1472161928811, -5.011844500178995, -48.05263157894799]
[VIPER] iter=4/15 dataset=20004 fit_samples=20004 weighted_acc=0.919936 survival=5.903% best_survival=21.958%
[VIPER TREE] depth=12 leaves=64 nodes=127 ccp_alpha=0.00000000 fit_samples=25005 dataset=25005
Eval at step 25005, survival=71.164%, return=[-8.239091963255001, 3324.8213842709847, -1.6746910152141936, -628.6725146198334]
[VIPER] iter=5/15 dataset=25005 fit_samples=25005 weighted_acc=0.918324 survival=71.164% best_survival=71.164%
[VIPER TREE] depth=11 leaves=64 nodes=127 ccp_alpha=0.00000000 fit_samples=30006 dataset=30006
Eval at step 30006, survival=29.745%, return=[-4.170628608456657, 1395.5903787295028, -5.031276844141151, -255.60818713450314]
[VIPER] iter=6/15 dataset=30006 fit_samples=30006 weighted_acc=0.904614 survival=29.745% best_survival=71.164%
[VIPER TREE] depth=12 leaves=64 nodes=127 ccp_alpha=0.00000000 fit_samples=35007 dataset=35007
Eval at step 35007, survival=96.168%, return=[-11.110220342486476, 4486.800393276217, -7.450545071837648, -845.1929824560675]
[VIPER] iter=7/15 dataset=35007 fit_samples=35007 weighted_acc=0.907059 survival=96.168% best_survival=96.168%
[VIPER TREE] depth=12 leaves=64 nodes=127 ccp_alpha=0.00000000 fit_samples=40008 dataset=40008
Eval at step 40008, survival=7.643%, return=[-1.790236540720798, 366.81273620049143, -5.690600956169267, -67.26900584795413]
[VIPER] iter=8/15 dataset=40008 fit_samples=40008 weighted_acc=0.900861 survival=7.643% best_survival=96.168%
[VIPER TREE] depth=12 leaves=64 nodes=127 ccp_alpha=0.00000000 fit_samples=45009 dataset=45009
Eval at step 45009, survival=74.698%, return=[-8.87295613612514, 3503.9457473119114, -3.3540773160614967, -668.5906432748169]
[VIPER] iter=9/15 dataset=45009 fit_samples=45009 weighted_acc=0.895030 survival=74.698% best_survival=96.168%
[VIPER TREE] depth=12 leaves=64 nodes=127 ccp_alpha=0.00000000 fit_samples=50000 dataset=50010
Eval at step 50010, survival=87.376%, return=[-9.50206222536508, 4147.894593350095, -1.6695714209684713, -785.2690058478696]
[VIPER] iter=10/15 dataset=50010 fit_samples=50000 weighted_acc=0.886617 survival=87.376% best_survival=96.168%
[VIPER TREE] depth=12 leaves=64 nodes=127 ccp_alpha=0.00000000 fit_samples=50000 dataset=55011
Eval at step 55011, survival=26.633%, return=[-3.925998380970365, 1243.8762830257413, -5.005042319496472, -223.24561403508687]
[VIPER] iter=11/15 dataset=55011 fit_samples=50000 weighted_acc=0.892211 survival=26.633% best_survival=96.168%
[VIPER TREE] depth=12 leaves=64 nodes=127 ccp_alpha=0.00000000 fit_samples=50000 dataset=60012
Eval at step 60012, survival=67.398%, return=[-8.397211682090225, 3115.885339895878, -6.183669703314081, -618.3391812865021]
[VIPER] iter=12/15 dataset=60012 fit_samples=50000 weighted_acc=0.894223 survival=67.398% best_survival=96.168%
[VIPER TREE] depth=12 leaves=64 nodes=127 ccp_alpha=0.00000000 fit_samples=50000 dataset=65013
Eval at step 65013, survival=64.955%, return=[-7.9871928790623015, 3009.1372369925134, -3.3609306087867785, -585.175438596454]
[VIPER] iter=13/15 dataset=65013 fit_samples=50000 weighted_acc=0.896080 survival=64.955% best_survival=96.168%
[VIPER TREE] depth=12 leaves=64 nodes=127 ccp_alpha=0.00000000 fit_samples=50000 dataset=70014
Eval at step 70014, survival=100.000%, return=[-10.865870941391526, 4662.464035304388, -0.0017765265414103244, -884.5263157893702]
[VIPER] iter=14/15 dataset=70014 fit_samples=50000 weighted_acc=0.894587 survival=100.000% best_survival=100.000%
[VIPER TREE] depth=12 leaves=64 nodes=127 ccp_alpha=0.00000000 fit_samples=50000 dataset=75015
Eval at step 75015, survival=60.272%, return=[-7.396798902928519, 2800.30351792971, -3.506939254937606, -530.8187134502641]
[VIPER] iter=15/15 dataset=75015 fit_samples=50000 weighted_acc=0.890204 survival=60.272% best_survival=100.000%
