[F2] training env filtered to 753/1004 chronics (every 4th id held out for evaluation)
Initializing the distributed action 'mapper'... (takes a while with big action spaces)
[F2] training env filtered to 753/1004 chronics (every 4th id held out for evaluation)
[F2] training env filtered to 753/1004 chronics (every 4th id held out for evaluation)
[F2] training env filtered to 753/1004 chronics (every 4th id held out for evaluation)
[F2] training env filtered to 753/1004 chronics (every 4th id held out for evaluation)
[VIPER] oracle=ppo (from /rds/general/user/ssl125/home/RL2Grid_v2/checkpoint/final_PPO_bus14_T_0_0__I__1775940444_3936.tar)
[VIPER TREE] depth=4 leaves=8 nodes=15 ccp_alpha=0.00000000 fit_samples=5001 dataset=5001
Eval at step 5001, survival=8.288%, return=[-2.3618376842544726, 403.2356761932379, -5.170585609113914, -24.602339181286776]
[VIPER] iter=1/15 dataset=5001 fit_samples=5001 weighted_acc=0.617288 survival=8.288% best_survival=8.288%
[VIPER TREE] depth=4 leaves=8 nodes=15 ccp_alpha=0.00000000 fit_samples=10002 dataset=10002
Eval at step 10002, survival=18.237%, return=[-3.0810482966674804, 862.1840026219684, -5.546854840487716, -14.222222222222294]
[VIPER] iter=2/15 dataset=10002 fit_samples=10002 weighted_acc=0.662233 survival=18.237% best_survival=18.237%
[VIPER TREE] depth=4 leaves=8 nodes=15 ccp_alpha=0.00000000 fit_samples=15003 dataset=15003
Eval at step 15003, survival=23.074%, return=[-3.579030676841891, 1084.7619525909422, -5.965541893262222, -47.39766081871422]
[VIPER] iter=3/15 dataset=15003 fit_samples=15003 weighted_acc=0.631740 survival=23.074% best_survival=23.074%
[VIPER TREE] depth=4 leaves=8 nodes=15 ccp_alpha=0.00000000 fit_samples=20004 dataset=20004
Eval at step 20004, survival=68.829%, return=[-7.24505368451355, 3257.248927625018, -2.9833788940025747, -242.8771929824411]
[VIPER] iter=4/15 dataset=20004 fit_samples=20004 weighted_acc=0.552777 survival=68.829% best_survival=68.829%
[VIPER TREE] depth=4 leaves=8 nodes=15 ccp_alpha=0.00000000 fit_samples=25005 dataset=25005
Eval at step 25005, survival=63.533%, return=[-8.228872365686888, 2998.231743844344, -5.013901185942814, -247.52631578946912]
[VIPER] iter=5/15 dataset=25005 fit_samples=25005 weighted_acc=0.585760 survival=63.533% best_survival=68.829%
[VIPER TREE] depth=4 leaves=8 nodes=15 ccp_alpha=0.00000000 fit_samples=30006 dataset=30006
Eval at step 30006, survival=72.073%, return=[-8.356807676066333, 3417.3646671930924, -3.4421131946049477, -255.66666666665228]
[VIPER] iter=6/15 dataset=30006 fit_samples=30006 weighted_acc=0.598262 survival=72.073% best_survival=72.073%
[VIPER TREE] depth=4 leaves=8 nodes=15 ccp_alpha=0.00000000 fit_samples=35007 dataset=35007
Eval at step 35007, survival=94.986%, return=[-11.247384068051664, 4563.9987453937465, -1.6870897353607386, -379.9356725145944]
[VIPER] iter=7/15 dataset=35007 fit_samples=35007 weighted_acc=0.600204 survival=94.986% best_survival=94.986%
[VIPER TREE] depth=4 leaves=8 nodes=15 ccp_alpha=0.00000000 fit_samples=40008 dataset=40008
Eval at step 40008, survival=49.521%, return=[-6.947961284953635, 2433.2974183400484, -3.3370126763475128, -222.4502923976523]
[VIPER] iter=8/15 dataset=40008 fit_samples=40008 weighted_acc=0.593580 survival=49.521% best_survival=94.986%
[VIPER TREE] depth=4 leaves=8 nodes=15 ccp_alpha=0.00000000 fit_samples=45009 dataset=45009
Eval at step 45009, survival=54.291%, return=[-7.55163255079727, 2653.6984590689312, -3.371911947703969, -241.48538011695186]
[VIPER] iter=9/15 dataset=45009 fit_samples=45009 weighted_acc=0.597085 survival=54.291% best_survival=94.986%
[VIPER TREE] depth=4 leaves=8 nodes=15 ccp_alpha=0.00000000 fit_samples=50000 dataset=50010
Eval at step 50010, survival=30.225%, return=[-5.242237384237039, 1466.405667479833, -5.136084985007376, -216.3625730994182]
[VIPER] iter=10/15 dataset=50010 fit_samples=50000 weighted_acc=0.612303 survival=30.225% best_survival=94.986%
[VIPER TREE] depth=5 leaves=8 nodes=15 ccp_alpha=0.00000000 fit_samples=50000 dataset=55011
Eval at step 55011, survival=69.300%, return=[-8.013901495355336, 3260.6120272000667, -3.3899460270185955, -243.67251461987277]
[VIPER] iter=11/15 dataset=55011 fit_samples=50000 weighted_acc=0.672782 survival=69.300% best_survival=94.986%
[VIPER TREE] depth=4 leaves=8 nodes=15 ccp_alpha=0.00000000 fit_samples=50000 dataset=60012
Eval at step 60012, survival=100.000%, return=[-12.335085090987073, 4947.637465079625, -0.3081925450120859, -506.0818713449883]
[VIPER] iter=12/15 dataset=60012 fit_samples=50000 weighted_acc=0.694364 survival=100.000% best_survival=100.000%
[VIPER TREE] depth=5 leaves=8 nodes=15 ccp_alpha=0.00000000 fit_samples=50000 dataset=65013
Eval at step 65013, survival=67.985%, return=[-8.229524209707355, 3187.5254789193423, -3.343156286786931, -236.7134502923815]
[VIPER] iter=13/15 dataset=65013 fit_samples=50000 weighted_acc=0.690579 survival=67.985% best_survival=100.000%
[VIPER TREE] depth=5 leaves=8 nodes=15 ccp_alpha=0.00000000 fit_samples=50000 dataset=70014
Eval at step 70014, survival=69.998%, return=[-7.51498409572135, 3251.0870416005387, -1.6691710971451055, -198.38011695906934]
[VIPER] iter=14/15 dataset=70014 fit_samples=50000 weighted_acc=0.660727 survival=69.998% best_survival=100.000%
[VIPER TREE] depth=5 leaves=8 nodes=15 ccp_alpha=0.00000000 fit_samples=50000 dataset=75015
Eval at step 75015, survival=44.506%, return=[-6.8237847508086515, 2185.7940797646843, -5.061754265237444, -234.97660818712947]
[VIPER] iter=15/15 dataset=75015 fit_samples=50000 weighted_acc=0.675511 survival=44.506% best_survival=100.000%
