Initializing the distributed action 'mapper'... (takes a while with big action spaces)
[HYBRID] warm-start from /rds/general/user/ssl125/home/RL2Grid_full/checkpoint/final_PPO_bus5_T_0_0__I__1776174124_47043_45000000.tar: {'mode': 'soft', 'n_samples': 10080, 'n_actions': 50, 'n_leaves': 16, 'max_depth': 8, 'fidelity': 0.8369047619047619, 'weighted_fidelity': 0.9472571420364244, 'curated': False, 'dagger_rounds': 0}
[DTPO] deterministic eval on 20 fixed chronics (of 20): ids=[0, 1, 2, 3, 4, 5, 6, 7, 8, 9, 10, 11, 12, 13, 14, 15, 16, 17, 18, 19]
[DTPO] it=1/150 step=9999 J_new=0.0050 kept mode=full leaves=16 survival=0.47% best=0.47% std=1.3%
[DTPO] it=2/150 step=19998 J_new=0.0475 kept mode=full leaves=16 survival=10.01% best=10.01% std=21.8%
[DTPO] it=3/150 step=29997 J_new=0.0480 kept mode=full leaves=16 survival=100.00% best=100.00% std=0.0%
[DTPO] it=4/150 step=39996 J_new=0.0380 kept mode=full leaves=16 survival=5.05% best=100.00% std=21.8%
[DTPO] it=5/150 step=49995 J_new=0.0163 kept mode=full leaves=16 survival=100.00% best=100.00% std=0.0%
[DTPO] it=6/150 step=59994 J_new=0.0083 kept mode=full leaves=16 survival=100.00% best=100.00% std=0.0%
[DTPO] it=7/150 step=69993 J_new=0.0065 kept mode=full leaves=16 survival=0.54% best=100.00% std=1.2%
[DTPO] it=8/150 step=79992 J_new=0.0078 kept mode=full leaves=16 survival=0.27% best=100.00% std=0.8%
[DTPO] it=9/150 step=89991 J_new=0.0092 kept mode=full leaves=16 survival=0.27% best=100.00% std=0.8%
[DTPO] it=10/150 step=99990 J_new=0.0075 kept mode=full leaves=16 survival=0.27% best=100.00% std=0.8%
[DTPO] it=11/150 step=109989 J_new=0.0062 kept mode=full leaves=16 survival=0.33% best=100.00% std=0.8%
[DTPO] it=12/150 step=119988 J_new=0.0030 kept mode=full leaves=16 survival=0.33% best=100.00% std=0.8%
[DTPO] it=13/150 step=129987 J_new=0.0093 kept mode=full leaves=16 survival=0.33% best=100.00% std=0.8%
[DTPO] it=14/150 step=139986 J_new=0.0095 kept mode=full leaves=16 survival=95.18% best=100.00% std=21.0%
[DTPO] it=15/150 step=149985 J_new=0.0073 kept mode=full leaves=16 survival=5.62% best=100.00% std=21.7%
[DTPO] it=16/150 step=159984 J_new=0.0054 kept mode=full leaves=16 survival=5.62% best=100.00% std=21.7%
[DTPO] it=17/150 step=169983 J_new=0.0107 kept mode=full leaves=16 survival=95.21% best=100.00% std=20.9%
[DTPO] it=18/150 step=179982 J_new=0.0036 kept mode=full leaves=16 survival=5.62% best=100.00% std=21.7%
[DTPO] it=19/150 step=189981 J_new=0.0095 kept mode=full leaves=16 survival=95.21% best=100.00% std=20.9%
[DTPO] it=20/150 step=199980 J_new=0.0136 kept mode=full leaves=16 survival=0.91% best=100.00% std=1.8%
[DTPO] it=21/150 step=209979 J_new=0.0105 kept mode=full leaves=16 survival=100.00% best=100.00% std=0.0%
[DTPO] it=22/150 step=219978 J_new=0.0118 kept mode=full leaves=16 survival=100.00% best=100.00% std=0.0%
[DTPO] it=23/150 step=229977 J_new=0.0076 kept mode=full leaves=16 survival=58.66% best=100.00% std=30.3%
[DTPO] it=24/150 step=239976 J_new=0.0094 kept mode=full leaves=16 survival=67.33% best=100.00% std=40.2%
[DTPO] it=25/150 step=249975 J_new=0.0131 kept mode=full leaves=16 survival=95.17% best=100.00% std=21.1%
[DTPO] it=26/150 step=259974 J_new=0.0190 kept mode=full leaves=16 survival=95.21% best=100.00% std=20.9%
[DTPO] it=27/150 step=269973 J_new=0.0077 kept mode=full leaves=16 survival=100.00% best=100.00% std=0.0%
[DTPO] it=28/150 step=279972 J_new=0.0188 kept mode=full leaves=16 survival=25.32% best=100.00% std=43.1%
[DTPO] it=29/150 step=289971 J_new=0.0242 kept mode=full leaves=16 survival=25.94% best=100.00% std=37.9%
[DTPO] it=30/150 step=299970 J_new=0.0133 kept mode=full leaves=16 survival=50.32% best=100.00% std=49.7%
[DTPO] it=31/150 step=309969 J_new=0.0217 kept mode=full leaves=16 survival=100.00% best=100.00% std=0.0%
[DTPO] it=32/150 step=319968 J_new=0.0114 kept mode=full leaves=16 survival=100.00% best=100.00% std=0.0%
[DTPO] it=33/150 step=329967 J_new=0.0076 kept mode=full leaves=16 survival=0.92% best=100.00% std=1.8%
[DTPO] it=34/150 step=339966 J_new=0.0113 kept mode=full leaves=16 survival=100.00% best=100.00% std=0.0%
[DTPO] it=35/150 step=349965 J_new=0.0138 kept mode=full leaves=16 survival=100.00% best=100.00% std=0.0%
[DTPO] it=36/150 step=359964 J_new=0.0101 kept mode=full leaves=16 survival=100.00% best=100.00% std=0.0%
[DTPO] it=37/150 step=369963 J_new=0.0087 kept mode=full leaves=16 survival=100.00% best=100.00% std=0.0%
[DTPO] it=38/150 step=379962 J_new=0.0046 kept mode=full leaves=16 survival=84.30% best=100.00% std=23.3%
[DTPO] it=39/150 step=389961 J_new=0.0043 kept mode=full leaves=16 survival=81.74% best=100.00% std=24.2%
[DTPO] it=40/150 step=399960 J_new=0.0086 kept mode=full leaves=16 survival=97.08% best=100.00% std=11.2%
[DTPO] it=41/150 step=409959 J_new=0.0064 kept mode=full leaves=16 survival=10.33% best=100.00% std=29.9%
[DTPO] it=42/150 step=419958 J_new=0.0085 kept mode=full leaves=16 survival=100.00% best=100.00% std=0.0%
[DTPO] it=43/150 step=429957 J_new=0.0040 kept mode=full leaves=16 survival=100.00% best=100.00% std=0.0%
[DTPO] it=44/150 step=439956 J_new=0.0182 kept mode=full leaves=16 survival=0.81% best=100.00% std=1.6%
[DTPO] it=45/150 step=449955 J_new=0.0209 kept mode=full leaves=16 survival=15.32% best=100.00% std=35.6%
[DTPO] it=46/150 step=459954 J_new=0.0058 kept mode=full leaves=16 survival=99.93% best=100.00% std=0.3%
[DTPO] it=47/150 step=469953 J_new=0.0086 kept mode=full leaves=16 survival=0.81% best=100.00% std=1.6%
[DTPO] it=48/150 step=479952 J_new=0.0007 kept mode=full leaves=16 survival=1.02% best=100.00% std=1.8%
[DTPO] it=49/150 step=489951 J_new=0.0018 kept mode=full leaves=16 survival=60.31% best=100.00% std=48.6%
[DTPO] it=50/150 step=499950 J_new=0.0055 kept mode=full leaves=16 survival=1.46% best=100.00% std=2.3%
[DTPO] it=51/150 step=509949 J_new=0.0074 kept mode=full leaves=16 survival=1.46% best=100.00% std=2.3%
[DTPO] it=52/150 step=519948 J_new=0.0023 kept mode=full leaves=16 survival=1.38% best=100.00% std=2.2%
[DTPO] it=53/150 step=529947 J_new=0.0082 kept mode=full leaves=16 survival=34.81% best=100.00% std=8.1%
[DTPO] it=54/150 step=539946 J_new=-0.0145 revert mode=full leaves=16 survival=34.81% best=100.00% std=8.1%
[DTPO] it=55/150 step=549945 J_new=0.0032 kept mode=full leaves=16 survival=98.84% best=100.00% std=5.0%
[DTPO] it=56/150 step=559944 J_new=0.0967 kept mode=full leaves=16 survival=96.23% best=100.00% std=10.2%
[DTPO] it=57/150 step=569943 J_new=0.0128 kept mode=full leaves=16 survival=100.00% best=100.00% std=0.0%
[DTPO] it=58/150 step=579942 J_new=0.0104 kept mode=full leaves=16 survival=100.00% best=100.00% std=0.0%
[DTPO] it=59/150 step=589941 J_new=0.0152 kept mode=full leaves=16 survival=1.18% best=100.00% std=2.1%
[DTPO] it=60/150 step=599940 J_new=0.0067 kept mode=full leaves=16 survival=100.00% best=100.00% std=0.0%
[DTPO] it=61/150 step=609939 J_new=0.0071 kept mode=full leaves=16 survival=100.00% best=100.00% std=0.0%
[DTPO] it=62/150 step=619938 J_new=0.0392 kept mode=full leaves=16 survival=35.56% best=100.00% std=42.7%
[DTPO] it=63/150 step=629937 J_new=0.0265 kept mode=full leaves=16 survival=1.19% best=100.00% std=2.1%
[DTPO] it=64/150 step=639936 J_new=0.0118 kept mode=full leaves=16 survival=63.85% best=100.00% std=30.9%
[DTPO] it=65/150 step=649935 J_new=0.0247 kept mode=full leaves=16 survival=95.19% best=100.00% std=21.0%
[DTPO] it=66/150 step=659934 J_new=0.0147 kept mode=full leaves=16 survival=3.07% best=100.00% std=1.1%
[DTPO] it=67/150 step=669933 J_new=0.0036 kept mode=full leaves=16 survival=3.07% best=100.00% std=1.1%
[DTPO] it=68/150 step=679932 J_new=0.0063 kept mode=full leaves=16 survival=66.90% best=100.00% std=45.1%
[DTPO] it=69/150 step=689931 J_new=0.0144 kept mode=full leaves=16 survival=5.28% best=100.00% std=21.7%
[DTPO] it=70/150 step=699930 J_new=0.0073 kept mode=full leaves=16 survival=1.33% best=100.00% std=2.1%
[DTPO] it=71/150 step=709929 J_new=0.0066 kept mode=full leaves=16 survival=0.70% best=100.00% std=1.2%
[DTPO] it=72/150 step=719928 J_new=0.0060 kept mode=full leaves=16 survival=0.53% best=100.00% std=0.1%
[DTPO] it=73/150 step=729927 J_new=0.0047 kept mode=full leaves=16 survival=75.60% best=100.00% std=42.3%
[DTPO] it=74/150 step=739926 J_new=0.0023 kept mode=full leaves=16 survival=86.06% best=100.00% std=33.2%
[DTPO] it=75/150 step=749925 J_new=0.0072 kept mode=full leaves=16 survival=90.42% best=100.00% std=28.8%
[DTPO] it=76/150 step=759924 J_new=0.0065 kept mode=full leaves=16 survival=100.00% best=100.00% std=0.0%
[DTPO] it=77/150 step=769923 J_new=0.0061 kept mode=full leaves=16 survival=100.00% best=100.00% std=0.0%
[DTPO] it=78/150 step=779922 J_new=0.0035 kept mode=full leaves=16 survival=100.00% best=100.00% std=0.0%
[DTPO] it=79/150 step=789921 J_new=0.0013 kept mode=full leaves=16 survival=9.26% best=100.00% std=2.2%
[DTPO] it=80/150 step=799920 J_new=0.0045 kept mode=full leaves=16 survival=0.52% best=100.00% std=0.1%
[DTPO] it=81/150 step=809919 J_new=0.0052 kept mode=full leaves=16 survival=2.18% best=100.00% std=2.4%
[DTPO] it=82/150 step=819918 J_new=0.0023 kept mode=full leaves=16 survival=5.68% best=100.00% std=0.1%
[DTPO] it=83/150 step=829917 J_new=0.0081 kept mode=full leaves=16 survival=0.74% best=100.00% std=1.1%
[DTPO] it=84/150 step=839916 J_new=0.0109 kept mode=full leaves=16 survival=100.00% best=100.00% std=0.0%
[DTPO] it=85/150 step=849915 J_new=0.0393 kept mode=full leaves=16 survival=100.00% best=100.00% std=0.0%
[DTPO] it=86/150 step=859914 J_new=0.0150 kept mode=full leaves=16 survival=8.03% best=100.00% std=21.2%
[DTPO] it=87/150 step=869913 J_new=0.0102 kept mode=full leaves=16 survival=100.00% best=100.00% std=0.0%
[DTPO] it=88/150 step=879912 J_new=0.0113 kept mode=full leaves=16 survival=15.09% best=100.00% std=7.4%
[DTPO] it=89/150 step=889911 J_new=0.0062 kept mode=full leaves=16 survival=91.97% best=100.00% std=24.5%
[DTPO] it=90/150 step=899910 J_new=-0.0143 revert mode=full leaves=16 survival=91.97% best=100.00% std=24.5%
[DTPO] it=91/150 step=909909 J_new=0.0053 kept mode=full leaves=16 survival=100.00% best=100.00% std=0.0%
[DTPO] it=92/150 step=919908 J_new=0.0161 kept mode=full leaves=16 survival=11.27% best=100.00% std=10.8%
[DTPO] it=93/150 step=929907 J_new=-0.0023 revert mode=full leaves=16 survival=11.27% best=100.00% std=10.8%
[DTPO] it=94/150 step=939906 J_new=0.0060 kept mode=full leaves=16 survival=6.93% best=100.00% std=5.4%
[DTPO] it=95/150 step=949905 J_new=0.0046 kept mode=full leaves=16 survival=0.60% best=100.00% std=1.2%
[DTPO] it=96/150 step=959904 J_new=0.0114 kept mode=full leaves=16 survival=9.17% best=100.00% std=14.8%
[DTPO] it=97/150 step=969903 J_new=0.0047 kept mode=full leaves=16 survival=0.77% best=100.00% std=1.1%
[DTPO] it=98/150 step=979902 J_new=0.0092 kept mode=full leaves=16 survival=5.98% best=100.00% std=0.3%
[DTPO] it=99/150 step=989901 J_new=-0.0061 revert mode=full leaves=16 survival=5.98% best=100.00% std=0.3%
[DTPO] it=100/150 step=999900 J_new=-0.0009 revert mode=full leaves=16 survival=5.98% best=100.00% std=0.3%
[DTPO] it=101/150 step=1009899 J_new=0.0086 kept mode=full leaves=16 survival=1.81% best=100.00% std=4.3%
[DTPO] it=102/150 step=1019898 J_new=0.0023 kept mode=full leaves=16 survival=1.45% best=100.00% std=1.6%
[DTPO] it=103/150 step=1029897 J_new=0.0151 kept mode=full leaves=16 survival=8.07% best=100.00% std=4.1%
[DTPO] it=104/150 step=1039896 J_new=0.0098 kept mode=full leaves=16 survival=6.57% best=100.00% std=21.4%
[DTPO] it=105/150 step=1049895 J_new=0.0095 kept mode=full leaves=16 survival=0.61% best=100.00% std=0.8%
[DTPO] it=106/150 step=1059894 J_new=-0.0365 revert mode=full leaves=16 survival=0.61% best=100.00% std=0.8%
[DTPO] it=107/150 step=1069893 J_new=0.0188 kept mode=full leaves=16 survival=60.68% best=100.00% std=36.9%
[DTPO] it=108/150 step=1079892 J_new=0.0078 kept mode=full leaves=16 survival=0.76% best=100.00% std=1.4%
[DTPO] it=109/150 step=1089891 J_new=0.0130 kept mode=full leaves=16 survival=0.55% best=100.00% std=1.0%
[DTPO] it=110/150 step=1099890 J_new=0.0251 kept mode=full leaves=16 survival=0.75% best=100.00% std=1.4%
[DTPO] it=111/150 step=1109889 J_new=0.0085 kept mode=full leaves=16 survival=0.77% best=100.00% std=1.4%
[DTPO] it=112/150 step=1119888 J_new=0.0153 kept mode=full leaves=16 survival=6.11% best=100.00% std=0.1%
[DTPO] it=113/150 step=1129887 J_new=0.0280 kept mode=full leaves=16 survival=5.73% best=100.00% std=0.3%
[DTPO] it=114/150 step=1139886 J_new=0.0281 kept mode=full leaves=16 survival=5.54% best=100.00% std=0.4%
[DTPO] it=115/150 step=1149885 J_new=0.0131 kept mode=full leaves=16 survival=2.50% best=100.00% std=4.2%
[DTPO] it=116/150 step=1159884 J_new=0.0330 kept mode=full leaves=16 survival=11.43% best=100.00% std=4.3%
[DTPO] it=117/150 step=1169883 J_new=0.0059 kept mode=full leaves=16 survival=27.38% best=100.00% std=23.1%
[DTPO] it=118/150 step=1179882 J_new=0.0086 kept mode=full leaves=16 survival=5.70% best=100.00% std=0.2%
[DTPO] it=119/150 step=1189881 J_new=0.0057 kept mode=full leaves=16 survival=8.98% best=100.00% std=9.3%
[DTPO] it=120/150 step=1199880 J_new=0.0062 kept mode=full leaves=16 survival=5.40% best=100.00% std=0.3%
[DTPO] it=121/150 step=1209879 J_new=0.0052 kept mode=full leaves=16 survival=5.81% best=100.00% std=0.0%
[DTPO] it=122/150 step=1219878 J_new=0.0137 kept mode=full leaves=16 survival=2.14% best=100.00% std=2.6%
[DTPO] it=123/150 step=1229877 J_new=0.0115 kept mode=full leaves=16 survival=5.75% best=100.00% std=0.2%
[DTPO] it=124/150 step=1239876 J_new=0.0012 kept mode=full leaves=16 survival=1.34% best=100.00% std=2.1%
[DTPO] it=125/150 step=1249875 J_new=0.0030 kept mode=full leaves=16 survival=0.44% best=100.00% std=0.6%
[DTPO] it=126/150 step=1259874 J_new=0.0080 kept mode=full leaves=16 survival=0.52% best=100.00% std=0.9%
[DTPO] it=127/150 step=1269873 J_new=0.0031 kept mode=full leaves=16 survival=5.98% best=100.00% std=0.1%
[DTPO] it=128/150 step=1279872 J_new=0.0017 kept mode=full leaves=16 survival=5.97% best=100.00% std=0.1%
[DTPO] it=129/150 step=1289871 J_new=0.0029 kept mode=full leaves=16 survival=1.31% best=100.00% std=2.0%
[DTPO] it=130/150 step=1299870 J_new=0.0110 kept mode=full leaves=16 survival=6.15% best=100.00% std=0.0%
[DTPO] it=131/150 step=1309869 J_new=0.0112 kept mode=full leaves=16 survival=6.07% best=100.00% std=0.1%
[DTPO] it=132/150 step=1319868 J_new=0.0084 kept mode=full leaves=16 survival=5.36% best=100.00% std=0.7%
[DTPO] it=133/150 step=1329867 J_new=-0.0043 revert mode=full leaves=16 survival=5.36% best=100.00% std=0.7%
[DTPO] it=134/150 step=1339866 J_new=-0.0018 revert mode=full leaves=16 survival=5.36% best=100.00% std=0.7%
[DTPO] it=135/150 step=1349865 J_new=-0.0061 revert mode=full leaves=16 survival=5.36% best=100.00% std=0.7%
[DTPO] it=136/150 step=1359864 J_new=0.0065 kept mode=full leaves=16 survival=34.70% best=100.00% std=5.3%
[DTPO] it=137/150 step=1369863 J_new=0.0001 kept mode=full leaves=16 survival=6.15% best=100.00% std=0.0%
[DTPO] it=138/150 step=1379862 J_new=-0.0077 revert mode=full leaves=16 survival=6.15% best=100.00% std=0.0%
[DTPO] it=139/150 step=1389861 J_new=0.0075 kept mode=full leaves=16 survival=5.88% best=100.00% std=0.1%
[DTPO] it=140/150 step=1399860 J_new=0.0510 kept mode=full leaves=16 survival=6.05% best=100.00% std=0.1%
[DTPO] it=141/150 step=1409859 J_new=0.0029 kept mode=full leaves=16 survival=6.05% best=100.00% std=0.1%
[DTPO] it=142/150 step=1419858 J_new=0.0040 kept mode=full leaves=16 survival=6.88% best=100.00% std=0.0%
[DTPO] it=143/150 step=1429857 J_new=0.0237 kept mode=full leaves=16 survival=7.20% best=100.00% std=1.1%
[DTPO] it=144/150 step=1439856 J_new=0.0023 kept mode=full leaves=16 survival=20.50% best=100.00% std=0.6%
[DTPO] it=145/150 step=1449855 J_new=0.0060 kept mode=full leaves=16 survival=5.07% best=100.00% std=0.8%
[DTPO] it=146/150 step=1459854 J_new=0.0003 kept mode=full leaves=16 survival=5.99% best=100.00% std=0.2%
[DTPO] it=147/150 step=1469853 J_new=0.0259 kept mode=full leaves=16 survival=5.59% best=100.00% std=0.3%
[DTPO] it=148/150 step=1479852 J_new=0.0047 kept mode=full leaves=16 survival=6.25% best=100.00% std=0.5%
[DTPO] it=149/150 step=1489851 J_new=-0.0180 revert mode=full leaves=16 survival=6.25% best=100.00% std=0.5%
[DTPO] it=150/150 step=1499850 J_new=0.0118 kept mode=full leaves=16 survival=6.12% best=100.00% std=0.2%
[DTPO] stored 5 candidate trees for final selection (cheap survivals: ['100.0%', '100.0%', '100.0%', '100.0%', '100.0%']). Run dtpo_select.py --ckpt <ckpt> --episodes 100 to pick the honest best.
