[crit] grid=bus118-M difficulty=0 n_actions=50 use_heuristic=False seeds=[1000, 1001, 1002] ckpt=DQN_bus118-M_T_0_0__I__1779381001_8776.tar

[A] full oracle baseline survival = 3.39%  (per-ep: 1.1, 0.8, 8.3)   total steps=821
    distinct actions used: 28 / 50
    rank  act    freq  freq%  mean_gap   max_gap    sum_gap
       0   14     163  19.9%    3.0223   15.2947    492.627
       1   34      92  11.2%    0.0983    0.8900      9.044
       2    1      92  11.2%    0.2069    1.5236     19.032
       3   28      86  10.5%    0.0772    0.2933      6.638
       4   39      78   9.5%    1.1474    4.9986     89.500
       5   18      39   4.8%   29.0659  124.2668   1133.571
       6   16      38   4.6%    0.0753    0.1965      2.863
       7   37      33   4.0%    0.1047    0.2505      3.455
       8   48      32   3.9%    0.1676    0.9080      5.363
       9   33      28   3.4%    0.6906    2.7286     19.336
      10   15      27   3.3%    0.0857    0.2853      2.315
      11    6      26   3.2%    0.1431    1.1694      3.722
      12    2      21   2.6%    0.3580    0.7639      7.518
      13   22      13   1.6%    0.1970    0.5252      2.561
      14    7       7   0.9%    0.0322    0.0802      0.225
      15   41       6   0.7%    0.3888    0.6533      2.333
      16   43       6   0.7%    0.7050    1.8525      4.230
      17   25       6   0.7%    0.0233    0.0442      0.140
      18   10       6   0.7%    0.0284    0.0559      0.170
      19   24       6   0.7%    0.3576    1.0954      2.146
      20   40       5   0.6%    0.0364    0.0654      0.182
      21   12       4   0.5%    0.1613    0.3208      0.645
      22    9       2   0.2%    0.0412    0.0705      0.082
      23    0       1   0.1%    0.1876    0.1876      0.188
      24   44       1   0.1%    0.2433    0.2433      0.243
      25    3       1   0.1%    0.0164    0.0164      0.016
      26   30       1   0.1%    0.0934    0.0934      0.093
      27    4       1   0.1%    0.0143    0.0143      0.014

[B] survival vs curated-set size K  (3 seeded eps each; full baseline 3.39%)
       K |   by_frequency | by_criticality
       2 |          0.55% |          1.84%
       3 |          4.49% |          1.95%
       5 |          0.35% |          0.69%
      10 |          1.01% |          6.38%
      28 |          8.34% |          0.12%

[crit] wrote experiments/results/crit_bus118M.json
