[crit] grid=bus36-M difficulty=0 n_actions=50 use_heuristic=False seeds=[1000, 1001, 1002, 1003, 1004] ckpt=DQN_bus36-M_T_0_0__I__1777749937_41549.tar

[A] full oracle baseline survival = 28.50%  (per-ep: 3.7, 11.8, 10.3, 40.4, 76.4)   total steps=11489
    distinct actions used: 17 / 50
    rank  act    freq  freq%  mean_gap   max_gap    sum_gap
       0    0    8169  71.1%    1.2256    4.1627  10011.728
       1   30    3142  27.3%    0.6360   10.3814   1998.185
       2   24     105   0.9%    1.4744    4.8744    154.816
       3   25      19   0.2%    9.6326   60.0889    183.020
       4   19      17   0.1%    0.3867    1.1822      6.573
       5   27       9   0.1%    1.3229    2.5221     11.906
       6    7       6   0.1%    0.8832    1.5210      5.299
       7   35       5   0.0%    0.1480    0.2583      0.740
       8   49       3   0.0%    0.1736    0.4347      0.521
       9   44       3   0.0%    0.1342    0.2819      0.402
      10   43       2   0.0%    0.1104    0.1900      0.221
      11   39       2   0.0%    0.6334    0.8868      1.267
      12   16       2   0.0%    0.1730    0.2485      0.346
      13   13       2   0.0%    0.4596    0.7812      0.919
      14   32       1   0.0%    0.3781    0.3781      0.378
      15   15       1   0.0%    0.4826    0.4826      0.483
      16   31       1   0.0%    0.0459    0.0459      0.046

[B] survival vs curated-set size K  (5 seeded eps each; full baseline 28.50%)
       K |   by_frequency | by_criticality
       2 |         28.55% |         28.79%
       3 |         29.25% |         28.81%
       5 |         29.23% |         29.25%
      10 |         29.23% |         29.23%
      17 |         29.23% |         29.23%

[crit] wrote experiments/results/crit_bus36M.json
