[F2] training env filtered to 753/1004 chronics (every 4th id held out for evaluation)
Initializing the distributed action 'mapper'... (takes a while with big action spaces)
[F2] training env filtered to 753/1004 chronics (every 4th id held out for evaluation)
[F2] training env filtered to 753/1004 chronics (every 4th id held out for evaluation)
[F2] training env filtered to 753/1004 chronics (every 4th id held out for evaluation)
[F2] training env filtered to 753/1004 chronics (every 4th id held out for evaluation)
[DTPO] gate eval on 40 training-side chronics (of 1004); overlap with the held-out pool = 0 (must be 0): ids=[0, 25, 50, 76, 102, 128, 153, 178, 205, 230, 256, 282]...
[DTPO] it=1/150 step=9999 J_new=0.2036 kept mode=full gate=accept cand=0.28% leaves=16 survival=0.28% best=0.28% std=0.6%
[DTPO] it=2/150 step=19998 J_new=0.0012 kept mode=leaf gate=accept cand=0.97% leaves=16 survival=0.97% best=0.97% std=1.3%
[DTPO] it=3/150 step=29997 J_new=0.0009 kept mode=leaf gate=revert(1) cand=0.26% leaves=16 survival=0.97% best=0.97% std=1.3%
[DTPO] it=4/150 step=39996 J_new=0.0029 kept mode=leaf gate=accept cand=0.97% leaves=16 survival=0.97% best=0.97% std=1.3%
[DTPO] it=5/150 step=49995 J_new=0.0042 kept mode=leaf gate=accept cand=1.74% leaves=16 survival=1.74% best=1.74% std=1.6%
[DTPO] it=6/150 step=59994 J_new=0.0073 kept mode=full gate=accept cand=1.77% leaves=16 survival=1.77% best=1.77% std=2.4%
[DTPO] it=7/150 step=69993 J_new=0.0086 kept mode=leaf gate=accept cand=1.77% leaves=16 survival=1.77% best=1.77% std=2.4%
[DTPO] it=8/150 step=79992 J_new=0.0081 kept mode=leaf gate=accept cand=1.77% leaves=16 survival=1.77% best=1.77% std=2.4%
[DTPO] it=9/150 step=89991 J_new=0.0083 kept mode=leaf gate=accept cand=1.77% leaves=16 survival=1.77% best=1.77% std=2.4%
[DTPO] it=10/150 step=99990 J_new=0.0082 kept mode=leaf gate=accept cand=1.77% leaves=16 survival=1.77% best=1.77% std=2.4%
[DTPO] it=11/150 step=109989 J_new=0.0081 kept mode=full gate=accept cand=30.62% leaves=16 survival=30.62% best=30.62% std=24.6%
[DTPO] it=12/150 step=119988 J_new=0.0080 kept mode=leaf gate=accept cand=30.62% leaves=16 survival=30.62% best=30.62% std=24.6%
[DTPO] it=13/150 step=129987 J_new=0.0079 kept mode=leaf gate=revert(1) cand=15.37% leaves=16 survival=30.62% best=30.62% std=24.6%
[DTPO] it=14/150 step=139986 J_new=0.0040 kept mode=leaf gate=accept cand=30.62% leaves=16 survival=30.62% best=30.62% std=24.6%
[DTPO] it=15/150 step=149985 J_new=0.0052 kept mode=leaf gate=accept cand=30.62% leaves=16 survival=30.62% best=30.62% std=24.6%
[DTPO] it=16/150 step=159984 J_new=0.0074 kept mode=full gate=accept cand=30.62% leaves=16 survival=30.62% best=30.62% std=24.6%
[DTPO] it=17/150 step=169983 J_new=0.0087 kept mode=leaf gate=accept cand=30.62% leaves=16 survival=30.62% best=30.62% std=24.6%
[DTPO] it=18/150 step=179982 J_new=0.0081 kept mode=leaf gate=revert(1) cand=15.37% leaves=16 survival=30.62% best=30.62% std=24.6%
[DTPO] it=19/150 step=189981 J_new=0.0035 kept mode=leaf gate=revert(2) cand=15.37% leaves=16 survival=30.62% best=30.62% std=24.6%
[DTPO] it=20/150 step=199980 J_new=0.0036 kept mode=leaf gate=revert(3) cand=15.37% leaves=16 survival=30.62% best=30.62% std=24.6%
[DTPO] it=21/150 step=209979 J_new=0.1623 kept mode=full gate=accept cand=30.62% leaves=16 survival=30.62% best=30.62% std=24.6%
[DTPO] it=22/150 step=219978 J_new=0.0060 kept mode=leaf gate=accept cand=30.62% leaves=16 survival=30.62% best=30.62% std=24.6%
[DTPO] it=23/150 step=229977 J_new=0.0071 kept mode=leaf gate=revert(1) cand=15.37% leaves=16 survival=30.62% best=30.62% std=24.6%
[DTPO] it=24/150 step=239976 J_new=0.0049 kept mode=leaf gate=revert(2) cand=15.37% leaves=16 survival=30.62% best=30.62% std=24.6%
[DTPO] it=25/150 step=249975 J_new=0.0032 kept mode=leaf gate=revert(3) cand=15.37% leaves=16 survival=30.62% best=30.62% std=24.6%
[DTPO] it=26/150 step=259974 J_new=0.0770 kept mode=full gate=accept cand=30.62% leaves=16 survival=30.62% best=30.62% std=24.6%
[DTPO] it=27/150 step=269973 J_new=0.0066 kept mode=leaf gate=accept cand=30.62% leaves=16 survival=30.62% best=30.62% std=24.6%
[DTPO] it=28/150 step=279972 J_new=0.0078 kept mode=leaf gate=revert(1) cand=15.37% leaves=16 survival=30.62% best=30.62% std=24.6%
[DTPO] it=29/150 step=289971 J_new=0.0040 kept mode=leaf gate=revert(2) cand=15.37% leaves=16 survival=30.62% best=30.62% std=24.6%
[DTPO] it=30/150 step=299970 J_new=0.0037 kept mode=leaf gate=revert(3) cand=15.37% leaves=16 survival=30.62% best=30.62% std=24.6%
[DTPO] it=31/150 step=309969 J_new=0.1557 kept mode=full gate=revert(4) cand=15.37% leaves=16 survival=30.62% best=30.62% std=24.6%
[DTPO] it=32/150 step=319968 J_new=0.0037 kept mode=leaf gate=revert(5) cand=15.37% leaves=16 survival=30.62% best=30.62% std=24.6%
[DTPO] it=33/150 step=329967 J_new=0.0052 kept mode=leaf gate=revert(6) cand=15.37% leaves=16 survival=30.62% best=30.62% std=24.6%
[DTPO] it=34/150 step=339966 J_new=0.0040 kept mode=leaf gate=accept cand=30.62% leaves=16 survival=30.62% best=30.62% std=24.6%
[DTPO] it=35/150 step=349965 J_new=0.0057 kept mode=leaf gate=revert(1) cand=15.37% leaves=16 survival=30.62% best=30.62% std=24.6%
[DTPO] it=36/150 step=359964 J_new=0.2223 kept mode=full gate=revert(2) cand=0.23% leaves=16 survival=30.62% best=30.62% std=24.6%
[DTPO] it=37/150 step=369963 J_new=0.0039 kept mode=leaf gate=accept cand=30.62% leaves=16 survival=30.62% best=30.62% std=24.6%
[DTPO] it=38/150 step=379962 J_new=0.0059 kept mode=leaf gate=accept cand=30.62% leaves=16 survival=30.62% best=30.62% std=24.6%
[DTPO] it=39/150 step=389961 J_new=0.0076 kept mode=leaf gate=revert(1) cand=15.37% leaves=16 survival=30.62% best=30.62% std=24.6%
[DTPO] it=40/150 step=399960 J_new=0.0047 kept mode=leaf gate=revert(2) cand=15.37% leaves=16 survival=30.62% best=30.62% std=24.6%
[DTPO] it=41/150 step=409959 J_new=0.0730 kept mode=full gate=revert(3) cand=15.42% leaves=16 survival=30.62% best=30.62% std=24.6%
[DTPO] it=42/150 step=419958 J_new=0.0034 kept mode=leaf gate=revert(4) cand=15.37% leaves=16 survival=30.62% best=30.62% std=24.6%
[DTPO] it=43/150 step=429957 J_new=0.0038 kept mode=leaf gate=revert(5) cand=15.37% leaves=16 survival=30.62% best=30.62% std=24.6%
[DTPO] it=44/150 step=439956 J_new=0.0037 kept mode=leaf gate=revert(6) cand=15.37% leaves=16 survival=30.62% best=30.62% std=24.6%
[DTPO] it=45/150 step=449955 J_new=0.0046 kept mode=leaf gate=accept cand=30.62% leaves=16 survival=30.62% best=30.62% std=24.6%
[DTPO] it=46/150 step=459954 J_new=0.0068 kept mode=full gate=revert(1) cand=15.37% leaves=16 survival=30.62% best=30.62% std=24.6%
[DTPO] it=47/150 step=469953 J_new=0.0037 kept mode=leaf gate=revert(2) cand=15.37% leaves=16 survival=30.62% best=30.62% std=24.6%
[DTPO] it=48/150 step=479952 J_new=0.0038 kept mode=leaf gate=revert(3) cand=15.37% leaves=16 survival=30.62% best=30.62% std=24.6%
[DTPO] it=49/150 step=489951 J_new=0.0034 kept mode=leaf gate=accept cand=30.62% leaves=16 survival=30.62% best=30.62% std=24.6%
[DTPO] it=50/150 step=499950 J_new=0.0052 kept mode=leaf gate=accept cand=30.62% leaves=16 survival=30.62% best=30.62% std=24.6%
[DTPO] it=51/150 step=509949 J_new=0.0074 kept mode=full gate=accept cand=30.62% leaves=16 survival=30.62% best=30.62% std=24.6%
[DTPO] it=52/150 step=519948 J_new=0.0086 kept mode=leaf gate=accept cand=30.62% leaves=16 survival=30.62% best=30.62% std=24.6%
[DTPO] it=53/150 step=529947 J_new=0.0084 kept mode=leaf gate=revert(1) cand=15.37% leaves=16 survival=30.62% best=30.62% std=24.6%
[DTPO] it=54/150 step=539946 J_new=0.0039 kept mode=leaf gate=revert(2) cand=15.37% leaves=16 survival=30.62% best=30.62% std=24.6%
[DTPO] it=55/150 step=549945 J_new=0.0040 kept mode=leaf gate=revert(3) cand=15.37% leaves=16 survival=30.62% best=30.62% std=24.6%
[DTPO] it=56/150 step=559944 J_new=0.1424 kept mode=full gate=revert(4) cand=15.37% leaves=16 survival=30.62% best=30.62% std=24.6%
[DTPO] it=57/150 step=569943 J_new=0.0041 kept mode=leaf gate=revert(5) cand=15.37% leaves=16 survival=30.62% best=30.62% std=24.6%
[DTPO] it=58/150 step=579942 J_new=0.0036 kept mode=leaf gate=revert(6) cand=15.37% leaves=16 survival=30.62% best=30.62% std=24.6%
[DTPO] it=59/150 step=589941 J_new=0.0038 kept mode=leaf gate=revert(7) cand=15.37% leaves=16 survival=30.62% best=30.62% std=24.6%
[DTPO] it=60/150 step=599940 J_new=0.0034 kept mode=leaf gate=revert(8) cand=15.37% leaves=16 survival=30.62% best=30.62% std=24.6%
[DTPO] it=61/150 step=609939 J_new=0.1487 kept mode=full gate=revert(9) cand=15.37% leaves=16 survival=30.62% best=30.62% std=24.6%
[DTPO] it=62/150 step=619938 J_new=0.0043 kept mode=leaf gate=revert(10) cand=15.37% leaves=16 survival=30.62% best=30.62% std=24.6%
[DTPO] it=63/150 step=629937 J_new=0.0034 kept mode=leaf gate=revert(11) cand=15.37% leaves=16 survival=30.62% best=30.62% std=24.6%
[DTPO] it=64/150 step=639936 J_new=0.0043 kept mode=leaf gate=revert(12) cand=15.37% leaves=16 survival=30.62% best=30.62% std=24.6%
[DTPO] it=65/150 step=649935 J_new=0.0039 kept mode=leaf gate=revert(13) cand=15.37% leaves=16 survival=30.62% best=30.62% std=24.6%
[DTPO] it=66/150 step=659934 J_new=0.0770 kept mode=full gate=revert(14) cand=15.37% leaves=16 survival=30.62% best=30.62% std=24.6%
[DTPO] it=67/150 step=669933 J_new=0.0037 kept mode=leaf gate=revert(15) cand=15.37% leaves=16 survival=30.62% best=30.62% std=24.6%
[DTPO] it=68/150 step=679932 J_new=0.0037 kept mode=leaf gate=revert(16) cand=15.37% leaves=16 survival=30.62% best=30.62% std=24.6%
[DTPO] it=69/150 step=689931 J_new=0.0037 kept mode=leaf gate=revert(17) cand=15.37% leaves=16 survival=30.62% best=30.62% std=24.6%
[DTPO] it=70/150 step=699930 J_new=0.0037 kept mode=leaf gate=accept cand=30.62% leaves=16 survival=30.62% best=30.62% std=24.6%
[DTPO] it=71/150 step=709929 J_new=0.0063 kept mode=full gate=revert(1) cand=0.31% leaves=16 survival=30.62% best=30.62% std=24.6%
[DTPO] it=72/150 step=719928 J_new=0.0046 kept mode=leaf gate=revert(2) cand=15.37% leaves=16 survival=30.62% best=30.62% std=24.6%
[DTPO] it=73/150 step=729927 J_new=0.0073 kept mode=leaf gate=accept cand=30.62% leaves=16 survival=30.62% best=30.62% std=24.6%
[DTPO] it=74/150 step=739926 J_new=0.0059 kept mode=leaf gate=revert(1) cand=15.37% leaves=16 survival=30.62% best=30.62% std=24.6%
[DTPO] it=75/150 step=749925 J_new=0.0042 kept mode=leaf gate=accept cand=30.62% leaves=16 survival=30.62% best=30.62% std=24.6%
[DTPO] it=76/150 step=759924 J_new=0.0062 kept mode=full gate=accept cand=30.62% leaves=16 survival=30.62% best=30.62% std=24.6%
[DTPO] it=77/150 step=769923 J_new=0.0075 kept mode=leaf gate=accept cand=30.62% leaves=16 survival=30.62% best=30.62% std=24.6%
[DTPO] it=78/150 step=779922 J_new=0.0088 kept mode=leaf gate=accept cand=30.62% leaves=16 survival=30.62% best=30.62% std=24.6%
[DTPO] it=79/150 step=789921 J_new=0.0082 kept mode=leaf gate=revert(1) cand=15.37% leaves=16 survival=30.62% best=30.62% std=24.6%
[DTPO] it=80/150 step=799920 J_new=0.0035 kept mode=leaf gate=accept cand=30.62% leaves=16 survival=30.62% best=30.62% std=24.6%
[DTPO] it=81/150 step=809919 J_new=0.0065 kept mode=full gate=revert(1) cand=15.37% leaves=16 survival=30.62% best=30.62% std=24.6%
[DTPO] it=82/150 step=819918 J_new=0.0036 kept mode=leaf gate=accept cand=30.62% leaves=16 survival=30.62% best=30.62% std=24.6%
[DTPO] it=83/150 step=829917 J_new=0.0051 kept mode=leaf gate=accept cand=30.62% leaves=16 survival=30.62% best=30.62% std=24.6%
[DTPO] it=84/150 step=839916 J_new=0.0066 kept mode=leaf gate=revert(1) cand=18.76% leaves=16 survival=30.62% best=30.62% std=24.6%
[DTPO] it=85/150 step=849915 J_new=0.0038 kept mode=leaf gate=accept cand=30.62% leaves=16 survival=30.62% best=30.62% std=24.6%
[DTPO] it=86/150 step=859914 J_new=0.0049 kept mode=full gate=accept cand=30.62% leaves=16 survival=30.62% best=30.62% std=24.6%
[DTPO] it=87/150 step=869913 J_new=0.0066 kept mode=leaf gate=revert(1) cand=15.37% leaves=16 survival=30.62% best=30.62% std=24.6%
[DTPO] it=88/150 step=879912 J_new=0.0046 kept mode=leaf gate=revert(2) cand=15.37% leaves=16 survival=30.62% best=30.62% std=24.6%
[DTPO] it=89/150 step=889911 J_new=0.0035 kept mode=leaf gate=revert(3) cand=15.37% leaves=16 survival=30.62% best=30.62% std=24.6%
[DTPO] it=90/150 step=899910 J_new=0.0036 kept mode=leaf gate=revert(4) cand=15.37% leaves=16 survival=30.62% best=30.62% std=24.6%
[DTPO] it=91/150 step=909909 J_new=0.1019 kept mode=full gate=revert(5) cand=15.37% leaves=16 survival=30.62% best=30.62% std=24.6%
[DTPO] it=92/150 step=919908 J_new=0.0038 kept mode=leaf gate=revert(6) cand=15.37% leaves=16 survival=30.62% best=30.62% std=24.6%
[DTPO] it=93/150 step=929907 J_new=0.0041 kept mode=leaf gate=revert(7) cand=15.37% leaves=16 survival=30.62% best=30.62% std=24.6%
[DTPO] it=94/150 step=939906 J_new=0.0036 kept mode=leaf gate=revert(8) cand=25.97% leaves=16 survival=30.62% best=30.62% std=24.6%
[DTPO] it=95/150 step=949905 J_new=0.0037 kept mode=leaf gate=revert(9) cand=25.97% leaves=16 survival=30.62% best=30.62% std=24.6%
[DTPO] it=96/150 step=959904 J_new=0.1598 kept mode=full gate=revert(10) cand=15.37% leaves=16 survival=30.62% best=30.62% std=24.6%
[DTPO] it=97/150 step=969903 J_new=0.0041 kept mode=leaf gate=revert(11) cand=15.37% leaves=16 survival=30.62% best=30.62% std=24.6%
[DTPO] it=98/150 step=979902 J_new=0.0033 kept mode=leaf gate=revert(12) cand=15.37% leaves=16 survival=30.62% best=30.62% std=24.6%
[DTPO] it=99/150 step=989901 J_new=0.0034 kept mode=leaf gate=revert(13) cand=25.97% leaves=16 survival=30.62% best=30.62% std=24.6%
[DTPO] it=100/150 step=999900 J_new=0.0036 kept mode=leaf gate=accept cand=30.62% leaves=16 survival=30.62% best=30.62% std=24.6%
[DTPO] it=101/150 step=1009899 J_new=0.0058 kept mode=full gate=revert(1) cand=15.37% leaves=16 survival=30.62% best=30.62% std=24.6%
[DTPO] it=102/150 step=1019898 J_new=0.0036 kept mode=leaf gate=revert(2) cand=15.37% leaves=16 survival=30.62% best=30.62% std=24.6%
[DTPO] it=103/150 step=1029897 J_new=0.0035 kept mode=leaf gate=revert(3) cand=15.37% leaves=16 survival=30.62% best=30.62% std=24.6%
[DTPO] it=104/150 step=1039896 J_new=0.0039 kept mode=leaf gate=revert(4) cand=15.37% leaves=16 survival=30.62% best=30.62% std=24.6%
[DTPO] it=105/150 step=1049895 J_new=0.0051 kept mode=leaf gate=revert(5) cand=15.37% leaves=16 survival=30.62% best=30.62% std=24.6%
[DTPO] it=106/150 step=1059894 J_new=0.0562 kept mode=full gate=accept cand=30.62% leaves=16 survival=30.62% best=30.62% std=24.6%
[DTPO] it=107/150 step=1069893 J_new=0.0061 kept mode=leaf gate=revert(1) cand=15.37% leaves=16 survival=30.62% best=30.62% std=24.6%
[DTPO] it=108/150 step=1079892 J_new=0.0285 kept mode=leaf gate=revert(2) cand=15.37% leaves=16 survival=30.62% best=30.62% std=24.6%
[DTPO] it=109/150 step=1089891 J_new=0.0037 kept mode=leaf gate=revert(3) cand=15.37% leaves=16 survival=30.62% best=30.62% std=24.6%
[DTPO] it=110/150 step=1099890 J_new=0.0033 kept mode=leaf gate=revert(4) cand=15.37% leaves=16 survival=30.62% best=30.62% std=24.6%
[DTPO] it=111/150 step=1109889 J_new=0.8739 kept mode=full gate=revert(5) cand=0.16% leaves=16 survival=30.62% best=30.62% std=24.6%
[DTPO] it=112/150 step=1119888 J_new=0.0151 kept mode=leaf gate=accept cand=30.62% leaves=16 survival=30.62% best=30.62% std=24.6%
[DTPO] stored 5 candidate trees for final selection (cheap survivals: ['30.6%', '30.6%', '30.6%', '30.6%', '30.6%']). Run dtpo_select.py --ckpt <ckpt> --episodes 100 to pick the honest best.
