[F2] training env filtered to 753/1004 chronics (every 4th id held out for evaluation)
Initializing the distributed action 'mapper'... (takes a while with big action spaces)
[F2] training env filtered to 753/1004 chronics (every 4th id held out for evaluation)
[F2] training env filtered to 753/1004 chronics (every 4th id held out for evaluation)
[F2] training env filtered to 753/1004 chronics (every 4th id held out for evaluation)
[F2] training env filtered to 753/1004 chronics (every 4th id held out for evaluation)
[DTPO] gate eval on 40 training-side chronics (of 1004); overlap with the held-out pool = 0 (must be 0): ids=[0, 25, 50, 76, 102, 128, 153, 178, 205, 230, 256, 282]...
[DTPO] it=1/150 step=9999 J_new=0.1346 kept mode=full leaves=16 survival=25.97% best=25.97% std=19.9%
[DTPO] it=2/150 step=19998 J_new=0.1705 kept mode=full leaves=16 survival=23.33% best=25.97% std=17.1%
[DTPO] it=3/150 step=29997 J_new=0.1333 kept mode=full leaves=16 survival=15.45% best=25.97% std=9.1%
[DTPO] it=4/150 step=39996 J_new=0.0446 kept mode=full leaves=16 survival=14.04% best=25.97% std=9.3%
[DTPO] it=5/150 step=49995 J_new=0.2111 kept mode=full leaves=16 survival=17.84% best=25.97% std=12.6%
[DTPO] it=6/150 step=59994 J_new=0.0357 kept mode=full leaves=16 survival=17.84% best=25.97% std=12.6%
[DTPO] it=7/150 step=69993 J_new=0.1733 kept mode=full leaves=16 survival=17.84% best=25.97% std=12.6%
[DTPO] it=8/150 step=79992 J_new=0.0849 kept mode=full leaves=16 survival=17.84% best=25.97% std=12.6%
[DTPO] it=9/150 step=89991 J_new=0.1223 kept mode=full leaves=16 survival=17.84% best=25.97% std=12.6%
[DTPO] it=10/150 step=99990 J_new=0.2299 kept mode=full leaves=16 survival=15.13% best=25.97% std=9.3%
[DTPO] it=11/150 step=109989 J_new=0.0940 kept mode=full leaves=16 survival=15.13% best=25.97% std=9.3%
[DTPO] it=12/150 step=119988 J_new=0.0383 kept mode=full leaves=16 survival=15.13% best=25.97% std=9.3%
[DTPO] it=13/150 step=129987 J_new=0.0072 kept mode=full leaves=16 survival=15.13% best=25.97% std=9.3%
[DTPO] it=14/150 step=139986 J_new=0.0298 kept mode=full leaves=16 survival=17.84% best=25.97% std=12.6%
[DTPO] it=15/150 step=149985 J_new=0.0391 kept mode=full leaves=16 survival=17.84% best=25.97% std=12.6%
[DTPO] it=16/150 step=159984 J_new=0.0859 kept mode=full leaves=16 survival=17.84% best=25.97% std=12.6%
[DTPO] it=17/150 step=169983 J_new=0.1501 kept mode=full leaves=16 survival=17.84% best=25.97% std=12.6%
[DTPO] it=18/150 step=179982 J_new=0.1628 kept mode=full leaves=16 survival=17.84% best=25.97% std=12.6%
[DTPO] it=19/150 step=189981 J_new=0.0710 kept mode=full leaves=16 survival=12.43% best=25.97% std=6.1%
[DTPO] it=20/150 step=199980 J_new=0.1245 kept mode=full leaves=16 survival=14.17% best=25.97% std=7.2%
[DTPO] it=21/150 step=209979 J_new=0.1223 kept mode=full leaves=16 survival=17.29% best=25.97% std=10.8%
[DTPO] it=22/150 step=219978 J_new=0.1745 kept mode=full leaves=16 survival=17.62% best=25.97% std=11.0%
[DTPO] it=23/150 step=229977 J_new=0.0698 kept mode=full leaves=16 survival=5.96% best=25.97% std=5.8%
[DTPO] it=24/150 step=239976 J_new=0.0743 kept mode=full leaves=16 survival=1.52% best=25.97% std=1.4%
[DTPO] it=25/150 step=249975 J_new=0.1359 kept mode=full leaves=16 survival=17.84% best=25.97% std=12.6%
[DTPO] it=26/150 step=259974 J_new=0.0715 kept mode=full leaves=16 survival=14.64% best=25.97% std=8.9%
[DTPO] it=27/150 step=269973 J_new=0.0443 kept mode=full leaves=16 survival=19.57% best=25.97% std=15.9%
[DTPO] it=28/150 step=279972 J_new=0.0635 kept mode=full leaves=16 survival=15.00% best=25.97% std=11.7%
[DTPO] it=29/150 step=289971 J_new=0.0152 kept mode=full leaves=16 survival=16.47% best=25.97% std=12.3%
[DTPO] it=30/150 step=299970 J_new=0.1108 kept mode=full leaves=16 survival=17.84% best=25.97% std=12.6%
[DTPO] it=31/150 step=309969 J_new=0.0952 kept mode=full leaves=16 survival=17.84% best=25.97% std=12.6%
[DTPO] it=32/150 step=319968 J_new=0.1589 kept mode=full leaves=16 survival=17.84% best=25.97% std=12.6%
[DTPO] it=33/150 step=329967 J_new=0.1753 kept mode=full leaves=16 survival=8.91% best=25.97% std=7.7%
[DTPO] it=34/150 step=339966 J_new=0.2209 kept mode=full leaves=16 survival=7.33% best=25.97% std=2.6%
[DTPO] it=35/150 step=349965 J_new=0.0970 kept mode=full leaves=16 survival=15.70% best=25.97% std=10.0%
[DTPO] it=36/150 step=359964 J_new=0.4965 kept mode=full leaves=16 survival=17.84% best=25.97% std=12.6%
[DTPO] it=37/150 step=369963 J_new=0.1478 kept mode=full leaves=16 survival=17.84% best=25.97% std=12.6%
[DTPO] it=38/150 step=379962 J_new=0.1009 kept mode=full leaves=16 survival=15.26% best=25.97% std=9.7%
[DTPO] it=39/150 step=389961 J_new=0.0451 kept mode=full leaves=16 survival=18.57% best=25.97% std=13.1%
[DTPO] it=40/150 step=399960 J_new=0.0523 kept mode=full leaves=16 survival=12.43% best=25.97% std=8.5%
[DTPO] it=41/150 step=409959 J_new=0.0363 kept mode=full leaves=16 survival=17.84% best=25.97% std=12.6%
[DTPO] it=42/150 step=419958 J_new=0.1439 kept mode=full leaves=16 survival=1.04% best=25.97% std=0.8%
[DTPO] it=43/150 step=429957 J_new=0.0512 kept mode=full leaves=16 survival=13.87% best=25.97% std=9.8%
[DTPO] it=44/150 step=439956 J_new=0.0713 kept mode=full leaves=16 survival=17.84% best=25.97% std=12.6%
[DTPO] it=45/150 step=449955 J_new=0.1095 kept mode=full leaves=16 survival=17.84% best=25.97% std=12.6%
[DTPO] it=46/150 step=459954 J_new=0.1256 kept mode=full leaves=16 survival=17.84% best=25.97% std=12.6%
[DTPO] it=47/150 step=469953 J_new=0.0993 kept mode=full leaves=16 survival=20.39% best=25.97% std=20.7%
[DTPO] it=48/150 step=479952 J_new=0.0677 kept mode=full leaves=16 survival=17.56% best=25.97% std=17.0%
[DTPO] it=49/150 step=489951 J_new=0.0350 kept mode=full leaves=16 survival=17.29% best=25.97% std=12.2%
[DTPO] it=50/150 step=499950 J_new=0.0556 kept mode=full leaves=16 survival=16.10% best=25.97% std=10.5%
[DTPO] it=51/150 step=509949 J_new=0.1416 kept mode=full leaves=16 survival=17.28% best=25.97% std=12.2%
[DTPO] it=52/150 step=519948 J_new=0.0804 kept mode=full leaves=16 survival=17.84% best=25.97% std=12.6%
[DTPO] it=53/150 step=529947 J_new=0.1738 kept mode=full leaves=16 survival=6.42% best=25.97% std=4.2%
[DTPO] it=54/150 step=539946 J_new=0.0922 kept mode=full leaves=16 survival=8.75% best=25.97% std=3.8%
[DTPO] it=55/150 step=549945 J_new=0.0117 kept mode=full leaves=16 survival=7.21% best=25.97% std=4.0%
[DTPO] it=56/150 step=559944 J_new=0.0902 kept mode=full leaves=16 survival=5.90% best=25.97% std=3.4%
[DTPO] it=57/150 step=569943 J_new=0.0099 kept mode=full leaves=16 survival=8.25% best=25.97% std=8.2%
[DTPO] it=58/150 step=579942 J_new=0.0293 kept mode=full leaves=16 survival=5.97% best=25.97% std=3.4%
[DTPO] it=59/150 step=589941 J_new=0.1247 kept mode=full leaves=16 survival=6.77% best=25.97% std=6.6%
[DTPO] it=60/150 step=599940 J_new=0.0296 kept mode=full leaves=16 survival=7.57% best=25.97% std=4.3%
[DTPO] it=61/150 step=609939 J_new=0.0365 kept mode=full leaves=16 survival=7.49% best=25.97% std=4.4%
[DTPO] it=62/150 step=619938 J_new=0.0774 kept mode=full leaves=16 survival=5.68% best=25.97% std=3.2%
[DTPO] it=63/150 step=629937 J_new=0.0096 kept mode=full leaves=16 survival=15.81% best=25.97% std=11.9%
[DTPO] it=64/150 step=639936 J_new=0.0097 kept mode=full leaves=16 survival=16.39% best=25.97% std=12.2%
[DTPO] it=65/150 step=649935 J_new=0.0066 kept mode=full leaves=16 survival=17.92% best=25.97% std=12.6%
[DTPO] it=66/150 step=659934 J_new=0.0056 kept mode=full leaves=16 survival=17.36% best=25.97% std=12.2%
[DTPO] it=67/150 step=669933 J_new=0.0126 kept mode=full leaves=16 survival=19.06% best=25.97% std=14.0%
[DTPO] it=68/150 step=679932 J_new=0.0079 kept mode=full leaves=16 survival=19.53% best=25.97% std=14.3%
[DTPO] it=69/150 step=689931 J_new=0.0253 kept mode=full leaves=16 survival=6.98% best=25.97% std=6.9%
[DTPO] it=70/150 step=699930 J_new=0.0970 kept mode=full leaves=16 survival=10.89% best=25.97% std=8.0%
[DTPO] it=71/150 step=709929 J_new=0.0119 kept mode=full leaves=16 survival=11.51% best=25.97% std=8.3%
[DTPO] it=72/150 step=719928 J_new=0.0162 kept mode=full leaves=16 survival=10.59% best=25.97% std=7.2%
[DTPO] it=73/150 step=729927 J_new=0.0155 kept mode=full leaves=16 survival=10.87% best=25.97% std=7.4%
[DTPO] it=74/150 step=739926 J_new=0.0130 kept mode=full leaves=16 survival=11.48% best=25.97% std=8.6%
[DTPO] it=75/150 step=749925 J_new=0.0201 kept mode=full leaves=16 survival=11.44% best=25.97% std=7.7%
[DTPO] it=76/150 step=759924 J_new=0.0063 kept mode=full leaves=16 survival=11.44% best=25.97% std=7.7%
[DTPO] it=77/150 step=769923 J_new=0.0277 kept mode=full leaves=16 survival=11.43% best=25.97% std=8.8%
[DTPO] it=78/150 step=779922 J_new=0.0044 kept mode=full leaves=16 survival=11.39% best=25.97% std=9.0%
[DTPO] it=79/150 step=789921 J_new=0.0707 kept mode=full leaves=16 survival=11.39% best=25.97% std=9.0%
[DTPO] it=80/150 step=799920 J_new=0.0122 kept mode=full leaves=16 survival=9.35% best=25.97% std=6.1%
[DTPO] it=81/150 step=809919 J_new=0.0062 kept mode=full leaves=16 survival=8.93% best=25.97% std=4.7%
[DTPO] it=82/150 step=819918 J_new=0.0089 kept mode=full leaves=16 survival=8.12% best=25.97% std=4.0%
[DTPO] it=83/150 step=829917 J_new=0.0037 kept mode=full leaves=16 survival=7.71% best=25.97% std=3.9%
[DTPO] it=84/150 step=839916 J_new=0.0139 kept mode=full leaves=16 survival=7.79% best=25.97% std=3.6%
[DTPO] it=85/150 step=849915 J_new=0.0286 kept mode=full leaves=16 survival=7.46% best=25.97% std=5.0%
[DTPO] it=86/150 step=859914 J_new=0.0076 kept mode=full leaves=16 survival=7.10% best=25.97% std=3.6%
[DTPO] it=87/150 step=869913 J_new=0.0136 kept mode=full leaves=16 survival=6.63% best=25.97% std=3.3%
[DTPO] it=88/150 step=879912 J_new=0.0086 kept mode=full leaves=16 survival=6.92% best=25.97% std=3.5%
[DTPO] it=89/150 step=889911 J_new=0.0087 kept mode=full leaves=16 survival=7.71% best=25.97% std=4.6%
[DTPO] it=90/150 step=899910 J_new=0.0022 kept mode=full leaves=16 survival=7.27% best=25.97% std=3.8%
[DTPO] it=91/150 step=909909 J_new=0.0048 kept mode=full leaves=16 survival=7.76% best=25.97% std=3.5%
[DTPO] it=92/150 step=919908 J_new=0.0043 kept mode=full leaves=16 survival=7.73% best=25.97% std=3.5%
[DTPO] it=93/150 step=929907 J_new=0.0028 kept mode=full leaves=16 survival=8.88% best=25.97% std=5.6%
[DTPO] it=94/150 step=939906 J_new=0.0041 kept mode=full leaves=16 survival=7.62% best=25.97% std=3.6%
[DTPO] it=95/150 step=949905 J_new=0.0040 kept mode=full leaves=16 survival=16.80% best=25.97% std=11.5%
[DTPO] it=96/150 step=959904 J_new=-0.0004 revert mode=full leaves=16 survival=16.80% best=25.97% std=11.5%
[DTPO] it=97/150 step=969903 J_new=-0.0064 revert mode=full leaves=16 survival=16.80% best=25.97% std=11.5%
[DTPO] it=98/150 step=979902 J_new=0.0040 kept mode=full leaves=16 survival=17.84% best=25.97% std=12.6%
[DTPO] it=99/150 step=989901 J_new=0.0054 kept mode=full leaves=16 survival=17.84% best=25.97% std=12.6%
[DTPO] it=100/150 step=999900 J_new=0.0057 kept mode=full leaves=16 survival=17.84% best=25.97% std=12.6%
[DTPO] it=101/150 step=1009899 J_new=0.0059 kept mode=full leaves=16 survival=17.90% best=25.97% std=12.6%
[DTPO] it=102/150 step=1019898 J_new=0.0048 kept mode=full leaves=16 survival=17.90% best=25.97% std=12.6%
[DTPO] it=103/150 step=1029897 J_new=0.0056 kept mode=full leaves=16 survival=17.98% best=25.97% std=12.6%
[DTPO] it=104/150 step=1039896 J_new=0.0042 kept mode=full leaves=16 survival=17.98% best=25.97% std=12.6%
[DTPO] it=105/150 step=1049895 J_new=0.0081 kept mode=full leaves=16 survival=14.82% best=25.97% std=8.9%
[DTPO] it=106/150 step=1059894 J_new=0.0049 kept mode=full leaves=16 survival=15.09% best=25.97% std=9.4%
[DTPO] it=107/150 step=1069893 J_new=0.0076 kept mode=full leaves=16 survival=17.84% best=25.97% std=12.6%
[DTPO] it=108/150 step=1079892 J_new=0.0053 kept mode=full leaves=16 survival=16.35% best=25.97% std=10.2%
[DTPO] it=109/150 step=1089891 J_new=0.0106 kept mode=full leaves=16 survival=17.84% best=25.97% std=12.6%
[DTPO] it=110/150 step=1099890 J_new=0.0044 kept mode=full leaves=16 survival=17.84% best=25.97% std=12.6%
[DTPO] it=111/150 step=1109889 J_new=0.0050 kept mode=full leaves=16 survival=13.91% best=25.97% std=8.4%
[DTPO] it=112/150 step=1119888 J_new=0.0098 kept mode=full leaves=16 survival=14.73% best=25.97% std=8.9%
[DTPO] it=113/150 step=1129887 J_new=0.0064 kept mode=full leaves=16 survival=15.14% best=25.97% std=9.3%
[DTPO] it=114/150 step=1139886 J_new=0.0077 kept mode=full leaves=16 survival=15.70% best=25.97% std=10.0%
[DTPO] it=115/150 step=1149885 J_new=0.0067 kept mode=full leaves=16 survival=16.40% best=25.97% std=11.4%
[DTPO] it=116/150 step=1159884 J_new=0.0062 kept mode=full leaves=16 survival=13.10% best=25.97% std=10.8%
[DTPO] it=117/150 step=1169883 J_new=0.0057 kept mode=full leaves=16 survival=12.65% best=25.97% std=10.2%
[DTPO] it=118/150 step=1179882 J_new=0.0055 kept mode=full leaves=16 survival=12.65% best=25.97% std=10.2%
[DTPO] it=119/150 step=1189881 J_new=0.0034 kept mode=full leaves=16 survival=14.67% best=25.97% std=8.6%
[DTPO] it=120/150 step=1199880 J_new=0.0101 kept mode=full leaves=16 survival=14.22% best=25.97% std=10.8%
[DTPO] it=121/150 step=1209879 J_new=0.0066 kept mode=full leaves=16 survival=14.55% best=25.97% std=8.7%
[DTPO] it=122/150 step=1219878 J_new=0.0043 kept mode=full leaves=16 survival=12.90% best=25.97% std=10.0%
[DTPO] it=123/150 step=1229877 J_new=0.0065 kept mode=full leaves=16 survival=13.97% best=25.97% std=9.3%
[DTPO] it=124/150 step=1239876 J_new=0.0094 kept mode=full leaves=16 survival=13.97% best=25.97% std=9.3%
[DTPO] it=125/150 step=1249875 J_new=0.0117 kept mode=full leaves=16 survival=13.97% best=25.97% std=10.4%
[DTPO] it=126/150 step=1259874 J_new=0.0112 kept mode=full leaves=16 survival=13.47% best=25.97% std=7.6%
[DTPO] it=127/150 step=1269873 J_new=0.0089 kept mode=full leaves=16 survival=14.18% best=25.97% std=8.4%
[DTPO] it=128/150 step=1279872 J_new=0.0055 kept mode=full leaves=16 survival=14.12% best=25.97% std=8.2%
[DTPO] it=129/150 step=1289871 J_new=0.0048 kept mode=full leaves=16 survival=14.17% best=25.97% std=8.2%
[DTPO] it=130/150 step=1299870 J_new=0.0090 kept mode=full leaves=16 survival=13.77% best=25.97% std=10.4%
[DTPO] it=131/150 step=1309869 J_new=0.0096 kept mode=full leaves=16 survival=13.67% best=25.97% std=9.7%
[DTPO] it=132/150 step=1319868 J_new=0.0024 kept mode=full leaves=16 survival=13.93% best=25.97% std=9.3%
[DTPO] it=133/150 step=1329867 J_new=0.0095 kept mode=full leaves=16 survival=13.93% best=25.97% std=9.3%
[DTPO] it=134/150 step=1339866 J_new=0.0074 kept mode=full leaves=16 survival=12.75% best=25.97% std=8.7%
[DTPO] it=135/150 step=1349865 J_new=0.0064 kept mode=full leaves=16 survival=15.31% best=25.97% std=9.8%
[DTPO] it=136/150 step=1359864 J_new=0.0125 kept mode=full leaves=16 survival=13.63% best=25.97% std=10.1%
[DTPO] it=137/150 step=1369863 J_new=0.0069 kept mode=full leaves=16 survival=17.48% best=25.97% std=12.3%
[DTPO] it=138/150 step=1379862 J_new=0.0086 kept mode=full leaves=16 survival=12.17% best=25.97% std=7.2%
[DTPO] it=139/150 step=1389861 J_new=0.0028 kept mode=full leaves=16 survival=12.91% best=25.97% std=6.9%
[DTPO] it=140/150 step=1399860 J_new=0.0083 kept mode=full leaves=16 survival=16.91% best=25.97% std=11.9%
[DTPO] it=141/150 step=1409859 J_new=0.0044 kept mode=full leaves=16 survival=14.50% best=25.97% std=8.5%
[DTPO] it=142/150 step=1419858 J_new=0.0146 kept mode=full leaves=16 survival=14.78% best=25.97% std=8.8%
[DTPO] it=143/150 step=1429857 J_new=0.0055 kept mode=full leaves=16 survival=16.36% best=25.97% std=10.2%
[DTPO] it=144/150 step=1439856 J_new=0.0142 kept mode=full leaves=16 survival=15.04% best=25.97% std=8.7%
[DTPO] it=145/150 step=1449855 J_new=0.0259 kept mode=full leaves=16 survival=16.71% best=25.97% std=10.6%
[DTPO] it=146/150 step=1459854 J_new=0.0152 kept mode=full leaves=16 survival=16.35% best=25.97% std=10.2%
[DTPO] it=147/150 step=1469853 J_new=0.0087 kept mode=full leaves=16 survival=9.95% best=25.97% std=6.6%
[DTPO] it=148/150 step=1479852 J_new=0.0088 kept mode=full leaves=16 survival=14.78% best=25.97% std=8.8%
[DTPO] it=149/150 step=1489851 J_new=0.0067 kept mode=full leaves=16 survival=14.78% best=25.97% std=8.8%
[DTPO] it=150/150 step=1499850 J_new=0.0038 kept mode=full leaves=16 survival=14.78% best=25.97% std=8.8%
[DTPO] stored 5 candidate trees for final selection (cheap survivals: ['26.0%', '23.3%', '20.4%', '19.6%', '19.5%']). Run dtpo_select.py --ckpt <ckpt> --episodes 100 to pick the honest best.
