Detected IPython. Loading juliacall extension. See https://juliapy.github.io/PythonCall.jl/stable/compat/#IPython
[F2] training env filtered to 753/1004 chronics (every 4th id held out for evaluation)
Initializing the distributed action 'mapper'... (takes a while with big action spaces)
[F2] training env filtered to 753/1004 chronics (every 4th id held out for evaluation)
[F2] training env filtered to 753/1004 chronics (every 4th id held out for evaluation)
[F2] training env filtered to 753/1004 chronics (every 4th id held out for evaluation)
[F2] training env filtered to 753/1004 chronics (every 4th id held out for evaluation)
[DTPO] gate eval on 40 training-side chronics (of 1004); overlap with the held-out pool = 0 (must be 0): ids=[0, 25, 50, 76, 102, 128, 153, 178, 205, 230, 256, 282]...
[DTPO] it=1/150 step=9999 J_new=0.0363 kept mode=full gate=accept cand=22.17% leaves=16 survival=22.17% best=22.17% std=25.4%
[DTPO] it=2/150 step=19998 J_new=0.0904 kept mode=full gate=revert(1) cand=20.31% leaves=16 survival=22.17% best=22.17% std=25.4%
[DTPO] it=3/150 step=29997 J_new=0.0643 kept mode=full gate=revert(2) cand=18.76% leaves=16 survival=22.17% best=22.17% std=25.4%
[DTPO] it=4/150 step=39996 J_new=0.1196 kept mode=full gate=revert(3) cand=17.05% leaves=16 survival=22.17% best=22.17% std=25.4%
[DTPO] it=5/150 step=49995 J_new=0.1678 kept mode=full gate=revert(4) cand=19.77% leaves=16 survival=22.17% best=22.17% std=25.4%
[DTPO] it=6/150 step=59994 J_new=0.0262 kept mode=full gate=revert(5) cand=17.05% leaves=16 survival=22.17% best=22.17% std=25.4%
[DTPO] it=7/150 step=69993 J_new=0.0962 kept mode=full gate=accept cand=25.83% leaves=16 survival=25.83% best=25.83% std=26.7%
[DTPO] it=8/150 step=79992 J_new=0.0110 kept mode=full gate=revert(1) cand=17.10% leaves=16 survival=25.83% best=25.83% std=26.7%
[DTPO] it=9/150 step=89991 J_new=0.1035 kept mode=full gate=accept cand=41.39% leaves=16 survival=41.39% best=41.39% std=34.4%
[DTPO] it=10/150 step=99990 J_new=0.1110 kept mode=full gate=accept cand=63.10% leaves=16 survival=63.10% best=63.10% std=42.9%
[DTPO] it=11/150 step=109989 J_new=0.0820 kept mode=full gate=revert(1) cand=20.31% leaves=16 survival=63.10% best=63.10% std=42.9%
[DTPO] it=12/150 step=119988 J_new=0.0792 kept mode=full gate=revert(2) cand=2.87% leaves=16 survival=63.10% best=63.10% std=42.9%
[DTPO] it=13/150 step=129987 J_new=0.1676 kept mode=full gate=revert(3) cand=1.01% leaves=16 survival=63.10% best=63.10% std=42.9%
[DTPO] it=14/150 step=139986 J_new=0.3038 kept mode=full gate=revert(4) cand=39.57% leaves=16 survival=63.10% best=63.10% std=42.9%
[DTPO] it=15/150 step=149985 J_new=0.0880 kept mode=full gate=revert(5) cand=1.08% leaves=16 survival=63.10% best=63.10% std=42.9%
[DTPO] it=16/150 step=159984 J_new=0.1344 kept mode=full gate=revert(6) cand=11.83% leaves=16 survival=63.10% best=63.10% std=42.9%
[DTPO] it=17/150 step=169983 J_new=0.1659 kept mode=full gate=revert(7) cand=19.77% leaves=16 survival=63.10% best=63.10% std=42.9%
[DTPO] it=18/150 step=179982 J_new=0.0199 kept mode=full gate=revert(8) cand=37.61% leaves=16 survival=63.10% best=63.10% std=42.9%
[DTPO] it=19/150 step=189981 J_new=0.1746 kept mode=full gate=revert(9) cand=19.77% leaves=16 survival=63.10% best=63.10% std=42.9%
[DTPO] it=20/150 step=199980 J_new=0.2378 kept mode=full gate=revert(10) cand=19.46% leaves=16 survival=63.10% best=63.10% std=42.9%
[DTPO] it=21/150 step=209979 J_new=0.1415 kept mode=full gate=revert(11) cand=4.45% leaves=16 survival=63.10% best=63.10% std=42.9%
[DTPO] it=22/150 step=219978 J_new=0.1050 kept mode=full gate=revert(12) cand=14.09% leaves=16 survival=63.10% best=63.10% std=42.9%
[DTPO] it=23/150 step=229977 J_new=0.1302 kept mode=full gate=revert(13) cand=23.93% leaves=16 survival=63.10% best=63.10% std=42.9%
[DTPO] it=24/150 step=239976 J_new=0.1977 kept mode=full gate=revert(14) cand=19.77% leaves=16 survival=63.10% best=63.10% std=42.9%
[DTPO] it=25/150 step=249975 J_new=0.0988 kept mode=full gate=revert(15) cand=10.50% leaves=16 survival=63.10% best=63.10% std=42.9%
[DTPO] it=26/150 step=259974 J_new=0.1247 kept mode=full gate=revert(16) cand=27.59% leaves=16 survival=63.10% best=63.10% std=42.9%
[DTPO] it=27/150 step=269973 J_new=0.1412 kept mode=full gate=revert(17) cand=16.80% leaves=16 survival=63.10% best=63.10% std=42.9%
[DTPO] it=28/150 step=279972 J_new=0.1166 kept mode=full gate=revert(18) cand=33.52% leaves=16 survival=63.10% best=63.10% std=42.9%
[DTPO] it=29/150 step=289971 J_new=0.1109 kept mode=full gate=revert(19) cand=14.05% leaves=16 survival=63.10% best=63.10% std=42.9%
[DTPO] it=30/150 step=299970 J_new=0.2051 kept mode=full gate=revert(20) cand=4.14% leaves=16 survival=63.10% best=63.10% std=42.9%
[DTPO] it=31/150 step=309969 J_new=0.1861 kept mode=full gate=revert(21) cand=19.77% leaves=16 survival=63.10% best=63.10% std=42.9%
[DTPO] it=32/150 step=319968 J_new=0.1700 kept mode=full gate=revert(22) cand=8.26% leaves=16 survival=63.10% best=63.10% std=42.9%
[DTPO] it=33/150 step=329967 J_new=0.0867 kept mode=full gate=revert(23) cand=2.71% leaves=16 survival=63.10% best=63.10% std=42.9%
[DTPO] it=34/150 step=339966 J_new=0.1337 kept mode=full gate=revert(24) cand=6.34% leaves=16 survival=63.10% best=63.10% std=42.9%
[DTPO] it=35/150 step=349965 J_new=0.2191 kept mode=full gate=revert(25) cand=52.37% leaves=16 survival=63.10% best=63.10% std=42.9%
[DTPO] it=36/150 step=359964 J_new=0.1051 kept mode=full gate=revert(26) cand=6.24% leaves=16 survival=63.10% best=63.10% std=42.9%
[DTPO] it=37/150 step=369963 J_new=0.1936 kept mode=full gate=revert(27) cand=16.05% leaves=16 survival=63.10% best=63.10% std=42.9%
[DTPO] it=38/150 step=379962 J_new=0.1459 kept mode=full gate=revert(28) cand=16.05% leaves=16 survival=63.10% best=63.10% std=42.9%
[DTPO] it=39/150 step=389961 J_new=0.1795 kept mode=full gate=revert(29) cand=4.12% leaves=16 survival=63.10% best=63.10% std=42.9%
[DTPO] it=40/150 step=399960 J_new=0.1194 kept mode=full gate=revert(30) cand=5.50% leaves=16 survival=63.10% best=63.10% std=42.9%
[DTPO] it=41/150 step=409959 J_new=0.0807 kept mode=full gate=revert(31) cand=19.77% leaves=16 survival=63.10% best=63.10% std=42.9%
[DTPO] it=42/150 step=419958 J_new=0.1774 kept mode=full gate=revert(32) cand=26.99% leaves=16 survival=63.10% best=63.10% std=42.9%
[DTPO] it=43/150 step=429957 J_new=0.1014 kept mode=full gate=revert(33) cand=12.71% leaves=16 survival=63.10% best=63.10% std=42.9%
[DTPO] it=44/150 step=439956 J_new=0.1425 kept mode=full gate=revert(34) cand=2.01% leaves=16 survival=63.10% best=63.10% std=42.9%
[DTPO] it=45/150 step=449955 J_new=0.0889 kept mode=full gate=revert(35) cand=3.49% leaves=16 survival=63.10% best=63.10% std=42.9%
[DTPO] it=46/150 step=459954 J_new=0.1327 kept mode=full gate=revert(36) cand=19.77% leaves=16 survival=63.10% best=63.10% std=42.9%
[DTPO] it=47/150 step=469953 J_new=0.1139 kept mode=full gate=revert(37) cand=18.12% leaves=16 survival=63.10% best=63.10% std=42.9%
[DTPO] it=48/150 step=479952 J_new=0.1130 kept mode=full gate=revert(38) cand=12.60% leaves=16 survival=63.10% best=63.10% std=42.9%
[DTPO] it=49/150 step=489951 J_new=0.1118 kept mode=full gate=revert(39) cand=19.32% leaves=16 survival=63.10% best=63.10% std=42.9%
[DTPO] it=50/150 step=499950 J_new=0.1096 kept mode=full gate=revert(40) cand=19.77% leaves=16 survival=63.10% best=63.10% std=42.9%
[DTPO] it=51/150 step=509949 J_new=0.1125 kept mode=full gate=revert(41) cand=14.56% leaves=16 survival=63.10% best=63.10% std=42.9%
[DTPO] it=52/150 step=519948 J_new=0.1126 kept mode=full gate=revert(42) cand=39.88% leaves=16 survival=63.10% best=63.10% std=42.9%
[DTPO] it=53/150 step=529947 J_new=0.0890 kept mode=full gate=revert(43) cand=16.94% leaves=16 survival=63.10% best=63.10% std=42.9%
[DTPO] it=54/150 step=539946 J_new=0.3169 kept mode=full gate=revert(44) cand=19.77% leaves=16 survival=63.10% best=63.10% std=42.9%
[DTPO] it=55/150 step=549945 J_new=0.1027 kept mode=full gate=revert(45) cand=44.04% leaves=16 survival=63.10% best=63.10% std=42.9%
[DTPO] it=56/150 step=559944 J_new=0.0556 kept mode=full gate=revert(46) cand=1.68% leaves=16 survival=63.10% best=63.10% std=42.9%
[DTPO] it=57/150 step=569943 J_new=0.0661 kept mode=full gate=revert(47) cand=23.98% leaves=16 survival=63.10% best=63.10% std=42.9%
[DTPO] it=58/150 step=579942 J_new=0.1011 kept mode=full gate=revert(48) cand=19.77% leaves=16 survival=63.10% best=63.10% std=42.9%
[DTPO] it=59/150 step=589941 J_new=0.2187 kept mode=full gate=revert(49) cand=52.37% leaves=16 survival=63.10% best=63.10% std=42.9%
[DTPO] it=60/150 step=599940 J_new=0.0944 kept mode=full gate=revert(50) cand=0.13% leaves=16 survival=63.10% best=63.10% std=42.9%
[DTPO] it=61/150 step=609939 J_new=0.1041 kept mode=full gate=revert(51) cand=8.71% leaves=16 survival=63.10% best=63.10% std=42.9%
[DTPO] it=62/150 step=619938 J_new=0.0750 kept mode=full gate=revert(52) cand=27.76% leaves=16 survival=63.10% best=63.10% std=42.9%
[DTPO] it=63/150 step=629937 J_new=0.1405 kept mode=full gate=revert(53) cand=19.77% leaves=16 survival=63.10% best=63.10% std=42.9%
[DTPO] it=64/150 step=639936 J_new=0.1116 kept mode=full gate=revert(54) cand=11.99% leaves=16 survival=63.10% best=63.10% std=42.9%
[DTPO] it=65/150 step=649935 J_new=0.1566 kept mode=full gate=revert(55) cand=14.44% leaves=16 survival=63.10% best=63.10% std=42.9%
[DTPO] it=66/150 step=659934 J_new=0.1328 kept mode=full gate=revert(56) cand=39.08% leaves=16 survival=63.10% best=63.10% std=42.9%
[DTPO] it=67/150 step=669933 J_new=0.1220 kept mode=full gate=revert(57) cand=52.37% leaves=16 survival=63.10% best=63.10% std=42.9%
[DTPO] it=68/150 step=679932 J_new=0.0884 kept mode=full gate=revert(58) cand=11.93% leaves=16 survival=63.10% best=63.10% std=42.9%
[DTPO] it=69/150 step=689931 J_new=0.0948 kept mode=full gate=revert(59) cand=19.59% leaves=16 survival=63.10% best=63.10% std=42.9%
[DTPO] it=70/150 step=699930 J_new=0.1375 kept mode=full gate=revert(60) cand=6.58% leaves=16 survival=63.10% best=63.10% std=42.9%
[DTPO] it=71/150 step=709929 J_new=0.0671 kept mode=full gate=revert(61) cand=5.77% leaves=16 survival=63.10% best=63.10% std=42.9%
[DTPO] it=72/150 step=719928 J_new=0.0916 kept mode=full gate=revert(62) cand=52.37% leaves=16 survival=63.10% best=63.10% std=42.9%
[DTPO] it=73/150 step=729927 J_new=0.0790 kept mode=full gate=revert(63) cand=10.08% leaves=16 survival=63.10% best=63.10% std=42.9%
[DTPO] it=74/150 step=739926 J_new=0.0876 kept mode=full gate=revert(64) cand=11.93% leaves=16 survival=63.10% best=63.10% std=42.9%
[DTPO] it=75/150 step=749925 J_new=0.1405 kept mode=full gate=revert(65) cand=20.79% leaves=16 survival=63.10% best=63.10% std=42.9%
[DTPO] it=76/150 step=759924 J_new=0.2329 kept mode=full gate=revert(66) cand=62.61% leaves=16 survival=63.10% best=63.10% std=42.9%
[DTPO] it=77/150 step=769923 J_new=0.1961 kept mode=full gate=revert(67) cand=12.93% leaves=16 survival=63.10% best=63.10% std=42.9%
[DTPO] it=78/150 step=779922 J_new=0.0869 kept mode=full gate=revert(68) cand=41.14% leaves=16 survival=63.10% best=63.10% std=42.9%
[DTPO] it=79/150 step=789921 J_new=0.1310 kept mode=full gate=revert(69) cand=49.07% leaves=16 survival=63.10% best=63.10% std=42.9%
[DTPO] it=80/150 step=799920 J_new=0.1407 kept mode=full gate=revert(70) cand=12.06% leaves=16 survival=63.10% best=63.10% std=42.9%
[DTPO] it=81/150 step=809919 J_new=0.1707 kept mode=full gate=accept cand=63.42% leaves=16 survival=63.42% best=63.42% std=32.9%
[DTPO] it=82/150 step=819918 J_new=0.0719 kept mode=full gate=revert(1) cand=20.31% leaves=16 survival=63.42% best=63.42% std=32.9%
[DTPO] it=83/150 step=829917 J_new=0.1462 kept mode=full gate=revert(2) cand=63.15% leaves=16 survival=63.42% best=63.42% std=32.9%
[DTPO] it=84/150 step=839916 J_new=0.0387 kept mode=full gate=revert(3) cand=8.68% leaves=16 survival=63.42% best=63.42% std=32.9%
[DTPO] it=85/150 step=849915 J_new=0.0986 kept mode=full gate=revert(4) cand=14.94% leaves=16 survival=63.42% best=63.42% std=32.9%
[DTPO] it=86/150 step=859914 J_new=0.0753 kept mode=full gate=revert(5) cand=19.01% leaves=16 survival=63.42% best=63.42% std=32.9%
[DTPO] it=87/150 step=869913 J_new=0.1820 kept mode=full gate=revert(6) cand=47.68% leaves=16 survival=63.42% best=63.42% std=32.9%
[DTPO] it=88/150 step=879912 J_new=0.1472 kept mode=full gate=revert(7) cand=31.22% leaves=16 survival=63.42% best=63.42% std=32.9%
[DTPO] it=89/150 step=889911 J_new=0.0352 kept mode=full gate=revert(8) cand=20.31% leaves=16 survival=63.42% best=63.42% std=32.9%
[DTPO] it=90/150 step=899910 J_new=0.0422 kept mode=full gate=revert(9) cand=11.19% leaves=16 survival=63.42% best=63.42% std=32.9%
[DTPO] it=91/150 step=909909 J_new=0.0993 kept mode=full gate=revert(10) cand=20.31% leaves=16 survival=63.42% best=63.42% std=32.9%
[DTPO] it=92/150 step=919908 J_new=0.0449 kept mode=full gate=revert(11) cand=6.66% leaves=16 survival=63.42% best=63.42% std=32.9%
[DTPO] it=93/150 step=929907 J_new=0.0348 kept mode=full gate=revert(12) cand=15.42% leaves=16 survival=63.42% best=63.42% std=32.9%
[DTPO] it=94/150 step=939906 J_new=0.0196 kept mode=full gate=revert(13) cand=14.20% leaves=16 survival=63.42% best=63.42% std=32.9%
[DTPO] it=95/150 step=949905 J_new=0.0454 kept mode=full gate=revert(14) cand=16.36% leaves=16 survival=63.42% best=63.42% std=32.9%
[DTPO] it=96/150 step=959904 J_new=0.1082 kept mode=full gate=revert(15) cand=20.31% leaves=16 survival=63.42% best=63.42% std=32.9%
[DTPO] it=97/150 step=969903 J_new=0.0184 kept mode=full gate=revert(16) cand=42.24% leaves=16 survival=63.42% best=63.42% std=32.9%
[DTPO] it=98/150 step=979902 J_new=0.0397 kept mode=full gate=revert(17) cand=18.83% leaves=16 survival=63.42% best=63.42% std=32.9%
[DTPO] it=99/150 step=989901 J_new=0.0854 kept mode=full gate=revert(18) cand=42.46% leaves=16 survival=63.42% best=63.42% std=32.9%
[DTPO] it=100/150 step=999900 J_new=0.1700 kept mode=full gate=accept cand=72.82% leaves=16 survival=72.82% best=72.82% std=33.2%
[DTPO] it=101/150 step=1009899 J_new=0.0769 kept mode=full gate=revert(1) cand=1.82% leaves=16 survival=72.82% best=72.82% std=33.2%
[DTPO] it=102/150 step=1019898 J_new=0.1325 kept mode=full gate=revert(2) cand=14.85% leaves=16 survival=72.82% best=72.82% std=33.2%
[DTPO] it=103/150 step=1029897 J_new=0.2887 kept mode=full gate=accept cand=77.99% leaves=16 survival=77.99% best=77.99% std=31.8%
[DTPO] it=104/150 step=1039896 J_new=0.0553 kept mode=full gate=revert(1) cand=52.60% leaves=16 survival=77.99% best=77.99% std=31.8%
[DTPO] it=105/150 step=1049895 J_new=0.1072 kept mode=full gate=revert(2) cand=20.31% leaves=16 survival=77.99% best=77.99% std=31.8%
[DTPO] it=106/150 step=1059894 J_new=0.0251 kept mode=full gate=revert(3) cand=4.45% leaves=16 survival=77.99% best=77.99% std=31.8%
[DTPO] it=107/150 step=1069893 J_new=0.1567 kept mode=full gate=accept cand=77.99% leaves=16 survival=77.99% best=77.99% std=31.8%
[DTPO] it=108/150 step=1079892 J_new=0.0259 kept mode=full gate=revert(1) cand=20.31% leaves=16 survival=77.99% best=77.99% std=31.8%
[DTPO] it=109/150 step=1089891 J_new=0.0032 kept mode=full gate=revert(2) cand=20.31% leaves=16 survival=77.99% best=77.99% std=31.8%
[DTPO] it=110/150 step=1099890 J_new=0.1282 kept mode=full gate=revert(3) cand=0.21% leaves=16 survival=77.99% best=77.99% std=31.8%
[DTPO] it=111/150 step=1109889 J_new=0.1813 kept mode=full gate=accept cand=77.99% leaves=16 survival=77.99% best=77.99% std=31.8%
[DTPO] it=112/150 step=1119888 J_new=0.1101 kept mode=full gate=revert(1) cand=20.31% leaves=16 survival=77.99% best=77.99% std=31.8%
[DTPO] it=113/150 step=1129887 J_new=0.2393 kept mode=full gate=revert(2) cand=20.31% leaves=16 survival=77.99% best=77.99% std=31.8%
[DTPO] it=114/150 step=1139886 J_new=0.1206 kept mode=full gate=revert(3) cand=20.31% leaves=16 survival=77.99% best=77.99% std=31.8%
[DTPO] it=115/150 step=1149885 J_new=0.0786 kept mode=full gate=revert(4) cand=4.34% leaves=16 survival=77.99% best=77.99% std=31.8%
[DTPO] it=116/150 step=1159884 J_new=0.1154 kept mode=full gate=revert(5) cand=16.97% leaves=16 survival=77.99% best=77.99% std=31.8%
[DTPO] it=117/150 step=1169883 J_new=0.1143 kept mode=full gate=revert(6) cand=20.30% leaves=16 survival=77.99% best=77.99% std=31.8%
[DTPO] it=118/150 step=1179882 J_new=0.2456 kept mode=full gate=revert(7) cand=20.31% leaves=16 survival=77.99% best=77.99% std=31.8%
[DTPO] it=119/150 step=1189881 J_new=0.2029 kept mode=full gate=revert(8) cand=19.77% leaves=16 survival=77.99% best=77.99% std=31.8%
[DTPO] it=120/150 step=1199880 J_new=0.0843 kept mode=full gate=accept cand=77.99% leaves=16 survival=77.99% best=77.99% std=31.8%
[DTPO] it=121/150 step=1209879 J_new=0.1008 kept mode=full gate=revert(1) cand=20.31% leaves=16 survival=77.99% best=77.99% std=31.8%
[DTPO] it=122/150 step=1219878 J_new=0.0414 kept mode=full gate=accept cand=95.00% leaves=16 survival=95.00% best=95.00% std=21.8%
[DTPO] it=123/150 step=1229877 J_new=0.0616 kept mode=full gate=revert(1) cand=21.46% leaves=16 survival=95.00% best=95.00% std=21.8%
[DTPO] it=124/150 step=1239876 J_new=0.0368 kept mode=full gate=accept cand=95.00% leaves=16 survival=95.00% best=95.00% std=21.8%
[DTPO] it=125/150 step=1249875 J_new=0.1402 kept mode=full gate=revert(1) cand=20.31% leaves=16 survival=95.00% best=95.00% std=21.8%
[DTPO] it=126/150 step=1259874 J_new=0.0804 kept mode=full gate=revert(2) cand=17.19% leaves=16 survival=95.00% best=95.00% std=21.8%
[DTPO] it=127/150 step=1269873 J_new=0.0630 kept mode=full gate=revert(3) cand=20.31% leaves=16 survival=95.00% best=95.00% std=21.8%
[DTPO] it=128/150 step=1279872 J_new=0.0328 kept mode=full gate=revert(4) cand=21.99% leaves=16 survival=95.00% best=95.00% std=21.8%
[DTPO] it=129/150 step=1289871 J_new=0.0361 kept mode=full gate=accept cand=95.00% leaves=16 survival=95.00% best=95.00% std=21.8%
[DTPO] it=130/150 step=1299870 J_new=0.0516 kept mode=full gate=revert(1) cand=20.43% leaves=16 survival=95.00% best=95.00% std=21.8%
[DTPO] it=131/150 step=1309869 J_new=0.0801 kept mode=full gate=revert(2) cand=5.00% leaves=16 survival=95.00% best=95.00% std=21.8%
[DTPO] it=132/150 step=1319868 J_new=0.0432 kept mode=full gate=revert(3) cand=88.95% leaves=16 survival=95.00% best=95.00% std=21.8%
[DTPO] it=133/150 step=1329867 J_new=0.0270 kept mode=full gate=accept cand=95.00% leaves=16 survival=95.00% best=95.00% std=21.8%
[DTPO] it=134/150 step=1339866 J_new=0.0545 kept mode=full gate=revert(1) cand=1.95% leaves=16 survival=95.00% best=95.00% std=21.8%
[DTPO] it=135/150 step=1349865 J_new=0.0196 kept mode=full gate=revert(2) cand=77.65% leaves=16 survival=95.00% best=95.00% std=21.8%
[DTPO] it=136/150 step=1359864 J_new=0.0265 kept mode=full gate=revert(3) cand=9.42% leaves=16 survival=95.00% best=95.00% std=21.8%
[DTPO] it=137/150 step=1369863 J_new=0.0748 kept mode=full gate=revert(4) cand=92.84% leaves=16 survival=95.00% best=95.00% std=21.8%
[DTPO] it=138/150 step=1379862 J_new=0.0194 kept mode=full gate=revert(5) cand=68.02% leaves=16 survival=95.00% best=95.00% std=21.8%
[DTPO] it=139/150 step=1389861 J_new=0.0401 kept mode=full gate=revert(6) cand=92.84% leaves=16 survival=95.00% best=95.00% std=21.8%
[DTPO] it=140/150 step=1399860 J_new=0.0349 kept mode=full gate=revert(7) cand=14.83% leaves=16 survival=95.00% best=95.00% std=21.8%
[DTPO] it=141/150 step=1409859 J_new=0.0980 kept mode=full gate=revert(8) cand=4.25% leaves=16 survival=95.00% best=95.00% std=21.8%
[DTPO] it=142/150 step=1419858 J_new=0.0421 kept mode=full gate=revert(9) cand=25.77% leaves=16 survival=95.00% best=95.00% std=21.8%
[DTPO] it=143/150 step=1429857 J_new=0.0295 kept mode=full gate=revert(10) cand=19.90% leaves=16 survival=95.00% best=95.00% std=21.8%
[DTPO] it=144/150 step=1439856 J_new=0.0345 kept mode=full gate=revert(11) cand=16.71% leaves=16 survival=95.00% best=95.00% std=21.8%
[DTPO] it=145/150 step=1449855 J_new=0.0741 kept mode=full gate=revert(12) cand=20.43% leaves=16 survival=95.00% best=95.00% std=21.8%
[DTPO] it=146/150 step=1459854 J_new=0.0361 kept mode=full gate=revert(13) cand=20.43% leaves=16 survival=95.00% best=95.00% std=21.8%
[DTPO] it=147/150 step=1469853 J_new=0.0088 kept mode=full gate=revert(14) cand=56.15% leaves=16 survival=95.00% best=95.00% std=21.8%
[DTPO] it=148/150 step=1479852 J_new=0.0060 kept mode=full gate=revert(15) cand=20.43% leaves=16 survival=95.00% best=95.00% std=21.8%
[DTPO] it=149/150 step=1489851 J_new=0.0088 kept mode=full gate=revert(16) cand=20.43% leaves=16 survival=95.00% best=95.00% std=21.8%
[DTPO] it=150/150 step=1499850 J_new=0.0141 kept mode=full gate=revert(17) cand=20.31% leaves=16 survival=95.00% best=95.00% std=21.8%
[DTPO] stored 5 candidate trees for final selection (cheap survivals: ['95.0%', '95.0%', '95.0%', '95.0%', '92.8%']). Run dtpo_select.py --ckpt <ckpt> --episodes 100 to pick the honest best.
