[F2] training env filtered to 753/1004 chronics (every 4th id held out for evaluation)
Initializing the distributed action 'mapper'... (takes a while with big action spaces)
[F2] training env filtered to 753/1004 chronics (every 4th id held out for evaluation)
[F2] training env filtered to 753/1004 chronics (every 4th id held out for evaluation)
[F2] training env filtered to 753/1004 chronics (every 4th id held out for evaluation)
[F2] training env filtered to 753/1004 chronics (every 4th id held out for evaluation)
[VIPER] oracle=ppo (from /rds/general/user/ssl125/home/RL2Grid_v2/checkpoint/final_PPO_bus14_T_0_0__I__1775940444_3936.tar)
[VIPER TREE] depth=8 leaves=16 nodes=31 ccp_alpha=0.00000000 fit_samples=5001 dataset=5001
Eval at step 5001, survival=8.627%, return=[-1.946794838780382, 421.7973739528655, -5.9055958434073546, -12.514619883040972]
[VIPER] iter=1/15 dataset=5001 fit_samples=5001 weighted_acc=0.857884 survival=8.627% best_survival=8.627%
[VIPER TREE] depth=8 leaves=16 nodes=31 ccp_alpha=0.00000000 fit_samples=10002 dataset=10002
Eval at step 10002, survival=15.885%, return=[-2.7636759768938646, 755.3913442134859, -5.023044415726569, -10.818713450292487]
[VIPER] iter=2/15 dataset=10002 fit_samples=10002 weighted_acc=0.853759 survival=15.885% best_survival=15.885%
[VIPER TREE] depth=8 leaves=16 nodes=31 ccp_alpha=0.00000000 fit_samples=15003 dataset=15003
Eval at step 15003, survival=11.070%, return=[-2.2175398687055954, 528.2121876239777, -5.011545318062417, -8.42690058479532]
[VIPER] iter=3/15 dataset=15003 fit_samples=15003 weighted_acc=0.825601 survival=11.070% best_survival=15.885%
[VIPER TREE] depth=8 leaves=16 nodes=31 ccp_alpha=0.00000000 fit_samples=20004 dataset=20004
Eval at step 20004, survival=9.536%, return=[-2.350279274629429, 457.18238662083894, -5.006202510242777, -19.397660818713735]
[VIPER] iter=4/15 dataset=20004 fit_samples=20004 weighted_acc=0.869707 survival=9.536% best_survival=15.885%
[VIPER TREE] depth=8 leaves=16 nodes=31 ccp_alpha=0.00000000 fit_samples=25005 dataset=25005
Eval at step 25005, survival=6.188%, return=[-2.0811926282476634, 309.0328954060872, -5.016626071417704, -35.00000000000039]
[VIPER] iter=5/15 dataset=25005 fit_samples=25005 weighted_acc=0.845400 survival=6.188% best_survival=15.885%
[VIPER TREE] depth=7 leaves=16 nodes=31 ccp_alpha=0.00000000 fit_samples=30006 dataset=30006
Eval at step 30006, survival=9.623%, return=[-2.2205054124933667, 464.8095245520274, -5.015258276602253, -23.23976608187144]
[VIPER] iter=6/15 dataset=30006 fit_samples=30006 weighted_acc=0.821426 survival=9.623% best_survival=15.885%
[VIPER TREE] depth=7 leaves=16 nodes=31 ccp_alpha=0.00000000 fit_samples=35007 dataset=35007
Eval at step 35007, survival=7.164%, return=[-1.7783491660375148, 346.97704248428334, -5.030276328790933, -41.01169590643279]
[VIPER] iter=7/15 dataset=35007 fit_samples=35007 weighted_acc=0.834365 survival=7.164% best_survival=15.885%
[VIPER TREE] depth=7 leaves=16 nodes=31 ccp_alpha=0.00000000 fit_samples=40008 dataset=40008
Eval at step 40008, survival=15.464%, return=[-2.749057598974711, 725.400459623337, -5.056045298930258, -128.27485380117005]
[VIPER] iter=8/15 dataset=40008 fit_samples=40008 weighted_acc=0.845346 survival=15.464% best_survival=15.885%
[VIPER TREE] depth=7 leaves=16 nodes=31 ccp_alpha=0.00000000 fit_samples=45009 dataset=45009
Eval at step 45009, survival=89.058%, return=[-15.869691580883227, 4210.334434954325, -1.8082189502504964, -520.3216374268912]
[VIPER] iter=9/15 dataset=45009 fit_samples=45009 weighted_acc=0.849764 survival=89.058% best_survival=89.058%
[VIPER TREE] depth=9 leaves=16 nodes=31 ccp_alpha=0.00000000 fit_samples=50000 dataset=50010
Eval at step 50010, survival=38.757%, return=[-5.266481767369744, 1793.7376385370917, -3.338965787164246, -131.98830409357032]
[VIPER] iter=10/15 dataset=50010 fit_samples=50000 weighted_acc=0.857165 survival=38.757% best_survival=89.058%
[VIPER TREE] depth=9 leaves=16 nodes=31 ccp_alpha=0.00000000 fit_samples=50000 dataset=55011
Eval at step 55011, survival=52.629%, return=[-10.289016528617745, 2520.839489475887, -3.3615197661565617, -344.7543859648966]
[VIPER] iter=11/15 dataset=55011 fit_samples=50000 weighted_acc=0.834111 survival=52.629% best_survival=89.058%
[VIPER TREE] depth=9 leaves=16 nodes=31 ccp_alpha=0.00000000 fit_samples=50000 dataset=60012
Eval at step 60012, survival=11.173%, return=[-3.073237895131266, 531.7255257129669, -5.235116292256862, -80.23976608187256]
[VIPER] iter=12/15 dataset=60012 fit_samples=50000 weighted_acc=0.837967 survival=11.173% best_survival=89.058%
[VIPER TREE] depth=9 leaves=16 nodes=31 ccp_alpha=0.00000000 fit_samples=50000 dataset=65013
Eval at step 65013, survival=18.349%, return=[-4.095512675897528, 863.7483972231535, -5.04653765882055, -105.43274853801303]
[VIPER] iter=13/15 dataset=65013 fit_samples=50000 weighted_acc=0.830099 survival=18.349% best_survival=89.058%
[VIPER TREE] depth=9 leaves=16 nodes=31 ccp_alpha=0.00000000 fit_samples=50000 dataset=70014
Eval at step 70014, survival=41.212%, return=[-8.065909938712139, 1938.5439890225687, -3.3818972136165635, -233.02923976608554]
[VIPER] iter=14/15 dataset=70014 fit_samples=50000 weighted_acc=0.830038 survival=41.212% best_survival=89.058%
[VIPER TREE] depth=8 leaves=16 nodes=31 ccp_alpha=0.00000000 fit_samples=50000 dataset=75015
Eval at step 75015, survival=38.095%, return=[-7.893165960306457, 1838.9922920703896, -5.028995538819193, -240.38011695907002]
[VIPER] iter=15/15 dataset=75015 fit_samples=50000 weighted_acc=0.821509 survival=38.095% best_survival=89.058%
