[F2] training env filtered to 753/1004 chronics (every 4th id held out for evaluation)
Initializing the distributed action 'mapper'... (takes a while with big action spaces)
[F2] training env filtered to 753/1004 chronics (every 4th id held out for evaluation)
[F2] training env filtered to 753/1004 chronics (every 4th id held out for evaluation)
[F2] training env filtered to 753/1004 chronics (every 4th id held out for evaluation)
[F2] training env filtered to 753/1004 chronics (every 4th id held out for evaluation)
[DTPO] gate eval on 40 training-side chronics (of 1004); overlap with the held-out pool = 0 (must be 0): ids=[0, 25, 50, 76, 102, 128, 153, 178, 205, 230, 256, 282]...
[DTPO] it=1/150 step=9999 J_new=0.0365 kept mode=full leaves=16 survival=22.17% best=22.17% std=25.4%
[DTPO] it=2/150 step=19998 J_new=0.0941 kept mode=full leaves=16 survival=17.33% best=22.17% std=19.1%
[DTPO] it=3/150 step=29997 J_new=0.0301 kept mode=full leaves=16 survival=22.22% best=22.22% std=24.0%
[DTPO] it=4/150 step=39996 J_new=0.1160 kept mode=full leaves=16 survival=12.03% best=22.22% std=11.3%
[DTPO] it=5/150 step=49995 J_new=0.0715 kept mode=full leaves=16 survival=19.02% best=22.22% std=23.6%
[DTPO] it=6/150 step=59994 J_new=0.0991 kept mode=full leaves=16 survival=16.94% best=22.22% std=20.9%
[DTPO] it=7/150 step=69993 J_new=0.0690 kept mode=full leaves=16 survival=19.77% best=22.22% std=23.6%
[DTPO] it=8/150 step=79992 J_new=0.1231 kept mode=full leaves=16 survival=19.77% best=22.22% std=23.6%
[DTPO] it=9/150 step=89991 J_new=0.2033 kept mode=full leaves=16 survival=19.77% best=22.22% std=23.6%
[DTPO] it=10/150 step=99990 J_new=0.0631 kept mode=full leaves=16 survival=19.77% best=22.22% std=23.6%
[DTPO] it=11/150 step=109989 J_new=0.1969 kept mode=full leaves=16 survival=19.77% best=22.22% std=23.6%
[DTPO] it=12/150 step=119988 J_new=0.0657 kept mode=full leaves=16 survival=19.77% best=22.22% std=23.6%
[DTPO] it=13/150 step=129987 J_new=0.0931 kept mode=full leaves=16 survival=19.77% best=22.22% std=23.6%
[DTPO] it=14/150 step=139986 J_new=0.0917 kept mode=full leaves=16 survival=19.77% best=22.22% std=23.6%
[DTPO] it=15/150 step=149985 J_new=0.1283 kept mode=full leaves=16 survival=17.10% best=22.22% std=18.1%
[DTPO] it=16/150 step=159984 J_new=0.1737 kept mode=full leaves=16 survival=4.34% best=22.22% std=4.5%
[DTPO] it=17/150 step=169983 J_new=0.0516 kept mode=full leaves=16 survival=1.56% best=22.22% std=1.7%
[DTPO] it=18/150 step=179982 J_new=0.2151 kept mode=full leaves=16 survival=19.77% best=22.22% std=23.6%
[DTPO] it=19/150 step=189981 J_new=0.1500 kept mode=full leaves=16 survival=19.15% best=22.22% std=22.5%
[DTPO] it=20/150 step=199980 J_new=0.0695 kept mode=full leaves=16 survival=0.45% best=22.22% std=0.9%
[DTPO] it=21/150 step=209979 J_new=0.0529 kept mode=full leaves=16 survival=19.77% best=22.22% std=23.6%
[DTPO] it=22/150 step=219978 J_new=0.0211 kept mode=full leaves=16 survival=19.30% best=22.22% std=22.3%
[DTPO] it=23/150 step=229977 J_new=0.0489 kept mode=full leaves=16 survival=19.30% best=22.22% std=22.3%
[DTPO] it=24/150 step=239976 J_new=0.0364 kept mode=full leaves=16 survival=20.00% best=22.22% std=22.4%
[DTPO] it=25/150 step=249975 J_new=0.0303 kept mode=full leaves=16 survival=18.11% best=22.22% std=19.1%
[DTPO] it=26/150 step=259974 J_new=0.0116 kept mode=full leaves=16 survival=19.79% best=22.22% std=21.2%
[DTPO] it=27/150 step=269973 J_new=0.0192 kept mode=full leaves=16 survival=19.65% best=22.22% std=22.2%
[DTPO] it=28/150 step=279972 J_new=0.0250 kept mode=full leaves=16 survival=18.11% best=22.22% std=19.1%
[DTPO] it=29/150 step=289971 J_new=0.0691 kept mode=full leaves=16 survival=19.77% best=22.22% std=23.6%
[DTPO] it=30/150 step=299970 J_new=0.0636 kept mode=full leaves=16 survival=19.77% best=22.22% std=23.6%
[DTPO] it=31/150 step=309969 J_new=0.0273 kept mode=full leaves=16 survival=17.80% best=22.22% std=19.2%
[DTPO] it=32/150 step=319968 J_new=0.1063 kept mode=full leaves=16 survival=19.77% best=22.22% std=23.6%
[DTPO] it=33/150 step=329967 J_new=0.1633 kept mode=full leaves=16 survival=19.77% best=22.22% std=23.6%
[DTPO] it=34/150 step=339966 J_new=0.0099 kept mode=full leaves=16 survival=18.05% best=22.22% std=19.2%
[DTPO] it=35/150 step=349965 J_new=0.0427 kept mode=full leaves=16 survival=19.77% best=22.22% std=23.6%
[DTPO] it=36/150 step=359964 J_new=0.0835 kept mode=full leaves=16 survival=19.34% best=22.22% std=21.7%
[DTPO] it=37/150 step=369963 J_new=0.0204 kept mode=full leaves=16 survival=18.60% best=22.22% std=20.5%
[DTPO] it=38/150 step=379962 J_new=0.0142 kept mode=full leaves=16 survival=19.77% best=22.22% std=23.6%
[DTPO] it=39/150 step=389961 J_new=0.0270 kept mode=full leaves=16 survival=19.77% best=22.22% std=23.6%
[DTPO] it=40/150 step=399960 J_new=0.0322 kept mode=full leaves=16 survival=19.77% best=22.22% std=23.6%
[DTPO] it=41/150 step=409959 J_new=0.0473 kept mode=full leaves=16 survival=18.83% best=22.22% std=20.5%
[DTPO] it=42/150 step=419958 J_new=0.0378 kept mode=full leaves=16 survival=20.01% best=22.22% std=21.9%
[DTPO] it=43/150 step=429957 J_new=0.0161 kept mode=full leaves=16 survival=17.62% best=22.22% std=19.2%
[DTPO] it=44/150 step=439956 J_new=0.0983 kept mode=full leaves=16 survival=19.77% best=22.22% std=23.6%
[DTPO] it=45/150 step=449955 J_new=0.0337 kept mode=full leaves=16 survival=19.17% best=22.22% std=21.8%
[DTPO] it=46/150 step=459954 J_new=0.0145 kept mode=full leaves=16 survival=19.77% best=22.22% std=23.6%
[DTPO] it=47/150 step=469953 J_new=0.0192 kept mode=full leaves=16 survival=20.03% best=22.22% std=22.4%
[DTPO] it=48/150 step=479952 J_new=0.0109 kept mode=full leaves=16 survival=19.77% best=22.22% std=23.6%
[DTPO] it=49/150 step=489951 J_new=0.0097 kept mode=full leaves=16 survival=17.62% best=22.22% std=19.2%
[DTPO] it=50/150 step=499950 J_new=0.0434 kept mode=full leaves=16 survival=19.53% best=22.22% std=22.5%
[DTPO] it=51/150 step=509949 J_new=0.0763 kept mode=full leaves=16 survival=19.77% best=22.22% std=23.6%
[DTPO] it=52/150 step=519948 J_new=0.0201 kept mode=full leaves=16 survival=19.04% best=22.22% std=20.5%
[DTPO] it=53/150 step=529947 J_new=-0.0001 revert mode=full leaves=16 survival=19.04% best=22.22% std=20.5%
[DTPO] it=54/150 step=539946 J_new=0.0086 kept mode=full leaves=16 survival=19.45% best=22.22% std=20.6%
[DTPO] it=55/150 step=549945 J_new=0.0360 kept mode=full leaves=16 survival=19.77% best=22.22% std=23.6%
[DTPO] it=56/150 step=559944 J_new=0.0704 kept mode=full leaves=16 survival=7.41% best=22.22% std=5.5%
[DTPO] it=57/150 step=569943 J_new=0.0171 kept mode=full leaves=16 survival=19.77% best=22.22% std=23.6%
[DTPO] it=58/150 step=579942 J_new=0.0592 kept mode=full leaves=16 survival=15.55% best=22.22% std=20.3%
[DTPO] it=59/150 step=589941 J_new=0.0156 kept mode=full leaves=16 survival=19.77% best=22.22% std=23.6%
[DTPO] it=60/150 step=599940 J_new=0.0092 kept mode=full leaves=16 survival=19.77% best=22.22% std=23.6%
[DTPO] it=61/150 step=609939 J_new=0.0074 kept mode=full leaves=16 survival=19.77% best=22.22% std=23.6%
[DTPO] it=62/150 step=619938 J_new=0.0055 kept mode=full leaves=16 survival=6.12% best=22.22% std=3.7%
[DTPO] it=63/150 step=629937 J_new=0.0056 kept mode=full leaves=16 survival=19.77% best=22.22% std=23.6%
[DTPO] it=64/150 step=639936 J_new=0.0055 kept mode=full leaves=16 survival=19.77% best=22.22% std=23.6%
[DTPO] it=65/150 step=649935 J_new=0.0224 kept mode=full leaves=16 survival=19.77% best=22.22% std=23.6%
[DTPO] it=66/150 step=659934 J_new=0.0934 kept mode=full leaves=16 survival=19.77% best=22.22% std=23.6%
[DTPO] it=67/150 step=669933 J_new=0.0332 kept mode=full leaves=16 survival=19.77% best=22.22% std=23.6%
[DTPO] it=68/150 step=679932 J_new=0.0038 kept mode=full leaves=16 survival=19.77% best=22.22% std=23.6%
[DTPO] it=69/150 step=689931 J_new=0.0303 kept mode=full leaves=16 survival=19.77% best=22.22% std=23.6%
[DTPO] it=70/150 step=699930 J_new=0.0548 kept mode=full leaves=16 survival=3.17% best=22.22% std=2.8%
[DTPO] it=71/150 step=709929 J_new=0.0375 kept mode=full leaves=16 survival=9.94% best=22.22% std=9.9%
[DTPO] it=72/150 step=719928 J_new=0.0112 kept mode=full leaves=16 survival=19.77% best=22.22% std=23.6%
[DTPO] it=73/150 step=729927 J_new=0.0089 kept mode=full leaves=16 survival=19.77% best=22.22% std=23.6%
[DTPO] it=74/150 step=739926 J_new=0.0298 kept mode=full leaves=16 survival=19.77% best=22.22% std=23.6%
[DTPO] it=75/150 step=749925 J_new=0.0115 kept mode=full leaves=16 survival=19.77% best=22.22% std=23.6%
[DTPO] it=76/150 step=759924 J_new=0.0102 kept mode=full leaves=16 survival=14.17% best=22.22% std=14.7%
[DTPO] it=77/150 step=769923 J_new=0.0095 kept mode=full leaves=16 survival=19.77% best=22.22% std=23.6%
[DTPO] it=78/150 step=779922 J_new=0.0127 kept mode=full leaves=16 survival=16.92% best=22.22% std=20.9%
[DTPO] it=79/150 step=789921 J_new=0.0094 kept mode=full leaves=16 survival=15.82% best=22.22% std=18.7%
[DTPO] it=80/150 step=799920 J_new=0.0127 kept mode=full leaves=16 survival=13.98% best=22.22% std=14.9%
[DTPO] it=81/150 step=809919 J_new=0.0137 kept mode=full leaves=16 survival=19.77% best=22.22% std=23.6%
[DTPO] it=82/150 step=819918 J_new=0.0431 kept mode=full leaves=16 survival=20.13% best=22.22% std=23.8%
[DTPO] it=83/150 step=829917 J_new=0.0237 kept mode=full leaves=16 survival=19.77% best=22.22% std=23.6%
[DTPO] it=84/150 step=839916 J_new=0.0114 kept mode=full leaves=16 survival=19.77% best=22.22% std=23.6%
[DTPO] it=85/150 step=849915 J_new=0.0165 kept mode=full leaves=16 survival=19.77% best=22.22% std=23.6%
[DTPO] it=86/150 step=859914 J_new=0.0090 kept mode=full leaves=16 survival=19.77% best=22.22% std=23.6%
[DTPO] it=87/150 step=869913 J_new=0.0498 kept mode=full leaves=16 survival=19.77% best=22.22% std=23.6%
[DTPO] it=88/150 step=879912 J_new=0.0244 kept mode=full leaves=16 survival=19.77% best=22.22% std=23.6%
[DTPO] it=89/150 step=889911 J_new=0.0308 kept mode=full leaves=16 survival=18.36% best=22.22% std=20.7%
[DTPO] it=90/150 step=899910 J_new=0.0081 kept mode=full leaves=16 survival=17.98% best=22.22% std=21.6%
[DTPO] it=91/150 step=909909 J_new=0.0068 kept mode=full leaves=16 survival=20.57% best=22.22% std=24.2%
[DTPO] it=92/150 step=919908 J_new=0.0588 kept mode=full leaves=16 survival=25.74% best=25.74% std=30.3%
[DTPO] it=93/150 step=929907 J_new=0.0058 kept mode=full leaves=16 survival=32.74% best=32.74% std=33.0%
[DTPO] it=94/150 step=939906 J_new=0.0063 kept mode=full leaves=16 survival=19.77% best=32.74% std=23.6%
[DTPO] it=95/150 step=949905 J_new=0.0044 kept mode=full leaves=16 survival=19.77% best=32.74% std=23.6%
[DTPO] it=96/150 step=959904 J_new=0.0055 kept mode=full leaves=16 survival=19.77% best=32.74% std=23.6%
[DTPO] it=97/150 step=969903 J_new=0.0050 kept mode=full leaves=16 survival=19.77% best=32.74% std=23.6%
[DTPO] it=98/150 step=979902 J_new=0.0059 kept mode=full leaves=16 survival=19.77% best=32.74% std=23.6%
[DTPO] it=99/150 step=989901 J_new=0.0074 kept mode=full leaves=16 survival=15.72% best=32.74% std=21.3%
[DTPO] it=100/150 step=999900 J_new=0.0061 kept mode=full leaves=16 survival=19.77% best=32.74% std=23.6%
[DTPO] it=101/150 step=1009899 J_new=0.0083 kept mode=full leaves=16 survival=19.77% best=32.74% std=23.6%
[DTPO] it=102/150 step=1019898 J_new=0.0072 kept mode=full leaves=16 survival=17.62% best=32.74% std=21.0%
[DTPO] it=103/150 step=1029897 J_new=0.0055 kept mode=full leaves=16 survival=19.77% best=32.74% std=23.6%
[DTPO] it=104/150 step=1039896 J_new=0.0060 kept mode=full leaves=16 survival=19.77% best=32.74% std=23.6%
[DTPO] it=105/150 step=1049895 J_new=0.0066 kept mode=full leaves=16 survival=19.77% best=32.74% std=23.6%
[DTPO] it=106/150 step=1059894 J_new=0.0170 kept mode=full leaves=16 survival=19.77% best=32.74% std=23.6%
[DTPO] it=107/150 step=1069893 J_new=0.0185 kept mode=full leaves=16 survival=19.77% best=32.74% std=23.6%
[DTPO] it=108/150 step=1079892 J_new=0.0057 kept mode=full leaves=16 survival=19.74% best=32.74% std=23.6%
[DTPO] it=109/150 step=1089891 J_new=0.0040 kept mode=full leaves=16 survival=14.78% best=32.74% std=16.2%
[DTPO] it=110/150 step=1099890 J_new=0.0039 kept mode=full leaves=16 survival=19.77% best=32.74% std=23.6%
[DTPO] it=111/150 step=1109889 J_new=0.0035 kept mode=full leaves=16 survival=19.57% best=32.74% std=23.7%
[DTPO] it=112/150 step=1119888 J_new=0.0028 kept mode=full leaves=16 survival=17.45% best=32.74% std=20.8%
[DTPO] it=113/150 step=1129887 J_new=0.0037 kept mode=full leaves=16 survival=3.35% best=32.74% std=3.0%
[DTPO] it=114/150 step=1139886 J_new=0.0054 kept mode=full leaves=16 survival=19.77% best=32.74% std=23.6%
[DTPO] it=115/150 step=1149885 J_new=0.0069 kept mode=full leaves=16 survival=19.77% best=32.74% std=23.6%
[DTPO] it=116/150 step=1159884 J_new=0.0052 kept mode=full leaves=16 survival=18.80% best=32.74% std=22.6%
[DTPO] it=117/150 step=1169883 J_new=0.0050 kept mode=full leaves=16 survival=19.71% best=32.74% std=23.6%
[DTPO] it=118/150 step=1179882 J_new=0.0051 kept mode=full leaves=16 survival=19.77% best=32.74% std=23.6%
[DTPO] it=119/150 step=1189881 J_new=0.0049 kept mode=full leaves=16 survival=15.33% best=32.74% std=17.4%
[DTPO] it=120/150 step=1199880 J_new=0.0045 kept mode=full leaves=16 survival=2.71% best=32.74% std=3.0%
[DTPO] it=121/150 step=1209879 J_new=0.0038 kept mode=full leaves=16 survival=9.31% best=32.74% std=11.7%
[DTPO] it=122/150 step=1219878 J_new=0.0057 kept mode=full leaves=16 survival=10.74% best=32.74% std=15.7%
[DTPO] it=123/150 step=1229877 J_new=0.0049 kept mode=full leaves=16 survival=6.53% best=32.74% std=6.7%
[DTPO] it=124/150 step=1239876 J_new=0.0058 kept mode=full leaves=16 survival=6.26% best=32.74% std=6.1%
[DTPO] it=125/150 step=1249875 J_new=0.0025 kept mode=full leaves=16 survival=4.59% best=32.74% std=2.7%
[DTPO] it=126/150 step=1259874 J_new=0.0023 kept mode=full leaves=16 survival=5.61% best=32.74% std=5.3%
[DTPO] it=127/150 step=1269873 J_new=0.0032 kept mode=full leaves=16 survival=5.55% best=32.74% std=5.3%
[DTPO] it=128/150 step=1279872 J_new=0.0026 kept mode=full leaves=16 survival=8.72% best=32.74% std=14.4%
[DTPO] it=129/150 step=1289871 J_new=0.0040 kept mode=full leaves=16 survival=5.60% best=32.74% std=4.9%
[DTPO] it=130/150 step=1299870 J_new=0.0043 kept mode=full leaves=16 survival=6.13% best=32.74% std=5.4%
[DTPO] it=131/150 step=1309869 J_new=0.0015 kept mode=full leaves=16 survival=4.74% best=32.74% std=5.0%
[DTPO] it=132/150 step=1319868 J_new=0.0037 kept mode=full leaves=16 survival=5.42% best=32.74% std=5.2%
[DTPO] it=133/150 step=1329867 J_new=0.0025 kept mode=full leaves=16 survival=7.49% best=32.74% std=5.6%
[DTPO] it=134/150 step=1339866 J_new=0.0036 kept mode=full leaves=16 survival=7.71% best=32.74% std=5.1%
[DTPO] it=135/150 step=1349865 J_new=0.0039 kept mode=full leaves=16 survival=8.57% best=32.74% std=6.8%
[DTPO] it=136/150 step=1359864 J_new=0.0050 kept mode=full leaves=16 survival=8.36% best=32.74% std=6.7%
[DTPO] it=137/150 step=1369863 J_new=0.0036 kept mode=full leaves=16 survival=8.01% best=32.74% std=5.1%
[DTPO] it=138/150 step=1379862 J_new=0.0028 kept mode=full leaves=16 survival=10.60% best=32.74% std=10.6%
[DTPO] it=139/150 step=1389861 J_new=0.0029 kept mode=full leaves=16 survival=9.50% best=32.74% std=8.4%
[DTPO] it=140/150 step=1399860 J_new=0.0033 kept mode=full leaves=16 survival=7.52% best=32.74% std=9.3%
[DTPO] it=141/150 step=1409859 J_new=0.0011 kept mode=full leaves=16 survival=14.69% best=32.74% std=21.4%
[DTPO] it=142/150 step=1419858 J_new=0.0028 kept mode=full leaves=16 survival=6.58% best=32.74% std=5.1%
[DTPO] it=143/150 step=1429857 J_new=0.0019 kept mode=full leaves=16 survival=16.28% best=32.74% std=21.1%
[DTPO] it=144/150 step=1439856 J_new=0.0027 kept mode=full leaves=16 survival=16.49% best=32.74% std=21.0%
[DTPO] it=145/150 step=1449855 J_new=0.0013 kept mode=full leaves=16 survival=16.26% best=32.74% std=21.1%
[DTPO] it=146/150 step=1459854 J_new=0.0053 kept mode=full leaves=16 survival=16.28% best=32.74% std=21.1%
[DTPO] it=147/150 step=1469853 J_new=0.0059 kept mode=full leaves=16 survival=12.67% best=32.74% std=13.0%
[DTPO] it=148/150 step=1479852 J_new=0.0038 kept mode=full leaves=16 survival=14.65% best=32.74% std=17.4%
[DTPO] it=149/150 step=1489851 J_new=0.0056 kept mode=full leaves=16 survival=13.56% best=32.74% std=17.4%
[DTPO] it=150/150 step=1499850 J_new=0.0009 kept mode=full leaves=16 survival=13.81% best=32.74% std=16.4%
[DTPO] stored 5 candidate trees for final selection (cheap survivals: ['32.7%', '25.7%', '22.2%', '22.2%', '20.6%']). Run dtpo_select.py --ckpt <ckpt> --episodes 100 to pick the honest best.
