[F2] training env filtered to 2160/2880 chronics (every 4th id held out for evaluation)
Initializing the distributed action 'mapper'... (takes a while with big action spaces)
[F2] training env filtered to 2160/2880 chronics (every 4th id held out for evaluation)
[F2] training env filtered to 2160/2880 chronics (every 4th id held out for evaluation)
[F2] training env filtered to 2160/2880 chronics (every 4th id held out for evaluation)
[F2] training env filtered to 2160/2880 chronics (every 4th id held out for evaluation)
[VIPER] oracle=ppo (from /rds/general/user/ssl125/home/RL2Grid_v2/checkpoint/final_PPO_bus36-M_T_100_0__I__1784927195_14574.tar)
[VIPER TREE] depth=6 leaves=8 nodes=15 ccp_alpha=0.00000000 fit_samples=5001 dataset=5001
Eval at step 5001, survival=3.374%, return=[-110.83365402731579, -16.918813776127468, -564.5724440148665, -111.38983050847459]
[VIPER] iter=1/15 dataset=5001 fit_samples=5001 weighted_acc=0.986933 survival=3.374% best_survival=3.374%
[VIPER TREE] depth=5 leaves=8 nodes=15 ccp_alpha=0.00000000 fit_samples=10002 dataset=10002
Eval at step 10002, survival=19.611%, return=[-1.8287924312608084, 1042.117745323404, -343.84130177962453, -36.564971751413374]
[VIPER] iter=2/15 dataset=10002 fit_samples=10002 weighted_acc=0.992599 survival=19.611% best_survival=19.611%
[VIPER TREE] depth=5 leaves=8 nodes=15 ccp_alpha=0.00000000 fit_samples=15003 dataset=15003
Eval at step 15003, survival=68.668%, return=[-3.2847698554833187, 3638.6961863421966, -1968.4388224960715, -131.46327683616292]
[VIPER] iter=3/15 dataset=15003 fit_samples=15003 weighted_acc=0.994957 survival=68.668% best_survival=68.668%
[VIPER TREE] depth=5 leaves=8 nodes=15 ccp_alpha=0.00000000 fit_samples=20004 dataset=20004
Eval at step 20004, survival=54.118%, return=[-3.2471145071613137, 2886.0329322287066, -830.5089518177759, -55.91902071563294]
[VIPER] iter=4/15 dataset=20004 fit_samples=20004 weighted_acc=0.995874 survival=54.118% best_survival=68.668%
[VIPER TREE] depth=5 leaves=8 nodes=15 ccp_alpha=0.00000000 fit_samples=25005 dataset=25005
Eval at step 25005, survival=17.146%, return=[-1.7514483884588117, 920.7495857493726, -360.1561963527128, -24.619585687383264]
[VIPER] iter=5/15 dataset=25005 fit_samples=25005 weighted_acc=0.996674 survival=17.146% best_survival=68.668%
[VIPER TREE] depth=5 leaves=8 nodes=15 ccp_alpha=0.00000000 fit_samples=30006 dataset=30006
Eval at step 30006, survival=40.718%, return=[-2.892178648733534, 2069.9326972367776, -625.0307351514515, -42.12429378531237]
[VIPER] iter=6/15 dataset=30006 fit_samples=30006 weighted_acc=0.996407 survival=40.718% best_survival=68.668%
[VIPER TREE] depth=5 leaves=8 nodes=15 ccp_alpha=0.00000000 fit_samples=35007 dataset=35007
Eval at step 35007, survival=13.471%, return=[-1.7518964476136414, 701.0159229220858, -119.83010649840965, -8.589453860640488]
[VIPER] iter=7/15 dataset=35007 fit_samples=35007 weighted_acc=0.996855 survival=13.471% best_survival=68.668%
[VIPER TREE] depth=5 leaves=8 nodes=15 ccp_alpha=0.00000000 fit_samples=40008 dataset=40008
Eval at step 40008, survival=37.079%, return=[-2.3401776152362195, 1998.3206084712608, -548.9740145077435, -37.039548022600435]
[VIPER] iter=8/15 dataset=40008 fit_samples=40008 weighted_acc=0.997217 survival=37.079% best_survival=68.668%
[VIPER TREE] depth=5 leaves=8 nodes=15 ccp_alpha=0.00000000 fit_samples=45009 dataset=45009
Eval at step 45009, survival=21.885%, return=[-2.2294102143957084, 1099.4376395211914, -571.5633227387389, -38.755178907722716]
[VIPER] iter=9/15 dataset=45009 fit_samples=45009 weighted_acc=0.997543 survival=21.885% best_survival=68.668%
[VIPER TREE] depth=5 leaves=8 nodes=15 ccp_alpha=0.00000000 fit_samples=50000 dataset=50010
Eval at step 50010, survival=11.536%, return=[-1.6427371162135387, 579.4434795443561, -198.10212450575216, -13.768361581921065]
[VIPER] iter=10/15 dataset=50010 fit_samples=50000 weighted_acc=0.997610 survival=11.536% best_survival=68.668%
[VIPER TREE] depth=5 leaves=8 nodes=15 ccp_alpha=0.00000000 fit_samples=50000 dataset=55011
Eval at step 55011, survival=48.933%, return=[-2.7614518140617292, 2607.985599799453, -866.4997470609337, -58.18832391713997]
[VIPER] iter=11/15 dataset=55011 fit_samples=50000 weighted_acc=0.997823 survival=48.933% best_survival=68.668%
[VIPER TREE] depth=5 leaves=8 nodes=15 ccp_alpha=0.00000000 fit_samples=50000 dataset=60012
Eval at step 60012, survival=11.064%, return=[-1.8678243559600862, 523.253778833705, -121.9534848527555, -8.747645951035773]
[VIPER] iter=12/15 dataset=60012 fit_samples=50000 weighted_acc=0.997977 survival=11.064% best_survival=68.668%
[VIPER TREE] depth=5 leaves=8 nodes=15 ccp_alpha=0.00000000 fit_samples=50000 dataset=65013
Eval at step 65013, survival=18.341%, return=[-2.04750568025338, 945.133480589267, -128.99018876291933, -9.22222222222228]
[VIPER] iter=13/15 dataset=65013 fit_samples=50000 weighted_acc=0.998277 survival=18.341% best_survival=68.668%
[VIPER TREE] depth=5 leaves=8 nodes=15 ccp_alpha=0.00000000 fit_samples=50000 dataset=70014
Eval at step 70014, survival=62.995%, return=[-3.8435591067391215, 3248.1300060340163, -1548.800741977997, -103.65348399246064]
[VIPER] iter=14/15 dataset=70014 fit_samples=50000 weighted_acc=0.998213 survival=62.995% best_survival=68.668%
[VIPER TREE] depth=5 leaves=8 nodes=15 ccp_alpha=0.00000000 fit_samples=50000 dataset=75015
Eval at step 75015, survival=23.352%, return=[-2.1076252951218826, 1214.6252198824332, -337.5222137683142, -23.03389830508566]
[VIPER] iter=15/15 dataset=75015 fit_samples=50000 weighted_acc=0.998566 survival=23.352% best_survival=68.668%
