[F2] training env filtered to 10/20 chronics (every 2th id held out for evaluation)
Initializing the distributed action 'mapper'... (takes a while with big action spaces)
[F2] training env filtered to 10/20 chronics (every 2th id held out for evaluation)
[F2] training env filtered to 10/20 chronics (every 2th id held out for evaluation)
[F2] training env filtered to 10/20 chronics (every 2th id held out for evaluation)
[F2] training env filtered to 10/20 chronics (every 2th id held out for evaluation)
[VIPER] oracle=ppo (from /rds/general/user/ssl125/home/RL2Grid_v2/checkpoint/final_PPO_bus5_T_0_0__I__1776174124_47043_45000000.tar)
[VIPER TREE] depth=6 leaves=8 nodes=15 ccp_alpha=0.00000000 fit_samples=5001 dataset=5001
Eval at step 5001, survival=5.010%, return=[-2.201308080305656, 44.3937411804994, -7.411895713206225, -2.3015873015873014]
[VIPER] iter=1/15 dataset=5001 fit_samples=5001 weighted_acc=0.835910 survival=5.010% best_survival=5.010%
[VIPER TREE] depth=5 leaves=8 nodes=15 ccp_alpha=0.00000000 fit_samples=10002 dataset=10002
Eval at step 10002, survival=47.652%, return=[-6.020856122214657, 543.48324470222, -833.1501095330896, -183.96825396825588]
[VIPER] iter=2/15 dataset=10002 fit_samples=10002 weighted_acc=0.785121 survival=47.652% best_survival=47.652%
[VIPER TREE] depth=5 leaves=8 nodes=15 ccp_alpha=0.00000000 fit_samples=15003 dataset=15003
Eval at step 15003, survival=100.000%, return=[-9.405325846009267, 1106.2903416802485, -3719.9253645585363, -633.888888888915]
[VIPER] iter=3/15 dataset=15003 fit_samples=15003 weighted_acc=0.774560 survival=100.000% best_survival=100.000%
[VIPER TREE] depth=4 leaves=8 nodes=15 ccp_alpha=0.00000000 fit_samples=20004 dataset=20004
Eval at step 20004, survival=72.867%, return=[-9.814604322804371, 750.6055643285314, -3232.358351432049, -304.3174603174633]
[VIPER] iter=4/15 dataset=20004 fit_samples=20004 weighted_acc=0.789852 survival=72.867% best_survival=100.000%
[VIPER TREE] depth=4 leaves=8 nodes=15 ccp_alpha=0.00000000 fit_samples=25005 dataset=25005
Eval at step 25005, survival=87.665%, return=[-13.155961109907366, 963.5604374657074, -2184.0642459949836, -371.55555555556106]
[VIPER] iter=5/15 dataset=25005 fit_samples=25005 weighted_acc=0.789226 survival=87.665% best_survival=100.000%
[VIPER TREE] depth=4 leaves=8 nodes=15 ccp_alpha=0.00000000 fit_samples=30006 dataset=30006
Eval at step 30006, survival=78.158%, return=[-7.774549524503527, 838.8770952920119, -3464.986926304482, -348.85714285714636]
[VIPER] iter=6/15 dataset=30006 fit_samples=30006 weighted_acc=0.810521 survival=78.158% best_survival=100.000%
[VIPER TREE] depth=5 leaves=8 nodes=15 ccp_alpha=0.00000000 fit_samples=35007 dataset=35007
Eval at step 35007, survival=42.361%, return=[-8.835242605302483, 398.3141521066427, -735.678677967729, -142.50793650793779]
[VIPER] iter=7/15 dataset=35007 fit_samples=35007 weighted_acc=0.821467 survival=42.361% best_survival=100.000%
[VIPER TREE] depth=5 leaves=8 nodes=15 ccp_alpha=0.00000000 fit_samples=40008 dataset=40008
Eval at step 40008, survival=43.833%, return=[-7.259487695749461, 473.7009549885988, -883.8073081165081, -123.03174603174686]
[VIPER] iter=8/15 dataset=40008 fit_samples=40008 weighted_acc=0.840828 survival=43.833% best_survival=100.000%
[VIPER TREE] depth=5 leaves=8 nodes=15 ccp_alpha=0.00000000 fit_samples=45009 dataset=45009
Eval at step 45009, survival=45.866%, return=[-7.342017746210331, 451.5137244090438, -1875.198928849568, -178.39682539682693]
[VIPER] iter=9/15 dataset=45009 fit_samples=45009 weighted_acc=0.849996 survival=45.866% best_survival=100.000%
[VIPER TREE] depth=4 leaves=8 nodes=15 ccp_alpha=0.00000000 fit_samples=50000 dataset=50010
Eval at step 50010, survival=52.579%, return=[-8.648467734611282, 551.5646863927444, -1736.8777398871316, -172.33333333333485]
[VIPER] iter=10/15 dataset=50010 fit_samples=50000 weighted_acc=0.849705 survival=52.579% best_survival=100.000%
[VIPER TREE] depth=4 leaves=8 nodes=15 ccp_alpha=0.00000000 fit_samples=50000 dataset=55011
Eval at step 55011, survival=100.000%, return=[-8.343552233728891, 1111.2165681968133, -4679.556752289694, -446.82539682540147]
[VIPER] iter=11/15 dataset=55011 fit_samples=50000 weighted_acc=0.845636 survival=100.000% best_survival=100.000%
[VIPER TREE] depth=5 leaves=8 nodes=15 ccp_alpha=0.00000000 fit_samples=50000 dataset=60012
Eval at step 60012, survival=68.535%, return=[-9.853586076419257, 700.6711801588535, -1970.7015183099854, -199.74603174603195]
[VIPER] iter=12/15 dataset=60012 fit_samples=50000 weighted_acc=0.843512 survival=68.535% best_survival=100.000%
[VIPER TREE] depth=5 leaves=8 nodes=15 ccp_alpha=0.00000000 fit_samples=50000 dataset=65013
Eval at step 65013, survival=100.000%, return=[-9.738606597985685, 1114.5583856776357, -3656.6708259633137, -444.17460317460365]
[VIPER] iter=13/15 dataset=65013 fit_samples=50000 weighted_acc=0.854806 survival=100.000% best_survival=100.000%
[VIPER TREE] depth=4 leaves=8 nodes=15 ccp_alpha=0.00000000 fit_samples=50000 dataset=70014
Eval at step 70014, survival=72.867%, return=[-9.814604322804371, 750.6055643285314, -3232.358351432049, -304.3174603174633]
[VIPER] iter=14/15 dataset=70014 fit_samples=50000 weighted_acc=0.844920 survival=72.867% best_survival=100.000%
[VIPER TREE] depth=4 leaves=8 nodes=15 ccp_alpha=0.00000000 fit_samples=50000 dataset=75015
Eval at step 75015, survival=77.827%, return=[-9.791524733377932, 835.5470440685749, -2792.090129612892, -288.1269841269867]
[VIPER] iter=15/15 dataset=75015 fit_samples=50000 weighted_acc=0.842718 survival=77.827% best_survival=100.000%
