[F2] training env filtered to 753/1004 chronics (every 4th id held out for evaluation)
Initializing the distributed action 'mapper'... (takes a while with big action spaces)
[F2] training env filtered to 753/1004 chronics (every 4th id held out for evaluation)
[F2] training env filtered to 753/1004 chronics (every 4th id held out for evaluation)
[F2] training env filtered to 753/1004 chronics (every 4th id held out for evaluation)
[F2] training env filtered to 753/1004 chronics (every 4th id held out for evaluation)
[HYBRID] warm-start from /rds/general/user/ssl125/home/RL2Grid_v2/checkpoint/final_PPO_bus14_T_0_0__I__1775940444_3936.tar: {'mode': 'soft', 'n_samples': 20000, 'n_actions': 50, 'n_leaves': 16, 'max_depth': 8, 'fidelity': 0.6506, 'weighted_fidelity': 0.828120545219569, 'curated': False, 'dagger_rounds': 0}
[DTPO] gate eval on 40 training-side chronics (of 1004); overlap with the held-out pool = 0 (must be 0): ids=[0, 25, 50, 76, 102, 128, 153, 178, 205, 230, 256, 282]...
[DTPO] it=1/150 step=9999 J_new=-0.0017 revert mode=full leaves=16 survival=26.43% best=26.43% std=32.0%
[DTPO] it=2/150 step=19998 J_new=0.0023 kept mode=full leaves=16 survival=19.36% best=26.43% std=24.1%
[DTPO] it=3/150 step=29997 J_new=0.0008 kept mode=full leaves=16 survival=12.27% best=26.43% std=13.9%
[DTPO] it=4/150 step=39996 J_new=0.0035 kept mode=full leaves=16 survival=15.01% best=26.43% std=18.0%
[DTPO] it=5/150 step=49995 J_new=0.0043 kept mode=full leaves=16 survival=20.87% best=26.43% std=25.7%
[DTPO] it=6/150 step=59994 J_new=0.0027 kept mode=full leaves=16 survival=9.84% best=26.43% std=8.2%
[DTPO] it=7/150 step=69993 J_new=0.0024 kept mode=full leaves=16 survival=10.06% best=26.43% std=8.2%
[DTPO] it=8/150 step=79992 J_new=0.0027 kept mode=full leaves=16 survival=9.86% best=26.43% std=8.0%
[DTPO] it=9/150 step=89991 J_new=0.0022 kept mode=full leaves=16 survival=9.72% best=26.43% std=7.5%
[DTPO] it=10/150 step=99990 J_new=0.0022 kept mode=full leaves=16 survival=10.66% best=26.43% std=7.9%
[DTPO] it=11/150 step=109989 J_new=0.0038 kept mode=full leaves=16 survival=8.88% best=26.43% std=6.0%
[DTPO] it=12/150 step=119988 J_new=0.0045 kept mode=full leaves=16 survival=11.61% best=26.43% std=10.0%
[DTPO] it=13/150 step=129987 J_new=0.0037 kept mode=full leaves=16 survival=12.27% best=26.43% std=14.9%
[DTPO] it=14/150 step=139986 J_new=0.0030 kept mode=full leaves=16 survival=11.77% best=26.43% std=16.3%
[DTPO] it=15/150 step=149985 J_new=0.0029 kept mode=full leaves=16 survival=11.17% best=26.43% std=11.2%
[DTPO] it=16/150 step=159984 J_new=0.0034 kept mode=full leaves=16 survival=10.71% best=26.43% std=8.8%
[DTPO] it=17/150 step=169983 J_new=0.0022 kept mode=full leaves=16 survival=10.91% best=26.43% std=8.4%
[DTPO] it=18/150 step=179982 J_new=0.0050 kept mode=full leaves=16 survival=17.10% best=26.43% std=18.5%
[DTPO] it=19/150 step=189981 J_new=0.0049 kept mode=full leaves=16 survival=13.99% best=26.43% std=14.9%
[DTPO] it=20/150 step=199980 J_new=0.0040 kept mode=full leaves=16 survival=14.01% best=26.43% std=15.0%
[DTPO] it=21/150 step=209979 J_new=0.0039 kept mode=full leaves=16 survival=16.75% best=26.43% std=17.8%
[DTPO] it=22/150 step=219978 J_new=0.0031 kept mode=full leaves=16 survival=18.92% best=26.43% std=21.1%
[DTPO] it=23/150 step=229977 J_new=0.0052 kept mode=full leaves=16 survival=16.39% best=26.43% std=19.5%
[DTPO] it=24/150 step=239976 J_new=0.0066 kept mode=full leaves=16 survival=16.39% best=26.43% std=19.5%
[DTPO] it=25/150 step=249975 J_new=0.0038 kept mode=full leaves=16 survival=12.27% best=26.43% std=11.1%
[DTPO] it=26/150 step=259974 J_new=0.0053 kept mode=full leaves=16 survival=16.06% best=26.43% std=16.1%
[DTPO] it=27/150 step=269973 J_new=0.0032 kept mode=full leaves=16 survival=13.92% best=26.43% std=14.7%
[DTPO] it=28/150 step=279972 J_new=0.0048 kept mode=full leaves=16 survival=11.82% best=26.43% std=8.9%
[DTPO] it=29/150 step=289971 J_new=0.0011 kept mode=full leaves=16 survival=12.57% best=26.43% std=10.6%
[DTPO] it=30/150 step=299970 J_new=-0.0115 revert mode=full leaves=16 survival=12.57% best=26.43% std=10.6%
[DTPO] it=31/150 step=309969 J_new=0.0036 kept mode=full leaves=16 survival=12.86% best=26.43% std=9.7%
[DTPO] it=32/150 step=319968 J_new=0.0023 kept mode=full leaves=16 survival=11.36% best=26.43% std=9.4%
[DTPO] it=33/150 step=329967 J_new=0.0050 kept mode=full leaves=16 survival=8.12% best=26.43% std=5.0%
[DTPO] it=34/150 step=339966 J_new=0.0042 kept mode=full leaves=16 survival=7.60% best=26.43% std=5.1%
[DTPO] it=35/150 step=349965 J_new=0.0032 kept mode=full leaves=16 survival=7.23% best=26.43% std=3.1%
[DTPO] it=36/150 step=359964 J_new=0.0041 kept mode=full leaves=16 survival=7.48% best=26.43% std=3.1%
[DTPO] it=37/150 step=369963 J_new=0.0038 kept mode=full leaves=16 survival=7.47% best=26.43% std=3.0%
[DTPO] it=38/150 step=379962 J_new=-0.0051 revert mode=full leaves=16 survival=7.47% best=26.43% std=3.0%
[DTPO] it=39/150 step=389961 J_new=0.0062 kept mode=full leaves=16 survival=21.16% best=26.43% std=23.1%
[DTPO] it=40/150 step=399960 J_new=0.0032 kept mode=full leaves=16 survival=15.31% best=26.43% std=15.2%
[DTPO] it=41/150 step=409959 J_new=0.0069 kept mode=full leaves=16 survival=18.44% best=26.43% std=19.2%
[DTPO] it=42/150 step=419958 J_new=0.0047 kept mode=full leaves=16 survival=13.80% best=26.43% std=13.6%
[DTPO] it=43/150 step=429957 J_new=0.0006 kept mode=full leaves=16 survival=23.80% best=26.43% std=23.0%
[DTPO] it=44/150 step=439956 J_new=0.0032 kept mode=full leaves=16 survival=14.08% best=26.43% std=9.2%
[DTPO] it=45/150 step=449955 J_new=0.0053 kept mode=full leaves=16 survival=19.47% best=26.43% std=19.3%
[DTPO] it=46/150 step=459954 J_new=0.0042 kept mode=full leaves=16 survival=18.57% best=26.43% std=19.5%
[DTPO] it=47/150 step=469953 J_new=0.0046 kept mode=full leaves=16 survival=14.04% best=26.43% std=12.7%
[DTPO] it=48/150 step=479952 J_new=0.0047 kept mode=full leaves=16 survival=11.70% best=26.43% std=10.2%
[DTPO] it=49/150 step=489951 J_new=0.0038 kept mode=full leaves=16 survival=15.82% best=26.43% std=15.3%
[DTPO] it=50/150 step=499950 J_new=0.0070 kept mode=full leaves=16 survival=16.55% best=26.43% std=18.8%
[DTPO] it=51/150 step=509949 J_new=0.0002 kept mode=full leaves=16 survival=16.51% best=26.43% std=18.0%
[DTPO] it=52/150 step=519948 J_new=0.0019 kept mode=full leaves=16 survival=10.32% best=26.43% std=7.3%
[DTPO] it=53/150 step=529947 J_new=0.0033 kept mode=full leaves=16 survival=13.13% best=26.43% std=13.9%
[DTPO] it=54/150 step=539946 J_new=0.0047 kept mode=full leaves=16 survival=17.59% best=26.43% std=19.7%
[DTPO] it=55/150 step=549945 J_new=0.0039 kept mode=full leaves=16 survival=12.85% best=26.43% std=12.7%
[DTPO] it=56/150 step=559944 J_new=0.0056 kept mode=full leaves=16 survival=12.27% best=26.43% std=11.2%
[DTPO] it=57/150 step=569943 J_new=0.0041 kept mode=full leaves=16 survival=25.90% best=26.43% std=22.1%
[DTPO] it=58/150 step=579942 J_new=0.0009 kept mode=full leaves=16 survival=19.05% best=26.43% std=17.8%
[DTPO] it=59/150 step=589941 J_new=0.0030 kept mode=full leaves=16 survival=16.11% best=26.43% std=19.6%
[DTPO] it=60/150 step=599940 J_new=0.0063 kept mode=full leaves=16 survival=20.77% best=26.43% std=23.3%
[DTPO] it=61/150 step=609939 J_new=0.0081 kept mode=full leaves=16 survival=18.55% best=26.43% std=19.7%
[DTPO] it=62/150 step=619938 J_new=0.0069 kept mode=full leaves=16 survival=11.96% best=26.43% std=13.4%
[DTPO] it=63/150 step=629937 J_new=0.0036 kept mode=full leaves=16 survival=11.95% best=26.43% std=15.5%
[DTPO] it=64/150 step=639936 J_new=0.0083 kept mode=full leaves=16 survival=11.30% best=26.43% std=15.4%
[DTPO] it=65/150 step=649935 J_new=0.0065 kept mode=full leaves=16 survival=20.58% best=26.43% std=25.0%
[DTPO] it=66/150 step=659934 J_new=0.0005 kept mode=full leaves=16 survival=23.65% best=26.43% std=24.3%
[DTPO] it=67/150 step=669933 J_new=-0.0100 revert mode=full leaves=16 survival=23.65% best=26.43% std=24.3%
[DTPO] it=68/150 step=679932 J_new=0.0131 kept mode=full leaves=16 survival=26.23% best=26.43% std=30.2%
[DTPO] it=69/150 step=689931 J_new=0.0092 kept mode=full leaves=16 survival=26.51% best=26.51% std=25.4%
[DTPO] it=70/150 step=699930 J_new=0.0176 kept mode=full leaves=16 survival=11.18% best=26.51% std=7.9%
[DTPO] it=71/150 step=709929 J_new=0.0105 kept mode=full leaves=16 survival=11.07% best=26.51% std=15.1%
[DTPO] it=72/150 step=719928 J_new=0.0056 kept mode=full leaves=16 survival=12.39% best=26.51% std=16.4%
[DTPO] it=73/150 step=729927 J_new=0.0012 kept mode=full leaves=16 survival=7.01% best=26.51% std=4.3%
[DTPO] it=74/150 step=739926 J_new=0.0019 kept mode=full leaves=16 survival=10.88% best=26.51% std=8.1%
[DTPO] it=75/150 step=749925 J_new=0.0054 kept mode=full leaves=16 survival=13.34% best=26.51% std=11.4%
[DTPO] it=76/150 step=759924 J_new=0.0090 kept mode=full leaves=16 survival=6.86% best=26.51% std=3.1%
[DTPO] it=77/150 step=769923 J_new=0.0074 kept mode=full leaves=16 survival=19.31% best=26.51% std=20.7%
[DTPO] it=78/150 step=779922 J_new=0.0094 kept mode=full leaves=16 survival=24.96% best=26.51% std=25.8%
[DTPO] it=79/150 step=789921 J_new=0.0042 kept mode=full leaves=16 survival=29.62% best=29.62% std=30.7%
[DTPO] it=80/150 step=799920 J_new=-0.0024 revert mode=full leaves=16 survival=29.62% best=29.62% std=30.7%
[DTPO] it=81/150 step=809919 J_new=0.0023 kept mode=full leaves=16 survival=28.53% best=29.62% std=28.4%
[DTPO] it=82/150 step=819918 J_new=-0.0353 revert mode=full leaves=16 survival=28.53% best=29.62% std=28.4%
[DTPO] it=83/150 step=829917 J_new=0.0156 kept mode=full leaves=16 survival=19.79% best=29.62% std=23.3%
[DTPO] it=84/150 step=839916 J_new=0.0018 kept mode=full leaves=16 survival=30.75% best=30.75% std=31.5%
[DTPO] it=85/150 step=849915 J_new=0.0092 kept mode=full leaves=16 survival=18.83% best=30.75% std=20.9%
[DTPO] it=86/150 step=859914 J_new=0.0115 kept mode=full leaves=16 survival=12.78% best=30.75% std=14.2%
[DTPO] it=87/150 step=869913 J_new=0.0082 kept mode=full leaves=16 survival=8.27% best=30.75% std=9.2%
[DTPO] it=88/150 step=879912 J_new=0.0150 kept mode=full leaves=16 survival=13.26% best=30.75% std=13.7%
[DTPO] it=89/150 step=889911 J_new=0.0134 kept mode=full leaves=16 survival=19.28% best=30.75% std=20.0%
[DTPO] it=90/150 step=899910 J_new=0.0324 kept mode=full leaves=16 survival=24.50% best=30.75% std=25.5%
[DTPO] it=91/150 step=909909 J_new=0.0260 kept mode=full leaves=16 survival=28.26% best=30.75% std=31.8%
[DTPO] it=92/150 step=919908 J_new=0.0088 kept mode=full leaves=16 survival=22.34% best=30.75% std=22.6%
[DTPO] it=93/150 step=929907 J_new=0.0147 kept mode=full leaves=16 survival=22.47% best=30.75% std=23.8%
[DTPO] it=94/150 step=939906 J_new=0.0077 kept mode=full leaves=16 survival=35.08% best=35.08% std=31.9%
[DTPO] it=95/150 step=949905 J_new=0.0139 kept mode=full leaves=16 survival=35.00% best=35.08% std=35.0%
[DTPO] it=96/150 step=959904 J_new=0.0128 kept mode=full leaves=16 survival=30.82% best=35.08% std=28.3%
[DTPO] it=97/150 step=969903 J_new=0.0059 kept mode=full leaves=16 survival=19.31% best=35.08% std=19.2%
[DTPO] it=98/150 step=979902 J_new=0.0060 kept mode=full leaves=16 survival=13.80% best=35.08% std=16.1%
[DTPO] it=99/150 step=989901 J_new=0.0121 kept mode=full leaves=16 survival=9.05% best=35.08% std=4.9%
[DTPO] it=100/150 step=999900 J_new=0.0134 kept mode=full leaves=16 survival=8.56% best=35.08% std=5.6%
[DTPO] it=101/150 step=1009899 J_new=0.1243 kept mode=full leaves=16 survival=8.78% best=35.08% std=5.6%
[DTPO] it=102/150 step=1019898 J_new=0.0094 kept mode=full leaves=16 survival=7.49% best=35.08% std=3.6%
[DTPO] it=103/150 step=1029897 J_new=0.0140 kept mode=full leaves=16 survival=13.44% best=35.08% std=12.1%
[DTPO] it=104/150 step=1039896 J_new=0.0087 kept mode=full leaves=16 survival=19.29% best=35.08% std=19.7%
[DTPO] it=105/150 step=1049895 J_new=0.0072 kept mode=full leaves=16 survival=12.06% best=35.08% std=14.7%
[DTPO] it=106/150 step=1059894 J_new=0.0057 kept mode=full leaves=16 survival=9.63% best=35.08% std=7.2%
[DTPO] it=107/150 step=1069893 J_new=0.0184 kept mode=full leaves=16 survival=20.51% best=35.08% std=23.4%
[DTPO] it=108/150 step=1079892 J_new=0.0095 kept mode=full leaves=16 survival=36.36% best=36.36% std=34.6%
[DTPO] it=109/150 step=1089891 J_new=0.0049 kept mode=full leaves=16 survival=29.88% best=36.36% std=33.2%
[DTPO] it=110/150 step=1099890 J_new=0.0119 kept mode=full leaves=16 survival=26.88% best=36.36% std=28.2%
[DTPO] it=111/150 step=1109889 J_new=0.0116 kept mode=full leaves=16 survival=25.66% best=36.36% std=25.9%
[DTPO] it=112/150 step=1119888 J_new=0.0074 kept mode=full leaves=16 survival=25.86% best=36.36% std=27.2%
[DTPO] it=113/150 step=1129887 J_new=0.0113 kept mode=full leaves=16 survival=9.25% best=36.36% std=6.2%
[DTPO] it=114/150 step=1139886 J_new=0.0127 kept mode=full leaves=16 survival=24.38% best=36.36% std=23.9%
[DTPO] it=115/150 step=1149885 J_new=0.0048 kept mode=full leaves=16 survival=24.60% best=36.36% std=23.3%
[DTPO] it=116/150 step=1159884 J_new=0.0077 kept mode=full leaves=16 survival=15.39% best=36.36% std=18.5%
[DTPO] it=117/150 step=1169883 J_new=0.0074 kept mode=full leaves=16 survival=14.91% best=36.36% std=17.3%
[DTPO] it=118/150 step=1179882 J_new=0.0012 kept mode=full leaves=16 survival=15.68% best=36.36% std=20.8%
[DTPO] it=119/150 step=1189881 J_new=0.0039 kept mode=full leaves=16 survival=19.64% best=36.36% std=23.7%
[DTPO] it=120/150 step=1199880 J_new=-0.0001 revert mode=full leaves=16 survival=19.64% best=36.36% std=23.7%
[DTPO] it=121/150 step=1209879 J_new=0.0079 kept mode=full leaves=16 survival=12.52% best=36.36% std=16.3%
[DTPO] it=122/150 step=1219878 J_new=0.0093 kept mode=full leaves=16 survival=22.16% best=36.36% std=18.5%
[DTPO] it=123/150 step=1229877 J_new=0.0046 kept mode=full leaves=16 survival=13.81% best=36.36% std=16.2%
[DTPO] it=124/150 step=1239876 J_new=0.0110 kept mode=full leaves=16 survival=34.27% best=36.36% std=29.6%
[DTPO] it=125/150 step=1249875 J_new=0.0140 kept mode=full leaves=16 survival=31.88% best=36.36% std=29.6%
[DTPO] it=126/150 step=1259874 J_new=0.0060 kept mode=full leaves=16 survival=30.58% best=36.36% std=28.6%
[DTPO] it=127/150 step=1269873 J_new=0.0010 kept mode=full leaves=16 survival=28.14% best=36.36% std=31.2%
[DTPO] it=128/150 step=1279872 J_new=0.0069 kept mode=full leaves=16 survival=30.82% best=36.36% std=31.7%
[DTPO] it=129/150 step=1289871 J_new=0.0046 kept mode=full leaves=16 survival=29.16% best=36.36% std=28.3%
[DTPO] it=130/150 step=1299870 J_new=0.0059 kept mode=full leaves=16 survival=21.70% best=36.36% std=19.4%
[DTPO] it=131/150 step=1309869 J_new=0.0071 kept mode=full leaves=16 survival=18.57% best=36.36% std=16.6%
[DTPO] it=132/150 step=1319868 J_new=0.0101 kept mode=full leaves=16 survival=16.19% best=36.36% std=14.6%
[DTPO] it=133/150 step=1329867 J_new=0.0086 kept mode=full leaves=16 survival=25.02% best=36.36% std=27.8%
[DTPO] it=134/150 step=1339866 J_new=0.0038 kept mode=full leaves=16 survival=27.02% best=36.36% std=30.2%
[DTPO] it=135/150 step=1349865 J_new=0.0194 kept mode=full leaves=16 survival=29.63% best=36.36% std=31.7%
[DTPO] it=136/150 step=1359864 J_new=0.0081 kept mode=full leaves=16 survival=16.92% best=36.36% std=12.9%
[DTPO] it=137/150 step=1369863 J_new=0.0115 kept mode=full leaves=16 survival=21.29% best=36.36% std=23.5%
[DTPO] it=138/150 step=1379862 J_new=0.0088 kept mode=full leaves=16 survival=22.79% best=36.36% std=25.9%
[DTPO] it=139/150 step=1389861 J_new=0.0068 kept mode=full leaves=16 survival=25.66% best=36.36% std=27.5%
[DTPO] it=140/150 step=1399860 J_new=0.0141 kept mode=full leaves=16 survival=22.72% best=36.36% std=22.2%
[DTPO] it=141/150 step=1409859 J_new=0.0136 kept mode=full leaves=16 survival=22.71% best=36.36% std=21.4%
[DTPO] it=142/150 step=1419858 J_new=0.0101 kept mode=full leaves=16 survival=9.16% best=36.36% std=5.7%
[DTPO] it=143/150 step=1429857 J_new=0.0062 kept mode=full leaves=16 survival=20.40% best=36.36% std=22.4%
[DTPO] it=144/150 step=1439856 J_new=0.0092 kept mode=full leaves=16 survival=27.16% best=36.36% std=27.7%
[DTPO] it=145/150 step=1449855 J_new=0.0078 kept mode=full leaves=16 survival=24.92% best=36.36% std=24.6%
[DTPO] it=146/150 step=1459854 J_new=0.0149 kept mode=full leaves=16 survival=39.86% best=39.86% std=34.8%
[DTPO] it=147/150 step=1469853 J_new=0.0073 kept mode=full leaves=16 survival=8.53% best=39.86% std=4.9%
[DTPO] it=148/150 step=1479852 J_new=0.0112 kept mode=full leaves=16 survival=22.39% best=39.86% std=21.5%
[DTPO] it=149/150 step=1489851 J_new=0.0165 kept mode=full leaves=16 survival=19.67% best=39.86% std=18.5%
[DTPO] it=150/150 step=1499850 J_new=0.0220 kept mode=full leaves=16 survival=23.99% best=39.86% std=24.8%
[DTPO] stored 5 candidate trees for final selection (cheap survivals: ['39.9%', '36.4%', '35.1%', '35.0%', '34.3%']). Run dtpo_select.py --ckpt <ckpt> --episodes 100 to pick the honest best.
